{"level":"info","message":"Audit log","operationType":"import","operator":{"id":"test-admin","name":"测试管理员","role":"admin"},"reason":"成功导入 2 种物资","requestId":"f82e5bb9-ac31-454c-92a6-d319263c8035","result":"approved","timestamp":"2026-05-19T11:29:20.610Z"}
{"level":"info","message":"Audit log","operationType":"import","operator":{"id":"test-admin","name":"测试管理员","role":"admin"},"reason":"重复导入请求","requestId":"f82e5bb9-ac31-454c-92a6-d319263c8035","result":"duplicate","timestamp":"2026-05-19T11:29:20.612Z"}
{"level":"info","message":"Audit log","operationType":"occupy","operator":{"id":"test-operator","name":"测试操作员","role":"operator"},"reason":"成功借用 2 件 TRUSS001","requestId":"34dc2ef3-c7dc-4955-bee1-dd87fd8799a7","result":"approved","timestamp":"2026-05-19T11:29:20.619Z"}
{"level":"info","message":"Audit log","operationType":"occupy","operator":{"id":"test-operator","name":"测试操作员","role":"operator"},"reason":"重复借用请求","requestId":"34dc2ef3-c7dc-4955-bee1-dd87fd8799a7","result":"duplicate","timestamp":"2026-05-19T11:29:20.620Z"}
{"level":"info","message":"Audit log","operationType":"import","operator":{"id":"test-operator","name":"测试操作员","role":"operator"},"reason":"只有管理员可以导入物资","requestId":"96c63d02-d663-466a-bb21-4e3c4b62d8ca","result":"rejected","timestamp":"2026-05-19T11:29:20.623Z"}
{"level":"info","message":"Audit log","operationType":"occupy","operator":{"id":"test-operator","name":"测试操作员","role":"operator"},"reason":"库存不足，可用: 5, 请求: 10","requestId":"52fc5a4c-0b1b-4d2c-bbcd-d711da3f8b1a","result":"rejected","timestamp":"2026-05-19T11:29:20.632Z"}
{"level":"info","message":"Audit log","operationType":"occupy","operator":{"id":"test-operator","name":"测试操作员","role":"operator"},"reason":"成功借用 2 件 TRUSS001","requestId":"e552dbf7-9938-4984-87c9-29592d822ed9","result":"approved","timestamp":"2026-05-19T11:29:20.641Z"}
{"level":"info","message":"Audit log","operationType":"return","operator":{"id":"test-operator","name":"测试操作员","role":"operator"},"reason":"归还数量不能超过借用数量，借用: 2, 归还: 5","requestId":"0f086310-15c9-48a0-b15e-a477c27102e6","result":"rejected","timestamp":"2026-05-19T11:29:20.642Z"}
{"level":"info","message":"Audit log","operationType":"occupy","operator":{"id":"test-operator","name":"测试操作员","role":"operator"},"reason":"成功借用 3 件 TRUSS001","requestId":"11d297a6-8389-4e05-b66f-514da43b3616","result":"approved","timestamp":"2026-05-19T11:29:20.649Z"}
{"level":"info","message":"Audit log","operationType":"damage","operator":{"id":"test-manager","name":"测试经理","role":"manager"},"reason":"成功报损 1 件，扣款 500 元","requestId":"245c39d4-b39f-4916-b735-f369a0af8481","result":"approved","timestamp":"2026-05-19T11:29:20.653Z"}
{"level":"info","message":"Audit log","operationType":"occupy","operator":{"id":"test-operator","name":"测试操作员","role":"operator"},"reason":"成功借用 2 件 TRUSS001","requestId":"8dc90590-bfdd-4a00-b27f-9751c62bf469","result":"approved","timestamp":"2026-05-19T11:29:20.659Z"}
{"level":"info","message":"Audit log","operationType":"rollback","operator":{"id":"test-admin","name":"测试管理员","role":"admin"},"reason":"回滚成功，物资已归还库存","requestId":"cb1e33d8-08e3-49fe-ba48-897f25ec76a8","result":"approved","timestamp":"2026-05-19T11:29:20.661Z"}
{"level":"info","message":"Audit log","operationType":"occupy","operator":{"id":"test-operator","name":"测试操作员","role":"operator"},"reason":"成功借用 2 件 TRUSS001","requestId":"7a222e21-027b-43d0-809f-05098294858d","result":"approved","timestamp":"2026-05-19T11:29:20.669Z"}
{"level":"info","message":"Audit log","operationType":"occupy","operator":{"id":"test-operator","name":"测试操作员","role":"operator"},"reason":"成功借用 3 件 TRUSS001","requestId":"eb72204c-fde7-468c-a4a8-2aa9d40e1a85","result":"approved","timestamp":"2026-05-19T11:30:40.358Z"}
{"level":"info","message":"Audit log","operationType":"damage","operator":{"id":"test-manager","name":"测试经理","role":"manager"},"reason":"成功报损 1 件，扣款 500 元","requestId":"b8bc43aa-2ceb-430c-8dfc-4ce7f717deb3","result":"approved","timestamp":"2026-05-19T11:30:40.363Z"}
{"level":"info","message":"Audit log","operationType":"import","operator":{"id":"test-admin","name":"测试管理员","role":"admin"},"reason":"成功导入 2 种物资","requestId":"da1885c2-6e01-4e24-b2d3-0dee0e205210","result":"approved","timestamp":"2026-05-19T11:30:56.606Z"}
{"level":"info","message":"Audit log","operationType":"import","operator":{"id":"test-admin","name":"测试管理员","role":"admin"},"reason":"重复导入请求","requestId":"da1885c2-6e01-4e24-b2d3-0dee0e205210","result":"duplicate","timestamp":"2026-05-19T11:30:56.609Z"}
{"level":"info","message":"Audit log","operationType":"occupy","operator":{"id":"test-operator","name":"测试操作员","role":"operator"},"reason":"成功借用 2 件 TRUSS001","requestId":"6ca04b90-53f9-46ad-9823-c1cdd61e49cf","result":"approved","timestamp":"2026-05-19T11:30:56.628Z"}
{"level":"info","message":"Audit log","operationType":"occupy","operator":{"id":"test-operator","name":"测试操作员","role":"operator"},"reason":"重复借用请求","requestId":"6ca04b90-53f9-46ad-9823-c1cdd61e49cf","result":"duplicate","timestamp":"2026-05-19T11:30:56.631Z"}
{"level":"info","message":"Audit log","operationType":"import","operator":{"id":"test-operator","name":"测试操作员","role":"operator"},"reason":"只有管理员可以导入物资","requestId":"a49d5e14-830b-4bbc-abe3-6561ac583d32","result":"rejected","timestamp":"2026-05-19T11:30:56.637Z"}
{"level":"info","message":"Audit log","operationType":"occupy","operator":{"id":"test-operator","name":"测试操作员","role":"operator"},"reason":"库存不足，可用: 5, 请求: 10","requestId":"f12875db-1aa1-4f4a-b79e-2cf7331ad906","result":"rejected","timestamp":"2026-05-19T11:30:56.643Z"}
{"level":"info","message":"Audit log","operationType":"occupy","operator":{"id":"test-operator","name":"测试操作员","role":"operator"},"reason":"成功借用 2 件 TRUSS001","requestId":"11641c4f-0264-423d-803f-4ed4418e509e","result":"approved","timestamp":"2026-05-19T11:30:56.649Z"}
{"level":"info","message":"Audit log","operationType":"return","operator":{"id":"test-operator","name":"测试操作员","role":"operator"},"reason":"归还数量不能超过借用数量，借用: 2, 归还: 5","requestId":"297bb5bf-f06a-4561-bab5-5d3b258e7b73","result":"rejected","timestamp":"2026-05-19T11:30:56.651Z"}
{"level":"info","message":"Audit log","operationType":"occupy","operator":{"id":"test-operator","name":"测试操作员","role":"operator"},"reason":"成功借用 3 件 TRUSS001","requestId":"be90a9ee-e641-4963-bc67-e89873e36b87","result":"approved","timestamp":"2026-05-19T11:30:56.657Z"}
{"level":"info","message":"Audit log","operationType":"damage","operator":{"id":"test-manager","name":"测试经理","role":"manager"},"reason":"成功报损 1 件，扣款 500 元","requestId":"ccdef724-911c-4b13-8b55-06014fc9ad54","result":"approved","timestamp":"2026-05-19T11:30:56.659Z"}
{"level":"info","message":"Audit log","operationType":"occupy","operator":{"id":"test-operator","name":"测试操作员","role":"operator"},"reason":"成功借用 2 件 TRUSS001","requestId":"7cbbf841-9f8f-4e4e-b4b9-870478f12667","result":"approved","timestamp":"2026-05-19T11:30:56.664Z"}
{"level":"info","message":"Audit log","operationType":"rollback","operator":{"id":"test-admin","name":"测试管理员","role":"admin"},"reason":"回滚成功，物资已归还库存","requestId":"4fd2de22-45e8-4341-8fe2-0ac70c11bbf5","result":"approved","timestamp":"2026-05-19T11:30:56.667Z"}
{"level":"info","message":"Audit log","operationType":"occupy","operator":{"id":"test-operator","name":"测试操作员","role":"operator"},"reason":"成功借用 2 件 TRUSS001","requestId":"286cb3c7-dc08-4c11-8ffe-6aaa32ee40d1","result":"approved","timestamp":"2026-05-19T11:30:56.674Z"}
{"level":"info","message":"Audit log","operationType":"import","operator":{"id":"admin-001","name":"管理员","role":"admin"},"reason":"成功导入 1 种物资","requestId":"test-001","result":"approved","timestamp":"2026-05-19T11:31:55.576Z"}
