# Java HotSpot(TM) 64-Bit Server VM (25.282-b08) for linux-amd64 JRE (1.8.0_282-b08)
# CommandLine flags: -XX:+UseG1GC -Xms2g -Xmx2g -XX:MaxGCPauseMillis=100

0.500: [GC pause (G1 Evacuation Pause) (young), 0.0750000 secs]
   [Eden: 512.0M(512.0M)->0.0B(512.0M) Survivors: 32.0M->32.0M Heap: 600.0M(2048.0M)->100.0M(2048.0M)]
 [Times: user=0.55 sys=0.02, real=0.08 secs]

1.200: [GC pause (G1 Evacuation Pause) (young), 0.0680000 secs]
   [Eden: 512.0M(512.0M)->0.0B(512.0M) Survivors: 32.0M->32.0M Heap: 620.0M(2048.0M)->120.0M(2048.0M)]
 [Times: user=0.50 sys=0.01, real=0.07 secs]

2.000: [Full GC (Allocation Failure), 0.9500000 secs]
   [Eden: 0.0B(512.0M)->0.0B(512.0M) Survivors: 0.0B->0.0B Heap: 1900.0M(2048.0M)->800.0M(2048.0M)]
 [Times: user=7.50 sys=0.25, real=0.95 secs]

2.800: [GC pause (G1 Evacuation Pause) (young), 0.0820000 secs]
   [Eden: 512.0M(512.0M)->0.0B(512.0M) Survivors: 32.0M->32.0M Heap: 1320.0M(2048.0M)->850.0M(2048.0M)]
 [Times: user=0.60 sys=0.02, real=0.08 secs]

3.500: [GC pause (G1 Evacuation Pause) (mixed), 0.1500000 secs]
   [Eden: 512.0M(512.0M)->0.0B(512.0M) Survivors: 32.0M->32.0M Heap: 1700.0M(2048.0M)->1000.0M(2048.0M)]
 [Times: user=1.10 sys=0.05, real=0.15 secs]

4.200: [Full GC (Allocation Failure), 0.8800000 secs]
   [Eden: 0.0B(512.0M)->0.0B(512.0M) Survivors: 0.0B->0.0B Heap: 1950.0M(2048.0M)->900.0M(2048.0M)]
 [Times: user=6.80 sys=0.20, real=0.88 secs]

5.000: [GC pause (G1 Evacuation Pause) (young), 0.0700000 secs]
   [Eden: 512.0M(512.0M)->0.0B(512.0M) Survivors: 32.0M->32.0M Heap: 1420.0M(2048.0M)->950.0M(2048.0M)]
 [Times: user=0.52 sys=0.02, real=0.07 secs]

5.800: [GC pause (G1 Evacuation Pause) (young) (to-space exhausted), 0.3200000 secs]
   [Eden: 512.0M(512.0M)->0.0B(512.0M) Survivors: 32.0M->32.0M Heap: 1850.0M(2048.0M)->1100.0M(2048.0M)]
 [Times: user=2.40 sys=0.10, real=0.32 secs]

6.500: [Full GC (Metadata GC Threshold), 0.7500000 secs]
   [Eden: 0.0B(512.0M)->0.0B(512.0M) Survivors: 0.0B->0.0B Heap: 1980.0M(2048.0M)->950.0M(2048.0M)]
 [Times: user=5.80 sys=0.18, real=0.75 secs]

7.300: [Full GC (Allocation Failure), 0.9200000 secs]
   [Eden: 0.0B(512.0M)->0.0B(512.0M) Survivors: 0.0B->0.0B Heap: 2000.0M(2048.0M)->1000.0M(2048.0M)]
 [Times: user=7.20 sys=0.22, real=0.92 secs]

8.000: [GC pause (G1 Humongous Allocation), 0.0080000 secs]
   [Humongous Object: 2.5M (allocated directly in old gen)]
 [Times: user=0.02 sys=0.00, real=0.01 secs]

8.500: [GC pause (G1 Humongous Allocation), 0.0090000 secs]
   [Humongous Object: 3.0M (allocated directly in old gen)]
 [Times: user=0.02 sys=0.00, real=0.01 secs]

9.000: [GC pause (G1 Humongous Allocation), 0.0070000 secs]
   [Humongous Object: 2.8M (allocated directly in old gen)]
 [Times: user=0.02 sys=0.00, real=0.01 secs]

9.800: [Full GC (Allocation Failure), 0.8900000 secs]
   [Eden: 0.0B(512.0M)->0.0B(512.0M) Survivors: 0.0B->0.0B Heap: 2020.0M(2048.0M)->1050.0M(2048.0M)]
 [Times: user=6.90 sys=0.20, real=0.89 secs]

10.500: [Full GC (System.gc()), 0.7800000 secs]
   [Eden: 0.0B(512.0M)->0.0B(512.0M) Survivors: 0.0B->0.0B Heap: 1800.0M(2048.0M)->1100.0M(2048.0M)]
 [Times: user=6.00 sys=0.15, real=0.78 secs]
