INFO:     Started server process [47012]
INFO:     Waiting for application startup.
INFO:     Application startup complete.
INFO:     Uvicorn running on http://0.0.0.0:8080 (Press CTRL+C to quit)
============================================================
  地下管廊阀门定位 - 演示数据创建
============================================================

[步骤1] 导入楼层剖面草图
------------------------------------------------------------
记录ID: c6409a74
文件: 地下管廊B1层剖面_20240315.dwg
楼层: B1
标记阀门数: 3
状态: 草图已导入，待计算安全距离

[步骤2] 第一次计算安全距离报告（无点云日志）
------------------------------------------------------------
报告ID: 3db32476
总计阀门: 3
正常: 0
异常: 0
截图遮挡: 1
需关注: 1

  地下一层消防主管阀:
    状态: 需补充材料
    距离: 1.8m / 要求 2.0m
    为什么留下: 检测距离1.8m小于要求2.0m。暂留待补充点云抽稀日志后确认。
    缺什么材料: ['点云抽稀日志', '现场复核记录']
    下一步: 补录点云抽稀日志
    找谁: 园区运维小陶
    截图遮挡: 否

  B1区喷淋总阀:
    状态: 截图遮挡
    距离: 2.5m / 要求 2.0m
    为什么留下: 移动端截图挡住了告警标签: 移动端截图覆盖在告警标签区域，标签内容不可见。不归为正常，留给施工经理复核。
    缺什么材料: ['清晰的告警标签照片', '无遮挡的现场图片']
    下一步: 联系施工经理
    找谁: 施工经理
    截图遮挡: 是

  北侧排水管阀:
    状态: 需补充材料
    距离: 1.2m / 要求 2.0m
    为什么留下: 检测距离1.2m小于要求2.0m。暂留待补充点云抽稀日志后确认。
    缺什么材料: ['点云抽稀日志', '现场复核记录']
    下一步: 补录点云抽稀日志
    找谁: 园区运维小陶
    截图遮挡: 否

[步骤3] 园区运维小陶补录点云抽稀日志
------------------------------------------------------------
日志ID: 878de429
操作人: 园区运维小陶
抽稀率: 0.75
置信度: 0.85
原始备注保留: 2024.3.14 现场复测: V-001阀门实际距离墙面约2.1m，草图标注有误，因管道弯头影响测量精度。V-003确认距离确实不足，施工时管位偏移，需重新定位。

[步骤4] 补录日志后重跑安全距离报告
------------------------------------------------------------
新报告ID: 267579f9
重跑次数: 3
有点云日志: 是

  地下一层消防主管阀:
    状态: 异常
    为什么留下: 检测距离1.8m小于要求2.0m。点云抽稀日志备注: 2024.3.14 现场复测: V-001阀门实际距离墙面约2.1m，草图标注有误，因管道弯头影响测量精度。V-003确认距离确实不足，施工时管位偏移，需重新定位。
    缺什么材料: []
    下一步: 现场复核
    找谁: 园区运维小陶

  B1区喷淋总阀:
    状态: 截图遮挡
    为什么留下: 移动端截图挡住了告警标签: 移动端截图覆盖在告警标签区域，标签内容不可见。不归为正常，留给施工经理复核。
    缺什么材料: ['清晰的告警标签照片', '无遮挡的现场图片']
    下一步: 联系施工经理
    找谁: 施工经理

  北侧排水管阀:
    状态: 异常
    为什么留下: 检测距离1.2m小于要求2.0m。点云抽稀日志备注: 2024.3.14 现场复测: V-001阀门实际距离墙面约2.1m，草图标注有误，因管道弯头影响测量精度。V-003确认距离确实不足，施工时管位偏移，需重新定位。
    缺什么材料: []
    下一步: 现场复核
    找谁: 园区运维小陶

[步骤5] 人工修正 - V-001根据点云日志确认正常
------------------------------------------------------------
修正成功: True

  V-001修正后状态: 正常

[步骤6] 完整变更历史（真实复核）
------------------------------------------------------------

  [16:53:17] 园区运维小陶
    改了什么: 人工修正问题: d09446dc
    为什么改: 点云抽稀日志显示实际距离2.1m符合要求，原草图测量因弯头影响产生偏差
    影响结果: ['阀门: 地下一层消防主管阀', '状态: 异常 -> 正常']

  [16:53:17] 园区运维小陶
    改了什么: 生成/更新安全距离报告: 267579f9
    为什么改: 计算完成或点云日志更新后重跑
    影响结果: ['发现1个截图遮挡', '发现2个距离异常', '报告ID: 267579f9']

  [16:53:17] 园区运维小陶
    改了什么: 添加点云抽稀日志: 878de429
    为什么改: 2024.3.14 现场复测: V-001阀门实际距离墙面约2.1m，草图标注有误，因管道弯头影响测量精度。V-003确认距离确实不足，施工时管位偏移，需重新定位。
    影响结果: ['记录ID: c6409a74', '安全距离报告待更新']

  [16:53:17] 系统自动计算
    改了什么: 生成/更新安全距离报告: 3db32476
    为什么改: 计算完成或点云日志更新后重跑
    影响结果: ['发现1个截图遮挡', '发现0个距离异常', '报告ID: 3db32476']

  [16:53:17] 园区运维小陶
    改了什么: 导入楼层剖面草图: 地下管廊B1层剖面_20240315.dwg
    为什么改: 开始阀门定位流程
    影响结果: ['记录ID: c6409a74']

============================================================
  演示数据创建完成
============================================================

  记录ID: c6409a74
  变更记录数: 5
  点云日志数: 1
  重跑次数: 3

  关键场景验证:
  ✓ V-002被标记为【截图遮挡】，下一步找施工经理
  ✓ 点云抽稀日志原始备注完整保留
  ✓ 补录日志后安全距离报告自动更新
  ✓ 所有变更可追溯（谁改了什么为什么）
INFO:     127.0.0.1:49602 - "GET / HTTP/1.1" 200 OK
INFO:     127.0.0.1:49602 - "GET /%40vite/client HTTP/1.1" 404 Not Found
