WARNING: A restricted method in java.lang.System has been called
WARNING: java.lang.System::load has been called by org.fusesource.jansi.internal.JansiLoader in an unnamed module (file:/Users/lzy/.m2/wrapper/dists/apache-maven-3.9.6-bin/3311e1d4/apache-maven-3.9.6/lib/jansi-2.4.0.jar)
WARNING: Use --enable-native-access=ALL-UNNAMED to avoid a warning for callers in this module
WARNING: Restricted methods will be blocked in a future release unless native access is enabled

WARNING: A terminally deprecated method in sun.misc.Unsafe has been called
WARNING: sun.misc.Unsafe::objectFieldOffset has been called by com.google.common.util.concurrent.AbstractFuture$UnsafeAtomicHelper (file:/Users/lzy/.m2/wrapper/dists/apache-maven-3.9.6-bin/3311e1d4/apache-maven-3.9.6/lib/guava-32.0.1-jre.jar)
WARNING: Please consider reporting this to the maintainers of class com.google.common.util.concurrent.AbstractFuture$UnsafeAtomicHelper
WARNING: sun.misc.Unsafe::objectFieldOffset will be removed in a future release
[INFO] Scanning for projects...
[INFO] 
[INFO] ------------------< com.agri:drone-spray-permission >-------------------
[INFO] Building drone-spray-permission 1.0.0
[INFO]   from pom.xml
[INFO] --------------------------------[ jar ]---------------------------------
[INFO] 
[INFO] >>> spring-boot:3.2.5:run (default-cli) > test-compile @ drone-spray-permission >>>
[INFO] 
[INFO] --- resources:3.3.1:resources (default-resources) @ drone-spray-permission ---
[INFO] Copying 1 resource from src/main/resources to target/classes
[INFO] Copying 0 resource from src/main/resources to target/classes
[INFO] 
[INFO] --- compiler:3.11.0:compile (default-compile) @ drone-spray-permission ---
[INFO] Nothing to compile - all classes are up to date
[INFO] 
[INFO] --- resources:3.3.1:testResources (default-testResources) @ drone-spray-permission ---
[INFO] skip non existing resourceDirectory /Users/lzy/pro/solo/workspaces/zy71014/src/test/resources
[INFO] 
[INFO] --- compiler:3.11.0:testCompile (default-testCompile) @ drone-spray-permission ---
[INFO] Nothing to compile - all classes are up to date
[INFO] 
[INFO] <<< spring-boot:3.2.5:run (default-cli) < test-compile @ drone-spray-permission <<<
[INFO] 
[INFO] 
[INFO] --- spring-boot:3.2.5:run (default-cli) @ drone-spray-permission ---
[INFO] Attaching agents: []

  .   ____          _            __ _ _
 /\\ / ___'_ __ _ _(_)_ __  __ _ \ \ \ \
( ( )\___ | '_ | '_| | '_ \/ _` | \ \ \ \
 \\/  ___)| |_)| | | | | || (_| |  ) ) ) )
  '  |____| .__|_| |_|_| |_\__, | / / / /
 =========|_|==============|___/=/_/_/_/
 :: Spring Boot ::                (v3.2.5)

2026-05-24T15:53:17.054+08:00  INFO 29452 --- [drone-spray-permission] [           main] c.a.d.DroneSprayPermissionApplication    : Starting DroneSprayPermissionApplication using Java 25.0.3 with PID 29452 (/Users/lzy/pro/solo/workspaces/zy71014/target/classes started by lzy in /Users/lzy/pro/solo/workspaces/zy71014)
2026-05-24T15:53:17.054+08:00  INFO 29452 --- [drone-spray-permission] [           main] c.a.d.DroneSprayPermissionApplication    : No active profile set, falling back to 1 default profile: "default"
2026-05-24T15:53:17.273+08:00  INFO 29452 --- [drone-spray-permission] [           main] .s.d.r.c.RepositoryConfigurationDelegate : Bootstrapping Spring Data JPA repositories in DEFAULT mode.
2026-05-24T15:53:17.302+08:00  INFO 29452 --- [drone-spray-permission] [           main] .s.d.r.c.RepositoryConfigurationDelegate : Finished Spring Data repository scanning in 26 ms. Found 11 JPA repository interfaces.
WARNING: A restricted method in java.lang.System has been called
WARNING: java.lang.System::load has been called by org.apache.tomcat.jni.Library in an unnamed module (file:/Users/lzy/.m2/repository/org/apache/tomcat/embed/tomcat-embed-core/10.1.20/tomcat-embed-core-10.1.20.jar)
WARNING: Use --enable-native-access=ALL-UNNAMED to avoid a warning for callers in this module
WARNING: Restricted methods will be blocked in a future release unless native access is enabled

2026-05-24T15:53:17.495+08:00  INFO 29452 --- [drone-spray-permission] [           main] o.s.b.w.embedded.tomcat.TomcatWebServer  : Tomcat initialized with port 8080 (http)
2026-05-24T15:53:17.500+08:00  INFO 29452 --- [drone-spray-permission] [           main] o.apache.catalina.core.StandardService   : Starting service [Tomcat]
2026-05-24T15:53:17.500+08:00  INFO 29452 --- [drone-spray-permission] [           main] o.apache.catalina.core.StandardEngine    : Starting Servlet engine: [Apache Tomcat/10.1.20]
2026-05-24T15:53:17.522+08:00  INFO 29452 --- [drone-spray-permission] [           main] o.a.c.c.C.[Tomcat].[localhost].[/]       : Initializing Spring embedded WebApplicationContext
2026-05-24T15:53:17.523+08:00  INFO 29452 --- [drone-spray-permission] [           main] w.s.c.ServletWebServerApplicationContext : Root WebApplicationContext: initialization completed in 451 ms
2026-05-24T15:53:17.544+08:00  INFO 29452 --- [drone-spray-permission] [           main] com.zaxxer.hikari.HikariDataSource       : HikariPool-1 - Starting...
2026-05-24T15:53:17.687+08:00  INFO 29452 --- [drone-spray-permission] [           main] com.zaxxer.hikari.pool.HikariPool        : HikariPool-1 - Added connection conn0: url=jdbc:h2:file:./data/drone-spray-db user=SA
2026-05-24T15:53:17.688+08:00  INFO 29452 --- [drone-spray-permission] [           main] com.zaxxer.hikari.HikariDataSource       : HikariPool-1 - Start completed.
2026-05-24T15:53:17.694+08:00  INFO 29452 --- [drone-spray-permission] [           main] o.s.b.a.h2.H2ConsoleAutoConfiguration    : H2 console available at '/h2-console'. Database available at 'jdbc:h2:file:./data/drone-spray-db'
2026-05-24T15:53:17.761+08:00  INFO 29452 --- [drone-spray-permission] [           main] o.hibernate.jpa.internal.util.LogHelper  : HHH000204: Processing PersistenceUnitInfo [name: default]
2026-05-24T15:53:17.808+08:00  INFO 29452 --- [drone-spray-permission] [           main] org.hibernate.Version                    : HHH000412: Hibernate ORM core version 6.4.4.Final
2026-05-24T15:53:17.818+08:00  INFO 29452 --- [drone-spray-permission] [           main] o.h.c.internal.RegionFactoryInitiator    : HHH000026: Second-level cache disabled
2026-05-24T15:53:17.902+08:00  INFO 29452 --- [drone-spray-permission] [           main] o.s.o.j.p.SpringPersistenceUnitInfo      : No LoadTimeWeaver setup: ignoring JPA class transformer
2026-05-24T15:53:17.918+08:00  WARN 29452 --- [drone-spray-permission] [           main] org.hibernate.orm.deprecation            : HHH90000025: H2Dialect does not need to be specified explicitly using 'hibernate.dialect' (remove the property setting and it will be selected by default)
2026-05-24T15:53:18.397+08:00  INFO 29452 --- [drone-spray-permission] [           main] o.h.e.t.j.p.i.JtaPlatformInitiator       : HHH000489: No JTA platform available (set 'hibernate.transaction.jta.platform' to enable JTA platform integration)
2026-05-24T15:53:18.419+08:00  INFO 29452 --- [drone-spray-permission] [           main] j.LocalContainerEntityManagerFactoryBean : Initialized JPA EntityManagerFactory for persistence unit 'default'
2026-05-24T15:53:18.538+08:00  INFO 29452 --- [drone-spray-permission] [           main] o.s.d.j.r.query.QueryEnhancerFactory     : Hibernate is in classpath; If applicable, HQL parser will be used.
2026-05-24T15:53:19.037+08:00  WARN 29452 --- [drone-spray-permission] [           main] ConfigServletWebServerApplicationContext : Exception encountered during context initialization - cancelling refresh attempt: org.springframework.context.ApplicationContextException: Failed to start bean 'webServerStartStop'
2026-05-24T15:53:19.037+08:00  INFO 29452 --- [drone-spray-permission] [           main] j.LocalContainerEntityManagerFactoryBean : Closing JPA EntityManagerFactory for persistence unit 'default'
2026-05-24T15:53:19.038+08:00  INFO 29452 --- [drone-spray-permission] [           main] com.zaxxer.hikari.HikariDataSource       : HikariPool-1 - Shutdown initiated...
2026-05-24T15:53:19.038+08:00  INFO 29452 --- [drone-spray-permission] [           main] com.zaxxer.hikari.HikariDataSource       : HikariPool-1 - Shutdown completed.
2026-05-24T15:53:19.044+08:00  INFO 29452 --- [drone-spray-permission] [           main] .s.b.a.l.ConditionEvaluationReportLogger : 

Error starting ApplicationContext. To display the condition evaluation report re-run your application with 'debug' enabled.
2026-05-24T15:53:19.048+08:00 ERROR 29452 --- [drone-spray-permission] [           main] o.s.b.d.LoggingFailureAnalysisReporter   : 

***************************
APPLICATION FAILED TO START
***************************

Description:

Web server failed to start. Port 8080 was already in use.

Action:

Identify and stop the process that's listening on port 8080 or configure this application to listen on another port.

[INFO] ------------------------------------------------------------------------
[INFO] BUILD FAILURE
[INFO] ------------------------------------------------------------------------
[INFO] Total time:  2.913 s
[INFO] Finished at: 2026-05-24T15:53:19+08:00
[INFO] ------------------------------------------------------------------------
[ERROR] Failed to execute goal org.springframework.boot:spring-boot-maven-plugin:3.2.5:run (default-cli) on project drone-spray-permission: Process terminated with exit code: 1 -> [Help 1]
[ERROR] 
[ERROR] To see the full stack trace of the errors, re-run Maven with the -e switch.
[ERROR] Re-run Maven using the -X switch to enable full debug logging.
[ERROR] 
[ERROR] For more information about the errors and possible solutions, please read the following articles:
[ERROR] [Help 1] http://cwiki.apache.org/confluence/display/MAVEN/MojoExecutionException
