[2026-05-18T17:43:08.155Z] [INFO] === 民宿管家保洁照片抽检 - 正式执行 ===
[2026-05-18T17:43:08.161Z] [INFO] 输入路径: samples/images
[2026-05-18T17:43:08.161Z] [INFO] 输出目录: /Users/mac/pro/solo/workspaces/xy11107/output
[2026-05-18T17:43:08.162Z] [INFO] 
[2026-05-18T17:43:08.163Z] [INFO] 开始处理 8 个文件...
[2026-05-18T17:43:08.163Z] [VERBOSE] 处理文件: MS001_张三_20260516_阳台.jpg
[2026-05-18T17:43:08.167Z] [WARN] ⚠ 异常: MS001_张三_20260516_阳台.jpg - 图片缺失拍摄时间信息，可能为非现场拍摄照片
[2026-05-18T17:43:08.167Z] [VERBOSE] 处理文件: MS001_张三_20260517_卧室.jpg
[2026-05-18T17:43:08.168Z] [WARN] ⚠ 异常: MS001_张三_20260517_卧室.jpg - 图片缺失拍摄时间信息，可能为非现场拍摄照片
[2026-05-18T17:43:08.169Z] [VERBOSE] 处理文件: MS002_李四_20260518_卫生间.jpg
[2026-05-18T17:43:08.170Z] [WARN] ⚠ 异常: MS002_李四_20260518_卫生间.jpg - 图片缺失拍摄时间信息，可能为非现场拍摄照片
[2026-05-18T17:43:08.170Z] [VERBOSE] 处理文件: MS003_王五_20260517_厨房.jpg
[2026-05-18T17:43:08.170Z] [WARN] ⚠ 异常: MS003_王五_20260517_厨房.jpg - 图片缺失拍摄时间信息，可能为非现场拍摄照片
[2026-05-18T17:43:08.170Z] [VERBOSE] 处理文件: MS004_赵六_20260517_客厅.jpg
[2026-05-18T17:43:08.171Z] [WARN] ⚠ 异常: MS004_赵六_20260517_客厅.jpg - 图片缺失拍摄时间信息，可能为非现场拍摄照片
[2026-05-18T17:43:08.171Z] [VERBOSE] 处理文件: 异常_MS001_张三_20260420_厨房.jpg
[2026-05-18T17:43:08.172Z] [WARN] ⚠ 异常: 异常_MS001_张三_20260420_厨房.jpg - 图片缺失拍摄时间信息，可能为非现场拍摄照片
[2026-05-18T17:43:08.172Z] [VERBOSE] 处理文件: 异常_MS003_王五_20260507_卧室.jpg
[2026-05-18T17:43:08.173Z] [WARN] ⚠ 异常: 异常_MS003_王五_20260507_卧室.jpg - 图片缺失拍摄时间信息，可能为非现场拍摄照片
[2026-05-18T17:43:08.173Z] [VERBOSE] 处理文件: 异常_MS004_赵六_20260502_卫生间.jpg
[2026-05-18T17:43:08.174Z] [WARN] ⚠ 异常: 异常_MS004_赵六_20260502_卫生间.jpg - 图片缺失拍摄时间信息，可能为非现场拍摄照片
[2026-05-18T17:43:08.176Z] [SUCCESS] 
[2026-05-18T17:43:08.176Z] [SUCCESS] === 抽检完成 ===
[2026-05-18T17:43:08.177Z] [SUCCESS] 正常文件: 0
[2026-05-18T17:43:08.177Z] [SUCCESS] 异常文件: 8
[2026-05-18T17:43:08.177Z] [SUCCESS] 报告已保存至: /Users/mac/pro/solo/workspaces/xy11107/output/report.json
