{"level":"info","message":"Database tables initialized successfully","timestamp":"2026-05-19T18:27:16.574Z"}
{"level":"info","message":"Visitor 1 reviewed: approved by system","timestamp":"2026-05-19T18:27:16.621Z"}
{"level":"info","message":"Temporary plate 1 reviewed: approved by system","timestamp":"2026-05-19T18:27:16.625Z"}
{"level":"info","message":"Exported 5 visitors records to /Users/mac/pro/solo/workspaces/xy11354/data/exports/visitors_2026-05-19_1779215236634.csv","timestamp":"2026-05-19T18:27:16.634Z"}
{"level":"info","message":"Exported 5 temporary_plates records to /Users/mac/pro/solo/workspaces/xy11354/data/exports/temporary_plates_2026-05-19_1779215236638.csv","timestamp":"2026-05-19T18:27:16.638Z"}
{"level":"info","message":"Exported 5 blacklist records to /Users/mac/pro/solo/workspaces/xy11354/data/exports/blacklist_2026-05-19_1779215236640.csv","timestamp":"2026-05-19T18:27:16.640Z"}
{"level":"info","message":"Database tables initialized successfully","timestamp":"2026-05-19T18:27:26.346Z"}
{"level":"info","message":"数据库初始化完成","timestamp":"2026-05-19T18:27:26.353Z"}
{"level":"info","message":"\n============================================================","timestamp":"2026-05-19T18:27:26.356Z"}
{"level":"info","message":"园区安保系统已启动","timestamp":"2026-05-19T18:27:26.356Z"}
{"level":"info","message":"服务端口: 3000","timestamp":"2026-05-19T18:27:26.356Z"}
{"level":"info","message":"健康检查: http://localhost:3000/api/health","timestamp":"2026-05-19T18:27:26.356Z"}
{"level":"info","message":"============================================================\n","timestamp":"2026-05-19T18:27:26.356Z"}
{"level":"info","message":"Database tables initialized successfully","timestamp":"2026-05-19T18:37:35.099Z"}
{"level":"info","message":"数据库初始化完成","timestamp":"2026-05-19T18:37:35.104Z"}
{"level":"info","message":"\n============================================================","timestamp":"2026-05-19T18:37:35.107Z"}
{"level":"info","message":"园区安保系统已启动","timestamp":"2026-05-19T18:37:35.107Z"}
{"level":"info","message":"服务端口: 3000","timestamp":"2026-05-19T18:37:35.107Z"}
{"level":"info","message":"健康检查: http://localhost:3000/api/health","timestamp":"2026-05-19T18:37:35.107Z"}
{"level":"info","message":"============================================================\n","timestamp":"2026-05-19T18:37:35.107Z"}
