2024-01-15T14:30:05.123+0800: [GC pause (G1 Evacuation Pause) (young), 0.234 secs]
   [Parallel Time: 200.1 ms, GC Workers: 8]
      [GC Worker Start (ms): Min: 123.1, Avg: 123.5, Max: 123.8, Diff: 0.7]
      [Ext Root Scanning (ms): Min: 15.2, Avg: 15.5, Max: 15.8, Diff: 0.6]
      [Update RS (ms): Min: 25.1, Avg: 25.3, Max: 25.5, Diff: 0.4]
         [Processed Buffers: Min: 120, Avg: 123, Max: 126, Diff: 6]
      [Scan RS (ms): Min: 80.2, Avg: 80.5, Max: 80.8, Diff: 0.6]
      [Code Root Scanning (ms): Min: 2.1, Avg: 2.2, Max: 2.3, Diff: 0.2]
      [Object Copy (ms): Min: 60.1, Avg: 60.3, Max: 60.5, Diff: 0.4]
      [Termination (ms): Min: 0.0, Avg: 0.0, Max: 0.0, Diff: 0.0]
         [Termination Attempts: Min: 1, Avg: 1.0, Max: 1, Diff: 0]
      [GC Worker End (ms): Min: 323.2, Avg: 323.5, Max: 323.8, Diff: 0.6]
   [Code Root Fixup: 0.2 ms]
   [Code Root Purge: 0.1 ms]
   [Clear CT: 0.5 ms]
   [Other: 32.2 ms]
      [Choose CSet: 0.0 ms]
      [Ref Proc: 20.1 ms]
      [Ref Enq: 0.5 ms]
      [Redirty Cards: 0.3 ms]
      [Humongous Register: 0.2 ms]
      [Humongous Reclaim: 0.1 ms]
      [Free CSet: 10.7 ms]
   [Eden: 1024.0M(1024.0M)->0.0B(1024.0M) Survivors: 128.0M->128.0M Heap: 2048.0M(4096.0M)->1024.0M(4096.0M)]
 [Times: user=1.60 sys=0.05, real=0.23 secs]

2024-01-15T14:31:10.456+0800: [GC pause (G1 Evacuation Pause) (young), 0.156 secs]
   [Parallel Time: 140.2 ms, GC Workers: 8]
   [Eden: 1024.0M(1024.0M)->0.0B(1024.0M) Survivors: 128.0M->128.0M Heap: 2560.0M(4096.0M)->1536.0M(4096.0M)]
 [Times: user=1.10 sys=0.03, real=0.16 secs]

2024-01-15T14:32:05.789+0800: [GC pause (G1 Evacuation Pause) (mixed), 1.234 secs]
   [Parallel Time: 1200.1 ms, GC Workers: 8]
   [Eden: 1024.0M(1024.0M)->0.0B(1024.0M) Survivors: 128.0M->128.0M Heap: 3800.0M(4096.0M)->2048.0M(4096.0M)]
 [Times: user=9.50 sys=0.10, real=1.23 secs]

2024-01-15T14:33:20.123+0800: [GC pause (G1 Humongous Allocation), 2.567 secs]
   [Parallel Time: 2500.5 ms, GC Workers: 8]
   [Concurrent Marking: 5000.0 ms]
   [Remark: 300.0 ms]
   [Eden: 1024.0M(1024.0M)->0.0B(1024.0M) Survivors: 128.0M->128.0M Heap: 4096.0M(4096.0M)->1536.0M(4096.0M)]
 [Times: user=18.50 sys=0.20, real=2.57 secs]

2024-01-15T14:35:00.321+0800: [GC pause (G1 Evacuation Pause) (young), 0.089 secs]
   [Eden: 512.0M(1024.0M)->0.0B(1024.0M) Survivors: 128.0M->128.0M Heap: 2048.0M(4096.0M)->1536.0M(4096.0M)]
 [Times: user=0.65 sys=0.02, real=0.09 secs]
