2026-05-12 07:57:07 - INFO - [主流程] 开始加载数据: sample_data
2026-05-12 07:57:07 - INFO - [读取] 发现 4 个文件
2026-05-12 07:57:07 - INFO -   详情: {"files": ["battery_data_3.json", "battery_data_1.csv", "battery_data_4_with_unit.csv", "battery_data_2.xlsx"]}
2026-05-12 07:57:07 - INFO - [读取] 成功读取 JSON: battery_data_3.json
2026-05-12 07:57:07 - INFO -   详情: {"rows": 100, "columns": 3}
2026-05-12 07:57:07 - INFO - [列检测] 检测到的列映射
2026-05-12 07:57:07 - INFO -   详情: {"capacity": "capacity", "cycle": "循环", "battery_id": "battery_id"}
2026-05-12 07:57:07 - INFO - [读取] 文件 battery_data_3.json 列标准化: {'循环': 'cycle'}
2026-05-12 07:57:07 - INFO - [读取] 成功读取 CSV: battery_data_1.csv
2026-05-12 07:57:07 - INFO -   详情: {"rows": 1801, "columns": 4, "encoding": "utf-8", "sep": "','"}
2026-05-12 07:57:07 - INFO - [列检测] 检测到的列映射
2026-05-12 07:57:07 - INFO -   详情: {"capacity": "容量", "cycle": "循环次数", "battery_id": "电池编号", "batch": "批次"}
2026-05-12 07:57:07 - INFO - [读取] 文件 battery_data_1.csv 列标准化: {'容量': 'capacity', '循环次数': 'cycle', '电池编号': 'battery_id', '批次': 'batch'}
2026-05-12 07:57:07 - INFO - [读取] 成功读取 CSV: battery_data_4_with_unit.csv
2026-05-12 07:57:07 - INFO -   详情: {"rows": 80, "columns": 4, "encoding": "utf-8", "sep": "','"}
2026-05-12 07:57:07 - INFO - [列检测] 检测到的列映射
2026-05-12 07:57:07 - INFO -   详情: {"capacity": "容量", "cycle": "循环次数", "battery_id": "电池编号", "batch": "批次"}
2026-05-12 07:57:07 - INFO - [读取] 文件 battery_data_4_with_unit.csv 列标准化: {'容量': 'capacity', '循环次数': 'cycle', '电池编号': 'battery_id', '批次': 'batch'}
2026-05-12 07:57:07 - INFO - [读取] 成功读取 Excel: battery_data_2.xlsx
2026-05-12 07:57:07 - INFO -   详情: {"rows": 796, "columns": 4, "sheets": 1}
2026-05-12 07:57:07 - INFO - [列检测] 检测到的列映射
2026-05-12 07:57:07 - INFO -   详情: {"capacity": "容量", "cycle": "循环次数", "battery_id": "电池编号", "batch": "批次"}
2026-05-12 07:57:07 - INFO - [读取] 文件 battery_data_2.xlsx 列标准化: {'容量': 'capacity', '循环次数': 'cycle', '电池编号': 'battery_id', '批次': 'batch'}
2026-05-12 07:57:07 - INFO - [读取] 合并完成，共 2777 行数据
2026-05-12 07:57:07 - INFO -   详情: {"files": 4}
2026-05-12 07:57:07 - INFO - [列检测] 检测到的列映射
2026-05-12 07:57:07 - INFO -   详情: {"capacity": "capacity", "cycle": "cycle", "battery_id": "battery_id", "batch": "batch"}
2026-05-12 07:57:07 - INFO - [主流程] 检测到的列: {'capacity': 'capacity', 'cycle': 'cycle', 'battery_id': 'battery_id', 'batch': 'batch'}
2026-05-12 07:57:07 - INFO - [预处理] 开始预处理，原始数据: 2777 行
2026-05-12 07:57:07 - INFO - [预处理] 检测到 12 个电池样本
2026-05-12 07:57:07 - INFO - [单位转换] 电池 CELL_001: 未检测到显式单位，按中位数推断为 mah
2026-05-12 07:57:07 - INFO - [单位转换] 电池 CELL_001: 单位=mah, 转换因子=x1.0
2026-05-12 07:57:07 - INFO - [单位转换] 电池 CELL_002: 未检测到显式单位，按中位数推断为 mah
2026-05-12 07:57:07 - INFO - [单位转换] 电池 CELL_002: 单位=mah, 转换因子=x1.0
2026-05-12 07:57:07 - INFO - [单位转换] 电池 CELL_003: 未检测到显式单位，按中位数推断为 mah
2026-05-12 07:57:07 - INFO - [单位转换] 电池 CELL_003: 单位=mah, 转换因子=x1.0
2026-05-12 07:57:07 - INFO - [单位转换] 电池 CELL_004: 未检测到显式单位，按中位数推断为 mah
2026-05-12 07:57:07 - INFO - [单位转换] 电池 CELL_004: 单位=mah, 转换因子=x1.0
2026-05-12 07:57:07 - INFO - [单位转换] 电池 CELL_005: 未检测到显式单位，按中位数推断为 mah
2026-05-12 07:57:07 - INFO - [单位转换] 电池 CELL_005: 单位=mah, 转换因子=x1.0
2026-05-12 07:57:07 - INFO - [单位转换] 电池 CELL_006: 未检测到显式单位，按中位数推断为 mah
2026-05-12 07:57:07 - INFO - [单位转换] 电池 CELL_006: 单位=mah, 转换因子=x1.0
2026-05-12 07:57:07 - INFO - [单位转换] 电池 CELL_007: 未检测到显式单位，按中位数推断为 mah
2026-05-12 07:57:07 - INFO - [单位转换] 电池 CELL_007: 单位=mah, 转换因子=x1.0
2026-05-12 07:57:07 - INFO - [单位转换] 电池 CELL_008: 未检测到显式单位，按中位数推断为 mah
2026-05-12 07:57:07 - INFO - [单位转换] 电池 CELL_008: 单位=mah, 转换因子=x1.0
2026-05-12 07:57:07 - INFO - [单位转换] 电池 CELL_009: 未检测到显式单位，按中位数推断为 mah
2026-05-12 07:57:07 - INFO - [单位转换] 电池 CELL_009: 单位=mah, 转换因子=x1.0
2026-05-12 07:57:07 - INFO - [单位转换] 电池 CELL_010: 未检测到显式单位，按中位数推断为 mah
2026-05-12 07:57:07 - INFO - [单位转换] 电池 CELL_010: 单位=mah, 转换因子=x1.0
2026-05-12 07:57:07 - INFO - [单位转换] 电池 TEST_Ah_01: 单位=ah, 转换因子=x1000.0
2026-05-12 07:57:07 - INFO - [单位转换] 电池 TEST_mAh_01: 单位=mah, 转换因子=x1.0
2026-05-12 07:57:07 - INFO - [预处理] 预处理完成，处理后数据: 2777 行
2026-05-12 07:57:07 - INFO - [主流程] 数据加载完成，有效数据: 2777 行
2026-05-12 07:57:07 - INFO - [主流程] 开始加载数据: sample_data
2026-05-12 07:57:07 - INFO - [读取] 发现 4 个文件
2026-05-12 07:57:07 - INFO -   详情: {"files": ["battery_data_3.json", "battery_data_1.csv", "battery_data_4_with_unit.csv", "battery_data_2.xlsx"]}
2026-05-12 07:57:07 - INFO - [读取] 成功读取 JSON: battery_data_3.json
2026-05-12 07:57:07 - INFO -   详情: {"rows": 100, "columns": 3}
2026-05-12 07:57:07 - INFO - [列检测] 检测到的列映射
2026-05-12 07:57:07 - INFO -   详情: {"capacity": "capacity", "cycle": "循环", "battery_id": "battery_id"}
2026-05-12 07:57:07 - INFO - [读取] 文件 battery_data_3.json 列标准化: {'循环': 'cycle'}
2026-05-12 07:57:07 - INFO - [读取] 成功读取 CSV: battery_data_1.csv
2026-05-12 07:57:07 - INFO -   详情: {"rows": 1801, "columns": 4, "encoding": "utf-8", "sep": "','"}
2026-05-12 07:57:07 - INFO - [列检测] 检测到的列映射
2026-05-12 07:57:07 - INFO -   详情: {"capacity": "容量", "cycle": "循环次数", "battery_id": "电池编号", "batch": "批次"}
2026-05-12 07:57:07 - INFO - [读取] 文件 battery_data_1.csv 列标准化: {'容量': 'capacity', '循环次数': 'cycle', '电池编号': 'battery_id', '批次': 'batch'}
2026-05-12 07:57:07 - INFO - [读取] 成功读取 CSV: battery_data_4_with_unit.csv
2026-05-12 07:57:07 - INFO -   详情: {"rows": 80, "columns": 4, "encoding": "utf-8", "sep": "','"}
2026-05-12 07:57:07 - INFO - [列检测] 检测到的列映射
2026-05-12 07:57:07 - INFO -   详情: {"capacity": "容量", "cycle": "循环次数", "battery_id": "电池编号", "batch": "批次"}
2026-05-12 07:57:07 - INFO - [读取] 文件 battery_data_4_with_unit.csv 列标准化: {'容量': 'capacity', '循环次数': 'cycle', '电池编号': 'battery_id', '批次': 'batch'}
2026-05-12 07:57:07 - INFO - [读取] 成功读取 Excel: battery_data_2.xlsx
2026-05-12 07:57:07 - INFO -   详情: {"rows": 796, "columns": 4, "sheets": 1}
2026-05-12 07:57:07 - INFO - [列检测] 检测到的列映射
2026-05-12 07:57:07 - INFO -   详情: {"capacity": "容量", "cycle": "循环次数", "battery_id": "电池编号", "batch": "批次"}
2026-05-12 07:57:07 - INFO - [读取] 文件 battery_data_2.xlsx 列标准化: {'容量': 'capacity', '循环次数': 'cycle', '电池编号': 'battery_id', '批次': 'batch'}
2026-05-12 07:57:07 - INFO - [读取] 合并完成，共 2777 行数据
2026-05-12 07:57:07 - INFO -   详情: {"files": 4}
2026-05-12 07:57:07 - INFO - [列检测] 检测到的列映射
2026-05-12 07:57:07 - INFO -   详情: {"capacity": "capacity", "cycle": "cycle", "battery_id": "battery_id", "batch": "batch"}
2026-05-12 07:57:07 - INFO - [主流程] 检测到的列: {'capacity': 'capacity', 'cycle': 'cycle', 'battery_id': 'battery_id', 'batch': 'batch'}
2026-05-12 07:57:07 - INFO - [预处理] 开始预处理，原始数据: 2777 行
2026-05-12 07:57:07 - INFO - [预处理] 检测到 12 个电池样本
2026-05-12 07:57:07 - INFO - [单位转换] 电池 CELL_001: 未检测到显式单位，按中位数推断为 mah
2026-05-12 07:57:07 - INFO - [单位转换] 电池 CELL_001: 单位=mah, 转换因子=x1.0
2026-05-12 07:57:07 - INFO - [单位转换] 电池 CELL_002: 未检测到显式单位，按中位数推断为 mah
2026-05-12 07:57:07 - INFO - [单位转换] 电池 CELL_002: 单位=mah, 转换因子=x1.0
2026-05-12 07:57:07 - INFO - [单位转换] 电池 CELL_003: 未检测到显式单位，按中位数推断为 mah
2026-05-12 07:57:07 - INFO - [单位转换] 电池 CELL_003: 单位=mah, 转换因子=x1.0
2026-05-12 07:57:07 - INFO - [单位转换] 电池 CELL_004: 未检测到显式单位，按中位数推断为 mah
2026-05-12 07:57:07 - INFO - [单位转换] 电池 CELL_004: 单位=mah, 转换因子=x1.0
2026-05-12 07:57:07 - INFO - [单位转换] 电池 CELL_005: 未检测到显式单位，按中位数推断为 mah
2026-05-12 07:57:07 - INFO - [单位转换] 电池 CELL_005: 单位=mah, 转换因子=x1.0
2026-05-12 07:57:07 - INFO - [单位转换] 电池 CELL_006: 未检测到显式单位，按中位数推断为 mah
2026-05-12 07:57:07 - INFO - [单位转换] 电池 CELL_006: 单位=mah, 转换因子=x1.0
2026-05-12 07:57:07 - INFO - [单位转换] 电池 CELL_007: 未检测到显式单位，按中位数推断为 mah
2026-05-12 07:57:07 - INFO - [单位转换] 电池 CELL_007: 单位=mah, 转换因子=x1.0
2026-05-12 07:57:07 - INFO - [单位转换] 电池 CELL_008: 未检测到显式单位，按中位数推断为 mah
2026-05-12 07:57:07 - INFO - [单位转换] 电池 CELL_008: 单位=mah, 转换因子=x1.0
2026-05-12 07:57:07 - INFO - [单位转换] 电池 CELL_009: 未检测到显式单位，按中位数推断为 mah
2026-05-12 07:57:07 - INFO - [单位转换] 电池 CELL_009: 单位=mah, 转换因子=x1.0
2026-05-12 07:57:07 - INFO - [单位转换] 电池 CELL_010: 未检测到显式单位，按中位数推断为 mah
2026-05-12 07:57:07 - INFO - [单位转换] 电池 CELL_010: 单位=mah, 转换因子=x1.0
2026-05-12 07:57:07 - INFO - [单位转换] 电池 TEST_Ah_01: 单位=ah, 转换因子=x1000.0
2026-05-12 07:57:07 - INFO - [单位转换] 电池 TEST_mAh_01: 单位=mah, 转换因子=x1.0
2026-05-12 07:57:07 - INFO - [预处理] 预处理完成，处理后数据: 2777 行
2026-05-12 07:57:07 - INFO - [主流程] 数据加载完成，有效数据: 2777 行
2026-05-12 07:57:07 - INFO - [质控] 开始质量控制检查
2026-05-12 07:57:07 - WARNING - 样本失败: CELL_003 | 类型: 重复数据 | 原因: 发现重复的循环记录
2026-05-12 07:57:07 - WARNING -   循环次数: 100
2026-05-12 07:57:07 - WARNING - [质控] 检测到并移除 1 条重复记录
2026-05-12 07:57:07 - WARNING - [质控] 异常值: CELL_001 循环 4, 容量 2052.96
2026-05-12 07:57:07 - WARNING -   详情: {"method": "iqr"}
2026-05-12 07:57:07 - WARNING - [质控] 异常值: CELL_003 循环 6, 容量 1982.58
2026-05-12 07:57:07 - WARNING -   详情: {"method": "iqr"}
2026-05-12 07:57:07 - WARNING - [质控] 异常值: CELL_003 循环 15, 容量 1982.02
2026-05-12 07:57:07 - WARNING -   详情: {"method": "iqr"}
2026-05-12 07:57:07 - WARNING - [质控] 异常值: CELL_004 循环 4, 容量 2013.13
2026-05-12 07:57:07 - WARNING -   详情: {"method": "iqr"}
2026-05-12 07:57:07 - WARNING - [质控] 异常值: CELL_004 循环 10, 容量 2015.52
2026-05-12 07:57:07 - WARNING -   详情: {"method": "iqr"}
2026-05-12 07:57:07 - WARNING - [质控] 异常值: CELL_004 循环 14, 容量 2012.58
2026-05-12 07:57:07 - WARNING -   详情: {"method": "iqr"}
2026-05-12 07:57:07 - WARNING - [质控] 异常值: CELL_004 循环 29, 容量 2010.88
2026-05-12 07:57:07 - WARNING -   详情: {"method": "iqr"}
2026-05-12 07:57:07 - WARNING - [质控] 异常值: CELL_004 循环 32, 容量 2011.88
2026-05-12 07:57:07 - WARNING -   详情: {"method": "iqr"}
2026-05-12 07:57:07 - WARNING - [质控] 异常值: CELL_004 循环 162, 容量 1985.76
2026-05-12 07:57:07 - WARNING -   详情: {"method": "iqr"}
2026-05-12 07:57:07 - WARNING - [质控] 异常值: CELL_004 循环 198, 容量 1987.83
2026-05-12 07:57:07 - WARNING -   详情: {"method": "iqr"}
2026-05-12 07:57:07 - WARNING - [质控] 异常值: CELL_004 循环 202, 容量 1984.07
2026-05-12 07:57:07 - WARNING -   详情: {"method": "iqr"}
2026-05-12 07:57:07 - WARNING - [质控] 异常值: CELL_004 循环 248, 容量 1988.38
2026-05-12 07:57:07 - WARNING -   详情: {"method": "iqr"}
2026-05-12 07:57:07 - WARNING - [质控] 异常值: CELL_005 循环 10, 容量 2032.61
2026-05-12 07:57:07 - WARNING -   详情: {"method": "iqr"}
2026-05-12 07:57:07 - WARNING - [质控] 异常值: CELL_005 循环 150, 容量 500.0
2026-05-12 07:57:07 - WARNING -   详情: {"method": "iqr"}
2026-05-12 07:57:07 - WARNING - [质控] 异常值: CELL_006 循环 200, 容量 2500.0
2026-05-12 07:57:07 - WARNING -   详情: {"method": "iqr"}
2026-05-12 07:57:07 - WARNING - [质控] 异常值: CELL_007 循环 1, 容量 2046.63
2026-05-12 07:57:07 - WARNING -   详情: {"method": "iqr"}
2026-05-12 07:57:07 - WARNING - [质控] 异常值: CELL_007 循环 172, 容量 2013.29
2026-05-12 07:57:07 - WARNING -   详情: {"method": "iqr"}
2026-05-12 07:57:07 - WARNING - [质控] 异常值: CELL_008 循环 37, 容量 2003.13
2026-05-12 07:57:07 - WARNING -   详情: {"method": "iqr"}
2026-05-12 07:57:07 - WARNING - [质控] 异常值: CELL_009 循环 3, 容量 2064.76
2026-05-12 07:57:07 - WARNING -   详情: {"method": "iqr"}
2026-05-12 07:57:07 - WARNING - [质控] 异常值: CELL_010 循环 160, 容量 1996.58
2026-05-12 07:57:07 - WARNING -   详情: {"method": "iqr"}
2026-05-12 07:57:07 - INFO - [质控] 质控完成: 通过 3, 警告 8, 失败 1
2026-05-12 07:57:07 - INFO - [主流程] 开始加载数据: sample_data
2026-05-12 07:57:07 - INFO - [读取] 发现 4 个文件
2026-05-12 07:57:07 - INFO -   详情: {"files": ["battery_data_3.json", "battery_data_1.csv", "battery_data_4_with_unit.csv", "battery_data_2.xlsx"]}
2026-05-12 07:57:07 - INFO - [读取] 成功读取 JSON: battery_data_3.json
2026-05-12 07:57:07 - INFO -   详情: {"rows": 100, "columns": 3}
2026-05-12 07:57:07 - INFO - [列检测] 检测到的列映射
2026-05-12 07:57:07 - INFO -   详情: {"capacity": "capacity", "cycle": "循环", "battery_id": "battery_id"}
2026-05-12 07:57:07 - INFO - [读取] 文件 battery_data_3.json 列标准化: {'循环': 'cycle'}
2026-05-12 07:57:07 - INFO - [读取] 成功读取 CSV: battery_data_1.csv
2026-05-12 07:57:07 - INFO -   详情: {"rows": 1801, "columns": 4, "encoding": "utf-8", "sep": "','"}
2026-05-12 07:57:07 - INFO - [列检测] 检测到的列映射
2026-05-12 07:57:07 - INFO -   详情: {"capacity": "容量", "cycle": "循环次数", "battery_id": "电池编号", "batch": "批次"}
2026-05-12 07:57:07 - INFO - [读取] 文件 battery_data_1.csv 列标准化: {'容量': 'capacity', '循环次数': 'cycle', '电池编号': 'battery_id', '批次': 'batch'}
2026-05-12 07:57:07 - INFO - [读取] 成功读取 CSV: battery_data_4_with_unit.csv
2026-05-12 07:57:07 - INFO -   详情: {"rows": 80, "columns": 4, "encoding": "utf-8", "sep": "','"}
2026-05-12 07:57:07 - INFO - [列检测] 检测到的列映射
2026-05-12 07:57:07 - INFO -   详情: {"capacity": "容量", "cycle": "循环次数", "battery_id": "电池编号", "batch": "批次"}
2026-05-12 07:57:07 - INFO - [读取] 文件 battery_data_4_with_unit.csv 列标准化: {'容量': 'capacity', '循环次数': 'cycle', '电池编号': 'battery_id', '批次': 'batch'}
2026-05-12 07:57:07 - INFO - [读取] 成功读取 Excel: battery_data_2.xlsx
2026-05-12 07:57:07 - INFO -   详情: {"rows": 796, "columns": 4, "sheets": 1}
2026-05-12 07:57:07 - INFO - [列检测] 检测到的列映射
2026-05-12 07:57:07 - INFO -   详情: {"capacity": "容量", "cycle": "循环次数", "battery_id": "电池编号", "batch": "批次"}
2026-05-12 07:57:07 - INFO - [读取] 文件 battery_data_2.xlsx 列标准化: {'容量': 'capacity', '循环次数': 'cycle', '电池编号': 'battery_id', '批次': 'batch'}
2026-05-12 07:57:07 - INFO - [读取] 合并完成，共 2777 行数据
2026-05-12 07:57:07 - INFO -   详情: {"files": 4}
2026-05-12 07:57:07 - INFO - [列检测] 检测到的列映射
2026-05-12 07:57:07 - INFO -   详情: {"capacity": "capacity", "cycle": "cycle", "battery_id": "battery_id", "batch": "batch"}
2026-05-12 07:57:07 - INFO - [主流程] 检测到的列: {'capacity': 'capacity', 'cycle': 'cycle', 'battery_id': 'battery_id', 'batch': 'batch'}
2026-05-12 07:57:07 - INFO - [预处理] 开始预处理，原始数据: 2777 行
2026-05-12 07:57:07 - INFO - [预处理] 检测到 12 个电池样本
2026-05-12 07:57:07 - INFO - [单位转换] 电池 CELL_001: 未检测到显式单位，按中位数推断为 mah
2026-05-12 07:57:07 - INFO - [单位转换] 电池 CELL_001: 单位=mah, 转换因子=x1.0
2026-05-12 07:57:07 - INFO - [单位转换] 电池 CELL_002: 未检测到显式单位，按中位数推断为 mah
2026-05-12 07:57:07 - INFO - [单位转换] 电池 CELL_002: 单位=mah, 转换因子=x1.0
2026-05-12 07:57:07 - INFO - [单位转换] 电池 CELL_003: 未检测到显式单位，按中位数推断为 mah
2026-05-12 07:57:07 - INFO - [单位转换] 电池 CELL_003: 单位=mah, 转换因子=x1.0
2026-05-12 07:57:07 - INFO - [单位转换] 电池 CELL_004: 未检测到显式单位，按中位数推断为 mah
2026-05-12 07:57:07 - INFO - [单位转换] 电池 CELL_004: 单位=mah, 转换因子=x1.0
2026-05-12 07:57:07 - INFO - [单位转换] 电池 CELL_005: 未检测到显式单位，按中位数推断为 mah
2026-05-12 07:57:07 - INFO - [单位转换] 电池 CELL_005: 单位=mah, 转换因子=x1.0
2026-05-12 07:57:07 - INFO - [单位转换] 电池 CELL_006: 未检测到显式单位，按中位数推断为 mah
2026-05-12 07:57:07 - INFO - [单位转换] 电池 CELL_006: 单位=mah, 转换因子=x1.0
2026-05-12 07:57:07 - INFO - [单位转换] 电池 CELL_007: 未检测到显式单位，按中位数推断为 mah
2026-05-12 07:57:07 - INFO - [单位转换] 电池 CELL_007: 单位=mah, 转换因子=x1.0
2026-05-12 07:57:07 - INFO - [单位转换] 电池 CELL_008: 未检测到显式单位，按中位数推断为 mah
2026-05-12 07:57:07 - INFO - [单位转换] 电池 CELL_008: 单位=mah, 转换因子=x1.0
2026-05-12 07:57:07 - INFO - [单位转换] 电池 CELL_009: 未检测到显式单位，按中位数推断为 mah
2026-05-12 07:57:07 - INFO - [单位转换] 电池 CELL_009: 单位=mah, 转换因子=x1.0
2026-05-12 07:57:07 - INFO - [单位转换] 电池 CELL_010: 未检测到显式单位，按中位数推断为 mah
2026-05-12 07:57:07 - INFO - [单位转换] 电池 CELL_010: 单位=mah, 转换因子=x1.0
2026-05-12 07:57:07 - INFO - [单位转换] 电池 TEST_Ah_01: 单位=ah, 转换因子=x1000.0
2026-05-12 07:57:07 - INFO - [单位转换] 电池 TEST_mAh_01: 单位=mah, 转换因子=x1.0
2026-05-12 07:57:07 - INFO - [预处理] 预处理完成，处理后数据: 2777 行
2026-05-12 07:57:07 - INFO - [主流程] 数据加载完成，有效数据: 2777 行
2026-05-12 07:57:07 - INFO - [质控] 开始质量控制检查
2026-05-12 07:57:07 - WARNING - 样本失败: CELL_003 | 类型: 重复数据 | 原因: 发现重复的循环记录
2026-05-12 07:57:07 - WARNING -   循环次数: 100
2026-05-12 07:57:07 - WARNING - [质控] 检测到并移除 1 条重复记录
2026-05-12 07:57:07 - WARNING - [质控] 异常值: CELL_001 循环 4, 容量 2052.96
2026-05-12 07:57:07 - WARNING -   详情: {"method": "iqr"}
2026-05-12 07:57:07 - WARNING - [质控] 异常值: CELL_003 循环 6, 容量 1982.58
2026-05-12 07:57:07 - WARNING -   详情: {"method": "iqr"}
2026-05-12 07:57:07 - WARNING - [质控] 异常值: CELL_003 循环 15, 容量 1982.02
2026-05-12 07:57:07 - WARNING -   详情: {"method": "iqr"}
2026-05-12 07:57:07 - WARNING - [质控] 异常值: CELL_004 循环 4, 容量 2013.13
2026-05-12 07:57:07 - WARNING -   详情: {"method": "iqr"}
2026-05-12 07:57:07 - WARNING - [质控] 异常值: CELL_004 循环 10, 容量 2015.52
2026-05-12 07:57:07 - WARNING -   详情: {"method": "iqr"}
2026-05-12 07:57:07 - WARNING - [质控] 异常值: CELL_004 循环 14, 容量 2012.58
2026-05-12 07:57:07 - WARNING -   详情: {"method": "iqr"}
2026-05-12 07:57:07 - WARNING - [质控] 异常值: CELL_004 循环 29, 容量 2010.88
2026-05-12 07:57:07 - WARNING -   详情: {"method": "iqr"}
2026-05-12 07:57:07 - WARNING - [质控] 异常值: CELL_004 循环 32, 容量 2011.88
2026-05-12 07:57:07 - WARNING -   详情: {"method": "iqr"}
2026-05-12 07:57:07 - WARNING - [质控] 异常值: CELL_004 循环 162, 容量 1985.76
2026-05-12 07:57:07 - WARNING -   详情: {"method": "iqr"}
2026-05-12 07:57:07 - WARNING - [质控] 异常值: CELL_004 循环 198, 容量 1987.83
2026-05-12 07:57:07 - WARNING -   详情: {"method": "iqr"}
2026-05-12 07:57:07 - WARNING - [质控] 异常值: CELL_004 循环 202, 容量 1984.07
2026-05-12 07:57:07 - WARNING -   详情: {"method": "iqr"}
2026-05-12 07:57:07 - WARNING - [质控] 异常值: CELL_004 循环 248, 容量 1988.38
2026-05-12 07:57:07 - WARNING -   详情: {"method": "iqr"}
2026-05-12 07:57:07 - WARNING - [质控] 异常值: CELL_005 循环 10, 容量 2032.61
2026-05-12 07:57:07 - WARNING -   详情: {"method": "iqr"}
2026-05-12 07:57:07 - WARNING - [质控] 异常值: CELL_005 循环 150, 容量 500.0
2026-05-12 07:57:07 - WARNING -   详情: {"method": "iqr"}
2026-05-12 07:57:07 - WARNING - [质控] 异常值: CELL_006 循环 200, 容量 2500.0
2026-05-12 07:57:07 - WARNING -   详情: {"method": "iqr"}
2026-05-12 07:57:07 - WARNING - [质控] 异常值: CELL_007 循环 1, 容量 2046.63
2026-05-12 07:57:07 - WARNING -   详情: {"method": "iqr"}
2026-05-12 07:57:07 - WARNING - [质控] 异常值: CELL_007 循环 172, 容量 2013.29
2026-05-12 07:57:07 - WARNING -   详情: {"method": "iqr"}
2026-05-12 07:57:07 - WARNING - [质控] 异常值: CELL_008 循环 37, 容量 2003.13
2026-05-12 07:57:07 - WARNING -   详情: {"method": "iqr"}
2026-05-12 07:57:07 - WARNING - [质控] 异常值: CELL_009 循环 3, 容量 2064.76
2026-05-12 07:57:07 - WARNING -   详情: {"method": "iqr"}
2026-05-12 07:57:07 - WARNING - [质控] 异常值: CELL_010 循环 160, 容量 1996.58
2026-05-12 07:57:07 - WARNING -   详情: {"method": "iqr"}
2026-05-12 07:57:07 - INFO - [质控] 质控完成: 通过 3, 警告 8, 失败 1
2026-05-12 07:57:07 - INFO - [分析] 开始一致性分析
2026-05-12 07:57:07 - INFO - [分析] 电池 CELL_001: 初始容量=2050.4 mAh, 衰减率=0.0035%/循环
2026-05-12 07:57:07 - INFO -   详情: {"max_cycle": 300}
2026-05-12 07:57:07 - INFO - [分析] 电池 CELL_002: 初始容量=2015.4 mAh, 衰减率=0.0029%/循环
2026-05-12 07:57:07 - INFO -   详情: {"max_cycle": 300}
2026-05-12 07:57:07 - INFO - [分析] 电池 CELL_003: 初始容量=1981.0 mAh, 衰减率=0.0043%/循环
2026-05-12 07:57:07 - INFO -   详情: {"max_cycle": 300}
2026-05-12 07:57:07 - INFO - [分析] 电池 CELL_004: 初始容量=2010.5 mAh, 衰减率=0.0011%/循环
2026-05-12 07:57:07 - INFO -   详情: {"max_cycle": 300}
2026-05-12 07:57:07 - INFO - [分析] 电池 CELL_005: 初始容量=2029.1 mAh, 衰减率=0.0030%/循环
2026-05-12 07:57:07 - INFO -   详情: {"max_cycle": 300}
2026-05-12 07:57:07 - INFO - [分析] 电池 CELL_006: 初始容量=1991.3 mAh, 衰减率=0.0041%/循环
2026-05-12 07:57:07 - INFO -   详情: {"max_cycle": 300}
2026-05-12 07:57:07 - INFO - [分析] 电池 CELL_007: 初始容量=2038.2 mAh, 衰减率=0.0026%/循环
2026-05-12 07:57:07 - INFO -   详情: {"max_cycle": 199}
2026-05-12 07:57:07 - INFO - [分析] 电池 CELL_008: 初始容量=1995.7 mAh, 衰减率=0.0034%/循环
2026-05-12 07:57:07 - INFO -   详情: {"max_cycle": 199}
2026-05-12 07:57:07 - INFO - [分析] 电池 CELL_009: 初始容量=2055.8 mAh, 衰减率=0.0045%/循环
2026-05-12 07:57:07 - INFO -   详情: {"max_cycle": 199}
2026-05-12 07:57:07 - INFO - [分析] 电池 CELL_010: 初始容量=2014.9 mAh, 衰减率=0.0028%/循环
2026-05-12 07:57:07 - INFO -   详情: {"max_cycle": 199}
2026-05-12 07:57:07 - INFO - [分析] 电池 TEST_Ah_01: 初始容量=2043.8 mAh, 衰减率=0.0234%/循环
2026-05-12 07:57:07 - INFO -   详情: {"max_cycle": 100}
2026-05-12 07:57:07 - INFO - [分析] 电池 TEST_mAh_01: 初始容量=2191.2 mAh, 衰减率=0.0347%/循环
2026-05-12 07:57:07 - INFO -   详情: {"max_cycle": 80}
2026-05-12 07:57:07 - INFO - [分析] 分析完成: 分析了 12 个电池, 一致性水平: 较差
