::1 - - [22/May/2026:20:34:37 +0000] "GET /health HTTP/1.1" 200 138 "-" "-"
::1 - - [22/May/2026:20:34:37 +0000] "POST /api/v1/orders HTTP/1.1" 200 77 "-" "-"
::1 - - [22/May/2026:20:34:37 +0000] "POST /api/v1/receipts HTTP/1.1" 200 79 "-" "-"
::1 - - [22/May/2026:20:34:37 +0000] "POST /api/v1/materials HTTP/1.1" 200 77 "-" "-"
::1 - - [22/May/2026:20:34:37 +0000] "POST /api/v1/receipts HTTP/1.1" 200 79 "-" "-"
::1 - - [22/May/2026:20:34:37 +0000] "POST /api/v1/reconcile/ORD-3E68635F HTTP/1.1" 200 336 "-" "-"
::1 - - [22/May/2026:20:35:28 +0000] "POST /api/v1/reconcile/ORD-3E68635F HTTP/1.1" 200 336 "-" "curl/8.7.1"
::1 - - [22/May/2026:20:40:40 +0000] "GET /health HTTP/1.1" 200 138 "-" "-"
::1 - - [22/May/2026:20:40:40 +0000] "POST /api/v1/orders HTTP/1.1" 200 77 "-" "-"
::1 - - [22/May/2026:20:41:55 +0000] "GET /health HTTP/1.1" 200 138 "-" "-"
::1 - - [22/May/2026:20:42:20 +0000] "POST /api/v1/orders HTTP/1.1" 200 77 "-" "curl/8.7.1"
::1 - - [22/May/2026:20:42:58 +0000] "POST /api/v1/reconcile/ORD-924D729A HTTP/1.1" 200 268 "-" "curl/8.7.1"
::1 - - [22/May/2026:20:48:12 +0000] "GET /health HTTP/1.1" 200 138 "-" "-"
::1 - - [22/May/2026:20:48:12 +0000] "POST /api/v1/orders HTTP/1.1" 200 86 "-" "-"
::1 - - [22/May/2026:20:48:12 +0000] "POST /api/v1/receipts HTTP/1.1" 400 30 "-" "-"
::1 - - [22/May/2026:20:49:03 +0000] "POST /api/v1/orders HTTP/1.1" 200 86 "-" "curl/8.7.1"
::1 - - [22/May/2026:20:49:47 +0000] "GET /health HTTP/1.1" 200 138 "-" "-"
::1 - - [22/May/2026:20:49:47 +0000] "POST /api/v1/orders HTTP/1.1" 200 86 "-" "-"
::1 - - [22/May/2026:20:49:47 +0000] "POST /api/v1/receipts HTTP/1.1" 200 88 "-" "-"
::1 - - [22/May/2026:20:49:47 +0000] "POST /api/v1/materials HTTP/1.1" 200 86 "-" "-"
::1 - - [22/May/2026:20:49:47 +0000] "POST /api/v1/receipts HTTP/1.1" 200 88 "-" "-"
::1 - - [22/May/2026:20:49:47 +0000] "POST /api/v1/reconcile/ORD-E79E2336 HTTP/1.1" 200 336 "-" "-"
::1 - - [22/May/2026:20:49:48 +0000] "POST /api/v1/refunds HTTP/1.1" 200 86 "-" "-"
::1 - - [22/May/2026:20:49:48 +0000] "POST /api/v1/reconcile/ORD-E79E2336 HTTP/1.1" 200 337 "-" "-"
::1 - - [22/May/2026:20:49:48 +0000] "GET /api/v1/snapshots/compare/SNAP-DFB006DA/SNAP-0F39473E HTTP/1.1" 200 4317 "-" "-"
::1 - - [22/May/2026:20:49:48 +0000] "GET /api/v1/chain/ORD-E79E2336 HTTP/1.1" 200 12170 "-" "-"
::1 - - [22/May/2026:20:49:48 +0000] "POST /api/v1/discrepancy HTTP/1.1" 200 150 "-" "-"
::1 - - [22/May/2026:20:49:48 +0000] "GET /api/v1/export/order/ORD-E79E2336 HTTP/1.1" 200 787 "-" "-"
::1 - - [22/May/2026:20:49:48 +0000] "GET /api/v1/dirty-records?limit=5 HTTP/1.1" 200 70 "-" "-"
::1 - - [22/May/2026:20:49:48 +0000] "GET /api/v1/audit-logs?entity_id=ORD-E79E2336&limit=10 HTTP/1.1" 200 1193 "-" "-"
