
2026/05/20 20:42:54 [32m/Users/lzy/pro/solo/workspaces/zy70806/config/config.go:23
[0m[33m[0.659ms] [34;1m[rows:-][0m SELECT count(*) FROM sqlite_master WHERE type='table' AND name="declarations"

2026/05/20 20:42:54 [32m/Users/lzy/pro/solo/workspaces/zy70806/config/config.go:23
[0m[33m[0.865ms] [34;1m[rows:0][0m CREATE TABLE `declarations` (`id` varchar(36),`created_at` datetime,`updated_at` datetime,`batch_id` varchar(36),`order_no` varchar(100),`tracking_no` varchar(100),`declarant` varchar(100),`declare_date` datetime,`hs_code` varchar(50),`product_name` varchar(255),`category` varchar(100),`quantity` integer,`unit_price` decimal(20,4),`total_amount` decimal(20,4),`currency` varchar(10),`declared_tax_amount` decimal(20,4),`status` varchar(50),`raw_data` text,PRIMARY KEY (`id`))

2026/05/20 20:42:54 [32m/Users/lzy/pro/solo/workspaces/zy70806/config/config.go:23
[0m[33m[0.662ms] [34;1m[rows:0][0m CREATE INDEX `idx_declarations_hs_code` ON `declarations`(`hs_code`)

2026/05/20 20:42:54 [32m/Users/lzy/pro/solo/workspaces/zy70806/config/config.go:23
[0m[33m[0.581ms] [34;1m[rows:0][0m CREATE INDEX `idx_declarations_order_no` ON `declarations`(`order_no`)

2026/05/20 20:42:54 [32m/Users/lzy/pro/solo/workspaces/zy70806/config/config.go:23
[0m[33m[0.545ms] [34;1m[rows:0][0m CREATE INDEX `idx_declarations_batch_id` ON `declarations`(`batch_id`)

2026/05/20 20:42:54 [32m/Users/lzy/pro/solo/workspaces/zy70806/config/config.go:23
[0m[33m[0.064ms] [34;1m[rows:-][0m SELECT count(*) FROM sqlite_master WHERE type='table' AND name="tariffs"

2026/05/20 20:42:54 [32m/Users/lzy/pro/solo/workspaces/zy70806/config/config.go:23
[0m[33m[0.603ms] [34;1m[rows:0][0m CREATE TABLE `tariffs` (`id` varchar(36),`created_at` datetime,`updated_at` datetime,`batch_id` varchar(36),`hs_code` varchar(50),`product_name` varchar(255),`category` varchar(100),`parent_hs_code` varchar(50),`tax_rate` decimal(10,6),`consumption_tax` decimal(10,6),`vat_rate` decimal(10,6),`effective_date` datetime,`expiry_date` datetime,`is_active` numeric,`raw_data` text,PRIMARY KEY (`id`))

2026/05/20 20:42:54 [32m/Users/lzy/pro/solo/workspaces/zy70806/config/config.go:23
[0m[33m[0.476ms] [34;1m[rows:0][0m CREATE INDEX `idx_tariffs_hs_code` ON `tariffs`(`hs_code`)

2026/05/20 20:42:54 [32m/Users/lzy/pro/solo/workspaces/zy70806/config/config.go:23
[0m[33m[0.521ms] [34;1m[rows:0][0m CREATE INDEX `idx_tariffs_batch_id` ON `tariffs`(`batch_id`)

2026/05/20 20:42:54 [32m/Users/lzy/pro/solo/workspaces/zy70806/config/config.go:23
[0m[33m[0.012ms] [34;1m[rows:-][0m SELECT count(*) FROM sqlite_master WHERE type='table' AND name="return_receipts"

2026/05/20 20:42:54 [32m/Users/lzy/pro/solo/workspaces/zy70806/config/config.go:23
[0m[33m[0.720ms] [34;1m[rows:0][0m CREATE TABLE `return_receipts` (`id` varchar(36),`created_at` datetime,`updated_at` datetime,`batch_id` varchar(36),`receipt_no` varchar(100),`order_no` varchar(100),`tracking_no` varchar(100),`return_date` datetime,`return_code` varchar(50),`return_reason` text,`return_category` varchar(100),`adjusted_amount` decimal(20,4),`adjusted_tax` decimal(20,4),`require_supplement` numeric,`supplement_deadline` datetime,`status` varchar(50),`raw_data` text,PRIMARY KEY (`id`))

2026/05/20 20:42:54 [32m/Users/lzy/pro/solo/workspaces/zy70806/config/config.go:23
[0m[33m[0.479ms] [34;1m[rows:0][0m CREATE INDEX `idx_return_receipts_batch_id` ON `return_receipts`(`batch_id`)

2026/05/20 20:42:54 [32m/Users/lzy/pro/solo/workspaces/zy70806/config/config.go:23
[0m[33m[0.574ms] [34;1m[rows:0][0m CREATE INDEX `idx_return_receipts_order_no` ON `return_receipts`(`order_no`)

2026/05/20 20:42:54 [32m/Users/lzy/pro/solo/workspaces/zy70806/config/config.go:23
[0m[33m[0.549ms] [34;1m[rows:0][0m CREATE INDEX `idx_return_receipts_receipt_no` ON `return_receipts`(`receipt_no`)

2026/05/20 20:42:54 [32m/Users/lzy/pro/solo/workspaces/zy70806/config/config.go:23
[0m[33m[0.043ms] [34;1m[rows:-][0m SELECT count(*) FROM sqlite_master WHERE type='table' AND name="reconciliation_batches"

2026/05/20 20:42:54 [32m/Users/lzy/pro/solo/workspaces/zy70806/config/config.go:23
[0m[33m[0.672ms] [34;1m[rows:0][0m CREATE TABLE `reconciliation_batches` (`id` varchar(36),`created_at` datetime,`updated_at` datetime,`name` varchar(200),`declaration_count` integer,`tariff_count` integer,`return_receipt_count` integer,`status` varchar(50),`matched_count` integer,`discrepancy_count` integer,`reviewed_count` integer,`total_tax_expected` decimal(20,4),`total_tax_declared` decimal(20,4),`total_tax_difference` decimal(20,4),`processed_at` datetime,`completed_at` datetime,PRIMARY KEY (`id`))

2026/05/20 20:42:54 [32m/Users/lzy/pro/solo/workspaces/zy70806/config/config.go:23
[0m[33m[0.029ms] [34;1m[rows:-][0m SELECT count(*) FROM sqlite_master WHERE type='table' AND name="reconciliation_items"

2026/05/20 20:42:54 [32m/Users/lzy/pro/solo/workspaces/zy70806/config/config.go:23
[0m[33m[2.082ms] [34;1m[rows:0][0m CREATE TABLE `reconciliation_items` (`id` varchar(36),`created_at` datetime,`updated_at` datetime,`batch_id` varchar(36),`order_no` varchar(100),`tracking_no` varchar(100),`declaration_id` varchar(36),`tariff_id` varchar(36),`return_receipt_id` varchar(36),`hs_code` varchar(50),`product_name` varchar(255),`category` varchar(100),`quantity` integer,`declared_amount` decimal(20,4),`declared_currency` varchar(10),`declared_amount_cny` decimal(20,4),`exchange_rate` decimal(12,6),`applicable_tax_rate` decimal(10,6),`expected_tax_amount` decimal(20,4),`declared_tax_amount` decimal(20,4),`tax_difference` decimal(20,4),`has_return_receipt` numeric,`return_adjusted_tax` decimal(20,4),`supplement_tax_needed` decimal(20,4),`final_tax_amount` decimal(20,4),`status` varchar(50),`is_reviewed` numeric,`reviewed_at` datetime,`reviewed_by` varchar(100),`review_notes` text,PRIMARY KEY (`id`))

2026/05/20 20:42:54 [32m/Users/lzy/pro/solo/workspaces/zy70806/config/config.go:23
[0m[33m[0.901ms] [34;1m[rows:0][0m CREATE INDEX `idx_reconciliation_items_order_no` ON `reconciliation_items`(`order_no`)

2026/05/20 20:42:54 [32m/Users/lzy/pro/solo/workspaces/zy70806/config/config.go:23
[0m[33m[0.797ms] [34;1m[rows:0][0m CREATE INDEX `idx_reconciliation_items_batch_id` ON `reconciliation_items`(`batch_id`)

2026/05/20 20:42:54 [32m/Users/lzy/pro/solo/workspaces/zy70806/config/config.go:23
[0m[33m[0.023ms] [34;1m[rows:-][0m SELECT count(*) FROM sqlite_master WHERE type='table' AND name="discrepancies"

2026/05/20 20:42:54 [32m/Users/lzy/pro/solo/workspaces/zy70806/config/config.go:23
[0m[33m[0.685ms] [34;1m[rows:0][0m CREATE TABLE `discrepancies` (`id` varchar(36),`created_at` datetime,`updated_at` datetime,`batch_id` varchar(36),`reconciliation_item_id` varchar(36),`order_no` varchar(100),`discrepancy_type` varchar(50),`field_name` varchar(100),`expected_value` decimal(20,4),`actual_value` decimal(20,4),`difference` decimal(20,4),`explanation` text,`source` varchar(100),`resolution` varchar(50),`is_resolved` numeric,PRIMARY KEY (`id`))

2026/05/20 20:42:54 [32m/Users/lzy/pro/solo/workspaces/zy70806/config/config.go:23
[0m[33m[0.702ms] [34;1m[rows:0][0m CREATE INDEX `idx_discrepancies_reconciliation_item_id` ON `discrepancies`(`reconciliation_item_id`)

2026/05/20 20:42:54 [32m/Users/lzy/pro/solo/workspaces/zy70806/config/config.go:23
[0m[33m[0.713ms] [34;1m[rows:0][0m CREATE INDEX `idx_discrepancies_batch_id` ON `discrepancies`(`batch_id`)

2026/05/20 20:42:54 [32m/Users/lzy/pro/solo/workspaces/zy70806/config/config.go:23
[0m[33m[0.022ms] [34;1m[rows:-][0m SELECT count(*) FROM sqlite_master WHERE type='table' AND name="review_records"

2026/05/20 20:42:54 [32m/Users/lzy/pro/solo/workspaces/zy70806/config/config.go:23
[0m[33m[0.700ms] [34;1m[rows:0][0m CREATE TABLE `review_records` (`id` varchar(36),`created_at` datetime,`updated_at` datetime,`reconciliation_item_id` varchar(36),`batch_id` varchar(36),`order_no` varchar(100),`reviewer` varchar(100),`review_action` varchar(50),`old_tax_amount` decimal(20,4),`new_tax_amount` decimal(20,4),`old_tax_rate` decimal(10,6),`new_tax_rate` decimal(10,6),`notes` text,PRIMARY KEY (`id`))

2026/05/20 20:42:54 [32m/Users/lzy/pro/solo/workspaces/zy70806/config/config.go:23
[0m[33m[0.699ms] [34;1m[rows:0][0m CREATE INDEX `idx_review_records_batch_id` ON `review_records`(`batch_id`)

2026/05/20 20:42:54 [32m/Users/lzy/pro/solo/workspaces/zy70806/config/config.go:23
[0m[33m[0.678ms] [34;1m[rows:0][0m CREATE INDEX `idx_review_records_reconciliation_item_id` ON `review_records`(`reconciliation_item_id`)

2026/05/20 20:42:54 [32m/Users/lzy/pro/solo/workspaces/zy70806/config/config.go:23
[0m[33m[0.009ms] [34;1m[rows:-][0m SELECT count(*) FROM sqlite_master WHERE type='table' AND name="exchange_rates"

2026/05/20 20:42:54 [32m/Users/lzy/pro/solo/workspaces/zy70806/config/config.go:23
[0m[33m[0.551ms] [34;1m[rows:0][0m CREATE TABLE `exchange_rates` (`id` varchar(36),`created_at` datetime,`updated_at` datetime,`from_currency` varchar(10),`to_currency` varchar(10),`rate_date` datetime,`rate` decimal(12,6),`source` varchar(100),PRIMARY KEY (`id`))

2026/05/20 20:42:54 [32m/Users/lzy/pro/solo/workspaces/zy70806/config/config.go:23
[0m[33m[0.364ms] [34;1m[rows:0][0m CREATE INDEX `idx_exchange_rates_rate_date` ON `exchange_rates`(`rate_date`)

2026/05/20 20:42:54 [32m/Users/lzy/pro/solo/workspaces/zy70806/config/config.go:23
[0m[33m[0.024ms] [34;1m[rows:-][0m SELECT count(*) FROM sqlite_master WHERE type='table' AND name="reports"

2026/05/20 20:42:54 [32m/Users/lzy/pro/solo/workspaces/zy70806/config/config.go:23
[0m[33m[0.708ms] [34;1m[rows:0][0m CREATE TABLE `reports` (`id` varchar(36),`created_at` datetime,`updated_at` datetime,`batch_id` varchar(36),`report_type` varchar(50),`report_name` varchar(200),`generated_by` varchar(100),`generated_at` datetime,`file_format` varchar(20),`file_size` integer,`file_path` varchar(500),PRIMARY KEY (`id`))

2026/05/20 20:42:54 [32m/Users/lzy/pro/solo/workspaces/zy70806/config/config.go:23
[0m[33m[0.651ms] [34;1m[rows:0][0m CREATE INDEX `idx_reports_batch_id` ON `reports`(`batch_id`)
2026/05/20 20:42:54 Database connected and migrated successfully
[GIN-debug] [WARNING] Creating an Engine instance with the Logger and Recovery middleware already attached.

[GIN-debug] [WARNING] Running in "debug" mode. Switch to "release" mode in production.
 - using env:	export GIN_MODE=release
 - using code:	gin.SetMode(gin.ReleaseMode)

[GIN-debug] POST   /api/batches              --> customs-reconciliation/internal/controllers.(*BatchController).CreateBatch-fm (4 handlers)
[GIN-debug] GET    /api/batches              --> customs-reconciliation/internal/controllers.(*BatchController).ListBatches-fm (4 handlers)
[GIN-debug] GET    /api/batches/:id          --> customs-reconciliation/internal/controllers.(*BatchController).GetBatch-fm (4 handlers)
[GIN-debug] POST   /api/batches/:id/process  --> customs-reconciliation/internal/controllers.(*BatchController).ProcessBatch-fm (4 handlers)
[GIN-debug] GET    /api/batches/:id/items    --> customs-reconciliation/internal/controllers.(*BatchController).GetBatchItems-fm (4 handlers)
[GIN-debug] GET    /api/batches/:id/discrepancies --> customs-reconciliation/internal/controllers.(*BatchController).GetBatchDiscrepancies-fm (4 handlers)
[GIN-debug] GET    /api/batches/:id/summary/category --> customs-reconciliation/internal/controllers.(*BatchController).GetCategorySummary-fm (4 handlers)
[GIN-debug] GET    /api/batches/:id/summary/currency --> customs-reconciliation/internal/controllers.(*BatchController).GetCurrencySummary-fm (4 handlers)
[GIN-debug] POST   /api/batches/:id/complete --> customs-reconciliation/internal/controllers.(*ReviewController).CompleteBatchReview-fm (4 handlers)
[GIN-debug] POST   /api/batches/:id/import/declarations --> customs-reconciliation/internal/controllers.(*ImportController).ImportDeclarationCSV-fm (4 handlers)
[GIN-debug] POST   /api/batches/:id/import/tariffs --> customs-reconciliation/internal/controllers.(*ImportController).ImportTariffJSON-fm (4 handlers)
[GIN-debug] POST   /api/batches/:id/import/return-receipts --> customs-reconciliation/internal/controllers.(*ImportController).ImportReturnReceiptJSON-fm (4 handlers)
[GIN-debug] POST   /api/items/review         --> customs-reconciliation/internal/controllers.(*ReviewController).ReviewItem-fm (4 handlers)
[GIN-debug] GET    /api/items/:id/review-history --> customs-reconciliation/internal/controllers.(*ReviewController).GetItemReviewHistory-fm (4 handlers)
[GIN-debug] GET    /api/items/:id/trace      --> customs-reconciliation/internal/controllers.(*ReviewController).GetItemFullTrace-fm (4 handlers)
[GIN-debug] POST   /api/reports              --> customs-reconciliation/internal/controllers.(*ReportController).GenerateReport-fm (4 handlers)
[GIN-debug] GET    /api/reports/batch/:id    --> customs-reconciliation/internal/controllers.(*ReportController).GetBatchReports-fm (4 handlers)
[GIN-debug] GET    /api/reports/:id/download --> customs-reconciliation/internal/controllers.(*ReportController).DownloadReport-fm (4 handlers)
[GIN-debug] GET    /health                   --> main.main.func2 (4 handlers)
[GIN-debug] [WARNING] You trusted all proxies, this is NOT safe. We recommend you to set a value.
Please check https://pkg.go.dev/github.com/gin-gonic/gin#readme-don-t-trust-all-proxies for details.
[GIN-debug] Listening and serving HTTP on :8080
