 * Serving Flask app 'app'
 * Debug mode: on
WARNING: This is a development server. Do not use it in a production deployment. Use a production WSGI server instead.
 * Running on http://127.0.0.1:5001
Press CTRL+C to quit
 * Restarting with stat
 * Debugger is active!
 * Debugger PIN: 513-704-375
Traceback (most recent call last):
  File "/Users/mac/pro/solo/workspaces/xy11095/app.py", line 88, in <module>
    app.run(debug=True, port=5001)
  File "/Users/mac/Library/Python/3.9/lib/python/site-packages/flask/app.py", line 612, in run
    run_simple(t.cast(str, host), port, self, **options)
  File "/Users/mac/Library/Python/3.9/lib/python/site-packages/werkzeug/serving.py", line 1116, in run_simple
    run_with_reloader(
  File "/Users/mac/Library/Python/3.9/lib/python/site-packages/werkzeug/_reloader.py", line 453, in run_with_reloader
    ensure_echo_on()
  File "/Users/mac/Library/Python/3.9/lib/python/site-packages/werkzeug/_reloader.py", line 433, in ensure_echo_on
    termios.tcsetattr(sys.stdin, termios.TCSANOW, attributes)
termios.error: (4, 'Interrupted system call')
