2026-05-10 10:20:56 [info]: [VulnerabilityService] 创建漏洞 {"cveId":"CVE-TEST-001","packageName":"log4j"}
2026-05-10 10:20:56 [info]: [VulnerabilityService] 漏洞创建成功 {"vulnerabilityId":"7df604c2-14cc-4fb6-969a-565396a1190b","recommendedRepairDays":7}
2026-05-10 10:20:56 [info]: [VulnerabilityService] 创建漏洞 {"cveId":"CVE-TEST-002","packageName":"spring-core"}
2026-05-10 10:20:56 [info]: [VulnerabilityService] 漏洞创建成功 {"vulnerabilityId":"20d2ef7d-b9c4-4cd8-a5c8-1bd34e940730","recommendedRepairDays":14}
2026-05-10 10:20:56 [info]: [VulnerabilityService] 开始分配漏洞负责人 {"vulnerabilityId":"20d2ef7d-b9c4-4cd8-a5c8-1bd34e940730","assigneeId":"user-123"}
2026-05-10 10:20:56 [info]: [VulnerabilityService] 漏洞分配成功 {"vulnerabilityId":"20d2ef7d-b9c4-4cd8-a5c8-1bd34e940730","assigneeId":"user-123","assignmentId":"4eb5238b-f487-4045-9ef3-aa7597493a84"}
2026-05-10 10:20:56 [info]: [VulnerabilityService] 开始变更漏洞状态 {"vulnerabilityId":"20d2ef7d-b9c4-4cd8-a5c8-1bd34e940730","newStatus":"IN_PROGRESS"}
2026-05-10 10:20:56 [info]: [VulnerabilityService] 漏洞状态变更成功 {"vulnerabilityId":"20d2ef7d-b9c4-4cd8-a5c8-1bd34e940730","fromStatus":"ASSIGNED","toStatus":"IN_PROGRESS","isManualOverride":false}
2026-05-10 10:20:56 [info]: [VulnerabilityService] 开始变更漏洞状态 {"vulnerabilityId":"20d2ef7d-b9c4-4cd8-a5c8-1bd34e940730","newStatus":"FIXED"}
2026-05-10 10:20:56 [info]: [VulnerabilityService] 漏洞状态变更成功 {"vulnerabilityId":"20d2ef7d-b9c4-4cd8-a5c8-1bd34e940730","fromStatus":"IN_PROGRESS","toStatus":"FIXED","isManualOverride":false}
2026-05-10 10:20:56 [info]: [VulnerabilityService] 开始变更漏洞状态 {"vulnerabilityId":"20d2ef7d-b9c4-4cd8-a5c8-1bd34e940730","newStatus":"DEPLOYED"}
2026-05-10 10:20:56 [info]: [VulnerabilityService] 漏洞状态变更成功 {"vulnerabilityId":"20d2ef7d-b9c4-4cd8-a5c8-1bd34e940730","fromStatus":"FIXED","toStatus":"DEPLOYED","isManualOverride":false}
2026-05-10 10:20:56 [info]: [VulnerabilityService] 开始变更漏洞状态 {"vulnerabilityId":"20d2ef7d-b9c4-4cd8-a5c8-1bd34e940730","newStatus":"CLOSED"}
2026-05-10 10:20:56 [info]: [VulnerabilityService] 漏洞状态变更成功 {"vulnerabilityId":"20d2ef7d-b9c4-4cd8-a5c8-1bd34e940730","fromStatus":"DEPLOYED","toStatus":"CLOSED","isManualOverride":false}
2026-05-10 10:20:56 [info]: [VulnerabilityService] 创建漏洞 {"cveId":"CVE-TEST-003","packageName":"test-pkg"}
2026-05-10 10:20:56 [info]: [VulnerabilityService] 漏洞创建成功 {"vulnerabilityId":"2ed792b3-78d3-4803-8f66-166857508aa7","recommendedRepairDays":90}
2026-05-10 10:20:56 [info]: [VulnerabilityService] 开始分配漏洞负责人 {"vulnerabilityId":"2ed792b3-78d3-4803-8f66-166857508aa7","assigneeId":"user-456"}
2026-05-10 10:20:56 [info]: [VulnerabilityService] 漏洞分配成功 {"vulnerabilityId":"2ed792b3-78d3-4803-8f66-166857508aa7","assigneeId":"user-456","assignmentId":"f0cc5ad6-af1b-49a4-a9d1-5114ce180c23"}
2026-05-10 10:20:56 [info]: [VulnerabilityService] 开始变更漏洞状态 {"vulnerabilityId":"2ed792b3-78d3-4803-8f66-166857508aa7","newStatus":"IN_PROGRESS"}
2026-05-10 10:20:56 [info]: [VulnerabilityService] 漏洞状态变更成功 {"vulnerabilityId":"2ed792b3-78d3-4803-8f66-166857508aa7","fromStatus":"ASSIGNED","toStatus":"IN_PROGRESS","isManualOverride":false}
2026-05-10 10:20:56 [info]: [VulnerabilityService] 创建漏洞 {"cveId":"CVE-TEST-004","packageName":"test-pkg-2"}
2026-05-10 10:20:56 [info]: [VulnerabilityService] 漏洞创建成功 {"vulnerabilityId":"3637bc6b-347e-4a9f-9cb0-675519b758d1","recommendedRepairDays":90}
2026-05-10 10:20:56 [info]: [VulnerabilityService] 开始分配漏洞负责人 {"vulnerabilityId":"3637bc6b-347e-4a9f-9cb0-675519b758d1","assigneeId":"user-789"}
2026-05-10 10:20:56 [info]: [VulnerabilityService] 漏洞分配成功 {"vulnerabilityId":"3637bc6b-347e-4a9f-9cb0-675519b758d1","assigneeId":"user-789","assignmentId":"5fd0ae6b-1684-47a3-9d87-cdea04cb8e40"}
2026-05-10 10:20:56 [info]: [VulnerabilityService] 开始分配漏洞负责人 {"vulnerabilityId":"3637bc6b-347e-4a9f-9cb0-675519b758d1","assigneeId":"user-789"}
2026-05-10 10:20:56 [warn]: [VulnerabilityService] 分配验证失败 {"vulnerabilityId":"3637bc6b-347e-4a9f-9cb0-675519b758d1","errors":["漏洞已经分配给该负责人，重复操作无意义"]}
2026-05-10 10:20:56 [info]: [VulnerabilityService] 创建漏洞 {"cveId":"CVE-TEST-005","packageName":"test-pkg-3"}
2026-05-10 10:20:56 [info]: [VulnerabilityService] 漏洞创建成功 {"vulnerabilityId":"4668b3fa-6e22-484a-9848-7208cdebbede","recommendedRepairDays":90}
2026-05-10 10:20:56 [info]: [VulnerabilityService] 开始变更漏洞状态 {"vulnerabilityId":"4668b3fa-6e22-484a-9848-7208cdebbede","newStatus":"FIXED"}
2026-05-10 10:20:56 [warn]: [VulnerabilityService] 状态变更验证失败 {"vulnerabilityId":"4668b3fa-6e22-484a-9848-7208cdebbede","errors":["漏洞尚未分配负责人，不能进入非待分配状态","状态转换不允许：NEW -> FIXED。允许的转换：ASSIGNED"]}
2026-05-10 10:20:56 [info]: [VulnerabilityService] 创建漏洞 {"cveId":"CVE-TEST-006","packageName":"test-pkg-4"}
2026-05-10 10:20:56 [info]: [VulnerabilityService] 漏洞创建成功 {"vulnerabilityId":"462db099-e44c-4f5e-b87a-28bb91a3df6d","recommendedRepairDays":90}
2026-05-10 10:20:56 [info]: [VulnerabilityService] 开始分配漏洞负责人 {"vulnerabilityId":"462db099-e44c-4f5e-b87a-28bb91a3df6d","assigneeId":"user-111"}
2026-05-10 10:20:56 [info]: [VulnerabilityService] 漏洞分配成功 {"vulnerabilityId":"462db099-e44c-4f5e-b87a-28bb91a3df6d","assigneeId":"user-111","assignmentId":"04ffdd02-7b2d-45fa-aea7-701dd3fee054"}
2026-05-10 10:20:56 [info]: [VulnerabilityService] 开始变更漏洞状态 {"vulnerabilityId":"462db099-e44c-4f5e-b87a-28bb91a3df6d","newStatus":"IN_PROGRESS"}
2026-05-10 10:20:56 [info]: [VulnerabilityService] 漏洞状态变更成功 {"vulnerabilityId":"462db099-e44c-4f5e-b87a-28bb91a3df6d","fromStatus":"ASSIGNED","toStatus":"IN_PROGRESS","isManualOverride":false}
2026-05-10 10:20:56 [info]: [VulnerabilityService] 开始变更漏洞状态 {"vulnerabilityId":"462db099-e44c-4f5e-b87a-28bb91a3df6d","newStatus":"FIXED"}
2026-05-10 10:20:56 [info]: [VulnerabilityService] 漏洞状态变更成功 {"vulnerabilityId":"462db099-e44c-4f5e-b87a-28bb91a3df6d","fromStatus":"IN_PROGRESS","toStatus":"FIXED","isManualOverride":false}
2026-05-10 10:20:56 [info]: [VulnerabilityService] 开始变更漏洞状态 {"vulnerabilityId":"462db099-e44c-4f5e-b87a-28bb91a3df6d","newStatus":"CLOSED"}
2026-05-10 10:20:56 [warn]: [VulnerabilityService] 状态变更验证失败 {"vulnerabilityId":"462db099-e44c-4f5e-b87a-28bb91a3df6d","errors":["状态转换不允许：FIXED -> CLOSED。允许的转换：DEPLOYED","只有已上线的漏洞才能关闭"]}
2026-05-10 10:20:56 [info]: [VulnerabilityService] 创建漏洞 {"cveId":"CVE-TEST-007","packageName":"test-pkg-5"}
2026-05-10 10:20:56 [info]: [VulnerabilityService] 漏洞创建成功 {"vulnerabilityId":"3108d584-f339-4934-b298-5c0ef5a65140","recommendedRepairDays":30}
2026-05-10 10:20:56 [info]: [VulnerabilityService] 开始分配漏洞负责人 {"vulnerabilityId":"3108d584-f339-4934-b298-5c0ef5a65140","assigneeId":"user-222"}
2026-05-10 10:20:56 [info]: [VulnerabilityService] 漏洞分配成功 {"vulnerabilityId":"3108d584-f339-4934-b298-5c0ef5a65140","assigneeId":"user-222","assignmentId":"ab2927f8-c5ad-4f21-b97d-dbbb8c5e07dd"}
2026-05-10 10:20:56 [info]: [VulnerabilityService] 开始变更漏洞状态 {"vulnerabilityId":"3108d584-f339-4934-b298-5c0ef5a65140","newStatus":"IN_PROGRESS"}
2026-05-10 10:20:56 [info]: [VulnerabilityService] 漏洞状态变更成功 {"vulnerabilityId":"3108d584-f339-4934-b298-5c0ef5a65140","fromStatus":"ASSIGNED","toStatus":"IN_PROGRESS","isManualOverride":false}
2026-05-10 10:20:56 [info]: [VulnerabilityService] 开始变更漏洞状态 {"vulnerabilityId":"3108d584-f339-4934-b298-5c0ef5a65140","newStatus":"FIXED"}
2026-05-10 10:20:56 [info]: [VulnerabilityService] 漏洞状态变更成功 {"vulnerabilityId":"3108d584-f339-4934-b298-5c0ef5a65140","fromStatus":"IN_PROGRESS","toStatus":"FIXED","isManualOverride":false}
2026-05-10 10:20:56 [info]: [VulnerabilityService] 开始变更漏洞状态 {"vulnerabilityId":"3108d584-f339-4934-b298-5c0ef5a65140","newStatus":"IN_PROGRESS"}
2026-05-10 10:20:56 [info]: [VulnerabilityService] 漏洞状态变更成功 {"vulnerabilityId":"3108d584-f339-4934-b298-5c0ef5a65140","fromStatus":"FIXED","toStatus":"IN_PROGRESS","isManualOverride":true}
2026-05-10 10:20:56 [info]: [BatchService] 创建批次 {"code":"TEST-BATCH-001","name":"测试批次"}
2026-05-10 10:20:56 [info]: [BatchService] 批次创建成功 {"batchId":"99997a85-7988-4379-9c68-d3fbbb06b201","code":"TEST-BATCH-001"}
2026-05-10 10:20:56 [info]: [VulnerabilityService] 创建漏洞 {"cveId":"CVE-BATCH-001","packageName":"pkg-a"}
2026-05-10 10:20:56 [info]: [VulnerabilityService] 漏洞创建成功 {"vulnerabilityId":"7c77427b-665f-47a7-8ad6-bb6f7d5162ec","recommendedRepairDays":14}
2026-05-10 10:20:56 [info]: [VulnerabilityService] 创建漏洞 {"cveId":"CVE-BATCH-002","packageName":"pkg-b"}
2026-05-10 10:20:56 [info]: [VulnerabilityService] 漏洞创建成功 {"vulnerabilityId":"29eabfc7-51a9-4181-92e9-b6b1ee8bdda5","recommendedRepairDays":30}
2026-05-10 10:20:56 [info]: [BatchService] 将漏洞加入批次 {"batchId":"99997a85-7988-4379-9c68-d3fbbb06b201","vulnerabilityId":"7c77427b-665f-47a7-8ad6-bb6f7d5162ec"}
2026-05-10 10:20:56 [info]: [BatchService] 漏洞已加入批次 {"vulnerabilityId":"7c77427b-665f-47a7-8ad6-bb6f7d5162ec","batchId":"99997a85-7988-4379-9c68-d3fbbb06b201"}
2026-05-10 10:20:56 [info]: [BatchService] 将漏洞加入批次 {"batchId":"99997a85-7988-4379-9c68-d3fbbb06b201","vulnerabilityId":"29eabfc7-51a9-4181-92e9-b6b1ee8bdda5"}
2026-05-10 10:20:56 [info]: [BatchService] 漏洞已加入批次 {"vulnerabilityId":"29eabfc7-51a9-4181-92e9-b6b1ee8bdda5","batchId":"99997a85-7988-4379-9c68-d3fbbb06b201"}
2026-05-10 10:20:56 [info]: [BatchService] 创建批次 {"code":"TEST-BATCH-001","name":"重复编码测试"}
2026-05-10 10:20:56 [info]: [VulnerabilityService] 创建漏洞 {"cveId":"CVE-TASK-001","packageName":"task-pkg"}
2026-05-10 10:20:56 [info]: [VulnerabilityService] 漏洞创建成功 {"vulnerabilityId":"a77d835b-c8e1-4118-968a-c15184131f9f","recommendedRepairDays":90}
2026-05-10 10:20:56 [info]: [VulnerabilityService] 开始分配漏洞负责人 {"vulnerabilityId":"a77d835b-c8e1-4118-968a-c15184131f9f","assigneeId":"user-task"}
2026-05-10 10:20:56 [info]: [VulnerabilityService] 漏洞分配成功 {"vulnerabilityId":"a77d835b-c8e1-4118-968a-c15184131f9f","assigneeId":"user-task","assignmentId":"26a7f8c7-ed00-4c90-81fc-30fdc4219ce3"}
2026-05-10 10:20:56 [info]: [BatchService] 创建升级任务 {"vulnerabilityId":"a77d835b-c8e1-4118-968a-c15184131f9f","title":"升级依赖包"}
2026-05-10 10:20:56 [info]: [BatchService] 升级任务创建成功 {"taskId":"666f3993-8d53-46dc-b2d7-dbed5f00f0c8"}
2026-05-10 10:20:56 [info]: [VulnerabilityService] 创建漏洞 {"cveId":"CVE-TASK-002","packageName":"task-pkg-2"}
2026-05-10 10:20:56 [info]: [VulnerabilityService] 漏洞创建成功 {"vulnerabilityId":"a7cd5e19-1bca-43b2-a5f9-45ee5640064b","recommendedRepairDays":90}
2026-05-10 10:20:56 [info]: [VulnerabilityService] 开始分配漏洞负责人 {"vulnerabilityId":"a7cd5e19-1bca-43b2-a5f9-45ee5640064b","assigneeId":"user-task-2"}
2026-05-10 10:20:56 [info]: [VulnerabilityService] 漏洞分配成功 {"vulnerabilityId":"a7cd5e19-1bca-43b2-a5f9-45ee5640064b","assigneeId":"user-task-2","assignmentId":"aa844b38-0a74-4c55-bf9a-b2151ef4f48e"}
2026-05-10 10:20:56 [info]: [BatchService] 创建升级任务 {"vulnerabilityId":"a7cd5e19-1bca-43b2-a5f9-45ee5640064b","title":"任务1"}
2026-05-10 10:20:56 [info]: [BatchService] 升级任务创建成功 {"taskId":"9bdae71f-06ba-4ad9-9dca-abb160a32703"}
2026-05-10 10:20:56 [info]: [BatchService] 创建升级任务 {"vulnerabilityId":"a7cd5e19-1bca-43b2-a5f9-45ee5640064b","title":"任务2"}
2026-05-10 10:20:56 [info]: [BatchService] 升级任务创建成功 {"taskId":"136a2b68-f1c6-4ec1-98fe-40438cde9475"}
2026-05-10 10:20:56 [info]: [BatchService] 完成升级任务 {"taskId":"9bdae71f-06ba-4ad9-9dca-abb160a32703"}
2026-05-10 10:20:56 [info]: [BatchService] 升级任务完成 {"taskId":"9bdae71f-06ba-4ad9-9dca-abb160a32703"}
2026-05-10 10:20:56 [info]: [BatchService] 完成升级任务 {"taskId":"136a2b68-f1c6-4ec1-98fe-40438cde9475"}
2026-05-10 10:20:56 [info]: [BatchService] 漏洞所有升级任务完成，标记为已修复 {"vulnerabilityId":"a7cd5e19-1bca-43b2-a5f9-45ee5640064b"}
2026-05-10 10:20:56 [info]: [BatchService] 升级任务完成 {"taskId":"136a2b68-f1c6-4ec1-98fe-40438cde9475"}
2026-05-10 10:20:56 [info]: [VulnerabilityService] 创建漏洞 {"cveId":"CVE-DELAY-001","packageName":"delay-pkg"}
2026-05-10 10:20:56 [info]: [VulnerabilityService] 漏洞创建成功 {"vulnerabilityId":"4c6dece5-2c62-42b1-ae4c-ecda22d8ebda","recommendedRepairDays":14}
2026-05-10 10:20:56 [info]: [VulnerabilityService] 开始分配漏洞负责人 {"vulnerabilityId":"4c6dece5-2c62-42b1-ae4c-ecda22d8ebda","assigneeId":"user-delay"}
2026-05-10 10:20:56 [info]: [VulnerabilityService] 漏洞分配成功 {"vulnerabilityId":"4c6dece5-2c62-42b1-ae4c-ecda22d8ebda","assigneeId":"user-delay","assignmentId":"36a2464d-f845-42be-a64c-5205861b9846"}
2026-05-10 10:20:56 [info]: [VulnerabilityService] 开始变更漏洞状态 {"vulnerabilityId":"4c6dece5-2c62-42b1-ae4c-ecda22d8ebda","newStatus":"IN_PROGRESS"}
2026-05-10 10:20:56 [info]: [VulnerabilityService] 漏洞状态变更成功 {"vulnerabilityId":"4c6dece5-2c62-42b1-ae4c-ecda22d8ebda","fromStatus":"ASSIGNED","toStatus":"IN_PROGRESS","isManualOverride":false}
2026-05-10 10:20:56 [info]: [DelayService] 创建延期申请 {"vulnerabilityId":"4c6dece5-2c62-42b1-ae4c-ecda22d8ebda","requesterId":"user-delay"}
2026-05-10 10:20:56 [warn]: [DelayService] 延期申请验证失败 {"vulnerabilityId":"4c6dece5-2c62-42b1-ae4c-ecda22d8ebda","errors":["风险缓解措施至少需要 20 个字符"]}
2026-05-10 10:20:56 [info]: [VulnerabilityService] 创建漏洞 {"cveId":"CVE-DELAY-002","packageName":"delay-pkg-2"}
2026-05-10 10:20:56 [info]: [VulnerabilityService] 漏洞创建成功 {"vulnerabilityId":"94c877cd-58a6-4c89-be5f-f164a2ae230b","recommendedRepairDays":30}
2026-05-10 10:20:56 [info]: [VulnerabilityService] 开始分配漏洞负责人 {"vulnerabilityId":"94c877cd-58a6-4c89-be5f-f164a2ae230b","assigneeId":"user-delay-2"}
2026-05-10 10:20:56 [info]: [VulnerabilityService] 漏洞分配成功 {"vulnerabilityId":"94c877cd-58a6-4c89-be5f-f164a2ae230b","assigneeId":"user-delay-2","assignmentId":"632a9a04-6195-43d2-a416-22c5f3c65847"}
2026-05-10 10:20:56 [info]: [VulnerabilityService] 开始变更漏洞状态 {"vulnerabilityId":"94c877cd-58a6-4c89-be5f-f164a2ae230b","newStatus":"IN_PROGRESS"}
2026-05-10 10:20:56 [info]: [VulnerabilityService] 漏洞状态变更成功 {"vulnerabilityId":"94c877cd-58a6-4c89-be5f-f164a2ae230b","fromStatus":"ASSIGNED","toStatus":"IN_PROGRESS","isManualOverride":false}
2026-05-10 10:20:56 [info]: [DelayService] 创建延期申请 {"vulnerabilityId":"94c877cd-58a6-4c89-be5f-f164a2ae230b","requesterId":"user-delay-2"}
2026-05-10 10:20:56 [warn]: [DelayService] 延期申请验证失败 {"vulnerabilityId":"94c877cd-58a6-4c89-be5f-f164a2ae230b","errors":["风险缓解措施至少需要 20 个字符"]}
2026-05-10 10:20:56 [info]: [RiskService] 创建风险项 {"title":"测试风险项"}
2026-05-10 10:20:56 [info]: [RiskService] 风险项创建成功 {"riskId":"300a86b9-3815-4dac-85f2-80704e871dd0"}
2026-05-10 10:20:56 [info]: [RiskService] 更新风险项状态 {"riskId":"300a86b9-3815-4dac-85f2-80704e871dd0","newStatus":"MITIGATED"}
2026-05-10 10:20:56 [info]: [RiskService] 风险项状态更新成功 {"riskId":"300a86b9-3815-4dac-85f2-80704e871dd0","from":"MITIGATED","to":"MITIGATED"}
2026-05-10 10:20:56 [info]: [RiskService] 创建风险项 {"title":"看板测试风险1"}
2026-05-10 10:20:56 [info]: [RiskService] 风险项创建成功 {"riskId":"dc1de6ab-cf04-4c04-9b8c-75cbab18f89f"}
2026-05-10 10:20:56 [info]: [RiskService] 创建风险项 {"title":"看板测试风险2"}
2026-05-10 10:20:56 [info]: [RiskService] 风险项创建成功 {"riskId":"9637eb98-9716-4482-a859-c0d418033e2e"}
2026-05-10 10:21:46 [info]: [VulnerabilityService] 创建漏洞 {"cveId":"CVE-TEST-001","packageName":"log4j"}
2026-05-10 10:21:46 [info]: [VulnerabilityService] 漏洞创建成功 {"vulnerabilityId":"3eb29e00-f0df-48db-bc11-ab81d77ac40d","recommendedRepairDays":7}
2026-05-10 10:21:46 [info]: [VulnerabilityService] 创建漏洞 {"cveId":"CVE-TEST-002","packageName":"spring-core"}
2026-05-10 10:21:46 [info]: [VulnerabilityService] 漏洞创建成功 {"vulnerabilityId":"5f0ab54f-857b-4e38-917f-6945a622370a","recommendedRepairDays":14}
2026-05-10 10:21:46 [info]: [VulnerabilityService] 开始分配漏洞负责人 {"vulnerabilityId":"5f0ab54f-857b-4e38-917f-6945a622370a","assigneeId":"user-123"}
2026-05-10 10:21:46 [info]: [VulnerabilityService] 漏洞分配成功 {"vulnerabilityId":"5f0ab54f-857b-4e38-917f-6945a622370a","assigneeId":"user-123","assignmentId":"cbee66c2-5766-43af-bbeb-cba51dbe0052"}
2026-05-10 10:21:46 [info]: [VulnerabilityService] 开始变更漏洞状态 {"vulnerabilityId":"5f0ab54f-857b-4e38-917f-6945a622370a","newStatus":"IN_PROGRESS"}
2026-05-10 10:21:46 [info]: [VulnerabilityService] 漏洞状态变更成功 {"vulnerabilityId":"5f0ab54f-857b-4e38-917f-6945a622370a","fromStatus":"ASSIGNED","toStatus":"IN_PROGRESS","isManualOverride":false}
2026-05-10 10:21:46 [info]: [VulnerabilityService] 开始变更漏洞状态 {"vulnerabilityId":"5f0ab54f-857b-4e38-917f-6945a622370a","newStatus":"FIXED"}
2026-05-10 10:21:46 [info]: [VulnerabilityService] 漏洞状态变更成功 {"vulnerabilityId":"5f0ab54f-857b-4e38-917f-6945a622370a","fromStatus":"IN_PROGRESS","toStatus":"FIXED","isManualOverride":false}
2026-05-10 10:21:46 [info]: [VulnerabilityService] 开始变更漏洞状态 {"vulnerabilityId":"5f0ab54f-857b-4e38-917f-6945a622370a","newStatus":"DEPLOYED"}
2026-05-10 10:21:46 [info]: [VulnerabilityService] 漏洞状态变更成功 {"vulnerabilityId":"5f0ab54f-857b-4e38-917f-6945a622370a","fromStatus":"FIXED","toStatus":"DEPLOYED","isManualOverride":false}
2026-05-10 10:21:46 [info]: [VulnerabilityService] 开始变更漏洞状态 {"vulnerabilityId":"5f0ab54f-857b-4e38-917f-6945a622370a","newStatus":"CLOSED"}
2026-05-10 10:21:46 [info]: [VulnerabilityService] 漏洞状态变更成功 {"vulnerabilityId":"5f0ab54f-857b-4e38-917f-6945a622370a","fromStatus":"DEPLOYED","toStatus":"CLOSED","isManualOverride":false}
2026-05-10 10:21:46 [info]: [VulnerabilityService] 创建漏洞 {"cveId":"CVE-TEST-003","packageName":"test-pkg"}
2026-05-10 10:21:46 [info]: [VulnerabilityService] 漏洞创建成功 {"vulnerabilityId":"c824756f-3816-492a-aebe-d12931e8a3ec","recommendedRepairDays":90}
2026-05-10 10:21:46 [info]: [VulnerabilityService] 开始分配漏洞负责人 {"vulnerabilityId":"c824756f-3816-492a-aebe-d12931e8a3ec","assigneeId":"user-456"}
2026-05-10 10:21:46 [info]: [VulnerabilityService] 漏洞分配成功 {"vulnerabilityId":"c824756f-3816-492a-aebe-d12931e8a3ec","assigneeId":"user-456","assignmentId":"0572a58f-1e1b-4482-b8d3-3858496daa16"}
2026-05-10 10:21:46 [info]: [VulnerabilityService] 开始变更漏洞状态 {"vulnerabilityId":"c824756f-3816-492a-aebe-d12931e8a3ec","newStatus":"IN_PROGRESS"}
2026-05-10 10:21:46 [info]: [VulnerabilityService] 漏洞状态变更成功 {"vulnerabilityId":"c824756f-3816-492a-aebe-d12931e8a3ec","fromStatus":"ASSIGNED","toStatus":"IN_PROGRESS","isManualOverride":false}
2026-05-10 10:21:46 [info]: [VulnerabilityService] 创建漏洞 {"cveId":"CVE-TEST-004","packageName":"test-pkg-2"}
2026-05-10 10:21:46 [info]: [VulnerabilityService] 漏洞创建成功 {"vulnerabilityId":"782ad2e3-eeee-4e46-9054-6014d8bab987","recommendedRepairDays":90}
2026-05-10 10:21:46 [info]: [VulnerabilityService] 开始分配漏洞负责人 {"vulnerabilityId":"782ad2e3-eeee-4e46-9054-6014d8bab987","assigneeId":"user-789"}
2026-05-10 10:21:46 [info]: [VulnerabilityService] 漏洞分配成功 {"vulnerabilityId":"782ad2e3-eeee-4e46-9054-6014d8bab987","assigneeId":"user-789","assignmentId":"a2dc7988-6680-4f02-9d62-b9d1d021d2ba"}
2026-05-10 10:21:46 [info]: [VulnerabilityService] 开始分配漏洞负责人 {"vulnerabilityId":"782ad2e3-eeee-4e46-9054-6014d8bab987","assigneeId":"user-789"}
2026-05-10 10:21:46 [warn]: [VulnerabilityService] 分配验证失败 {"vulnerabilityId":"782ad2e3-eeee-4e46-9054-6014d8bab987","errors":["漏洞已经分配给该负责人，重复操作无意义"]}
2026-05-10 10:21:46 [info]: [VulnerabilityService] 创建漏洞 {"cveId":"CVE-TEST-005","packageName":"test-pkg-3"}
2026-05-10 10:21:46 [info]: [VulnerabilityService] 漏洞创建成功 {"vulnerabilityId":"2d8ad920-ca03-439e-9cc9-2bee4a43359a","recommendedRepairDays":90}
2026-05-10 10:21:46 [info]: [VulnerabilityService] 开始变更漏洞状态 {"vulnerabilityId":"2d8ad920-ca03-439e-9cc9-2bee4a43359a","newStatus":"FIXED"}
2026-05-10 10:21:46 [warn]: [VulnerabilityService] 状态变更验证失败 {"vulnerabilityId":"2d8ad920-ca03-439e-9cc9-2bee4a43359a","errors":["漏洞尚未分配负责人，不能进入非待分配状态","状态转换不允许：NEW -> FIXED。允许的转换：ASSIGNED"]}
2026-05-10 10:21:46 [info]: [VulnerabilityService] 创建漏洞 {"cveId":"CVE-TEST-006","packageName":"test-pkg-4"}
2026-05-10 10:21:46 [info]: [VulnerabilityService] 漏洞创建成功 {"vulnerabilityId":"9ee8346f-c0df-4428-8459-453b758e0918","recommendedRepairDays":90}
2026-05-10 10:21:46 [info]: [VulnerabilityService] 开始分配漏洞负责人 {"vulnerabilityId":"9ee8346f-c0df-4428-8459-453b758e0918","assigneeId":"user-111"}
2026-05-10 10:21:46 [info]: [VulnerabilityService] 漏洞分配成功 {"vulnerabilityId":"9ee8346f-c0df-4428-8459-453b758e0918","assigneeId":"user-111","assignmentId":"8fa73902-c90d-4999-bebf-3b0305404d71"}
2026-05-10 10:21:46 [info]: [VulnerabilityService] 开始变更漏洞状态 {"vulnerabilityId":"9ee8346f-c0df-4428-8459-453b758e0918","newStatus":"IN_PROGRESS"}
2026-05-10 10:21:46 [info]: [VulnerabilityService] 漏洞状态变更成功 {"vulnerabilityId":"9ee8346f-c0df-4428-8459-453b758e0918","fromStatus":"ASSIGNED","toStatus":"IN_PROGRESS","isManualOverride":false}
2026-05-10 10:21:46 [info]: [VulnerabilityService] 开始变更漏洞状态 {"vulnerabilityId":"9ee8346f-c0df-4428-8459-453b758e0918","newStatus":"FIXED"}
2026-05-10 10:21:46 [info]: [VulnerabilityService] 漏洞状态变更成功 {"vulnerabilityId":"9ee8346f-c0df-4428-8459-453b758e0918","fromStatus":"IN_PROGRESS","toStatus":"FIXED","isManualOverride":false}
2026-05-10 10:21:46 [info]: [VulnerabilityService] 开始变更漏洞状态 {"vulnerabilityId":"9ee8346f-c0df-4428-8459-453b758e0918","newStatus":"CLOSED"}
2026-05-10 10:21:46 [warn]: [VulnerabilityService] 状态变更验证失败 {"vulnerabilityId":"9ee8346f-c0df-4428-8459-453b758e0918","errors":["状态转换不允许：FIXED -> CLOSED。允许的转换：DEPLOYED","只有已上线的漏洞才能关闭"]}
2026-05-10 10:21:46 [info]: [VulnerabilityService] 创建漏洞 {"cveId":"CVE-TEST-007","packageName":"test-pkg-5"}
2026-05-10 10:21:46 [info]: [VulnerabilityService] 漏洞创建成功 {"vulnerabilityId":"2106beb7-2b5f-4aee-8548-9426e342e514","recommendedRepairDays":30}
2026-05-10 10:21:46 [info]: [VulnerabilityService] 开始分配漏洞负责人 {"vulnerabilityId":"2106beb7-2b5f-4aee-8548-9426e342e514","assigneeId":"user-222"}
2026-05-10 10:21:46 [info]: [VulnerabilityService] 漏洞分配成功 {"vulnerabilityId":"2106beb7-2b5f-4aee-8548-9426e342e514","assigneeId":"user-222","assignmentId":"58e1782b-aa00-44e7-ab0d-aaebde208a09"}
2026-05-10 10:21:46 [info]: [VulnerabilityService] 开始变更漏洞状态 {"vulnerabilityId":"2106beb7-2b5f-4aee-8548-9426e342e514","newStatus":"IN_PROGRESS"}
2026-05-10 10:21:46 [info]: [VulnerabilityService] 漏洞状态变更成功 {"vulnerabilityId":"2106beb7-2b5f-4aee-8548-9426e342e514","fromStatus":"ASSIGNED","toStatus":"IN_PROGRESS","isManualOverride":false}
2026-05-10 10:21:46 [info]: [VulnerabilityService] 开始变更漏洞状态 {"vulnerabilityId":"2106beb7-2b5f-4aee-8548-9426e342e514","newStatus":"FIXED"}
2026-05-10 10:21:46 [info]: [VulnerabilityService] 漏洞状态变更成功 {"vulnerabilityId":"2106beb7-2b5f-4aee-8548-9426e342e514","fromStatus":"IN_PROGRESS","toStatus":"FIXED","isManualOverride":false}
2026-05-10 10:21:46 [info]: [VulnerabilityService] 开始变更漏洞状态 {"vulnerabilityId":"2106beb7-2b5f-4aee-8548-9426e342e514","newStatus":"IN_PROGRESS"}
2026-05-10 10:21:46 [info]: [VulnerabilityService] 漏洞状态变更成功 {"vulnerabilityId":"2106beb7-2b5f-4aee-8548-9426e342e514","fromStatus":"FIXED","toStatus":"IN_PROGRESS","isManualOverride":true}
2026-05-10 10:21:46 [info]: [BatchService] 创建批次 {"code":"TEST-BATCH-001","name":"测试批次"}
2026-05-10 10:21:46 [info]: [BatchService] 批次创建成功 {"batchId":"9e7015b4-7ab6-4ced-b4b1-15959e30c3c4","code":"TEST-BATCH-001"}
2026-05-10 10:21:46 [info]: [VulnerabilityService] 创建漏洞 {"cveId":"CVE-BATCH-001","packageName":"pkg-a"}
2026-05-10 10:21:46 [info]: [VulnerabilityService] 漏洞创建成功 {"vulnerabilityId":"d0197b1f-0e94-4f0c-ae1a-7b19a815c060","recommendedRepairDays":14}
2026-05-10 10:21:46 [info]: [VulnerabilityService] 创建漏洞 {"cveId":"CVE-BATCH-002","packageName":"pkg-b"}
2026-05-10 10:21:46 [info]: [VulnerabilityService] 漏洞创建成功 {"vulnerabilityId":"dfbcad7e-5023-4d4e-b2ec-887161d00288","recommendedRepairDays":30}
2026-05-10 10:21:46 [info]: [BatchService] 将漏洞加入批次 {"batchId":"9e7015b4-7ab6-4ced-b4b1-15959e30c3c4","vulnerabilityId":"d0197b1f-0e94-4f0c-ae1a-7b19a815c060"}
2026-05-10 10:21:46 [info]: [BatchService] 漏洞已加入批次 {"vulnerabilityId":"d0197b1f-0e94-4f0c-ae1a-7b19a815c060","batchId":"9e7015b4-7ab6-4ced-b4b1-15959e30c3c4"}
2026-05-10 10:21:46 [info]: [BatchService] 将漏洞加入批次 {"batchId":"9e7015b4-7ab6-4ced-b4b1-15959e30c3c4","vulnerabilityId":"dfbcad7e-5023-4d4e-b2ec-887161d00288"}
2026-05-10 10:21:46 [info]: [BatchService] 漏洞已加入批次 {"vulnerabilityId":"dfbcad7e-5023-4d4e-b2ec-887161d00288","batchId":"9e7015b4-7ab6-4ced-b4b1-15959e30c3c4"}
2026-05-10 10:21:46 [info]: [BatchService] 创建批次 {"code":"TEST-BATCH-001","name":"重复编码测试"}
2026-05-10 10:21:46 [info]: [VulnerabilityService] 创建漏洞 {"cveId":"CVE-TASK-001","packageName":"task-pkg"}
2026-05-10 10:21:46 [info]: [VulnerabilityService] 漏洞创建成功 {"vulnerabilityId":"f2e7bc7b-d852-43b6-ac2a-4c5048033e71","recommendedRepairDays":90}
2026-05-10 10:21:46 [info]: [VulnerabilityService] 开始分配漏洞负责人 {"vulnerabilityId":"f2e7bc7b-d852-43b6-ac2a-4c5048033e71","assigneeId":"user-task"}
2026-05-10 10:21:46 [info]: [VulnerabilityService] 漏洞分配成功 {"vulnerabilityId":"f2e7bc7b-d852-43b6-ac2a-4c5048033e71","assigneeId":"user-task","assignmentId":"001c5ee6-f775-42b2-9cbc-bf876c095861"}
2026-05-10 10:21:46 [info]: [BatchService] 创建升级任务 {"vulnerabilityId":"f2e7bc7b-d852-43b6-ac2a-4c5048033e71","title":"升级依赖包"}
2026-05-10 10:21:46 [info]: [BatchService] 升级任务创建成功 {"taskId":"9aa46d2c-bc46-44fb-a3fc-67798da149a3"}
2026-05-10 10:21:46 [info]: [VulnerabilityService] 创建漏洞 {"cveId":"CVE-TASK-002","packageName":"task-pkg-2"}
2026-05-10 10:21:46 [info]: [VulnerabilityService] 漏洞创建成功 {"vulnerabilityId":"1db80345-75e1-47ae-a29a-72cd2a264484","recommendedRepairDays":90}
2026-05-10 10:21:46 [info]: [VulnerabilityService] 开始分配漏洞负责人 {"vulnerabilityId":"1db80345-75e1-47ae-a29a-72cd2a264484","assigneeId":"user-task-2"}
2026-05-10 10:21:46 [info]: [VulnerabilityService] 漏洞分配成功 {"vulnerabilityId":"1db80345-75e1-47ae-a29a-72cd2a264484","assigneeId":"user-task-2","assignmentId":"f0cd2e68-2e37-4e65-8117-cb7b887077bc"}
2026-05-10 10:21:46 [info]: [BatchService] 创建升级任务 {"vulnerabilityId":"1db80345-75e1-47ae-a29a-72cd2a264484","title":"任务1"}
2026-05-10 10:21:46 [info]: [BatchService] 升级任务创建成功 {"taskId":"21299626-67ee-4246-a385-4313e3c6d8b5"}
2026-05-10 10:21:46 [info]: [BatchService] 创建升级任务 {"vulnerabilityId":"1db80345-75e1-47ae-a29a-72cd2a264484","title":"任务2"}
2026-05-10 10:21:46 [info]: [BatchService] 升级任务创建成功 {"taskId":"e5ad99bd-51fe-4c29-910b-30813a96af07"}
2026-05-10 10:21:46 [info]: [BatchService] 完成升级任务 {"taskId":"21299626-67ee-4246-a385-4313e3c6d8b5"}
2026-05-10 10:21:46 [info]: [BatchService] 升级任务完成 {"taskId":"21299626-67ee-4246-a385-4313e3c6d8b5"}
2026-05-10 10:21:46 [info]: [BatchService] 完成升级任务 {"taskId":"e5ad99bd-51fe-4c29-910b-30813a96af07"}
2026-05-10 10:21:46 [info]: [BatchService] 漏洞所有升级任务完成，标记为已修复 {"vulnerabilityId":"1db80345-75e1-47ae-a29a-72cd2a264484"}
2026-05-10 10:21:46 [info]: [BatchService] 升级任务完成 {"taskId":"e5ad99bd-51fe-4c29-910b-30813a96af07"}
2026-05-10 10:21:46 [info]: [VulnerabilityService] 创建漏洞 {"cveId":"CVE-DELAY-001","packageName":"delay-pkg"}
2026-05-10 10:21:46 [info]: [VulnerabilityService] 漏洞创建成功 {"vulnerabilityId":"63b9c2f6-a951-4e36-8c60-0fe1574b5fd2","recommendedRepairDays":14}
2026-05-10 10:21:46 [info]: [VulnerabilityService] 开始分配漏洞负责人 {"vulnerabilityId":"63b9c2f6-a951-4e36-8c60-0fe1574b5fd2","assigneeId":"user-delay"}
2026-05-10 10:21:46 [info]: [VulnerabilityService] 漏洞分配成功 {"vulnerabilityId":"63b9c2f6-a951-4e36-8c60-0fe1574b5fd2","assigneeId":"user-delay","assignmentId":"8be17a4e-f003-48c1-85e6-642cc9b87dac"}
2026-05-10 10:21:46 [info]: [VulnerabilityService] 开始变更漏洞状态 {"vulnerabilityId":"63b9c2f6-a951-4e36-8c60-0fe1574b5fd2","newStatus":"IN_PROGRESS"}
2026-05-10 10:21:46 [info]: [VulnerabilityService] 漏洞状态变更成功 {"vulnerabilityId":"63b9c2f6-a951-4e36-8c60-0fe1574b5fd2","fromStatus":"ASSIGNED","toStatus":"IN_PROGRESS","isManualOverride":false}
2026-05-10 10:21:46 [info]: [DelayService] 创建延期申请 {"vulnerabilityId":"63b9c2f6-a951-4e36-8c60-0fe1574b5fd2","requesterId":"user-delay"}
2026-05-10 10:21:46 [info]: [DelayService] 创建关联风险项 {"vulnerabilityId":"63b9c2f6-a951-4e36-8c60-0fe1574b5fd2","riskLevel":"MEDIUM"}
2026-05-10 10:21:46 [info]: [DelayService] 延期申请创建成功 {"requestId":"c5689492-5451-4c74-8f6b-802060ed8fda","vulnerabilityId":"63b9c2f6-a951-4e36-8c60-0fe1574b5fd2","originalDueDate":"2026-05-24T02:21:46.600Z","newDueDate":"2026-06-03T02:21:46.600Z"}
2026-05-10 10:21:46 [info]: [DelayService] 审批延期申请 {"requestId":"c5689492-5451-4c74-8f6b-802060ed8fda","approverId":"admin"}
2026-05-10 10:21:46 [info]: [DelayService] 漏洞延期生效 {"vulnerabilityId":"63b9c2f6-a951-4e36-8c60-0fe1574b5fd2","newDueDate":"2026-06-03T02:21:46.600Z","delayCount":1}
2026-05-10 10:21:46 [info]: [VulnerabilityService] 创建漏洞 {"cveId":"CVE-DELAY-002","packageName":"delay-pkg-2"}
2026-05-10 10:21:46 [info]: [VulnerabilityService] 漏洞创建成功 {"vulnerabilityId":"8c873aea-ead6-4899-8cfe-043bfb409b3e","recommendedRepairDays":30}
2026-05-10 10:21:46 [info]: [VulnerabilityService] 开始分配漏洞负责人 {"vulnerabilityId":"8c873aea-ead6-4899-8cfe-043bfb409b3e","assigneeId":"user-delay-2"}
2026-05-10 10:21:46 [info]: [VulnerabilityService] 漏洞分配成功 {"vulnerabilityId":"8c873aea-ead6-4899-8cfe-043bfb409b3e","assigneeId":"user-delay-2","assignmentId":"f328a154-ab4e-4f1b-9ee8-7a28a772a024"}
2026-05-10 10:21:46 [info]: [VulnerabilityService] 开始变更漏洞状态 {"vulnerabilityId":"8c873aea-ead6-4899-8cfe-043bfb409b3e","newStatus":"IN_PROGRESS"}
2026-05-10 10:21:46 [info]: [VulnerabilityService] 漏洞状态变更成功 {"vulnerabilityId":"8c873aea-ead6-4899-8cfe-043bfb409b3e","fromStatus":"ASSIGNED","toStatus":"IN_PROGRESS","isManualOverride":false}
2026-05-10 10:21:46 [info]: [DelayService] 创建延期申请 {"vulnerabilityId":"8c873aea-ead6-4899-8cfe-043bfb409b3e","requesterId":"user-delay-2"}
2026-05-10 10:21:46 [info]: [DelayService] 延期申请创建成功 {"requestId":"11806fe3-8881-4d5b-a7ed-84db149f1d88","vulnerabilityId":"8c873aea-ead6-4899-8cfe-043bfb409b3e","originalDueDate":"2026-06-09T02:21:46.608Z","newDueDate":"2026-06-24T02:21:46.612Z"}
2026-05-10 10:21:46 [info]: [DelayService] 创建延期申请 {"vulnerabilityId":"8c873aea-ead6-4899-8cfe-043bfb409b3e","requesterId":"user-delay-2"}
2026-05-10 10:21:46 [info]: [RiskService] 创建风险项 {"title":"测试风险项"}
2026-05-10 10:21:46 [info]: [RiskService] 风险项创建成功 {"riskId":"da4103e4-e281-47eb-bf56-9a3e0e148ae3"}
2026-05-10 10:21:46 [info]: [RiskService] 更新风险项状态 {"riskId":"da4103e4-e281-47eb-bf56-9a3e0e148ae3","newStatus":"MITIGATED"}
2026-05-10 10:21:46 [info]: [RiskService] 风险项状态更新成功 {"riskId":"da4103e4-e281-47eb-bf56-9a3e0e148ae3","from":"MITIGATED","to":"MITIGATED"}
2026-05-10 10:21:46 [info]: [RiskService] 创建风险项 {"title":"看板测试风险1"}
2026-05-10 10:21:46 [info]: [RiskService] 风险项创建成功 {"riskId":"e62cafda-d4a6-42ee-8db8-a68d73c118bd"}
2026-05-10 10:21:46 [info]: [RiskService] 创建风险项 {"title":"看板测试风险2"}
2026-05-10 10:21:46 [info]: [RiskService] 风险项创建成功 {"riskId":"f4f57e9b-722d-435d-ba09-304cdde6d81d"}
2026-05-10 10:22:32 [info]: [VulnerabilityService] 创建漏洞 {"cveId":"CVE-TEST-001","packageName":"log4j"}
2026-05-10 10:22:32 [info]: [VulnerabilityService] 漏洞创建成功 {"vulnerabilityId":"3c536182-7e7f-416e-ad98-290f8ae0fdac","recommendedRepairDays":7}
2026-05-10 10:22:32 [info]: [VulnerabilityService] 创建漏洞 {"cveId":"CVE-TEST-002","packageName":"spring-core"}
2026-05-10 10:22:32 [info]: [VulnerabilityService] 漏洞创建成功 {"vulnerabilityId":"498beadc-09b6-484a-a5bf-305ca3b59943","recommendedRepairDays":14}
2026-05-10 10:22:32 [info]: [VulnerabilityService] 开始分配漏洞负责人 {"vulnerabilityId":"498beadc-09b6-484a-a5bf-305ca3b59943","assigneeId":"user-123"}
2026-05-10 10:22:32 [info]: [VulnerabilityService] 漏洞分配成功 {"vulnerabilityId":"498beadc-09b6-484a-a5bf-305ca3b59943","assigneeId":"user-123","assignmentId":"68df32d7-2988-4e75-993d-d543bcb8f3ea"}
2026-05-10 10:22:32 [info]: [VulnerabilityService] 开始变更漏洞状态 {"vulnerabilityId":"498beadc-09b6-484a-a5bf-305ca3b59943","newStatus":"IN_PROGRESS"}
2026-05-10 10:22:32 [info]: [VulnerabilityService] 漏洞状态变更成功 {"vulnerabilityId":"498beadc-09b6-484a-a5bf-305ca3b59943","fromStatus":"ASSIGNED","toStatus":"IN_PROGRESS","isManualOverride":false}
2026-05-10 10:22:32 [info]: [VulnerabilityService] 开始变更漏洞状态 {"vulnerabilityId":"498beadc-09b6-484a-a5bf-305ca3b59943","newStatus":"FIXED"}
2026-05-10 10:22:32 [info]: [VulnerabilityService] 漏洞状态变更成功 {"vulnerabilityId":"498beadc-09b6-484a-a5bf-305ca3b59943","fromStatus":"IN_PROGRESS","toStatus":"FIXED","isManualOverride":false}
2026-05-10 10:22:32 [info]: [VulnerabilityService] 开始变更漏洞状态 {"vulnerabilityId":"498beadc-09b6-484a-a5bf-305ca3b59943","newStatus":"DEPLOYED"}
2026-05-10 10:22:32 [info]: [VulnerabilityService] 漏洞状态变更成功 {"vulnerabilityId":"498beadc-09b6-484a-a5bf-305ca3b59943","fromStatus":"FIXED","toStatus":"DEPLOYED","isManualOverride":false}
2026-05-10 10:22:32 [info]: [VulnerabilityService] 开始变更漏洞状态 {"vulnerabilityId":"498beadc-09b6-484a-a5bf-305ca3b59943","newStatus":"CLOSED"}
2026-05-10 10:22:32 [info]: [VulnerabilityService] 漏洞状态变更成功 {"vulnerabilityId":"498beadc-09b6-484a-a5bf-305ca3b59943","fromStatus":"DEPLOYED","toStatus":"CLOSED","isManualOverride":false}
2026-05-10 10:22:32 [info]: [VulnerabilityService] 创建漏洞 {"cveId":"CVE-TEST-003","packageName":"test-pkg"}
2026-05-10 10:22:32 [info]: [VulnerabilityService] 漏洞创建成功 {"vulnerabilityId":"a2106f3d-4b83-4ab7-a9f4-657813aaa01a","recommendedRepairDays":90}
2026-05-10 10:22:32 [info]: [VulnerabilityService] 开始分配漏洞负责人 {"vulnerabilityId":"a2106f3d-4b83-4ab7-a9f4-657813aaa01a","assigneeId":"user-456"}
2026-05-10 10:22:32 [info]: [VulnerabilityService] 漏洞分配成功 {"vulnerabilityId":"a2106f3d-4b83-4ab7-a9f4-657813aaa01a","assigneeId":"user-456","assignmentId":"91fc9a47-1b8d-4157-9538-0451d5ce7431"}
2026-05-10 10:22:32 [info]: [VulnerabilityService] 开始变更漏洞状态 {"vulnerabilityId":"a2106f3d-4b83-4ab7-a9f4-657813aaa01a","newStatus":"IN_PROGRESS"}
2026-05-10 10:22:32 [info]: [VulnerabilityService] 漏洞状态变更成功 {"vulnerabilityId":"a2106f3d-4b83-4ab7-a9f4-657813aaa01a","fromStatus":"ASSIGNED","toStatus":"IN_PROGRESS","isManualOverride":false}
2026-05-10 10:22:32 [info]: [VulnerabilityService] 创建漏洞 {"cveId":"CVE-TEST-004","packageName":"test-pkg-2"}
2026-05-10 10:22:32 [info]: [VulnerabilityService] 漏洞创建成功 {"vulnerabilityId":"a9fc39d0-a318-4d6e-b0b6-b1da5ad66d32","recommendedRepairDays":90}
2026-05-10 10:22:32 [info]: [VulnerabilityService] 开始分配漏洞负责人 {"vulnerabilityId":"a9fc39d0-a318-4d6e-b0b6-b1da5ad66d32","assigneeId":"user-789"}
2026-05-10 10:22:32 [info]: [VulnerabilityService] 漏洞分配成功 {"vulnerabilityId":"a9fc39d0-a318-4d6e-b0b6-b1da5ad66d32","assigneeId":"user-789","assignmentId":"882a6227-a2b8-475b-a125-8efd47cae783"}
2026-05-10 10:22:32 [info]: [VulnerabilityService] 开始分配漏洞负责人 {"vulnerabilityId":"a9fc39d0-a318-4d6e-b0b6-b1da5ad66d32","assigneeId":"user-789"}
2026-05-10 10:22:32 [warn]: [VulnerabilityService] 分配验证失败 {"vulnerabilityId":"a9fc39d0-a318-4d6e-b0b6-b1da5ad66d32","errors":["漏洞已经分配给该负责人，重复操作无意义"]}
2026-05-10 10:22:32 [info]: [VulnerabilityService] 创建漏洞 {"cveId":"CVE-TEST-005","packageName":"test-pkg-3"}
2026-05-10 10:22:32 [info]: [VulnerabilityService] 漏洞创建成功 {"vulnerabilityId":"43d0a9f1-511f-412d-8db9-503298f33a42","recommendedRepairDays":90}
2026-05-10 10:22:32 [info]: [VulnerabilityService] 开始变更漏洞状态 {"vulnerabilityId":"43d0a9f1-511f-412d-8db9-503298f33a42","newStatus":"FIXED"}
2026-05-10 10:22:32 [warn]: [VulnerabilityService] 状态变更验证失败 {"vulnerabilityId":"43d0a9f1-511f-412d-8db9-503298f33a42","errors":["漏洞尚未分配负责人，不能进入非待分配状态","状态转换不允许：NEW -> FIXED。允许的转换：ASSIGNED"]}
2026-05-10 10:22:32 [info]: [VulnerabilityService] 创建漏洞 {"cveId":"CVE-TEST-006","packageName":"test-pkg-4"}
2026-05-10 10:22:32 [info]: [VulnerabilityService] 漏洞创建成功 {"vulnerabilityId":"2cc3b84c-57a7-46f3-bcad-cc5c65a4e548","recommendedRepairDays":90}
2026-05-10 10:22:32 [info]: [VulnerabilityService] 开始分配漏洞负责人 {"vulnerabilityId":"2cc3b84c-57a7-46f3-bcad-cc5c65a4e548","assigneeId":"user-111"}
2026-05-10 10:22:32 [info]: [VulnerabilityService] 漏洞分配成功 {"vulnerabilityId":"2cc3b84c-57a7-46f3-bcad-cc5c65a4e548","assigneeId":"user-111","assignmentId":"168d6311-1186-4269-998c-35ae9db9511d"}
2026-05-10 10:22:32 [info]: [VulnerabilityService] 开始变更漏洞状态 {"vulnerabilityId":"2cc3b84c-57a7-46f3-bcad-cc5c65a4e548","newStatus":"IN_PROGRESS"}
2026-05-10 10:22:32 [info]: [VulnerabilityService] 漏洞状态变更成功 {"vulnerabilityId":"2cc3b84c-57a7-46f3-bcad-cc5c65a4e548","fromStatus":"ASSIGNED","toStatus":"IN_PROGRESS","isManualOverride":false}
2026-05-10 10:22:32 [info]: [VulnerabilityService] 开始变更漏洞状态 {"vulnerabilityId":"2cc3b84c-57a7-46f3-bcad-cc5c65a4e548","newStatus":"FIXED"}
2026-05-10 10:22:32 [info]: [VulnerabilityService] 漏洞状态变更成功 {"vulnerabilityId":"2cc3b84c-57a7-46f3-bcad-cc5c65a4e548","fromStatus":"IN_PROGRESS","toStatus":"FIXED","isManualOverride":false}
2026-05-10 10:22:32 [info]: [VulnerabilityService] 开始变更漏洞状态 {"vulnerabilityId":"2cc3b84c-57a7-46f3-bcad-cc5c65a4e548","newStatus":"CLOSED"}
2026-05-10 10:22:32 [warn]: [VulnerabilityService] 状态变更验证失败 {"vulnerabilityId":"2cc3b84c-57a7-46f3-bcad-cc5c65a4e548","errors":["状态转换不允许：FIXED -> CLOSED。允许的转换：DEPLOYED","只有已上线的漏洞才能关闭"]}
2026-05-10 10:22:32 [info]: [VulnerabilityService] 创建漏洞 {"cveId":"CVE-TEST-007","packageName":"test-pkg-5"}
2026-05-10 10:22:32 [info]: [VulnerabilityService] 漏洞创建成功 {"vulnerabilityId":"3bda3c3a-b572-45b0-817d-e540d59a19b8","recommendedRepairDays":30}
2026-05-10 10:22:32 [info]: [VulnerabilityService] 开始分配漏洞负责人 {"vulnerabilityId":"3bda3c3a-b572-45b0-817d-e540d59a19b8","assigneeId":"user-222"}
2026-05-10 10:22:32 [info]: [VulnerabilityService] 漏洞分配成功 {"vulnerabilityId":"3bda3c3a-b572-45b0-817d-e540d59a19b8","assigneeId":"user-222","assignmentId":"28f7aad4-861d-4350-8489-7507ebe1e3e5"}
2026-05-10 10:22:32 [info]: [VulnerabilityService] 开始变更漏洞状态 {"vulnerabilityId":"3bda3c3a-b572-45b0-817d-e540d59a19b8","newStatus":"IN_PROGRESS"}
2026-05-10 10:22:32 [info]: [VulnerabilityService] 漏洞状态变更成功 {"vulnerabilityId":"3bda3c3a-b572-45b0-817d-e540d59a19b8","fromStatus":"ASSIGNED","toStatus":"IN_PROGRESS","isManualOverride":false}
2026-05-10 10:22:32 [info]: [VulnerabilityService] 开始变更漏洞状态 {"vulnerabilityId":"3bda3c3a-b572-45b0-817d-e540d59a19b8","newStatus":"FIXED"}
2026-05-10 10:22:32 [info]: [VulnerabilityService] 漏洞状态变更成功 {"vulnerabilityId":"3bda3c3a-b572-45b0-817d-e540d59a19b8","fromStatus":"IN_PROGRESS","toStatus":"FIXED","isManualOverride":false}
2026-05-10 10:22:32 [info]: [VulnerabilityService] 开始变更漏洞状态 {"vulnerabilityId":"3bda3c3a-b572-45b0-817d-e540d59a19b8","newStatus":"IN_PROGRESS"}
2026-05-10 10:22:32 [info]: [VulnerabilityService] 漏洞状态变更成功 {"vulnerabilityId":"3bda3c3a-b572-45b0-817d-e540d59a19b8","fromStatus":"FIXED","toStatus":"IN_PROGRESS","isManualOverride":true}
2026-05-10 10:22:32 [info]: [BatchService] 创建批次 {"code":"TEST-BATCH-001","name":"测试批次"}
2026-05-10 10:22:32 [info]: [BatchService] 批次创建成功 {"batchId":"a137aecc-b31c-4a89-bcc7-c94837385b90","code":"TEST-BATCH-001"}
2026-05-10 10:22:32 [info]: [VulnerabilityService] 创建漏洞 {"cveId":"CVE-BATCH-001","packageName":"pkg-a"}
2026-05-10 10:22:32 [info]: [VulnerabilityService] 漏洞创建成功 {"vulnerabilityId":"d0b72604-beb0-4f6e-90c2-b6bdd1630980","recommendedRepairDays":14}
2026-05-10 10:22:32 [info]: [VulnerabilityService] 创建漏洞 {"cveId":"CVE-BATCH-002","packageName":"pkg-b"}
2026-05-10 10:22:32 [info]: [VulnerabilityService] 漏洞创建成功 {"vulnerabilityId":"cb13eeee-4f09-4d08-bd08-0da5c7de1988","recommendedRepairDays":30}
2026-05-10 10:22:32 [info]: [BatchService] 将漏洞加入批次 {"batchId":"a137aecc-b31c-4a89-bcc7-c94837385b90","vulnerabilityId":"d0b72604-beb0-4f6e-90c2-b6bdd1630980"}
2026-05-10 10:22:32 [info]: [BatchService] 漏洞已加入批次 {"vulnerabilityId":"d0b72604-beb0-4f6e-90c2-b6bdd1630980","batchId":"a137aecc-b31c-4a89-bcc7-c94837385b90"}
2026-05-10 10:22:32 [info]: [BatchService] 将漏洞加入批次 {"batchId":"a137aecc-b31c-4a89-bcc7-c94837385b90","vulnerabilityId":"cb13eeee-4f09-4d08-bd08-0da5c7de1988"}
2026-05-10 10:22:32 [info]: [BatchService] 漏洞已加入批次 {"vulnerabilityId":"cb13eeee-4f09-4d08-bd08-0da5c7de1988","batchId":"a137aecc-b31c-4a89-bcc7-c94837385b90"}
2026-05-10 10:22:32 [info]: [BatchService] 创建批次 {"code":"TEST-BATCH-001","name":"重复编码测试"}
2026-05-10 10:22:32 [info]: [VulnerabilityService] 创建漏洞 {"cveId":"CVE-TASK-001","packageName":"task-pkg"}
2026-05-10 10:22:32 [info]: [VulnerabilityService] 漏洞创建成功 {"vulnerabilityId":"4d044a6e-eb8f-4450-b690-e92d473a356f","recommendedRepairDays":90}
2026-05-10 10:22:32 [info]: [VulnerabilityService] 开始分配漏洞负责人 {"vulnerabilityId":"4d044a6e-eb8f-4450-b690-e92d473a356f","assigneeId":"user-task"}
2026-05-10 10:22:32 [info]: [VulnerabilityService] 漏洞分配成功 {"vulnerabilityId":"4d044a6e-eb8f-4450-b690-e92d473a356f","assigneeId":"user-task","assignmentId":"0b2a93a3-20b6-4d6a-9da2-68a39682a5f1"}
2026-05-10 10:22:32 [info]: [BatchService] 创建升级任务 {"vulnerabilityId":"4d044a6e-eb8f-4450-b690-e92d473a356f","title":"升级依赖包"}
2026-05-10 10:22:32 [info]: [BatchService] 升级任务创建成功 {"taskId":"4c532681-3a60-4e8d-b791-df7e53e85d1e"}
2026-05-10 10:22:32 [info]: [VulnerabilityService] 创建漏洞 {"cveId":"CVE-TASK-002","packageName":"task-pkg-2"}
2026-05-10 10:22:32 [info]: [VulnerabilityService] 漏洞创建成功 {"vulnerabilityId":"6bf11266-070a-4150-be66-5b7fa59ba69a","recommendedRepairDays":90}
2026-05-10 10:22:32 [info]: [VulnerabilityService] 开始分配漏洞负责人 {"vulnerabilityId":"6bf11266-070a-4150-be66-5b7fa59ba69a","assigneeId":"user-task-2"}
2026-05-10 10:22:32 [info]: [VulnerabilityService] 漏洞分配成功 {"vulnerabilityId":"6bf11266-070a-4150-be66-5b7fa59ba69a","assigneeId":"user-task-2","assignmentId":"fd046070-b54b-430a-b109-69ea246daa54"}
2026-05-10 10:22:32 [info]: [BatchService] 创建升级任务 {"vulnerabilityId":"6bf11266-070a-4150-be66-5b7fa59ba69a","title":"任务1"}
2026-05-10 10:22:32 [info]: [BatchService] 升级任务创建成功 {"taskId":"f42c2989-3394-4270-a96f-9dd7383e8df9"}
2026-05-10 10:22:32 [info]: [BatchService] 创建升级任务 {"vulnerabilityId":"6bf11266-070a-4150-be66-5b7fa59ba69a","title":"任务2"}
2026-05-10 10:22:32 [info]: [BatchService] 升级任务创建成功 {"taskId":"6a18de95-55b2-4b5b-98da-3c09e7dc59c5"}
2026-05-10 10:22:32 [info]: [BatchService] 完成升级任务 {"taskId":"f42c2989-3394-4270-a96f-9dd7383e8df9"}
2026-05-10 10:22:32 [info]: [BatchService] 升级任务完成 {"taskId":"f42c2989-3394-4270-a96f-9dd7383e8df9"}
2026-05-10 10:22:32 [info]: [BatchService] 完成升级任务 {"taskId":"6a18de95-55b2-4b5b-98da-3c09e7dc59c5"}
2026-05-10 10:22:32 [info]: [BatchService] 漏洞所有升级任务完成，标记为已修复 {"vulnerabilityId":"6bf11266-070a-4150-be66-5b7fa59ba69a"}
2026-05-10 10:22:32 [info]: [BatchService] 升级任务完成 {"taskId":"6a18de95-55b2-4b5b-98da-3c09e7dc59c5"}
2026-05-10 10:22:32 [info]: [VulnerabilityService] 创建漏洞 {"cveId":"CVE-DELAY-001","packageName":"delay-pkg"}
2026-05-10 10:22:32 [info]: [VulnerabilityService] 漏洞创建成功 {"vulnerabilityId":"036a890b-058c-4f37-ad45-1475317e309f","recommendedRepairDays":14}
2026-05-10 10:22:32 [info]: [VulnerabilityService] 开始分配漏洞负责人 {"vulnerabilityId":"036a890b-058c-4f37-ad45-1475317e309f","assigneeId":"user-delay"}
2026-05-10 10:22:32 [info]: [VulnerabilityService] 漏洞分配成功 {"vulnerabilityId":"036a890b-058c-4f37-ad45-1475317e309f","assigneeId":"user-delay","assignmentId":"63bd89f0-0864-4731-8270-6e07428c9454"}
2026-05-10 10:22:32 [info]: [VulnerabilityService] 开始变更漏洞状态 {"vulnerabilityId":"036a890b-058c-4f37-ad45-1475317e309f","newStatus":"IN_PROGRESS"}
2026-05-10 10:22:32 [info]: [VulnerabilityService] 漏洞状态变更成功 {"vulnerabilityId":"036a890b-058c-4f37-ad45-1475317e309f","fromStatus":"ASSIGNED","toStatus":"IN_PROGRESS","isManualOverride":false}
2026-05-10 10:22:32 [info]: [DelayService] 创建延期申请 {"vulnerabilityId":"036a890b-058c-4f37-ad45-1475317e309f","requesterId":"user-delay"}
2026-05-10 10:22:32 [info]: [DelayService] 创建关联风险项 {"vulnerabilityId":"036a890b-058c-4f37-ad45-1475317e309f","riskLevel":"MEDIUM"}
2026-05-10 10:22:32 [info]: [DelayService] 延期申请创建成功 {"requestId":"b84b4e77-f088-4d96-a13b-477e6dfd69c8","vulnerabilityId":"036a890b-058c-4f37-ad45-1475317e309f","originalDueDate":"2026-05-24T02:22:32.660Z","newDueDate":"2026-06-03T02:22:32.660Z"}
2026-05-10 10:22:32 [info]: [DelayService] 审批延期申请 {"requestId":"b84b4e77-f088-4d96-a13b-477e6dfd69c8","approverId":"admin"}
2026-05-10 10:22:32 [info]: [DelayService] 漏洞延期生效 {"vulnerabilityId":"036a890b-058c-4f37-ad45-1475317e309f","newDueDate":"2026-06-03T02:22:32.660Z","delayCount":1}
2026-05-10 10:22:32 [info]: [VulnerabilityService] 创建漏洞 {"cveId":"CVE-DELAY-002","packageName":"delay-pkg-2"}
2026-05-10 10:22:32 [info]: [VulnerabilityService] 漏洞创建成功 {"vulnerabilityId":"444b8fb3-dccf-4bf2-be68-3eab2de1fc90","recommendedRepairDays":30}
2026-05-10 10:22:32 [info]: [VulnerabilityService] 开始分配漏洞负责人 {"vulnerabilityId":"444b8fb3-dccf-4bf2-be68-3eab2de1fc90","assigneeId":"user-delay-2"}
2026-05-10 10:22:32 [info]: [VulnerabilityService] 漏洞分配成功 {"vulnerabilityId":"444b8fb3-dccf-4bf2-be68-3eab2de1fc90","assigneeId":"user-delay-2","assignmentId":"d3ac49d6-cb7e-4341-a752-eaefba5631aa"}
2026-05-10 10:22:32 [info]: [VulnerabilityService] 开始变更漏洞状态 {"vulnerabilityId":"444b8fb3-dccf-4bf2-be68-3eab2de1fc90","newStatus":"IN_PROGRESS"}
2026-05-10 10:22:32 [info]: [VulnerabilityService] 漏洞状态变更成功 {"vulnerabilityId":"444b8fb3-dccf-4bf2-be68-3eab2de1fc90","fromStatus":"ASSIGNED","toStatus":"IN_PROGRESS","isManualOverride":false}
2026-05-10 10:22:32 [info]: [DelayService] 创建延期申请 {"vulnerabilityId":"444b8fb3-dccf-4bf2-be68-3eab2de1fc90","requesterId":"user-delay-2"}
2026-05-10 10:22:32 [info]: [DelayService] 延期申请创建成功 {"requestId":"2e555307-d7b6-4325-a890-1cc20b22c205","vulnerabilityId":"444b8fb3-dccf-4bf2-be68-3eab2de1fc90","originalDueDate":"2026-06-09T02:22:32.672Z","newDueDate":"2026-06-24T02:22:32.698Z"}
2026-05-10 10:22:32 [info]: [DelayService] 创建延期申请 {"vulnerabilityId":"444b8fb3-dccf-4bf2-be68-3eab2de1fc90","requesterId":"user-delay-2"}
2026-05-10 10:22:32 [info]: [RiskService] 创建风险项 {"title":"测试风险项"}
2026-05-10 10:22:32 [info]: [RiskService] 风险项创建成功 {"riskId":"9b1dcca4-d536-498c-a848-863c1998936e"}
2026-05-10 10:22:32 [info]: [RiskService] 更新风险项状态 {"riskId":"9b1dcca4-d536-498c-a848-863c1998936e","newStatus":"MITIGATED"}
2026-05-10 10:22:32 [info]: [RiskService] 风险项状态更新成功 {"riskId":"9b1dcca4-d536-498c-a848-863c1998936e","from":"MITIGATED","to":"MITIGATED"}
2026-05-10 10:22:32 [info]: [RiskService] 创建风险项 {"title":"看板测试风险1"}
2026-05-10 10:22:32 [info]: [RiskService] 风险项创建成功 {"riskId":"a7864775-9210-4a80-b657-200e6f630e60"}
2026-05-10 10:22:32 [info]: [RiskService] 创建风险项 {"title":"看板测试风险2"}
2026-05-10 10:22:32 [info]: [RiskService] 风险项创建成功 {"riskId":"9e4bfd8b-951e-4094-bbce-1ba3ac4d59fd"}
