{"level":"info","message":"Task Sandbox API 服务启动在端口 3000","service":"sandbox-api","timestamp":"2026-05-13 09:21:06.914"}
{"level":"info","message":"健康检查: http://localhost:3000/health","service":"sandbox-api","timestamp":"2026-05-13 09:21:06.915"}
{"level":"info","message":"API 文档: http://localhost:3000/","service":"sandbox-api","timestamp":"2026-05-13 09:21:06.915"}
{"level":"info","message":"Task Sandbox API 服务启动在端口 3000","service":"sandbox-api","timestamp":"2026-05-13 09:21:17.002"}
{"level":"info","message":"健康检查: http://localhost:3000/health","service":"sandbox-api","timestamp":"2026-05-13 09:21:17.004"}
{"level":"info","message":"API 文档: http://localhost:3000/","service":"sandbox-api","timestamp":"2026-05-13 09:21:17.004"}
{"level":"info","message":"Task Sandbox API 服务启动在端口 3000","service":"sandbox-api","timestamp":"2026-05-13 09:21:30.442"}
{"level":"info","message":"健康检查: http://localhost:3000/health","service":"sandbox-api","timestamp":"2026-05-13 09:21:30.444"}
{"level":"info","message":"API 文档: http://localhost:3000/","service":"sandbox-api","timestamp":"2026-05-13 09:21:30.444"}
{"level":"info","message":"Task Sandbox API 服务启动在端口 8080","service":"sandbox-api","timestamp":"2026-05-13 09:22:43.728"}
{"level":"info","message":"健康检查: http://localhost:8080/health","service":"sandbox-api","timestamp":"2026-05-13 09:22:43.730"}
{"level":"info","message":"API 文档: http://localhost:8080/","service":"sandbox-api","timestamp":"2026-05-13 09:22:43.730"}
{"ip":"::ffff:127.0.0.1","level":"info","message":"GET /health","service":"sandbox-api","timestamp":"2026-05-13 09:23:08.265","userAgent":"curl/8.7.1"}
{"ip":"::ffff:127.0.0.1","level":"info","message":"GET /api/tasks/policies","service":"sandbox-api","timestamp":"2026-05-13 09:23:47.461","userAgent":"curl/8.7.1"}
{"ip":"::ffff:127.0.0.1","level":"info","message":"POST /api/tasks","service":"sandbox-api","timestamp":"2026-05-13 09:23:54.250","userAgent":"curl/8.7.1"}
{"level":"info","message":"创建任务: 1e356e56-34be-42b9-bb99-1d93a0dec243","name":"test-normal-task","service":"sandbox-api","submitter":"operator_test","timestamp":"2026-05-13 09:23:54.252"}
{"action":"submit","auditTimestamp":"2026-05-13T01:25:48.333Z","details":{"action":"submit"},"level":"info","message":"Audit: submit","operator":"tester","service":"sandbox-api","taskId":"7acc8ebf-afdf-459e-b70a-5b10d24f4fc1","timestamp":"2026-05-13 09:25:48.333","type":"audit"}
{"action":"submit","auditTimestamp":"2026-05-13T01:25:48.334Z","details":{"action":"submit"},"level":"info","message":"Audit: submit","operator":"tester","service":"sandbox-api","taskId":"4f7a41df-96d9-463b-928b-02612fdeb6d3","timestamp":"2026-05-13 09:25:48.334","type":"audit"}
{"level":"info","message":"任务已加入执行队列","service":"sandbox-api","taskId":"4f7a41df-96d9-463b-928b-02612fdeb6d3","timestamp":"2026-05-13 09:25:48.334","type":"system"}
{"level":"info","message":"任务开始执行","service":"sandbox-api","taskId":"4f7a41df-96d9-463b-928b-02612fdeb6d3","timestamp":"2026-05-13 09:25:48.334","type":"system"}
{"level":"info","message":"开始执行任务 4f7a41df-96d9-463b-928b-02612fdeb6d3, 模式: normal","service":"sandbox-api","timestamp":"2026-05-13 09:25:48.334"}
{"level":"info","message":"执行步骤 1/3: 处理数据中...","progress":33.33333333333333,"service":"sandbox-api","taskId":"4f7a41df-96d9-463b-928b-02612fdeb6d3","timestamp":"2026-05-13 09:25:48.603","type":"user"}
{"level":"info","message":"执行步骤 2/3: 处理数据中...","progress":66.66666666666666,"service":"sandbox-api","taskId":"4f7a41df-96d9-463b-928b-02612fdeb6d3","timestamp":"2026-05-13 09:25:48.770","type":"user"}
{"level":"info","message":"执行步骤 3/3: 处理数据中...","progress":100,"service":"sandbox-api","taskId":"4f7a41df-96d9-463b-928b-02612fdeb6d3","timestamp":"2026-05-13 09:25:48.938","type":"user"}
{"level":"info","message":"任务执行完成，正在保存结果...","service":"sandbox-api","taskId":"4f7a41df-96d9-463b-928b-02612fdeb6d3","timestamp":"2026-05-13 09:25:48.938","type":"user"}
{"level":"info","message":"任务执行成功完成","service":"sandbox-api","taskId":"4f7a41df-96d9-463b-928b-02612fdeb6d3","timestamp":"2026-05-13 09:25:48.939","type":"system"}
{"action":"submit","auditTimestamp":"2026-05-13T01:25:48.940Z","details":{"action":"submit"},"level":"info","message":"Audit: submit","operator":"tester","service":"sandbox-api","taskId":"4de84d9e-c5f6-43d8-86b7-ba1c31c4a750","timestamp":"2026-05-13 09:25:48.940","type":"audit"}
{"level":"info","message":"任务已加入执行队列","service":"sandbox-api","taskId":"4de84d9e-c5f6-43d8-86b7-ba1c31c4a750","timestamp":"2026-05-13 09:25:48.940","type":"system"}
{"level":"info","message":"任务开始执行","service":"sandbox-api","taskId":"4de84d9e-c5f6-43d8-86b7-ba1c31c4a750","timestamp":"2026-05-13 09:25:48.940","type":"system"}
{"level":"info","message":"开始执行任务 4de84d9e-c5f6-43d8-86b7-ba1c31c4a750, 模式: permission_violation","service":"sandbox-api","timestamp":"2026-05-13 09:25:48.940"}
{"level":"info","message":"尝试读取系统文件...","service":"sandbox-api","taskId":"4de84d9e-c5f6-43d8-86b7-ba1c31c4a750","timestamp":"2026-05-13 09:25:49.544","type":"user"}
{"level":"warn","message":"权限违规: 文件读取权限被禁用","operation":"readFile","policy":"no_filesystem","resource":"/etc/passwd","service":"sandbox-api","taskId":"4de84d9e-c5f6-43d8-86b7-ba1c31c4a750","timestamp":"2026-05-13 09:25:49.544","type":"platform"}
{"level":"warn","message":"权限违规检测: 尝试访问 /etc/passwd","policy":"no_filesystem","reason":"文件读取权限被禁用","service":"sandbox-api","taskId":"4de84d9e-c5f6-43d8-86b7-ba1c31c4a750","timestamp":"2026-05-13 09:25:49.545","type":"platform"}
{"details":{"operation":"readFile","policy":"no_filesystem","reason":"文件读取权限被禁用","target":"/etc/passwd"},"level":"warn","message":"任务失败: permission_violation","service":"sandbox-api","taskId":"4de84d9e-c5f6-43d8-86b7-ba1c31c4a750","timestamp":"2026-05-13 09:25:49.545","type":"platform"}
{"action":"submit","auditTimestamp":"2026-05-13T01:25:49.545Z","details":{"action":"submit"},"level":"info","message":"Audit: submit","operator":"tester","service":"sandbox-api","taskId":"c91c3677-971e-4d0d-802d-85d4b45edbef","timestamp":"2026-05-13 09:25:49.545","type":"audit"}
{"level":"info","message":"任务已加入执行队列","service":"sandbox-api","taskId":"c91c3677-971e-4d0d-802d-85d4b45edbef","timestamp":"2026-05-13 09:25:49.545","type":"system"}
{"level":"info","message":"任务开始执行","service":"sandbox-api","taskId":"c91c3677-971e-4d0d-802d-85d4b45edbef","timestamp":"2026-05-13 09:25:49.545","type":"system"}
{"level":"info","message":"开始执行任务 c91c3677-971e-4d0d-802d-85d4b45edbef, 模式: normal_with_logs","service":"sandbox-api","timestamp":"2026-05-13 09:25:49.545"}
{"level":"info","logNumber":1,"message":"[processing] 日志消息 #1: 验证数据完整性","service":"sandbox-api","taskId":"c91c3677-971e-4d0d-802d-85d4b45edbef","timestamp":"2026-05-13 09:25:49.947","type":"processing"}
{"level":"info","message":"请求取消任务执行: c91c3677-971e-4d0d-802d-85d4b45edbef","service":"sandbox-api","timestamp":"2026-05-13 09:25:50.046"}
