{"timestamp": "2026-05-30 15:04:11", "path": "/api/products/2001", "method": "GET", "status": 200, "duration_ms": 170.69558298790332, "business_code": "SUCCESS", "trace_id": "trace_837135"}
{"timestamp": "2026-05-22 20:47:36", "path": "/api/products/2001", "method": "GET", "status": 200, "duration_ms": 140.4401128677928, "business_code": "SUCCESS", "trace_id": "trace_355123"}
{"timestamp": "2026-05-24 01:42:21", "path": "/api/orders/create", "method": "POST", "status": 200, "duration_ms": 208.25542325828368, "business_code": "SUCCESS", "trace_id": "trace_712955"}
{"timestamp": "2026-05-10 20:07:01", "path": "/api/products", "method": "GET", "status": 200, "duration_ms": 19.767654996760072, "business_code": "SUCCESS", "trace_id": "trace_207473"}
{"timestamp": "2026-06-05 05:21:45", "path": "/api/products/3002", "method": "GET", "status": 200, "duration_ms": 184.21022316705356, "business_code": "SUCCESS", "trace_id": "trace_688866"}
{"timestamp": "2026-05-22 06:51:38", "path": "/api/products/3001/update", "method": "GET", "status": 200, "duration_ms": 171.0341725156379, "business_code": "SUCCESS", "trace_id": "trace_483629"}
{"timestamp": "2026-05-11 00:22:00", "path": "/health", "method": "GET", "status": 200, "duration_ms": 6.480954239977588, "business_code": "SUCCESS", "trace_id": "trace_789786"}
{"timestamp": "2026-05-13 20:09:07", "path": "/api/products/1001", "method": "GET", "status": 200, "duration_ms": 53.29638266549723, "business_code": "SUCCESS", "trace_id": "trace_479201"}
{"timestamp": "2026-05-23 06:02:46", "path": "/api/products/1001", "method": "GET", "status": 200, "duration_ms": 14.718022967721524, "business_code": "SUCCESS", "trace_id": "trace_132938"}
{"timestamp": "2026-05-28 15:11:54", "path": "/api/products/2002", "method": "GET", "status": 200, "duration_ms": 162.10273210721485, "business_code": "SUCCESS", "trace_id": "trace_739244"}
{"timestamp": "2026-06-08 21:28:04", "path": "/api/orders/list", "method": "GET", "status": 200, "duration_ms": 40.925021178656706, "business_code": "SUCCESS", "trace_id": "trace_808446"}
{"timestamp": "2026-06-04 06:24:33", "path": "/api/products/3001/update", "method": "POST", "status": 200, "duration_ms": 83.97820082208364, "business_code": "SUCCESS", "trace_id": "trace_455395"}
{"timestamp": "2026-06-06 17:16:50", "path": "/api/products/1002", "method": "GET", "status": 200, "duration_ms": 14.898166778841713, "business_code": "SUCCESS", "trace_id": "trace_796503"}
{"timestamp": "2026-05-12 08:27:22", "path": "/api/products/3001/update", "method": "POST", "status": 404, "duration_ms": 55.34895554662883, "business_code": "NOT_FOUND", "trace_id": "trace_718849"}
{"timestamp": "2026-05-14 17:16:06", "path": "/api/products/1001", "method": "POST", "status": 200, "duration_ms": 41.73872116579048, "business_code": "SUCCESS", "trace_id": "trace_974628"}
{"timestamp": "2026-05-19 18:15:05", "path": "/api/products/2001", "method": "GET", "status": 200, "duration_ms": 417.33257961113486, "business_code": "SUCCESS", "trace_id": "trace_572700"}
{"timestamp": "2026-05-19 02:11:13", "path": "/api/products/3001", "method": "PUT", "status": 200, "duration_ms": 22.26743041321727, "business_code": "SUCCESS", "trace_id": "trace_819112"}
{"timestamp": "2026-05-10 07:53:00", "path": "/health", "method": "GET", "status": 200, "duration_ms": 4.15102594799072, "business_code": "SUCCESS", "trace_id": "trace_683286"}
{"timestamp": "2026-05-22 11:48:46", "path": "/api/products/1001", "method": "GET", "status": 200, "duration_ms": 51.18161029200633, "business_code": "SUCCESS", "trace_id": "trace_341292"}
{"timestamp": "2026-05-13 10:08:29", "path": "/api/products/2002", "method": "GET", "status": 200, "duration_ms": 126.01563139193047, "business_code": "SUCCESS", "trace_id": "trace_443254"}
{"timestamp": "2026-05-18 04:46:09", "path": "/api/products/3001", "method": "POST", "status": 503, "duration_ms": 8388.054428495398, "business_code": "TIMEOUT", "trace_id": "trace_265649"}
{"timestamp": "2026-05-25 13:08:47", "path": "/api/products/1001", "method": "GET", "status": 200, "duration_ms": 38.44898405667304, "business_code": "SUCCESS", "trace_id": "trace_604740"}
{"timestamp": "2026-05-18 03:49:14", "path": "/api/products/2001", "method": "GET", "status": 200, "duration_ms": 564.4661836180117, "business_code": "SUCCESS", "trace_id": "trace_210665"}
{"timestamp": "2026-05-16 16:17:51", "path": "/api/products/2002", "method": "GET", "status": 200, "duration_ms": 3801.2348444505324, "business_code": "SUCCESS", "trace_id": "trace_226935"}
{"timestamp": "2026-05-30 20:39:58", "path": "/api/products/3001", "method": "PUT", "status": 200, "duration_ms": 145.51705999556756, "business_code": "SUCCESS", "trace_id": "trace_479625"}
{"timestamp": "2026-05-10 18:37:42", "path": "/api/orders/create", "method": "GET", "status": 200, "duration_ms": 155.6155879544817, "business_code": "SUCCESS", "trace_id": "trace_448588"}
{"timestamp": "2026-06-11 00:14:14", "path": "/api/products/2001", "method": "GET", "status": 200, "duration_ms": 2828.742208466123, "business_code": "SUCCESS", "trace_id": "trace_928381"}
{"timestamp": "2026-06-07 14:21:54", "path": "/api/products", "method": "GET", "status": 200, "duration_ms": 39.43124336410358, "business_code": "SUCCESS", "trace_id": "trace_497562"}
{"timestamp": "2026-05-19 03:43:11", "path": "/api/products/1001", "method": "POST", "status": 200, "duration_ms": 51.71218998527897, "business_code": "SUCCESS", "trace_id": "trace_590785"}
{"timestamp": "2026-05-18 06:15:33", "path": "/api/products/1001", "method": "GET", "status": 200, "duration_ms": 20.698892354378273, "business_code": "SUCCESS", "trace_id": "trace_267753"}
{"timestamp": "2026-06-01 03:18:33", "path": "/api/products", "method": "POST", "status": 200, "duration_ms": 73.37355437555263, "business_code": "SUCCESS", "trace_id": "trace_987204"}
{"timestamp": "2026-05-27 08:35:08", "path": "/api/products/3002", "method": "GET", "status": 200, "duration_ms": 286.15544755839954, "business_code": "SUCCESS", "trace_id": "trace_997004"}
{"timestamp": "2026-05-28 07:59:03", "path": "/api/products/3001", "method": "POST", "status": 200, "duration_ms": 79.38962831852768, "business_code": "SUCCESS", "trace_id": "trace_770556"}
{"timestamp": "2026-05-23 17:08:14", "path": "/api/orders/create", "method": "PUT", "status": 200, "duration_ms": 241.39095120490248, "business_code": "SUCCESS", "trace_id": "trace_114594"}
{"timestamp": "2026-05-30 03:04:05", "path": "/api/products/1001", "method": "GET", "status": 200, "duration_ms": 29.94911738516597, "business_code": "SUCCESS", "trace_id": "trace_559469"}
{"timestamp": "2026-05-31 04:57:20", "path": "/api/products/1001", "method": "GET", "status": 200, "duration_ms": 29.7229390020526, "business_code": "SUCCESS", "trace_id": "trace_320861"}
{"timestamp": "2026-05-10 09:48:24", "path": "/api/products/2002", "method": "GET", "status": 200, "duration_ms": 173.46340607563576, "business_code": "SUCCESS", "trace_id": "trace_938722"}
{"timestamp": "2026-06-08 03:45:47", "path": "/api/products/2002", "method": "GET", "status": 200, "duration_ms": 3454.135390849994, "business_code": "SUCCESS", "trace_id": "trace_130271"}
{"timestamp": "2026-05-27 17:34:21", "path": "/api/products/1001", "method": "GET", "status": 200, "duration_ms": 13.509963608476749, "business_code": "SUCCESS", "trace_id": "trace_599948"}
{"timestamp": "2026-05-15 23:47:50", "path": "/api/products/2002", "method": "GET", "status": 200, "duration_ms": 190.80261510474446, "business_code": "SUCCESS", "trace_id": "trace_493537"}
{"timestamp": "2026-05-13 16:09:43", "path": "/api/products", "method": "GET", "status": 200, "duration_ms": 61.08122506856725, "business_code": "SUCCESS", "trace_id": "trace_662275"}
{"timestamp": "2026-06-01 04:24:13", "path": "/api/orders/list", "method": "GET", "status": 200, "duration_ms": 10.248198236144761, "business_code": "SUCCESS", "trace_id": "trace_908577"}
{"timestamp": "2026-05-11 12:26:16", "path": "/api/orders/create", "method": "POST", "status": 404, "duration_ms": 263.4884713055392, "business_code": "NOT_FOUND", "trace_id": "trace_831380"}
{"timestamp": "2026-05-10 03:59:00", "path": "/healthz", "method": "GET", "status": 200, "duration_ms": 6.910626726893369, "business_code": "SUCCESS", "trace_id": "trace_335137"}
{"timestamp": "2026-05-13 19:33:48", "path": "/api/products/3001", "method": "POST", "status": 503, "duration_ms": 9296.710920841333, "business_code": "TIMEOUT", "trace_id": "trace_498468"}
{"timestamp": "2026-05-26 09:21:50", "path": "/api/products/2001", "method": "GET", "status": 200, "duration_ms": 197.4294931102738, "business_code": "SUCCESS", "trace_id": "trace_680238"}
{"timestamp": "2026-05-23 06:30:13", "path": "/api/products/2002", "method": "GET", "status": 200, "duration_ms": 153.0921931145768, "business_code": "SUCCESS", "trace_id": "trace_546173"}
{"timestamp": "2026-05-21 20:04:12", "path": "/api/products/3001", "method": "PUT", "status": 200, "duration_ms": 56.79530579773592, "business_code": "SUCCESS", "trace_id": "trace_409445"}
{"timestamp": "2026-05-16 02:19:36", "path": "/api/products/3001", "method": "POST", "status": 200, "duration_ms": 140.59230059951201, "business_code": "SUCCESS", "trace_id": "trace_356059"}
{"timestamp": "2026-06-05 08:22:12", "path": "/api/products/1001", "method": "GET", "status": 200, "duration_ms": 40.4194630995251, "business_code": "SUCCESS", "trace_id": "trace_863934"}
{"timestamp": "2026-06-02 23:03:11", "path": "/api/products/2002", "method": "GET", "status": 200, "duration_ms": 159.80366620411036, "business_code": "SUCCESS", "trace_id": "trace_553014"}
{"timestamp": "2026-06-09 23:21:39", "path": "/api/products/1002", "method": "GET", "status": 200, "duration_ms": 66.45940262033861, "business_code": "SUCCESS", "trace_id": "trace_254511"}
{"timestamp": "2026-05-12 14:42:04", "path": "/api/products", "method": "GET", "status": 200, "duration_ms": 66.40734762829655, "business_code": "SUCCESS", "trace_id": "trace_832052"}
{"timestamp": "2026-05-27 14:28:30", "path": "/api/products/2002", "method": "GET", "status": 200, "duration_ms": 157.70211564708183, "business_code": "SUCCESS", "trace_id": "trace_819796"}
{"timestamp": "2026-05-11 08:15:00", "path": "/ping", "method": "GET", "status": 200, "duration_ms": 1.2605786295514148, "business_code": "SUCCESS", "trace_id": "trace_386544"}
{"timestamp": "2026-05-16 12:33:02", "path": "/api/products/2001", "method": "GET", "status": 200, "duration_ms": 183.05716337803185, "business_code": "SUCCESS", "trace_id": "trace_354646"}
{"timestamp": "2026-06-10 17:36:39", "path": "/api/orders/list", "method": "POST", "status": 200, "duration_ms": 27.07891077049072, "business_code": "SUCCESS", "trace_id": "trace_787926"}
{"timestamp": "2026-05-11 18:07:20", "path": "/api/products/2002", "method": "GET", "status": 200, "duration_ms": 568.1011326125117, "business_code": "SUCCESS", "trace_id": "trace_233827"}
{"timestamp": "2026-06-05 18:49:50", "path": "/api/products/1001", "method": "POST", "status": 200, "duration_ms": 23.305514215160724, "business_code": "SUCCESS", "trace_id": "trace_146542"}
{"timestamp": "2026-06-14 07:07:45", "path": "/api/products/1002", "method": "GET", "status": 200, "duration_ms": 32.37966978931336, "business_code": "SUCCESS", "trace_id": "trace_666390"}
{"timestamp": "2026-05-13 04:03:21", "path": "/api/products/1002", "method": "GET", "status": 200, "duration_ms": 33.56161815788387, "business_code": "SUCCESS", "trace_id": "trace_197251"}
{"timestamp": "2026-05-15 14:32:11", "path": "/api/products/2001", "method": "GET", "status": 200, "duration_ms": 125.62436965621866, "business_code": "SUCCESS", "trace_id": "trace_486814"}
{"timestamp": "2026-05-23 09:12:31", "path": "/api/products/3002", "method": "GET", "status": 200, "duration_ms": 41.083821053892095, "business_code": "SUCCESS", "trace_id": "trace_890785"}
{"timestamp": "2026-05-31 23:51:45", "path": "/api/products/2001", "method": "GET", "status": 200, "duration_ms": 154.45623787105785, "business_code": "SUCCESS", "trace_id": "trace_779094"}
{"timestamp": "2026-05-12 01:59:00", "path": "/healthz", "method": "GET", "status": 200, "duration_ms": 8.828764358827943, "business_code": "SUCCESS", "trace_id": "trace_693830"}
{"timestamp": "2026-06-04 11:20:33", "path": "/api/orders/list", "method": "GET", "status": 200, "duration_ms": 67.43754666800933, "business_code": "SUCCESS", "trace_id": "trace_338651"}
{"timestamp": "2026-06-05 02:44:56", "path": "/api/orders/list", "method": "GET", "status": 200, "duration_ms": 18.07392262959993, "business_code": "SUCCESS", "trace_id": "trace_373903"}
{"timestamp": "2026-06-07 03:56:10", "path": "/api/products/1001", "method": "GET", "status": 200, "duration_ms": 31.64992635460573, "business_code": "SUCCESS", "trace_id": "trace_528231"}
{"timestamp": "2026-06-11 15:37:36", "path": "/api/products/1001", "method": "POST", "status": 200, "duration_ms": 22.312067719457218, "business_code": "SUCCESS", "trace_id": "trace_829716"}
{"timestamp": "2026-05-14 05:54:42", "path": "/api/products/2001", "method": "GET", "status": 200, "duration_ms": 174.90242610828506, "business_code": "SUCCESS", "trace_id": "trace_154615"}
{"timestamp": "2026-05-20 05:36:23", "path": "/api/products", "method": "GET", "status": 200, "duration_ms": 73.88394875413744, "business_code": "SUCCESS", "trace_id": "trace_755674"}
{"timestamp": "2026-05-21 17:43:06", "path": "/api/products/1002", "method": "GET", "status": 200, "duration_ms": 61.233531639123946, "business_code": "SUCCESS", "trace_id": "trace_955662"}
{"timestamp": "2026-05-22 08:33:32", "path": "/api/orders/list", "method": "GET", "status": 200, "duration_ms": 72.97298592500618, "business_code": "SUCCESS", "trace_id": "trace_573417"}
{"timestamp": "2026-05-24 04:59:52", "path": "/api/products/1002", "method": "POST", "status": 200, "duration_ms": 39.531714788408294, "business_code": "SUCCESS", "trace_id": "trace_392075"}
{"timestamp": "2026-05-31 13:17:04", "path": "/api/orders/create", "method": "PUT", "status": 200, "duration_ms": 192.22991415964222, "business_code": "SUCCESS", "trace_id": "trace_862569"}
{"timestamp": "2026-05-20 02:03:34", "path": "/api/products/2002", "method": "GET", "status": 200, "duration_ms": 149.4306503615922, "business_code": "SUCCESS", "trace_id": "trace_440802"}
{"timestamp": "2026-06-11 13:36:13", "path": "/api/products/2002", "method": "GET", "status": 200, "duration_ms": 456.56779665656535, "business_code": "SUCCESS", "trace_id": "trace_413058"}
{"timestamp": "2026-06-06 23:54:47", "path": "/api/products/2002", "method": "GET", "status": 200, "duration_ms": 510.0193217943566, "business_code": "SUCCESS", "trace_id": "trace_576919"}
{"timestamp": "2026-05-24 06:05:34", "path": "/api/products/2002", "method": "GET", "status": 200, "duration_ms": 454.1832853952393, "business_code": "SUCCESS", "trace_id": "trace_363615"}
{"timestamp": "2026-05-10 00:27:00", "path": "/health", "method": "GET", "status": 200, "duration_ms": 9.71558762780327, "business_code": "SUCCESS", "trace_id": "trace_729575"}
{"timestamp": "2026-05-22 01:48:13", "path": "/api/orders/list", "method": "GET", "status": 200, "duration_ms": 62.86856376450638, "business_code": "SUCCESS", "trace_id": "trace_823378"}
{"timestamp": "2026-05-13 16:37:49", "path": "/api/products/2002", "method": "GET", "status": 200, "duration_ms": 475.82524311282725, "business_code": "SUCCESS", "trace_id": "trace_888539"}
{"timestamp": "2026-06-02 09:56:15", "path": "/api/products/3001", "method": "GET", "status": 200, "duration_ms": 197.26148280428433, "business_code": "SUCCESS", "trace_id": "trace_674993"}
{"timestamp": "2026-05-27 10:36:26", "path": "/api/products/2002", "method": "GET", "status": 200, "duration_ms": 105.13767171835778, "business_code": "SUCCESS", "trace_id": "trace_600935"}
{"timestamp": "2026-05-28 05:16:17", "path": "/api/products/2001", "method": "GET", "status": 200, "duration_ms": 476.0756052293099, "business_code": "SUCCESS", "trace_id": "trace_564226"}
{"timestamp": "2026-05-11 20:02:40", "path": "/api/products/3001/update", "method": "POST", "status": 200, "duration_ms": 228.51744243825485, "business_code": "SUCCESS", "trace_id": "trace_839485"}
{"timestamp": "2026-06-02 00:37:54", "path": "/api/products/2002", "method": "GET", "status": 200, "duration_ms": 146.8697970276162, "business_code": "SUCCESS", "trace_id": "trace_418862"}
{"timestamp": "2026-06-05 01:33:58", "path": "/api/orders/create", "method": "GET", "status": 200, "duration_ms": 43.90202005285343, "business_code": "SUCCESS", "trace_id": "trace_552855"}
{"timestamp": "2026-05-29 13:09:56", "path": "/api/products", "method": "GET", "status": 200, "duration_ms": 60.13342605525904, "business_code": "SUCCESS", "trace_id": "trace_350280"}
{"timestamp": "2026-05-20 01:15:11", "path": "/api/orders/create", "method": "POST", "status": 500, "duration_ms": 84.43314947171656, "business_code": "SYSTEM_ERROR", "trace_id": "trace_940886"}
{"timestamp": "2026-05-29 21:35:04", "path": "/api/products", "method": "POST", "status": 200, "duration_ms": 75.031283219386, "business_code": "SUCCESS", "trace_id": "trace_176066"}
{"timestamp": "2026-05-29 10:44:51", "path": "/api/products/3001", "method": "POST", "status": 503, "duration_ms": 5723.43990160254, "business_code": "TIMEOUT", "trace_id": "trace_236306"}
{"timestamp": "2026-06-01 09:04:29", "path": "/api/products/1002", "method": "POST", "status": 200, "duration_ms": 59.39672127319935, "business_code": "SUCCESS", "trace_id": "trace_688153"}
{"timestamp": "2026-06-10 19:50:02", "path": "/api/products/2002", "method": "GET", "status": 200, "duration_ms": 2731.192718225415, "business_code": "SUCCESS", "trace_id": "trace_678043"}
{"timestamp": "2026-06-09 04:00:34", "path": "/api/products/1002", "method": "GET", "status": 200, "duration_ms": 46.08164069406515, "business_code": "SUCCESS", "trace_id": "trace_763686"}
{"timestamp": "2026-06-01 04:50:02", "path": "/api/products/2001", "method": "GET", "status": 200, "duration_ms": 116.59227892207247, "business_code": "SUCCESS", "trace_id": "trace_422554"}
{"timestamp": "2026-06-14 04:22:27", "path": "/api/products", "method": "POST", "status": 200, "duration_ms": 26.7472104670243, "business_code": "SUCCESS", "trace_id": "trace_561239"}
{"timestamp": "2026-05-20 07:34:47", "path": "/api/products/2002", "method": "GET", "status": 200, "duration_ms": 468.0677686328567, "business_code": "SUCCESS", "trace_id": "trace_725113"}
{"timestamp": "2026-05-24 01:44:40", "path": "/api/products/1001", "method": "GET", "status": 200, "duration_ms": 60.974951190882784, "business_code": "SUCCESS", "trace_id": "trace_939482"}
{"timestamp": "2026-05-30 04:01:42", "path": "/api/products/3001/update", "method": "GET", "status": 200, "duration_ms": 27.21844194013554, "business_code": "SUCCESS", "trace_id": "trace_115582"}
{"timestamp": "2026-06-05 08:34:31", "path": "/api/products/2002", "method": "GET", "status": 200, "duration_ms": 2544.467441669378, "business_code": "SUCCESS", "trace_id": "trace_713762"}
{"timestamp": "2026-05-24 14:35:01", "path": "/api/products/3002", "method": "GET", "status": 200, "duration_ms": 152.0135230348028, "business_code": "SUCCESS", "trace_id": "trace_749641"}
{"timestamp": "2026-05-30 20:49:24", "path": "/api/products/1001", "method": "GET", "status": 200, "duration_ms": 17.251055134274807, "business_code": "SUCCESS", "trace_id": "trace_240814"}
{"timestamp": "2026-05-21 10:13:44", "path": "/api/products/3001/update", "method": "PUT", "status": 200, "duration_ms": 195.68827018868456, "business_code": "SUCCESS", "trace_id": "trace_141337"}
{"timestamp": "2026-05-18 07:14:31", "path": "/api/products/3002", "method": "PUT", "status": 404, "duration_ms": 213.28778348883614, "business_code": "NOT_FOUND", "trace_id": "trace_579027"}
{"timestamp": "2026-06-01 23:18:06", "path": "/api/products/3001", "method": "POST", "status": 500, "duration_ms": 144.19745222164244, "business_code": "SYSTEM_ERROR", "trace_id": "trace_184714"}
{"timestamp": "2026-05-11 16:59:00", "path": "/ping", "method": "GET", "status": 200, "duration_ms": 9.293837689298554, "business_code": "SUCCESS", "trace_id": "trace_468074"}
{"timestamp": "2026-05-30 15:52:32", "path": "/api/products/3001/update", "method": "PUT", "status": 200, "duration_ms": 68.78893639372961, "business_code": "SUCCESS", "trace_id": "trace_154944"}
{"timestamp": "2026-05-28 20:48:57", "path": "/api/products/1001", "method": "GET", "status": 200, "duration_ms": 56.01612151307657, "business_code": "SUCCESS", "trace_id": "trace_692683"}
{"timestamp": "2026-06-04 17:00:50", "path": "/api/products/2002", "method": "GET", "status": 200, "duration_ms": 176.31090041717056, "business_code": "SUCCESS", "trace_id": "trace_283700"}
{"timestamp": "2026-06-04 20:49:59", "path": "/api/products/3001", "method": "POST", "status": 200, "duration_ms": 206.2302016568865, "business_code": "SUCCESS", "trace_id": "trace_492483"}
{"timestamp": "2026-05-15 04:12:51", "path": "/api/products/3001/update", "method": "PUT", "status": 200, "duration_ms": 293.93456390175277, "business_code": "SUCCESS", "trace_id": "trace_897305"}
{"timestamp": "2026-05-26 22:46:47", "path": "/api/orders/list", "method": "GET", "status": 200, "duration_ms": 30.769547784619494, "business_code": "SUCCESS", "trace_id": "trace_161324"}
{"timestamp": "2026-06-02 19:35:17", "path": "/api/products/1001", "method": "GET", "status": 404, "duration_ms": 49.19184634007088, "business_code": null, "trace_id": "trace_526117"}
{"timestamp": "2026-05-11 05:45:38", "path": "/api/products/2002", "method": "GET", "status": 200, "duration_ms": 143.58359760466365, "business_code": "SUCCESS", "trace_id": "trace_130434"}
{"timestamp": "2026-06-07 02:15:03", "path": "/api/products/2002", "method": "GET", "status": 200, "duration_ms": 177.25479260398077, "business_code": "SUCCESS", "trace_id": "trace_639593"}
{"timestamp": "2026-06-01 09:11:33", "path": "/api/products/1002", "method": "GET", "status": 200, "duration_ms": 50.77566965428558, "business_code": "SUCCESS", "trace_id": "trace_255287"}
{"timestamp": "2026-05-31 05:08:54", "path": "/api/products/2001", "method": "GET", "status": 200, "duration_ms": 4363.484079940194, "business_code": "SUCCESS", "trace_id": "trace_755420"}
{"timestamp": "2026-05-12 19:22:28", "path": "/api/orders/create", "method": "GET", "status": 200, "duration_ms": 147.93986085278783, "business_code": "SUCCESS", "trace_id": "trace_857537"}
{"timestamp": "2026-06-13 05:40:14", "path": "/api/products", "method": "POST", "status": 200, "duration_ms": 67.05045551321787, "business_code": "SUCCESS", "trace_id": "trace_629298"}
{"timestamp": "2026-05-29 05:53:54", "path": "/api/products/3001/update", "method": "PUT", "status": 200, "duration_ms": 263.5147194954725, "business_code": "SUCCESS", "trace_id": "trace_444519"}
{"timestamp": "2026-06-09 21:32:36", "path": "/api/products/2001", "method": "GET", "status": 200, "duration_ms": 171.66033259917913, "business_code": "SUCCESS", "trace_id": "trace_633590"}
{"timestamp": "2026-05-15 04:26:29", "path": "/api/products", "method": "GET", "status": 200, "duration_ms": 28.688447543437935, "business_code": "SUCCESS", "trace_id": "trace_816751"}
{"timestamp": "2026-05-29 19:33:53", "path": "/api/products/2001", "method": "GET", "status": 200, "duration_ms": 140.85175726600266, "business_code": "SUCCESS", "trace_id": "trace_822858"}
{"timestamp": "2026-06-07 22:46:29", "path": "/api/products/2002", "method": "GET", "status": 200, "duration_ms": 440.7116476700548, "business_code": "SUCCESS", "trace_id": "trace_675898"}
{"timestamp": "2026-05-12 01:27:36", "path": "/api/products/1001", "method": "GET", "status": 200, "duration_ms": 55.49191064456662, "business_code": "SUCCESS", "trace_id": "trace_671412"}
{"timestamp": "2026-05-10 12:16:00", "path": "/health", "method": "GET", "status": 200, "duration_ms": 7.863450687431648, "business_code": "SUCCESS", "trace_id": "trace_701987"}
{"timestamp": "2026-05-16 00:31:07", "path": "/api/products/1002", "method": "GET", "status": 200, "duration_ms": 42.3582148295781, "business_code": "SUCCESS", "trace_id": "trace_383060"}
{"timestamp": "2026-05-16 00:58:46", "path": "/api/products/3001", "method": "POST", "status": 200, "duration_ms": 103.85050246833812, "business_code": "SUCCESS", "trace_id": "trace_130353"}
{"timestamp": "2026-05-20 04:49:27", "path": "/api/products", "method": "GET", "status": 200, "duration_ms": 40.43356754683735, "business_code": "SUCCESS", "trace_id": "trace_575763"}
{"timestamp": "2026-05-15 20:10:49", "path": "/api/products/2001", "method": "GET", "status": 200, "duration_ms": 432.7531620334398, "business_code": "SUCCESS", "trace_id": "trace_426147"}
{"timestamp": "2026-06-06 08:36:05", "path": "/api/products/2001", "method": "GET", "status": 200, "duration_ms": 2989.410990736896, "business_code": "SUCCESS", "trace_id": "trace_827369"}
{"timestamp": "2026-06-04 18:22:15", "path": "/api/products/1002", "method": "POST", "status": 200, "duration_ms": 29.502214271610274, "business_code": "SUCCESS", "trace_id": "trace_172792"}
{"timestamp": "2026-05-19 09:54:11", "path": "/api/products/2002", "method": "GET", "status": 200, "duration_ms": 182.57345984207558, "business_code": "SUCCESS", "trace_id": "trace_721254"}
{"timestamp": "2026-05-24 19:15:47", "path": "/api/products/1001", "method": "POST", "status": 200, "duration_ms": 16.853610974112023, "business_code": "SUCCESS", "trace_id": "trace_783823"}
{"timestamp": "2026-05-29 22:04:43", "path": "/api/products/1001", "method": "GET", "status": 200, "duration_ms": 24.920801858692826, "business_code": "SUCCESS", "trace_id": "trace_378082"}
{"timestamp": "2026-05-29 03:00:06", "path": "/api/products/3002", "method": "GET", "status": 404, "duration_ms": 240.35386799336843, "business_code": "NOT_FOUND", "trace_id": "trace_315173"}
{"timestamp": "2026-06-05 22:15:23", "path": "/api/products/2002", "method": "GET", "status": 200, "duration_ms": 3410.031184881055, "business_code": "SUCCESS", "trace_id": "trace_528184"}
{"timestamp": "2026-05-14 06:14:33", "path": "/api/orders/create", "method": "PUT", "status": 200, "duration_ms": 39.1578092108344, "business_code": "SUCCESS", "trace_id": "trace_761820"}
{"timestamp": "2026-05-24 00:00:59", "path": "/api/orders/list", "method": "GET", "status": 200, "duration_ms": 38.77715932348166, "business_code": "SUCCESS", "trace_id": "trace_864491"}
{"timestamp": "2026-06-01 10:50:23", "path": "/api/orders/create", "method": "PUT", "status": 404, "duration_ms": 37.03111409846163, "business_code": "NOT_FOUND", "trace_id": "trace_602248"}
{"timestamp": "2026-06-13 19:34:12", "path": "/api/orders/list", "method": "GET", "status": 200, "duration_ms": 70.30464368482836, "business_code": "SUCCESS", "trace_id": "trace_571932"}
{"timestamp": "2026-06-08 12:09:51", "path": "/api/products/1002", "method": "GET", "status": 200, "duration_ms": 48.35560491949887, "business_code": "SUCCESS", "trace_id": "trace_100425"}
{"timestamp": "2026-05-25 20:04:12", "path": "/api/products/1001", "method": "GET", "status": 200, "duration_ms": 10.15087648459985, "business_code": "SUCCESS", "trace_id": "trace_509386"}
{"timestamp": "2026-06-03 15:22:26", "path": "/api/products/1002", "method": "GET", "status": 200, "duration_ms": 71.6991343264327, "business_code": "SUCCESS", "trace_id": "trace_125990"}
{"timestamp": "2026-06-14 09:15:54", "path": "/api/products/1002", "method": "POST", "status": 200, "duration_ms": 20.69636866040036, "business_code": "SUCCESS", "trace_id": "trace_324345"}
{"timestamp": "2026-06-01 22:19:35", "path": "/api/products", "method": "GET", "status": 200, "duration_ms": 72.92472455685322, "business_code": "SUCCESS", "trace_id": "trace_320281"}
{"timestamp": "2026-05-11 17:54:58", "path": "/api/products/1001", "method": "POST", "status": 200, "duration_ms": 12.085805360664924, "business_code": "SUCCESS", "trace_id": "trace_329258"}
{"timestamp": "2026-05-18 01:43:02", "path": "/api/products", "method": "POST", "status": 200, "duration_ms": 37.958035359827804, "business_code": "SUCCESS", "trace_id": "trace_329974"}
{"timestamp": "2026-05-21 06:31:04", "path": "/api/products/2001", "method": "GET", "status": 200, "duration_ms": 119.10564235270988, "business_code": "SUCCESS", "trace_id": "trace_353080"}
{"timestamp": "2026-06-04 04:27:35", "path": "/api/products/1001", "method": "POST", "status": 200, "duration_ms": 70.10152759364472, "business_code": "SUCCESS", "trace_id": "trace_333238"}
{"timestamp": "2026-05-16 21:15:42", "path": "/api/products/1002", "method": "GET", "status": 304, "duration_ms": 64.31999380823714, "business_code": null, "trace_id": "trace_340174"}
{"timestamp": "2026-06-14 11:42:20", "path": "/api/products", "method": "POST", "status": 200, "duration_ms": 14.358599740850973, "business_code": "SUCCESS", "trace_id": "trace_973349"}
{"timestamp": "2026-06-09 00:24:38", "path": "/api/products/2001", "method": "GET", "status": 200, "duration_ms": 462.150027678667, "business_code": "SUCCESS", "trace_id": "trace_114338"}
{"timestamp": "2026-05-25 07:55:59", "path": "/api/products/3001/update", "method": "PUT", "status": 200, "duration_ms": 250.67949838932535, "business_code": "SUCCESS", "trace_id": "trace_835132"}
{"timestamp": "2026-05-16 18:46:12", "path": "/api/products/3001/update", "method": "GET", "status": 200, "duration_ms": 190.6577003287903, "business_code": "SUCCESS", "trace_id": "trace_501126"}
{"timestamp": "2026-06-12 08:06:39", "path": "/api/products/1002", "method": "GET", "status": 200, "duration_ms": 19.33373738899202, "business_code": "SUCCESS", "trace_id": "trace_587213"}
{"timestamp": "2026-05-23 16:07:18", "path": "/api/products/1002", "method": "GET", "status": 200, "duration_ms": 43.97901494053435, "business_code": "SUCCESS", "trace_id": "trace_665427"}
{"timestamp": "2026-05-26 19:05:58", "path": "/api/products/2002", "method": "GET", "status": 200, "duration_ms": 101.2265403375508, "business_code": "SUCCESS", "trace_id": "trace_398151"}
{"timestamp": "2026-05-14 17:24:35", "path": "/api/products/2001", "method": "GET", "status": 200, "duration_ms": 447.70898837778117, "business_code": "SUCCESS", "trace_id": "trace_596564"}
{"timestamp": "2026-05-23 20:54:17", "path": "/api/orders/list", "method": "GET", "status": 200, "duration_ms": 66.52478984366505, "business_code": "SUCCESS", "trace_id": "trace_299659"}
{"timestamp": "2026-06-07 02:57:58", "path": "/api/products/2002", "method": "GET", "status": 200, "duration_ms": 118.75825413945272, "business_code": "SUCCESS", "trace_id": "trace_479353"}
{"timestamp": "2026-05-10 17:30:00", "path": "/metrics", "method": "GET", "status": 200, "duration_ms": 8.606396451955224, "business_code": "SUCCESS", "trace_id": "trace_904711"}
{"timestamp": "2026-05-26 19:18:06", "path": "/api/products/3001/update", "method": "POST", "status": 200, "duration_ms": 253.43406332297002, "business_code": "SUCCESS", "trace_id": "trace_745558"}
{"timestamp": "2026-05-24 13:13:20", "path": "/api/products/2001", "method": "GET", "status": 200, "duration_ms": 174.2881063639104, "business_code": "SUCCESS", "trace_id": "trace_899213"}
{"timestamp": "2026-05-25 20:43:40", "path": "/api/products/3001/update", "method": "POST", "status": 200, "duration_ms": 207.73614127804794, "business_code": "SUCCESS", "trace_id": "trace_879238"}
{"timestamp": "2026-05-18 16:26:55", "path": "/api/orders/create", "method": "GET", "status": 200, "duration_ms": 180.1383538582069, "business_code": "SUCCESS", "trace_id": "trace_702733"}
{"timestamp": "2026-06-03 22:23:49", "path": "/api/products/2002", "method": "GET", "status": 200, "duration_ms": 122.89244157218269, "business_code": "SUCCESS", "trace_id": "trace_807053"}
{"timestamp": "2026-05-26 04:02:50", "path": "/api/products/2001", "method": "GET", "status": 200, "duration_ms": 459.2492926530289, "business_code": "SUCCESS", "trace_id": "trace_478411"}
{"timestamp": "2026-05-27 15:37:39", "path": "/api/products/2002", "method": "GET", "status": 200, "duration_ms": 124.81909552101162, "business_code": "SUCCESS", "trace_id": "trace_685181"}
{"timestamp": "2026-06-09 23:23:54", "path": "/api/orders/list", "method": "GET", "status": 200, "duration_ms": 39.01087076984035, "business_code": "SUCCESS", "trace_id": "trace_760356"}
{"timestamp": "2026-05-20 15:30:03", "path": "/api/products/1002", "method": "GET", "status": 200, "duration_ms": 63.37575600526059, "business_code": "SUCCESS", "trace_id": "trace_665579"}
{"timestamp": "2026-05-27 19:41:51", "path": "/api/products/3002", "method": "PUT", "status": 503, "duration_ms": 8224.134048770138, "business_code": "TIMEOUT", "trace_id": "trace_163491"}
{"timestamp": "2026-05-16 23:07:02", "path": "/api/orders/list", "method": "GET", "status": 200, "duration_ms": 24.768799051042855, "business_code": "SUCCESS", "trace_id": "trace_694731"}
{"timestamp": "2026-05-20 12:29:51", "path": "/api/products/3001/update", "method": "PUT", "status": 200, "duration_ms": 231.5616506476696, "business_code": "SUCCESS", "trace_id": "trace_904751"}
{"timestamp": "2026-06-03 08:16:39", "path": "/api/products/3002", "method": "POST", "status": 200, "duration_ms": 140.45581123061453, "business_code": "SUCCESS", "trace_id": "trace_931621"}
{"timestamp": "2026-05-28 10:33:15", "path": "/api/products/1002", "method": "GET", "status": 200, "duration_ms": 15.60780256684108, "business_code": "SUCCESS", "trace_id": "trace_294851"}
{"timestamp": "2026-05-17 21:27:15", "path": "/api/orders/list", "method": "POST", "status": 200, "duration_ms": 42.119629681117914, "business_code": "SUCCESS", "trace_id": "trace_377746"}
{"timestamp": "2026-05-21 08:28:03", "path": "/api/products", "method": "POST", "status": 200, "duration_ms": 17.830740772462654, "business_code": "SUCCESS", "trace_id": "trace_480612"}
{"timestamp": "2026-05-17 14:29:27", "path": "/api/orders/create", "method": "PUT", "status": 200, "duration_ms": 149.12197573939932, "business_code": "SUCCESS", "trace_id": "trace_366314"}
{"timestamp": "2026-05-12 23:49:23", "path": "/api/products/3001/update", "method": "GET", "status": 200, "duration_ms": 291.3770165607808, "business_code": "SUCCESS", "trace_id": "trace_455007"}
{"timestamp": "2026-05-12 13:41:21", "path": "/api/products/2002", "method": "GET", "status": 200, "duration_ms": 166.29997568361614, "business_code": "SUCCESS", "trace_id": "trace_188025"}
{"timestamp": "2026-06-15 01:07:17", "path": "/api/products/1001", "method": "POST", "status": 200, "duration_ms": 10.412725850879514, "business_code": "SUCCESS", "trace_id": "trace_468845"}
{"timestamp": "2026-05-17 11:07:53", "path": "/api/products/2002", "method": "GET", "status": 200, "duration_ms": 166.1521340687356, "business_code": "SUCCESS", "trace_id": "trace_172306"}
{"timestamp": "2026-05-28 13:11:19", "path": "/api/products/1002", "method": "POST", "status": 200, "duration_ms": 75.91172890603626, "business_code": "SUCCESS", "trace_id": "trace_697347"}
{"timestamp": "2026-05-14 17:09:23", "path": "/api/products/2001", "method": "GET", "status": 200, "duration_ms": 530.3509310487779, "business_code": "SUCCESS", "trace_id": "trace_890870"}
{"timestamp": "2026-05-29 14:18:42", "path": "/api/products/2001", "method": "GET", "status": 200, "duration_ms": 452.92922505800146, "business_code": "SUCCESS", "trace_id": "trace_185131"}
{"timestamp": "2026-05-25 11:24:32", "path": "/api/products/2001", "method": "GET", "status": 200, "duration_ms": 455.29992539373785, "business_code": "SUCCESS", "trace_id": "trace_718226"}
{"timestamp": "2026-05-18 17:12:54", "path": "/api/products/2002", "method": "GET", "status": 200, "duration_ms": 487.0974290015354, "business_code": "SUCCESS", "trace_id": "trace_869440"}
{"timestamp": "2026-06-03 21:10:25", "path": "/api/products", "method": "POST", "status": 200, "duration_ms": 70.48448198626956, "business_code": "SUCCESS", "trace_id": "trace_950132"}
{"timestamp": "2026-06-09 17:50:43", "path": "/api/products/2001", "method": "GET", "status": 200, "duration_ms": 4738.789635452504, "business_code": "SUCCESS", "trace_id": "trace_583863"}
{"timestamp": "2026-05-10 01:46:00", "path": "/ping", "method": "GET", "status": 200, "duration_ms": 1.9324050933217007, "business_code": "SUCCESS", "trace_id": "trace_632060"}
{"timestamp": "2026-05-21 20:31:40", "path": "/api/products/1002", "method": "GET", "status": 200, "duration_ms": 43.26976646691119, "business_code": "SUCCESS", "trace_id": "trace_676510"}
{"timestamp": "2026-05-14 14:21:52", "path": "/api/products/1001", "method": "GET", "status": 200, "duration_ms": 25.95287929560828, "business_code": "SUCCESS", "trace_id": "trace_403445"}
{"timestamp": "2026-05-22 23:24:36", "path": "/api/products/3002", "method": "GET", "status": 200, "duration_ms": 250.91314751187403, "business_code": "SUCCESS", "trace_id": "trace_605254"}
{"timestamp": "2026-06-05 22:43:27", "path": "/api/products/3001", "method": "POST", "status": 200, "duration_ms": 206.29534560081632, "business_code": "SUCCESS", "trace_id": "trace_886730"}
{"timestamp": "2026-05-26 05:04:02", "path": "/api/orders/list", "method": "GET", "status": 200, "duration_ms": 58.76140525201138, "business_code": "SUCCESS", "trace_id": "trace_865990"}
{"timestamp": "2026-05-19 19:59:46", "path": "/api/products/1001", "method": "GET", "status": 200, "duration_ms": 71.93519150903762, "business_code": "SUCCESS", "trace_id": "trace_887352"}
{"timestamp": "2026-05-22 05:57:35", "path": "/api/products/2001", "method": "GET", "status": 200, "duration_ms": 529.1805799481905, "business_code": "SUCCESS", "trace_id": "trace_614663"}
{"timestamp": "2026-05-25 17:37:25", "path": "/api/products/3001", "method": "GET", "status": 200, "duration_ms": 30.419395902917397, "business_code": "SUCCESS", "trace_id": "trace_616554"}
{"timestamp": "2026-05-19 02:11:13", "path": "/api/products/3001", "method": "PUT", "status": 200, "duration_ms": 22.26743041321727, "business_code": "SUCCESS", "trace_id": "trace_819112"}
{"timestamp": "2026-05-28 05:16:17", "path": "/api/products/2001", "method": "GET", "status": 200, "duration_ms": 476.0756052293099, "business_code": "SUCCESS", "trace_id": "trace_564226"}
{"timestamp": "2026-05-30 20:39:58", "path": "/api/products/3001", "method": "PUT", "status": 200, "duration_ms": 145.51705999556756, "business_code": "SUCCESS", "trace_id": "trace_479625"}
{"timestamp": "2026-06-08 12:09:51", "path": "/api/products/1002", "method": "GET", "status": 200, "duration_ms": 48.35560491949887, "business_code": "SUCCESS", "trace_id": "trace_100425"}
{"timestamp": "2026-05-16 23:07:02", "path": "/api/orders/list", "method": "GET", "status": 200, "duration_ms": 24.768799051042855, "business_code": "SUCCESS", "trace_id": "trace_694731"}
{"timestamp": "2026-05-24 01:44:40", "path": "/api/products/1001", "method": "GET", "status": 200, "duration_ms": 60.974951190882784, "business_code": "SUCCESS", "trace_id": "trace_939482"}
{"timestamp": "2026-05-22 08:33:32", "path": "/api/orders/list", "method": "GET", "status": 200, "duration_ms": 72.97298592500618, "business_code": "SUCCESS", "trace_id": "trace_573417"}
{"timestamp": "2026-05-12 01:59:00", "path": "/healthz", "method": "GET", "status": 200, "duration_ms": 8.828764358827943, "business_code": "SUCCESS", "trace_id": "trace_693830"}
