{"timestamp": "2026-05-15 04:56:26", "path": "/api/orders/list", "method": "POST", "status": 200, "duration_ms": 27.32584269526429, "business_code": "SUCCESS", "trace_id": "trace_462974"}
{"timestamp": "2026-05-24 16:19:17", "path": "/api/products/2001", "method": "GET", "status": 200, "duration_ms": 561.0880986740557, "business_code": "SUCCESS", "trace_id": "trace_697766"}
{"timestamp": "2026-05-13 09:09:50", "path": "/api/products/3001/update", "method": "POST", "status": 404, "duration_ms": 235.70277378289188, "business_code": "NOT_FOUND", "trace_id": "trace_117500"}
{"timestamp": "2026-06-09 04:01:19", "path": "/api/products/1001", "method": "GET", "status": 200, "duration_ms": 76.0955606941976, "business_code": "SUCCESS", "trace_id": "trace_855917"}
{"timestamp": "2026-06-14 04:22:51", "path": "/api/products/1002", "method": "POST", "status": 200, "duration_ms": 68.18972660972528, "business_code": "SUCCESS", "trace_id": "trace_172518"}
{"timestamp": "2026-05-19 02:59:15", "path": "/api/products/3001", "method": "POST", "status": 200, "duration_ms": 120.83469074609091, "business_code": "SUCCESS", "trace_id": "trace_623879"}
{"timestamp": "2026-06-17 15:49:07", "path": "/api/products/1001", "method": "POST", "status": 200, "duration_ms": 33.211769145728454, "business_code": "SUCCESS", "trace_id": "trace_934908"}
{"timestamp": "2026-05-17 12:46:10", "path": "/api/products/3001/update", "method": "GET", "status": 200, "duration_ms": 58.41930327132263, "business_code": "SUCCESS", "trace_id": "trace_111901"}
{"timestamp": "2026-06-03 18:29:08", "path": "/api/products/2001", "method": "GET", "status": 200, "duration_ms": 188.09889949802707, "business_code": "SUCCESS", "trace_id": "trace_243790"}
{"timestamp": "2026-05-15 21:07:56", "path": "/api/products/2002", "method": "GET", "status": 200, "duration_ms": 437.2773850567324, "business_code": "SUCCESS", "trace_id": "trace_789237"}
{"timestamp": "2026-05-17 14:25:19", "path": "/api/products", "method": "GET", "status": 200, "duration_ms": 71.3380825521665, "business_code": "SUCCESS", "trace_id": "trace_792282"}
{"timestamp": "2026-05-19 21:09:38", "path": "/api/products/3001/update", "method": "POST", "status": 500, "duration_ms": 270.3951576403934, "business_code": "SYSTEM_ERROR", "trace_id": "trace_806866"}
{"timestamp": "2026-05-18 11:35:56", "path": "/api/products/2002", "method": "GET", "status": 200, "duration_ms": 163.91085856661505, "business_code": "SUCCESS", "trace_id": "trace_725969"}
{"timestamp": "2026-05-25 19:56:48", "path": "/api/products", "method": "GET", "status": 200, "duration_ms": 33.090570018450194, "business_code": "SUCCESS", "trace_id": "trace_498290"}
{"timestamp": "2026-05-20 14:42:49", "path": "/api/products/1001", "method": "POST", "status": 200, "duration_ms": 49.010073073949115, "business_code": "SUCCESS", "trace_id": "trace_240606"}
{"timestamp": "2026-05-31 19:18:52", "path": "/api/products/2002", "method": "GET", "status": 200, "duration_ms": 166.45088114127537, "business_code": "SUCCESS", "trace_id": "trace_780432"}
{"timestamp": "2026-06-11 09:32:58", "path": "/api/products", "method": "GET", "status": 200, "duration_ms": 76.30952454112813, "business_code": "SUCCESS", "trace_id": "trace_310608"}
{"timestamp": "2026-05-13 08:44:08", "path": "/api/products/1001", "method": "POST", "status": 200, "duration_ms": 30.09634948239241, "business_code": "SUCCESS", "trace_id": "trace_288724"}
{"timestamp": "2026-05-18 02:53:01", "path": "/api/products/2001", "method": "GET", "status": 200, "duration_ms": 119.70742751475456, "business_code": "SUCCESS", "trace_id": "trace_219490"}
{"timestamp": "2026-06-02 18:38:02", "path": "/api/products/2001", "method": "GET", "status": 200, "duration_ms": 122.89468674590432, "business_code": "SUCCESS", "trace_id": "trace_193670"}
{"timestamp": "2026-05-30 20:05:05", "path": "/api/products/1002", "method": "GET", "status": 200, "duration_ms": 46.706978085807144, "business_code": "SUCCESS", "trace_id": "trace_352674"}
{"timestamp": "2026-05-27 14:31:50", "path": "/api/orders/list", "method": "POST", "status": 200, "duration_ms": 61.294056591751314, "business_code": "SUCCESS", "trace_id": "trace_469283"}
{"timestamp": "2026-05-15 09:25:17", "path": "/api/products/3002", "method": "GET", "status": 200, "duration_ms": 163.1653155226928, "business_code": "SUCCESS", "trace_id": "trace_313068"}
{"timestamp": "2026-05-27 11:04:47", "path": "/api/products/3002", "method": "POST", "status": 404, "duration_ms": 130.0267478540776, "business_code": "NOT_FOUND", "trace_id": "trace_972310"}
{"timestamp": "2026-05-11 21:37:44", "path": "/api/products/2001", "method": "GET", "status": 200, "duration_ms": 102.45626530257694, "business_code": "SUCCESS", "trace_id": "trace_209627"}
{"timestamp": "2026-06-18 22:32:51", "path": "/api/products/1002", "method": "POST", "status": 200, "duration_ms": 37.37939180742519, "business_code": "SUCCESS", "trace_id": "trace_909859"}
{"timestamp": "2026-05-31 09:20:53", "path": "/api/orders/create", "method": "POST", "status": 200, "duration_ms": 282.5209714510426, "business_code": "SUCCESS", "trace_id": "trace_188121"}
{"timestamp": "2026-05-24 21:18:01", "path": "/api/products/3001", "method": "POST", "status": 200, "duration_ms": 204.04507804927937, "business_code": "SUCCESS", "trace_id": "trace_990247"}
{"timestamp": "2026-06-05 18:48:50", "path": "/api/orders/list", "method": "GET", "status": 200, "duration_ms": 54.38860631833145, "business_code": "SUCCESS", "trace_id": "trace_921609"}
{"timestamp": "2026-06-08 14:41:49", "path": "/api/orders/list", "method": "GET", "status": 200, "duration_ms": 21.704518053139285, "business_code": "SUCCESS", "trace_id": "trace_389366"}
{"timestamp": "2026-05-21 14:03:39", "path": "/api/products/1002", "method": "GET", "status": 200, "duration_ms": 36.401758247293785, "business_code": "SUCCESS", "trace_id": "trace_734356"}
{"timestamp": "2026-05-30 19:51:24", "path": "/api/products/2001", "method": "GET", "status": 200, "duration_ms": 162.6179522155894, "business_code": "SUCCESS", "trace_id": "trace_977345"}
{"timestamp": "2026-05-24 03:55:21", "path": "/api/products/3001/update", "method": "GET", "status": 200, "duration_ms": 134.81011067848556, "business_code": "SUCCESS", "trace_id": "trace_344315"}
{"timestamp": "2026-05-31 16:52:01", "path": "/api/products/1001", "method": "GET", "status": 200, "duration_ms": 36.54848155678711, "business_code": "SUCCESS", "trace_id": "trace_679549"}
{"timestamp": "2026-05-31 09:52:31", "path": "/api/products/2001", "method": "GET", "status": 200, "duration_ms": 100.06759315121042, "business_code": "SUCCESS", "trace_id": "trace_548580"}
{"timestamp": "2026-05-12 07:06:06", "path": "/api/products/3002", "method": "PUT", "status": 200, "duration_ms": 257.17960584427044, "business_code": "SUCCESS", "trace_id": "trace_416302"}
{"timestamp": "2026-06-06 09:20:04", "path": "/api/products", "method": "POST", "status": 200, "duration_ms": 23.001649212678068, "business_code": "SUCCESS", "trace_id": "trace_714334"}
{"timestamp": "2026-06-15 16:34:12", "path": "/api/orders/list", "method": "GET", "status": 200, "duration_ms": 79.34904301058776, "business_code": "SUCCESS", "trace_id": "trace_602514"}
{"timestamp": "2026-06-04 23:55:00", "path": "/api/products/2001", "method": "GET", "status": 200, "duration_ms": 172.24320263643222, "business_code": "SUCCESS", "trace_id": "trace_758589"}
{"timestamp": "2026-06-13 04:53:06", "path": "/api/products/1002", "method": "GET", "status": 200, "duration_ms": 63.733253542385555, "business_code": "SUCCESS", "trace_id": "trace_128223"}
{"timestamp": "2026-05-30 04:01:03", "path": "/api/products/2002", "method": "GET", "status": 200, "duration_ms": 157.79336402609516, "business_code": "SUCCESS", "trace_id": "trace_693643"}
{"timestamp": "2026-05-22 09:06:34", "path": "/api/products/1001", "method": "GET", "status": 200, "duration_ms": 51.13085821793501, "business_code": "SUCCESS", "trace_id": "trace_804066"}
{"timestamp": "2026-05-20 20:16:52", "path": "/api/products/3001", "method": "GET", "status": 503, "duration_ms": 5061.440365186015, "business_code": "TIMEOUT", "trace_id": "trace_148215"}
{"timestamp": "2026-05-26 14:40:49", "path": "/api/products/3002", "method": "POST", "status": 404, "duration_ms": 43.77267690461707, "business_code": "NOT_FOUND", "trace_id": "trace_200219"}
{"timestamp": "2026-05-12 15:40:09", "path": "/api/products/1001", "method": "GET", "status": 200, "duration_ms": 34.11702065934942, "business_code": "SUCCESS", "trace_id": "trace_166857"}
{"timestamp": "2026-05-25 03:53:34", "path": "/api/products/2001", "method": "GET", "status": 200, "duration_ms": 170.40537617551885, "business_code": "SUCCESS", "trace_id": "trace_403387"}
{"timestamp": "2026-05-23 05:56:36", "path": "/api/products/2001", "method": "GET", "status": 200, "duration_ms": 488.2733159457941, "business_code": "SUCCESS", "trace_id": "trace_329157"}
{"timestamp": "2026-05-16 07:14:46", "path": "/api/products/1001", "method": "GET", "status": 200, "duration_ms": 13.096571103919848, "business_code": "SUCCESS", "trace_id": "trace_560285"}
{"timestamp": "2026-06-01 03:58:09", "path": "/api/products/3001", "method": "GET", "status": 404, "duration_ms": 75.37009427472128, "business_code": "NOT_FOUND", "trace_id": "trace_777366"}
{"timestamp": "2026-06-03 22:47:13", "path": "/api/orders/list", "method": "GET", "status": 200, "duration_ms": 21.37151755002941, "business_code": "SUCCESS", "trace_id": "trace_352153"}
{"timestamp": "2026-05-15 13:59:37", "path": "/api/orders/create", "method": "PUT", "status": 200, "duration_ms": 253.66741137173076, "business_code": "SUCCESS", "trace_id": "trace_814138"}
{"timestamp": "2026-06-02 23:16:19", "path": "/api/products/1001", "method": "GET", "status": 200, "duration_ms": 74.79093670566462, "business_code": "SUCCESS", "trace_id": "trace_669408"}
{"timestamp": "2026-05-23 11:20:45", "path": "/api/orders/create", "method": "GET", "status": 200, "duration_ms": 101.64662538368913, "business_code": "SUCCESS", "trace_id": "trace_922615"}
{"timestamp": "2026-05-11 11:27:20", "path": "/api/products/3001/update", "method": "GET", "status": 200, "duration_ms": 43.58964047943627, "business_code": "SUCCESS", "trace_id": "trace_680278"}
{"timestamp": "2026-05-28 10:25:07", "path": "/api/orders/create", "method": "POST", "status": 200, "duration_ms": 284.1953120884265, "business_code": "SUCCESS", "trace_id": "trace_242723"}
{"timestamp": "2026-06-16 10:59:46", "path": "/api/orders/list", "method": "GET", "status": 200, "duration_ms": 59.11440009389151, "business_code": "SUCCESS", "trace_id": "trace_951755"}
{"timestamp": "2026-06-18 04:55:07", "path": "/api/products/1001", "method": "GET", "status": 200, "duration_ms": 45.74733683675313, "business_code": "SUCCESS", "trace_id": "trace_643998"}
{"timestamp": "2026-06-12 16:29:59", "path": "/api/products/1002", "method": "GET", "status": 200, "duration_ms": 29.62101025249523, "business_code": "SUCCESS", "trace_id": "trace_924040"}
{"timestamp": "2026-05-16 13:03:23", "path": "/api/products/3001", "method": "POST", "status": 200, "duration_ms": 35.408013512203205, "business_code": "SUCCESS", "trace_id": "trace_798435"}
{"timestamp": "2026-05-29 12:43:43", "path": "/api/products/2002", "method": "GET", "status": 200, "duration_ms": 142.96431006852362, "business_code": "SUCCESS", "trace_id": "trace_322142"}
{"timestamp": "2026-05-24 09:26:36", "path": "/api/products", "method": "GET", "status": 200, "duration_ms": 45.89715780166415, "business_code": "SUCCESS", "trace_id": "trace_621433"}
{"timestamp": "2026-06-17 04:38:26", "path": "/api/products/1001", "method": "GET", "status": 304, "duration_ms": 27.3761678191432, "business_code": null, "trace_id": "trace_796982"}
{"timestamp": "2026-05-14 07:37:32", "path": "/api/products/2002", "method": "GET", "status": 200, "duration_ms": 535.4278665781768, "business_code": "SUCCESS", "trace_id": "trace_272337"}
{"timestamp": "2026-06-08 03:35:35", "path": "/api/products", "method": "POST", "status": 200, "duration_ms": 30.42931459074247, "business_code": "SUCCESS", "trace_id": "trace_506637"}
{"timestamp": "2026-05-22 12:03:48", "path": "/api/products/2001", "method": "GET", "status": 200, "duration_ms": 154.3106182093045, "business_code": "SUCCESS", "trace_id": "trace_484682"}
{"timestamp": "2026-06-08 06:22:32", "path": "/api/products/1002", "method": "GET", "status": 200, "duration_ms": 36.65124164421202, "business_code": "SUCCESS", "trace_id": "trace_245584"}
{"timestamp": "2026-05-30 19:06:12", "path": "/api/products/3001", "method": "POST", "status": 503, "duration_ms": 7779.768807741941, "business_code": "TIMEOUT", "trace_id": "trace_676843"}
{"timestamp": "2026-06-07 11:08:54", "path": "/api/products/1002", "method": "POST", "status": 200, "duration_ms": 35.249015967984235, "business_code": "SUCCESS", "trace_id": "trace_195966"}
{"timestamp": "2026-05-14 14:12:40", "path": "/api/products/1002", "method": "GET", "status": 200, "duration_ms": 11.591472912537661, "business_code": "SUCCESS", "trace_id": "trace_412856"}
{"timestamp": "2026-05-28 10:47:23", "path": "/api/products/2002", "method": "GET", "status": 200, "duration_ms": 186.89077628712005, "business_code": "SUCCESS", "trace_id": "trace_988319"}
{"timestamp": "2026-05-27 23:17:52", "path": "/api/products/2001", "method": "GET", "status": 200, "duration_ms": 174.980238287319, "business_code": "SUCCESS", "trace_id": "trace_828449"}
{"timestamp": "2026-05-29 07:57:33", "path": "/api/products/1002", "method": "GET", "status": 200, "duration_ms": 45.40130437851456, "business_code": "SUCCESS", "trace_id": "trace_491329"}
{"timestamp": "2026-05-19 10:28:11", "path": "/api/products/2001", "method": "GET", "status": 200, "duration_ms": 118.30445183314835, "business_code": "SUCCESS", "trace_id": "trace_827120"}
{"timestamp": "2026-05-15 09:13:38", "path": "/api/products/1001", "method": "GET", "status": 200, "duration_ms": 39.346841894422646, "business_code": "SUCCESS", "trace_id": "trace_903265"}
{"timestamp": "2026-05-28 11:43:29", "path": "/api/products/1001", "method": "GET", "status": 200, "duration_ms": 10.446867710854523, "business_code": "SUCCESS", "trace_id": "trace_244170"}
{"timestamp": "2026-05-25 01:10:22", "path": "/api/products/1002", "method": "GET", "status": 200, "duration_ms": 28.25418769368387, "business_code": "SUCCESS", "trace_id": "trace_712401"}
{"timestamp": "2026-05-27 06:49:29", "path": "/api/orders/create", "method": "GET", "status": 200, "duration_ms": 37.43920178558828, "business_code": "SUCCESS", "trace_id": "trace_794622"}
{"timestamp": "2026-05-11 16:26:32", "path": "/api/products", "method": "GET", "status": 200, "duration_ms": 27.81200533473287, "business_code": "SUCCESS", "trace_id": "trace_103161"}
{"timestamp": "2026-06-10 12:54:50", "path": "/api/orders/list", "method": "GET", "status": 200, "duration_ms": 33.43153566228699, "business_code": "SUCCESS", "trace_id": "trace_955088"}
{"timestamp": "2026-05-22 20:45:49", "path": "/api/products/3001", "method": "PUT", "status": 200, "duration_ms": 160.57146391668317, "business_code": "SUCCESS", "trace_id": "trace_155230"}
{"timestamp": "2026-05-16 14:48:59", "path": "/api/products/1001", "method": "GET", "status": 200, "duration_ms": 79.54384088701339, "business_code": "SUCCESS", "trace_id": "trace_345536"}
{"timestamp": "2026-05-23 02:20:04", "path": "/api/products/1002", "method": "GET", "status": 200, "duration_ms": 76.99138323686712, "business_code": "SUCCESS", "trace_id": "trace_116078"}
{"timestamp": "2026-05-24 03:26:18", "path": "/api/products/2001", "method": "GET", "status": 200, "duration_ms": 199.3957684318617, "business_code": "SUCCESS", "trace_id": "trace_913308"}
{"timestamp": "2026-06-04 17:41:07", "path": "/api/orders/list", "method": "GET", "status": 200, "duration_ms": 62.89264851646246, "business_code": "SUCCESS", "trace_id": "trace_246748"}
{"timestamp": "2026-05-27 19:40:36", "path": "/api/orders/list", "method": "GET", "status": 200, "duration_ms": 79.32264786158994, "business_code": "SUCCESS", "trace_id": "trace_161585"}
{"timestamp": "2026-05-15 09:28:51", "path": "/api/products/1001", "method": "GET", "status": 200, "duration_ms": 12.350339302799656, "business_code": "SUCCESS", "trace_id": "trace_726822"}
{"timestamp": "2026-06-03 17:58:21", "path": "/api/products/1002", "method": "GET", "status": 200, "duration_ms": 77.30284329132041, "business_code": "SUCCESS", "trace_id": "trace_715551"}
{"timestamp": "2026-05-21 11:40:16", "path": "/api/products/3001/update", "method": "GET", "status": 404, "duration_ms": 260.09585536943223, "business_code": "NOT_FOUND", "trace_id": "trace_679720"}
{"timestamp": "2026-06-14 18:06:22", "path": "/api/products/1002", "method": "GET", "status": 200, "duration_ms": 27.687717945176416, "business_code": "SUCCESS", "trace_id": "trace_261630"}
{"timestamp": "2026-05-18 06:39:45", "path": "/api/products", "method": "GET", "status": 200, "duration_ms": 48.970268267366414, "business_code": "SUCCESS", "trace_id": "trace_720407"}
{"timestamp": "2026-05-25 23:29:23", "path": "/api/products/2001", "method": "GET", "status": 200, "duration_ms": 426.5381712461669, "business_code": "SUCCESS", "trace_id": "trace_253347"}
{"timestamp": "2026-05-14 15:46:08", "path": "/api/orders/create", "method": "POST", "status": 500, "duration_ms": 43.07978733890084, "business_code": "SYSTEM_ERROR", "trace_id": "trace_662628"}
{"timestamp": "2026-06-04 07:19:00", "path": "/api/products/2001", "method": "GET", "status": 200, "duration_ms": 535.4274155838089, "business_code": "SUCCESS", "trace_id": "trace_171734"}
{"timestamp": "2026-06-06 02:02:04", "path": "/api/products/2001", "method": "GET", "status": 200, "duration_ms": 517.9147835523027, "business_code": "SUCCESS", "trace_id": "trace_502686"}
{"timestamp": "2026-05-16 10:03:56", "path": "/api/orders/create", "method": "PUT", "status": 404, "duration_ms": 86.81846869151043, "business_code": "NOT_FOUND", "trace_id": "trace_356355"}
{"timestamp": "2026-05-17 18:17:32", "path": "/api/products/3002", "method": "GET", "status": 200, "duration_ms": 229.93738754626148, "business_code": "SUCCESS", "trace_id": "trace_381819"}
{"timestamp": "2026-05-23 15:45:14", "path": "/api/products/1002", "method": "GET", "status": 404, "duration_ms": 29.81414382641257, "business_code": null, "trace_id": "trace_588899"}
{"timestamp": "2026-05-13 13:33:49", "path": "/api/orders/list", "method": "GET", "status": 200, "duration_ms": 41.397599286388, "business_code": "SUCCESS", "trace_id": "trace_495833"}
{"timestamp": "2026-05-12 18:24:03", "path": "/api/products/2002", "method": "GET", "status": 200, "duration_ms": 504.2229659600943, "business_code": "SUCCESS", "trace_id": "trace_465219"}
{"timestamp": "2026-05-25 22:11:28", "path": "/api/products/2001", "method": "GET", "status": 200, "duration_ms": 175.0094136489116, "business_code": "SUCCESS", "trace_id": "trace_531589"}
{"timestamp": "2026-06-07 11:28:22", "path": "/api/products", "method": "GET", "status": 200, "duration_ms": 19.27549031459396, "business_code": "SUCCESS", "trace_id": "trace_296494"}
{"timestamp": "2026-05-13 09:30:31", "path": "/api/products/2002", "method": "GET", "status": 200, "duration_ms": 130.02640831819403, "business_code": "SUCCESS", "trace_id": "trace_949541"}
{"timestamp": "2026-05-21 09:20:52", "path": "/api/products/2001", "method": "GET", "status": 200, "duration_ms": 127.4852918273534, "business_code": "SUCCESS", "trace_id": "trace_663723"}
{"timestamp": "2026-05-29 04:31:16", "path": "/api/products/3001", "method": "GET", "status": 200, "duration_ms": 107.929320587393, "business_code": "SUCCESS", "trace_id": "trace_226601"}
{"timestamp": "2026-05-31 16:37:29", "path": "/api/products/2001", "method": "GET", "status": 200, "duration_ms": 2905.596513129267, "business_code": "SUCCESS", "trace_id": "trace_387330"}
{"timestamp": "2026-06-01 20:28:02", "path": "/api/products/2001", "method": "GET", "status": 200, "duration_ms": 147.68067082609141, "business_code": "SUCCESS", "trace_id": "trace_239145"}
{"timestamp": "2026-05-20 09:51:20", "path": "/api/orders/list", "method": "GET", "status": 200, "duration_ms": 31.051549315660345, "business_code": "SUCCESS", "trace_id": "trace_841948"}
{"timestamp": "2026-05-23 21:08:24", "path": "/api/products/3001/update", "method": "POST", "status": 200, "duration_ms": 292.12016864226, "business_code": "SUCCESS", "trace_id": "trace_910143"}
{"timestamp": "2026-05-29 21:54:05", "path": "/api/products/3001/update", "method": "POST", "status": 200, "duration_ms": 94.20221953611829, "business_code": "SUCCESS", "trace_id": "trace_225738"}
{"timestamp": "2026-05-22 10:27:57", "path": "/api/orders/create", "method": "GET", "status": 200, "duration_ms": 136.5518475803683, "business_code": "SUCCESS", "trace_id": "trace_855276"}
{"timestamp": "2026-06-01 07:55:41", "path": "/api/products/1001", "method": "GET", "status": 200, "duration_ms": 44.99008751789544, "business_code": "SUCCESS", "trace_id": "trace_554987"}
{"timestamp": "2026-06-07 06:44:09", "path": "/api/products", "method": "GET", "status": 200, "duration_ms": 15.145467860569507, "business_code": "SUCCESS", "trace_id": "trace_380989"}
{"timestamp": "2026-05-14 03:13:50", "path": "/api/products/3002", "method": "GET", "status": 200, "duration_ms": 36.9312806846976, "business_code": "SUCCESS", "trace_id": "trace_927630"}
{"timestamp": "2026-05-29 09:53:09", "path": "/api/products/2002", "method": "GET", "status": 200, "duration_ms": 539.4577955577116, "business_code": "SUCCESS", "trace_id": "trace_991401"}
{"timestamp": "2026-05-15 06:53:05", "path": "/api/products/2001", "method": "GET", "status": 200, "duration_ms": 133.0989655553169, "business_code": "SUCCESS", "trace_id": "trace_547080"}
{"timestamp": "2026-05-19 20:32:15", "path": "/api/products/2001", "method": "GET", "status": 200, "duration_ms": 148.96420261922088, "business_code": "SUCCESS", "trace_id": "trace_247111"}
{"timestamp": "2026-05-23 02:00:40", "path": "/api/products/3001", "method": "POST", "status": 200, "duration_ms": 150.22636981672812, "business_code": "SUCCESS", "trace_id": "trace_396020"}
{"timestamp": "2026-05-25 22:14:05", "path": "/api/products/3002", "method": "GET", "status": 200, "duration_ms": 84.8123205545581, "business_code": "SUCCESS", "trace_id": "trace_986575"}
{"timestamp": "2026-05-26 21:50:16", "path": "/api/products/2001", "method": "GET", "status": 200, "duration_ms": 535.2469107399892, "business_code": "SUCCESS", "trace_id": "trace_613234"}
{"timestamp": "2026-05-17 08:46:10", "path": "/api/products/2002", "method": "GET", "status": 200, "duration_ms": 561.7459577262522, "business_code": "SUCCESS", "trace_id": "trace_165602"}
{"timestamp": "2026-06-05 23:04:58", "path": "/api/products/2002", "method": "GET", "status": 200, "duration_ms": 488.4767738878169, "business_code": "SUCCESS", "trace_id": "trace_327797"}
{"timestamp": "2026-06-02 14:42:35", "path": "/api/products/2002", "method": "GET", "status": 200, "duration_ms": 169.55971072880487, "business_code": "SUCCESS", "trace_id": "trace_956800"}
{"timestamp": "2026-05-21 06:44:51", "path": "/api/products/2002", "method": "GET", "status": 200, "duration_ms": 488.7703485618524, "business_code": "SUCCESS", "trace_id": "trace_275377"}
{"timestamp": "2026-05-12 07:04:42", "path": "/api/products/2001", "method": "GET", "status": 200, "duration_ms": 194.0676158146193, "business_code": "SUCCESS", "trace_id": "trace_248557"}
{"timestamp": "2026-05-12 21:11:08", "path": "/api/products/3001", "method": "GET", "status": 200, "duration_ms": 186.30033507856248, "business_code": "SUCCESS", "trace_id": "trace_653948"}
{"timestamp": "2026-05-21 18:31:41", "path": "/api/products/2002", "method": "GET", "status": 200, "duration_ms": 177.25476381623713, "business_code": "SUCCESS", "trace_id": "trace_619373"}
{"timestamp": "2026-05-23 09:19:16", "path": "/api/products/1001", "method": "POST", "status": 200, "duration_ms": 58.693839999348725, "business_code": "SUCCESS", "trace_id": "trace_837954"}
{"timestamp": "2026-05-19 00:15:21", "path": "/api/products/2001", "method": "GET", "status": 200, "duration_ms": 184.55178026695592, "business_code": "SUCCESS", "trace_id": "trace_747351"}
{"timestamp": "2026-05-12 21:35:07", "path": "/api/products/3002", "method": "GET", "status": 200, "duration_ms": 254.91252481301507, "business_code": "SUCCESS", "trace_id": "trace_541307"}
{"timestamp": "2026-06-01 00:22:17", "path": "/api/products/2002", "method": "GET", "status": 200, "duration_ms": 551.0464314135072, "business_code": "SUCCESS", "trace_id": "trace_550081"}
{"timestamp": "2026-06-02 04:46:02", "path": "/api/products/1001", "method": "GET", "status": 200, "duration_ms": 24.7991939119183, "business_code": "SUCCESS", "trace_id": "trace_825916"}
{"timestamp": "2026-05-29 22:37:14", "path": "/api/products", "method": "GET", "status": 200, "duration_ms": 45.15512225718055, "business_code": "SUCCESS", "trace_id": "trace_831758"}
{"timestamp": "2026-05-25 21:04:20", "path": "/api/products/3001", "method": "GET", "status": 200, "duration_ms": 86.68692646584239, "business_code": "SUCCESS", "trace_id": "trace_615929"}
{"timestamp": "2026-05-16 10:32:57", "path": "/api/products/2001", "method": "GET", "status": 200, "duration_ms": 142.95528411033433, "business_code": "SUCCESS", "trace_id": "trace_104666"}
{"timestamp": "2026-05-20 01:53:08", "path": "/api/products/2002", "method": "GET", "status": 200, "duration_ms": 573.1044461712825, "business_code": "SUCCESS", "trace_id": "trace_110048"}
{"timestamp": "2026-05-24 23:33:27", "path": "/api/orders/list", "method": "GET", "status": 200, "duration_ms": 35.94934450018809, "business_code": "SUCCESS", "trace_id": "trace_534037"}
{"timestamp": "2026-05-27 02:26:56", "path": "/api/products/2002", "method": "GET", "status": 200, "duration_ms": 475.0344655692454, "business_code": "SUCCESS", "trace_id": "trace_179184"}
{"timestamp": "2026-05-24 10:40:09", "path": "/api/products/2002", "method": "GET", "status": 200, "duration_ms": 3830.7854078584305, "business_code": "SUCCESS", "trace_id": "trace_548965"}
{"timestamp": "2026-05-21 02:58:05", "path": "/api/products/1002", "method": "GET", "status": 200, "duration_ms": 15.534930337636375, "business_code": "SUCCESS", "trace_id": "trace_571635"}
{"timestamp": "2026-05-23 19:03:23", "path": "/api/products/2001", "method": "GET", "status": 200, "duration_ms": 199.93126692789076, "business_code": "SUCCESS", "trace_id": "trace_571578"}
{"timestamp": "2026-05-31 02:12:41", "path": "/api/products/3001", "method": "GET", "status": 200, "duration_ms": 37.26737165826745, "business_code": "SUCCESS", "trace_id": "trace_918895"}
{"timestamp": "2026-05-26 14:50:03", "path": "/api/orders/list", "method": "GET", "status": 200, "duration_ms": 63.43524379664238, "business_code": "SUCCESS", "trace_id": "trace_612356"}
{"timestamp": "2026-05-31 02:44:38", "path": "/api/products", "method": "GET", "status": 200, "duration_ms": 65.64554324584267, "business_code": "SUCCESS", "trace_id": "trace_182857"}
{"timestamp": "2026-05-31 14:10:07", "path": "/api/products/1002", "method": "GET", "status": 200, "duration_ms": 57.882913782926984, "business_code": "SUCCESS", "trace_id": "trace_989053"}
{"timestamp": "2026-05-30 10:14:01", "path": "/api/products/3001/update", "method": "POST", "status": 200, "duration_ms": 33.70617292531837, "business_code": "SUCCESS", "trace_id": "trace_413357"}
{"timestamp": "2026-05-20 04:02:46", "path": "/api/products", "method": "POST", "status": 200, "duration_ms": 20.445232547761456, "business_code": "SUCCESS", "trace_id": "trace_494747"}
{"timestamp": "2026-05-19 06:08:04", "path": "/api/products/2002", "method": "GET", "status": 200, "duration_ms": 3770.505094932436, "business_code": "SUCCESS", "trace_id": "trace_804758"}
{"timestamp": "2026-06-05 16:27:12", "path": "/api/products", "method": "GET", "status": 200, "duration_ms": 40.596177699044944, "business_code": "SUCCESS", "trace_id": "trace_979414"}
{"timestamp": "2026-05-20 17:01:20", "path": "/api/products/2002", "method": "GET", "status": 200, "duration_ms": 3516.314059192011, "business_code": "SUCCESS", "trace_id": "trace_619013"}
{"timestamp": "2026-05-29 09:37:13", "path": "/api/orders/list", "method": "POST", "status": 200, "duration_ms": 10.462864989451123, "business_code": "SUCCESS", "trace_id": "trace_678440"}
{"timestamp": "2026-06-08 00:56:57", "path": "/api/orders/list", "method": "GET", "status": 200, "duration_ms": 16.273318937227124, "business_code": "SUCCESS", "trace_id": "trace_681141"}
{"timestamp": "2026-05-19 15:00:35", "path": "/api/products/2002", "method": "GET", "status": 200, "duration_ms": 157.48060448744144, "business_code": "SUCCESS", "trace_id": "trace_543588"}
{"timestamp": "2026-05-11 14:51:03", "path": "/api/orders/list", "method": "GET", "status": 200, "duration_ms": 39.07972016912619, "business_code": "SUCCESS", "trace_id": "trace_691303"}
{"timestamp": "2026-05-12 13:39:44", "path": "/api/products/3001/update", "method": "PUT", "status": 200, "duration_ms": 200.92753689944263, "business_code": "SUCCESS", "trace_id": "trace_921875"}
{"timestamp": "2026-05-18 18:13:39", "path": "/api/products/3001", "method": "POST", "status": 500, "duration_ms": 96.15456660597904, "business_code": "SYSTEM_ERROR", "trace_id": "trace_166974"}
{"timestamp": "2026-05-14 01:39:32", "path": "/api/products/1002", "method": "GET", "status": 200, "duration_ms": 22.49315403028782, "business_code": "SUCCESS", "trace_id": "trace_663356"}
{"timestamp": "2026-06-10 00:32:57", "path": "/api/products/1002", "method": "POST", "status": 200, "duration_ms": 19.484266797647326, "business_code": "SUCCESS", "trace_id": "trace_107096"}
{"timestamp": "2026-05-30 00:04:56", "path": "/api/products/3002", "method": "PUT", "status": 200, "duration_ms": 31.292346270425746, "business_code": "SUCCESS", "trace_id": "trace_976530"}
{"timestamp": "2026-06-12 00:53:09", "path": "/api/orders/list", "method": "GET", "status": 200, "duration_ms": 61.44120558088305, "business_code": "SUCCESS", "trace_id": "trace_763646"}
{"timestamp": "2026-05-19 06:37:56", "path": "/api/orders/list", "method": "POST", "status": 200, "duration_ms": 78.06031647405801, "business_code": "SUCCESS", "trace_id": "trace_774565"}
