{"timestamp": "2026-05-21 17:55:33", "path": "/api/products/2002", "method": "GET", "status": 200, "duration_ms": 438.45283382734266, "business_code": "SUCCESS", "trace_id": "trace_358494"}
{"timestamp": "2026-05-08 08:28:15", "path": "/api/products/2001", "method": "GET", "status": 200, "duration_ms": 129.02120049699016, "business_code": "SUCCESS", "trace_id": "trace_502810"}
{"timestamp": "2026-05-14 20:08:17", "path": "/api/products/2002", "method": "GET", "status": 200, "duration_ms": 101.6636955502315, "business_code": "SUCCESS", "trace_id": "trace_447329"}
{"timestamp": "2026-05-13 22:19:54", "path": "/api/products", "method": "POST", "status": 200, "duration_ms": 47.38078047887828, "business_code": "SUCCESS", "trace_id": "trace_424500"}
{"timestamp": "2026-05-25 22:02:53", "path": "/api/products/1001", "method": "GET", "status": 200, "duration_ms": 34.98819232247544, "business_code": "SUCCESS", "trace_id": "trace_918771"}
{"timestamp": "2026-05-30 17:54:24", "path": "/api/products/1001", "method": "GET", "status": 200, "duration_ms": 23.023363463081992, "business_code": "SUCCESS", "trace_id": "trace_642895"}
{"timestamp": "2026-05-20 15:47:47", "path": "/api/products/2001", "method": "GET", "status": 200, "duration_ms": 156.08867729086393, "business_code": "SUCCESS", "trace_id": "trace_794395"}
{"timestamp": "2026-05-08 23:53:50", "path": "/api/products/3001", "method": "POST", "status": 200, "duration_ms": 152.2730939697666, "business_code": "SUCCESS", "trace_id": "trace_814281"}
{"timestamp": "2026-05-31 06:52:59", "path": "/api/products/1001", "method": "GET", "status": 404, "duration_ms": 28.220283979793237, "business_code": null, "trace_id": "trace_567951"}
{"timestamp": "2026-05-15 17:15:43", "path": "/api/products/2002", "method": "GET", "status": 200, "duration_ms": 545.064842510371, "business_code": "SUCCESS", "trace_id": "trace_821466"}
{"timestamp": "2026-05-17 09:12:38", "path": "/api/products/1002", "method": "POST", "status": 200, "duration_ms": 76.24892841082324, "business_code": "SUCCESS", "trace_id": "trace_332823"}
{"timestamp": "2026-05-14 14:17:47", "path": "/api/products/1002", "method": "GET", "status": 200, "duration_ms": 76.29911191708861, "business_code": "SUCCESS", "trace_id": "trace_561999"}
{"timestamp": "2026-05-21 07:21:11", "path": "/api/products/2002", "method": "GET", "status": 200, "duration_ms": 3378.9905960587594, "business_code": "SUCCESS", "trace_id": "trace_659024"}
{"timestamp": "2026-05-11 07:55:27", "path": "/api/products/2002", "method": "GET", "status": 200, "duration_ms": 473.1874705035126, "business_code": "SUCCESS", "trace_id": "trace_520040"}
{"timestamp": "2026-05-15 17:54:46", "path": "/api/products/3002", "method": "GET", "status": 503, "duration_ms": 5561.043957686351, "business_code": "TIMEOUT", "trace_id": "trace_969032"}
{"timestamp": "2026-05-08 23:54:42", "path": "/api/products/1002", "method": "GET", "status": 200, "duration_ms": 50.79176602104937, "business_code": "SUCCESS", "trace_id": "trace_248298"}
{"timestamp": "2026-05-11 10:13:53", "path": "/api/products/3001/update", "method": "GET", "status": 200, "duration_ms": 198.84322234371282, "business_code": "SUCCESS", "trace_id": "trace_525187"}
{"timestamp": "2026-05-12 05:08:56", "path": "/api/products/2002", "method": "GET", "status": 200, "duration_ms": 198.67876644364395, "business_code": "SUCCESS", "trace_id": "trace_684929"}
{"timestamp": "2026-05-25 04:32:37", "path": "/api/products", "method": "GET", "status": 200, "duration_ms": 37.875683898021194, "business_code": "SUCCESS", "trace_id": "trace_955015"}
{"timestamp": "2026-06-03 04:22:33", "path": "/api/orders/list", "method": "GET", "status": 200, "duration_ms": 48.781500608171655, "business_code": "SUCCESS", "trace_id": "trace_486831"}
{"timestamp": "2026-05-12 23:28:31", "path": "/api/products/3001", "method": "POST", "status": 200, "duration_ms": 213.97520531836687, "business_code": "SUCCESS", "trace_id": "trace_165142"}
{"timestamp": "2026-05-10 09:43:56", "path": "/api/products/3002", "method": "GET", "status": 200, "duration_ms": 179.0293232260587, "business_code": "SUCCESS", "trace_id": "trace_212512"}
{"timestamp": "2026-05-16 18:15:06", "path": "/api/products/1001", "method": "GET", "status": 200, "duration_ms": 63.41817812041836, "business_code": "SUCCESS", "trace_id": "trace_386042"}
{"timestamp": "2026-05-19 22:15:32", "path": "/api/products/1002", "method": "POST", "status": 200, "duration_ms": 64.33208428447776, "business_code": "SUCCESS", "trace_id": "trace_349183"}
{"timestamp": "2026-05-12 17:59:13", "path": "/api/products/2002", "method": "GET", "status": 200, "duration_ms": 503.86654206661666, "business_code": "SUCCESS", "trace_id": "trace_256175"}
{"timestamp": "2026-05-17 04:20:25", "path": "/api/products/3001/update", "method": "PUT", "status": 200, "duration_ms": 45.463660446472595, "business_code": "SUCCESS", "trace_id": "trace_635167"}
{"timestamp": "2026-06-01 03:44:14", "path": "/api/orders/list", "method": "GET", "status": 200, "duration_ms": 77.72928654541437, "business_code": "SUCCESS", "trace_id": "trace_435112"}
{"timestamp": "2026-05-23 11:33:23", "path": "/api/products/2001", "method": "GET", "status": 200, "duration_ms": 154.31908769882781, "business_code": "SUCCESS", "trace_id": "trace_513697"}
{"timestamp": "2026-05-11 02:59:11", "path": "/api/products/2002", "method": "GET", "status": 200, "duration_ms": 184.7172365393468, "business_code": "SUCCESS", "trace_id": "trace_551860"}
{"timestamp": "2026-05-24 18:50:46", "path": "/api/orders/list", "method": "POST", "status": 200, "duration_ms": 22.75945988897113, "business_code": "SUCCESS", "trace_id": "trace_241403"}
{"timestamp": "2026-05-10 20:02:25", "path": "/api/orders/create", "method": "GET", "status": 503, "duration_ms": 7340.10384503145, "business_code": "TIMEOUT", "trace_id": "trace_302177"}
{"timestamp": "2026-05-14 06:20:07", "path": "/api/products/3002", "method": "POST", "status": 200, "duration_ms": 81.3560082618963, "business_code": "SUCCESS", "trace_id": "trace_240057"}
{"timestamp": "2026-05-29 21:37:09", "path": "/api/products/1001", "method": "GET", "status": 200, "duration_ms": 35.68649640576827, "business_code": "SUCCESS", "trace_id": "trace_429657"}
{"timestamp": "2026-05-14 21:29:36", "path": "/api/products/3002", "method": "POST", "status": 500, "duration_ms": 275.5831287192692, "business_code": "SYSTEM_ERROR", "trace_id": "trace_894139"}
{"timestamp": "2026-05-11 23:46:13", "path": "/api/products/3001", "method": "POST", "status": 200, "duration_ms": 71.73873629325519, "business_code": "SUCCESS", "trace_id": "trace_247442"}
{"timestamp": "2026-05-15 05:07:05", "path": "/api/orders/list", "method": "POST", "status": 200, "duration_ms": 67.1823867706868, "business_code": "SUCCESS", "trace_id": "trace_940181"}
{"timestamp": "2026-06-02 01:06:59", "path": "/api/products/1001", "method": "GET", "status": 200, "duration_ms": 69.59534355271882, "business_code": "SUCCESS", "trace_id": "trace_846385"}
{"timestamp": "2026-05-16 13:17:21", "path": "/api/products/2002", "method": "GET", "status": 200, "duration_ms": 165.5590972176969, "business_code": "SUCCESS", "trace_id": "trace_913864"}
{"timestamp": "2026-05-08 03:39:47", "path": "/api/products/3001/update", "method": "GET", "status": 200, "duration_ms": 273.45157346644714, "business_code": "SUCCESS", "trace_id": "trace_336633"}
{"timestamp": "2026-05-27 20:38:04", "path": "/api/products", "method": "GET", "status": 200, "duration_ms": 15.604823775249667, "business_code": "SUCCESS", "trace_id": "trace_793024"}
{"timestamp": "2026-06-10 15:07:07", "path": "/api/products/1002", "method": "GET", "status": 200, "duration_ms": 32.35214748527096, "business_code": "SUCCESS", "trace_id": "trace_462147"}
{"timestamp": "2026-05-09 19:35:37", "path": "/api/products/3002", "method": "POST", "status": 200, "duration_ms": 36.56552414761741, "business_code": "SUCCESS", "trace_id": "trace_906066"}
{"timestamp": "2026-05-12 02:00:50", "path": "/api/products/2002", "method": "GET", "status": 200, "duration_ms": 524.6483157283047, "business_code": "SUCCESS", "trace_id": "trace_740725"}
{"timestamp": "2026-06-03 19:14:08", "path": "/api/products/1002", "method": "GET", "status": 200, "duration_ms": 31.65035022699235, "business_code": "SUCCESS", "trace_id": "trace_851759"}
{"timestamp": "2026-05-18 00:09:00", "path": "/api/products/1001", "method": "POST", "status": 200, "duration_ms": 37.75177758291734, "business_code": "SUCCESS", "trace_id": "trace_492127"}
{"timestamp": "2026-05-29 10:13:41", "path": "/api/orders/list", "method": "GET", "status": 200, "duration_ms": 20.740671437489567, "business_code": "SUCCESS", "trace_id": "trace_571778"}
{"timestamp": "2026-06-06 12:02:55", "path": "/api/products", "method": "GET", "status": 200, "duration_ms": 32.58625258081889, "business_code": "SUCCESS", "trace_id": "trace_843788"}
{"timestamp": "2026-05-09 11:14:23", "path": "/api/orders/list", "method": "GET", "status": 200, "duration_ms": 59.618381005973774, "business_code": "SUCCESS", "trace_id": "trace_188834"}
{"timestamp": "2026-05-10 23:23:35", "path": "/api/orders/create", "method": "PUT", "status": 200, "duration_ms": 72.13573935585896, "business_code": "SUCCESS", "trace_id": "trace_872399"}
{"timestamp": "2026-05-11 09:32:02", "path": "/api/products/2001", "method": "GET", "status": 200, "duration_ms": 128.86016970390958, "business_code": "SUCCESS", "trace_id": "trace_505116"}
{"timestamp": "2026-05-09 14:07:18", "path": "/api/products/2001", "method": "GET", "status": 200, "duration_ms": 151.47248392314845, "business_code": "SUCCESS", "trace_id": "trace_622987"}
{"timestamp": "2026-05-20 09:30:28", "path": "/api/orders/list", "method": "GET", "status": 200, "duration_ms": 46.07630111465843, "business_code": "SUCCESS", "trace_id": "trace_353690"}
{"timestamp": "2026-05-27 00:45:53", "path": "/api/products", "method": "GET", "status": 200, "duration_ms": 39.714976292288966, "business_code": "SUCCESS", "trace_id": "trace_551524"}
{"timestamp": "2026-05-28 08:49:09", "path": "/api/orders/list", "method": "GET", "status": 200, "duration_ms": 66.0767182893519, "business_code": "SUCCESS", "trace_id": "trace_812413"}
{"timestamp": "2026-05-12 15:07:12", "path": "/api/products/3001/update", "method": "GET", "status": 200, "duration_ms": 85.9459507844295, "business_code": "SUCCESS", "trace_id": "trace_890371"}
{"timestamp": "2026-05-10 06:15:41", "path": "/api/products/2001", "method": "GET", "status": 200, "duration_ms": 149.48942035251764, "business_code": "SUCCESS", "trace_id": "trace_983791"}
{"timestamp": "2026-05-13 13:56:45", "path": "/api/products/2001", "method": "GET", "status": 200, "duration_ms": 161.30681210646782, "business_code": "SUCCESS", "trace_id": "trace_270395"}
{"timestamp": "2026-05-28 05:57:32", "path": "/api/orders/list", "method": "GET", "status": 200, "duration_ms": 41.07358667707658, "business_code": "SUCCESS", "trace_id": "trace_568849"}
{"timestamp": "2026-05-25 23:58:34", "path": "/api/products", "method": "GET", "status": 200, "duration_ms": 65.95396880627678, "business_code": "SUCCESS", "trace_id": "trace_558176"}
{"timestamp": "2026-05-24 08:38:47", "path": "/api/products/2002", "method": "GET", "status": 200, "duration_ms": 4088.513901940468, "business_code": "SUCCESS", "trace_id": "trace_243941"}
{"timestamp": "2026-05-24 01:46:13", "path": "/api/products/2002", "method": "GET", "status": 200, "duration_ms": 549.467699943601, "business_code": "SUCCESS", "trace_id": "trace_324381"}
{"timestamp": "2026-05-10 03:44:09", "path": "/api/products/3001/update", "method": "GET", "status": 404, "duration_ms": 131.15848079792391, "business_code": "NOT_FOUND", "trace_id": "trace_619447"}
{"timestamp": "2026-05-23 00:58:47", "path": "/api/products/1001", "method": "GET", "status": 200, "duration_ms": 34.13617452143739, "business_code": "SUCCESS", "trace_id": "trace_868544"}
{"timestamp": "2026-05-09 20:49:47", "path": "/api/products", "method": "GET", "status": 200, "duration_ms": 59.19816105087941, "business_code": "SUCCESS", "trace_id": "trace_874661"}
{"timestamp": "2026-05-17 07:53:35", "path": "/api/products/2001", "method": "GET", "status": 200, "duration_ms": 117.05120617466594, "business_code": "SUCCESS", "trace_id": "trace_759580"}
{"timestamp": "2026-05-23 22:38:53", "path": "/api/products", "method": "GET", "status": 200, "duration_ms": 34.66093322799327, "business_code": "SUCCESS", "trace_id": "trace_454992"}
{"timestamp": "2026-06-07 03:34:08", "path": "/api/products", "method": "GET", "status": 200, "duration_ms": 54.86911991092944, "business_code": "SUCCESS", "trace_id": "trace_720556"}
{"timestamp": "2026-05-19 21:59:19", "path": "/api/products/1002", "method": "POST", "status": 200, "duration_ms": 53.07437800144839, "business_code": "SUCCESS", "trace_id": "trace_183074"}
{"timestamp": "2026-06-05 14:49:09", "path": "/api/orders/list", "method": "GET", "status": 200, "duration_ms": 71.45721061552882, "business_code": "SUCCESS", "trace_id": "trace_918164"}
{"timestamp": "2026-05-22 02:30:52", "path": "/api/products/2001", "method": "GET", "status": 200, "duration_ms": 4946.780889427988, "business_code": "SUCCESS", "trace_id": "trace_908634"}
{"timestamp": "2026-05-15 15:21:18", "path": "/api/products/3001/update", "method": "GET", "status": 200, "duration_ms": 186.8280503487424, "business_code": "SUCCESS", "trace_id": "trace_925618"}
{"timestamp": "2026-05-12 23:04:26", "path": "/api/products/1002", "method": "POST", "status": 200, "duration_ms": 38.76010280475734, "business_code": "SUCCESS", "trace_id": "trace_809217"}
{"timestamp": "2026-05-09 03:54:30", "path": "/api/products/2001", "method": "GET", "status": 200, "duration_ms": 586.750307049881, "business_code": "SUCCESS", "trace_id": "trace_856157"}
{"timestamp": "2026-05-12 16:57:05", "path": "/api/products/2001", "method": "GET", "status": 200, "duration_ms": 480.2774168552129, "business_code": "SUCCESS", "trace_id": "trace_142210"}
{"timestamp": "2026-06-06 19:25:28", "path": "/api/products", "method": "GET", "status": 200, "duration_ms": 23.741134363815156, "business_code": "SUCCESS", "trace_id": "trace_677599"}
{"timestamp": "2026-05-09 22:17:13", "path": "/api/products/3001/update", "method": "PUT", "status": 500, "duration_ms": 258.0932684411662, "business_code": "SYSTEM_ERROR", "trace_id": "trace_139110"}
{"timestamp": "2026-05-28 13:50:18", "path": "/api/orders/list", "method": "GET", "status": 200, "duration_ms": 14.706335414347617, "business_code": "SUCCESS", "trace_id": "trace_916332"}
{"timestamp": "2026-05-26 12:46:02", "path": "/api/orders/list", "method": "GET", "status": 200, "duration_ms": 44.73422585759158, "business_code": "SUCCESS", "trace_id": "trace_621691"}
{"timestamp": "2026-05-19 16:01:44", "path": "/api/products/2002", "method": "GET", "status": 200, "duration_ms": 161.14780598917673, "business_code": "SUCCESS", "trace_id": "trace_594514"}
{"timestamp": "2026-05-19 02:17:31", "path": "/api/products/2001", "method": "GET", "status": 200, "duration_ms": 131.36924834458551, "business_code": "SUCCESS", "trace_id": "trace_258787"}
{"timestamp": "2026-05-18 07:33:24", "path": "/api/products/2002", "method": "GET", "status": 200, "duration_ms": 168.0726895050679, "business_code": "SUCCESS", "trace_id": "trace_133104"}
{"timestamp": "2026-05-11 03:59:33", "path": "/api/products", "method": "POST", "status": 200, "duration_ms": 25.858013257372107, "business_code": "SUCCESS", "trace_id": "trace_244247"}
{"timestamp": "2026-05-20 07:22:35", "path": "/api/products/1002", "method": "POST", "status": 200, "duration_ms": 65.57293760476067, "business_code": "SUCCESS", "trace_id": "trace_579318"}
{"timestamp": "2026-06-10 00:53:46", "path": "/api/products/1001", "method": "GET", "status": 200, "duration_ms": 40.77238499442877, "business_code": "SUCCESS", "trace_id": "trace_607774"}
{"timestamp": "2026-05-22 12:16:05", "path": "/api/products/2002", "method": "GET", "status": 200, "duration_ms": 134.88031742013067, "business_code": "SUCCESS", "trace_id": "trace_934042"}
{"timestamp": "2026-05-28 07:44:27", "path": "/api/products", "method": "POST", "status": 200, "duration_ms": 54.76285173447362, "business_code": "SUCCESS", "trace_id": "trace_929924"}
{"timestamp": "2026-05-22 13:42:00", "path": "/api/products/1001", "method": "POST", "status": 200, "duration_ms": 13.047409761674365, "business_code": "SUCCESS", "trace_id": "trace_505674"}
{"timestamp": "2026-05-24 21:36:35", "path": "/api/orders/list", "method": "GET", "status": 200, "duration_ms": 24.11136949856906, "business_code": "SUCCESS", "trace_id": "trace_929538"}
{"timestamp": "2026-06-03 00:06:43", "path": "/api/products/1002", "method": "GET", "status": 200, "duration_ms": 25.696913067216958, "business_code": "SUCCESS", "trace_id": "trace_310743"}
{"timestamp": "2026-05-21 20:51:28", "path": "/api/products/1001", "method": "GET", "status": 200, "duration_ms": 76.73825745898604, "business_code": "SUCCESS", "trace_id": "trace_670511"}
{"timestamp": "2026-06-07 21:43:18", "path": "/api/products", "method": "GET", "status": 200, "duration_ms": 15.685599842535893, "business_code": "SUCCESS", "trace_id": "trace_772612"}
{"timestamp": "2026-05-23 23:23:14", "path": "/api/products/2001", "method": "GET", "status": 200, "duration_ms": 128.763034161414, "business_code": "SUCCESS", "trace_id": "trace_848831"}
{"timestamp": "2026-06-04 18:44:41", "path": "/api/orders/list", "method": "POST", "status": 200, "duration_ms": 15.162549903786733, "business_code": "SUCCESS", "trace_id": "trace_432427"}
{"timestamp": "2026-05-10 18:48:20", "path": "/api/products/1001", "method": "POST", "status": 200, "duration_ms": 35.32796674427492, "business_code": "SUCCESS", "trace_id": "trace_480211"}
{"timestamp": "2026-05-09 23:38:19", "path": "/api/products/2001", "method": "GET", "status": 200, "duration_ms": 3516.3333890713147, "business_code": "SUCCESS", "trace_id": "trace_352422"}
{"timestamp": "2026-06-06 08:29:46", "path": "/api/products/1002", "method": "GET", "status": 200, "duration_ms": 45.20046505145623, "business_code": "SUCCESS", "trace_id": "trace_158104"}
{"timestamp": "2026-05-09 03:54:25", "path": "/api/products/3001/update", "method": "POST", "status": 200, "duration_ms": 266.5812880244247, "business_code": "SUCCESS", "trace_id": "trace_598807"}
{"timestamp": "2026-06-08 15:59:59", "path": "/api/products/1002", "method": "POST", "status": 200, "duration_ms": 54.72938345462093, "business_code": "SUCCESS", "trace_id": "trace_622230"}
{"timestamp": "2026-05-14 02:36:32", "path": "/api/products/2002", "method": "GET", "status": 200, "duration_ms": 150.73149862012966, "business_code": "SUCCESS", "trace_id": "trace_634473"}
{"timestamp": "2026-05-21 07:39:46", "path": "/api/orders/list", "method": "GET", "status": 200, "duration_ms": 34.697122773822365, "business_code": "SUCCESS", "trace_id": "trace_698384"}
{"timestamp": "2026-05-12 03:12:29", "path": "/api/orders/list", "method": "GET", "status": 200, "duration_ms": 22.659217701808764, "business_code": "SUCCESS", "trace_id": "trace_826501"}
{"timestamp": "2026-06-11 03:15:55", "path": "/api/products", "method": "GET", "status": 200, "duration_ms": 26.921650265552696, "business_code": "SUCCESS", "trace_id": "trace_228473"}
{"timestamp": "2026-05-11 08:03:51", "path": "/api/products/1001", "method": "GET", "status": 200, "duration_ms": 33.57350603749971, "business_code": "SUCCESS", "trace_id": "trace_903531"}
{"timestamp": "2026-05-18 07:33:05", "path": "/api/products", "method": "GET", "status": 200, "duration_ms": 32.307941281481185, "business_code": "SUCCESS", "trace_id": "trace_203896"}
{"timestamp": "2026-05-31 13:32:17", "path": "/api/orders/list", "method": "GET", "status": 200, "duration_ms": 19.500989241136907, "business_code": "SUCCESS", "trace_id": "trace_177649"}
{"timestamp": "2026-05-16 11:52:18", "path": "/api/products/3001/update", "method": "PUT", "status": 200, "duration_ms": 66.0704038431714, "business_code": "SUCCESS", "trace_id": "trace_995993"}
{"timestamp": "2026-05-16 00:16:00", "path": "/api/products", "method": "GET", "status": 200, "duration_ms": 43.64134588232775, "business_code": "SUCCESS", "trace_id": "trace_489244"}
{"timestamp": "2026-05-19 06:14:26", "path": "/api/products/1002", "method": "GET", "status": 200, "duration_ms": 30.08155781192877, "business_code": "SUCCESS", "trace_id": "trace_970068"}
{"timestamp": "2026-05-13 20:36:00", "path": "/api/products/3002", "method": "GET", "status": 200, "duration_ms": 160.7057319467491, "business_code": "SUCCESS", "trace_id": "trace_837733"}
{"timestamp": "2026-06-09 12:34:17", "path": "/api/products", "method": "POST", "status": 200, "duration_ms": 66.32817079510131, "business_code": "SUCCESS", "trace_id": "trace_818264"}
