2024-07-01 09:15:30.123 [WEIGH01] Data: [S10.000]
2024-07-01 09:15:30.245 [WEIGH01] Data: [S10.000]
2024-07-01 09:15:30.367 [WEIGH01] Data: [S10.001]
2024-07-01 09:15:30.489 [WEIGH01] Data: [U9.999]
2024-07-01 09:15:30.611 [WEIGH01] Data: [S10.000]
2024-07-01 09:15:30.733 [WEIGH01] Data: [S10.000]
2024-07-01 09:15:30.855 [WEIGH01] Data: [S10.000]
2024-07-01 09:15:35.000 [WEIGH01] Data: [S15.500]
2024-07-01 09:15:35.100 [WEIGH01] Data: [S15.501]
2024-07-01 09:15:35.200 [WEIGH01] Data: [S15.500]
2024-07-01 09:15:40.000 [WEIGH01] Data: [U0.450]
2024-07-01 09:15:40.100 [WEIGH01] Data: [U0.449]
2024-07-01 09:15:40.200 [WEIGH01] Data: [S0.500]
2024-07-01 09:30:00.000 [WEIGH01] Data: [S20.000]
2024-07-01 09:30:00.100 [WEIGH01] Data: [S20.001]
2024-07-01 09:30:00.200 [WEIGH01] Data: [S20.000]
2024-07-01 09:30:00.300 [WEIGH01] Data: [S35.000]
2024-07-01 09:30:00.400 [WEIGH01] Data: [S35.000]
2024-07-01 09:30:00.500 [WEIGH01] Data: [S35.000]
2024-07-01 10:00:00.000 [WEIGH02] Data: STX500.00,SETX
2024-07-01 10:00:00.200 [WEIGH02] Data: STX500.01,SETX
2024-07-01 10:00:00.400 [WEIGH02] Data: STX500.00,SETX
2024-07-01 10:00:05.000 [WEIGH02] Data: STX600.00,UETX
2024-07-01 10:00:05.200 [WEIGH02] Data: STX600.00,UETX
2024-07-01 10:00:05.400 [WEIGH02] Data: STX600.00,SETX
2024-07-01 10:00:05.600 [WEIGH02] Data: STX600.00,SETX
2024-07-01 10:00:05.800 [WEIGH02] Data: STX600.00,SETX
2024-07-01 10:00:10.000 [WEIGH02] Data: STX100.00,SETX
2024-07-01 10:00:10.200 [WEIGH02] Data: STX100.00,SETX
2024-07-01 10:00:10.400 [WEIGH02] Data: STX100.00,SETX
2024-07-01 11:00:00.000 [WEIGH03] Data: [{"weight":25.0000,"status":"stable"}]
2024-07-01 11:00:00.200 [WEIGH03] Data: [W:25.0001 S:stable]
2024-07-01 11:00:00.400 [WEIGH03] Data: [weight:25.0000 status:stable]
2024-07-01 11:00:05.000 [WEIGH03] Data: [{"weight":10.5000,"status":"unstable"}]
2024-07-01 11:00:05.200 [WEIGH03] Data: [{"weight":10.5000,"status":"unstable"}]
2024-07-01 11:00:05.400 [WEIGH03] Data: [{"weight":2.0000,"status":"stable"}]
2024-07-01 11:00:05.600 [WEIGH03] Data: [{"weight":2.0000,"status":"stable"}]
2024-07-01 11:00:05.800 [WEIGH03] Data: [{"weight":2.0000,"status":"stable"}]
2024-07-01 12:00:00.000 [WEIGH01] Data: [S10.000]
2024-07-01 12:00:00.100 [WEIGH01] Data: [S10.000]
2024-07-01 12:00:00.200 [WEIGH01] Data: [S10.000]
2024-07-01 12:00:00.300 [WEIGH01] Data: [S10.000]
2024-07-01 12:00:00.400 [WEIGH01] Data: [S10.000]
2024-07-01 12:00:00.500 [WEIGH01] Data: [S10.000]
2024-07-01 14:30:00.000 [WEIGH01] Data: INVALID FRAME WITHOUT PROPER DELIMITERS
2024-07-01 14:30:00.100 [WEIGH01] Data: [S9.000]
2024-07-01 14:30:00.200 [WEIGH01] Data: [S9.001]
2024-07-01 14:30:00.300 [WEIGH01] Data: [S9.000]
2024-07-01 23:59:58.000 [WEIGH01] Data: [S5.600]
2024-07-01 23:59:58.100 [WEIGH01] Data: [S5.600]
2024-07-01 23:59:58.200 [WEIGH01] Data: [S5.600]
2024-07-02 00:00:02.000 [WEIGH01] Data: [S15.200]
2024-07-02 00:00:02.100 [WEIGH01] Data: [S15.200]
2024-07-02 00:00:02.200 [WEIGH01] Data: [S15.200]
2024-07-01 10:00:15.000 [WEIGH02] Data: STX500.00,SETX
2024-07-01 10:00:15.000 [WEIGH02] Data: STX500.00,SETX
2024-07-01 10:00:15.000 [WEIGH02] Data: STX500.00,SETX
2024-07-01 10:00:15.000 [WEIGH02] Data: STX500.00,SETX
