# Java HotSpot(TM) 64-Bit Server VM (25.282-b08) for linux-amd64 JRE (1.8.0_282-b08), built on Jan  8 2021 09:55:45 by "java_re" with gcc 7.3.0
# Memory: 4k page, physical 16333148k(12782652k free), swap 0k(0k free)
# CommandLine flags: -XX:+UseG1GC -Xms4g -Xmx4g -XX:MaxGCPauseMillis=200 -XX:G1HeapRegionSize=4m -XX:InitiatingHeapOccupancyPercent=45 -XX:+ExplicitGCInvokesConcurrent

0.123: [G1Ergonomics (Heap Sizing) initiate heap sizing, requested 4194304K, aligned 4194304K]
0.500: [GC pause (G1 Evacuation Pause) (young), 0.0854320 secs]
   [Parallel Time: 78.2 ms, GC Workers: 8]
      [GC Worker Start (ms): Min: 500.1, Avg: 500.2, Max: 500.3, Diff: 0.2]
      [Ext Root Scanning (ms): Min: 2.1, Avg: 2.5, Max: 3.2, Diff: 1.1, Sum: 20.0]
      [Update RS (ms): Min: 35.2, Avg: 36.1, Max: 37.5, Diff: 2.3, Sum: 288.8]
         [Processed Buffers: Min: 25, Avg: 28.2, Max: 32, Diff: 7, Sum: 226]
      [Scan RS (ms): Min: 8.5, Avg: 9.1, Max: 9.8, Diff: 1.3, Sum: 72.8]
      [Code Root Scanning (ms): Min: 0.0, Avg: 0.2, Max: 0.5, Diff: 0.5, Sum: 1.6]
      [Object Copy (ms): Min: 23.5, Avg: 24.8, Max: 26.1, Diff: 2.6, Sum: 198.4]
      [Termination (ms): Min: 0.0, Avg: 0.0, Max: 0.0, Diff: 0.0, Sum: 0.0]
         [Termination Attempts: Min: 1, Avg: 1.5, Max: 2, Diff: 1, Sum: 12]
      [GC Worker End (ms): Min: 578.2, Avg: 578.2, Max: 578.3, Diff: 0.1]
      [GC Worker Other (ms): Min: 0.0, Avg: 0.1, Max: 0.2, Diff: 0.2, Sum: 0.8]
      [GC Worker Total (ms): Min: 78.0, Avg: 78.1, Max: 78.2, Diff: 0.2, Sum: 624.8]
   [Code Root Fixup: 0.5 ms]
   [Code Root Purge: 0.1 ms]
   [Clear CT: 1.2 ms]
   [Other: 5.4 ms]
      [Choose CSet: 0.1 ms]
      [Ref Proc: 2.3 ms]
      [Ref Enq: 0.2 ms]
      [Redirty Cards: 0.8 ms]
      [Humongous Register: 0.5 ms]
      [Humongous Reclaim: 0.3 ms]
      [Free CSet: 1.2 ms]
   [Eden: 1024.0M(1024.0M)->0.0B(1024.0M) Survivors: 64.0M->64.0M Heap: 1200.0M(4096.0M)->180.0M(4096.0M)]
 [Times: user=0.65 sys=0.02, real=0.09 secs]

1.200: [GC pause (G1 Evacuation Pause) (young), 0.0723150 secs]
   [Parallel Time: 65.8 ms, GC Workers: 8]
   [Eden: 1024.0M(1024.0M)->0.0B(1024.0M) Survivors: 64.0M->64.0M Heap: 1220.0M(4096.0M)->200.0M(4096.0M)]
 [Times: user=0.52 sys=0.01, real=0.07 secs]

2.100: [GC pause (G1 Evacuation Pause) (young), 0.0987650 secs]
   [Parallel Time: 92.1 ms, GC Workers: 8]
   [Eden: 1024.0M(1024.0M)->0.0B(1024.0M) Survivors: 64.0M->64.0M Heap: 1250.0M(4096.0M)->230.0M(4096.0M)]
 [Times: user=0.73 sys=0.03, real=0.10 secs]

3.500: [GC pause (G1 Evacuation Pause) (mixed), 0.1567890 secs]
   [Parallel Time: 145.2 ms, GC Workers: 8]
   [Eden: 1024.0M(1024.0M)->0.0B(1024.0M) Survivors: 64.0M->64.0M Heap: 2800.0M(4096.0M)->1500.0M(4096.0M)]
 [Times: user=1.15 sys=0.05, real=0.16 secs]

5.200: [GC pause (G1 Evacuation Pause) (young), 0.0891230 secs]
   [Parallel Time: 82.5 ms, GC Workers: 8]
   [Eden: 1024.0M(1024.0M)->0.0B(1024.0M) Survivors: 64.0M->64.0M Heap: 2550.0M(4096.0M)->1550.0M(4096.0M)]
 [Times: user=0.65 sys=0.02, real=0.09 secs]

7.800: [GC pause (G1 Evacuation Pause) (young), 0.0754320 secs]
   [Parallel Time: 68.9 ms, GC Workers: 8]
   [Eden: 1024.0M(1024.0M)->0.0B(1024.0M) Survivors: 64.0M->64.0M Heap: 2580.0M(4096.0M)->1580.0M(4096.0M)]
 [Times: user=0.55 sys=0.01, real=0.08 secs]

10.500: [GC pause (G1 Evacuation Pause) (mixed), 0.1876540 secs]
   [Parallel Time: 175.3 ms, GC Workers: 8]
   [Eden: 1024.0M(1024.0M)->0.0B(1024.0M) Survivors: 64.0M->64.0M Heap: 3500.0M(4096.0M)->2200.0M(4096.0M)]
 [Times: user=1.40 sys=0.06, real=0.19 secs]

12.300: [GC pause (G1 Humongous Allocation), 0.0051230 secs]
   [Humongous Object: 2.5M (allocated directly in old gen)]
 [Times: user=0.01 sys=0.00, real=0.01 secs]

14.100: [GC pause (G1 Evacuation Pause) (young), 0.0823450 secs]
   [Parallel Time: 75.8 ms, GC Workers: 8]
   [Eden: 1024.0M(1024.0M)->0.0B(1024.0M) Survivors: 64.0M->64.0M Heap: 3250.0M(4096.0M)->2250.0M(4096.0M)]
 [Times: user=0.60 sys=0.02, real=0.08 secs]

16.800: [GC pause (G1 Evacuation Pause) (young), 0.0789010 secs]
   [Parallel Time: 72.1 ms, GC Workers: 8]
   [Eden: 1024.0M(1024.0M)->0.0B(1024.0M) Survivors: 64.0M->64.0M Heap: 3280.0M(4096.0M)->2280.0M(4096.0M)]
 [Times: user=0.58 sys=0.02, real=0.08 secs]

18.500: [Full GC (Allocation Failure), 0.8543210 secs]
   [Eden: 0.0B(1024.0M)->0.0B(1024.0M) Survivors: 0.0B->0.0B Heap: 3800.0M(4096.0M)->1800.0M(4096.0M)]
   [Metaspace: 128564K->128564K(131072K)]
 [Times: user=6.85 sys=0.25, real=0.85 secs]

20.100: [GC pause (G1 Evacuation Pause) (young), 0.0912340 secs]
   [Parallel Time: 84.5 ms, GC Workers: 8]
   [Eden: 1024.0M(1024.0M)->0.0B(1024.0M) Survivors: 64.0M->64.0M Heap: 2850.0M(4096.0M)->1850.0M(4096.0M)]
 [Times: user=0.68 sys=0.02, real=0.09 secs]

22.300: [GC pause (G1 Evacuation Pause) (young), 0.0765430 secs]
   [Parallel Time: 69.8 ms, GC Workers: 8]
   [Eden: 1024.0M(1024.0M)->0.0B(1024.0M) Survivors: 64.0M->64.0M Heap: 2880.0M(4096.0M)->1880.0M(4096.0M)]
 [Times: user=0.56 sys=0.01, real=0.08 secs]

24.500: [GC pause (G1 Humongous Allocation), 0.0067890 secs]
   [Humongous Object: 3.0M (allocated directly in old gen)]
 [Times: user=0.01 sys=0.00, real=0.01 secs]

26.200: [GC pause (G1 Evacuation Pause) (young) (to-space exhausted), 0.2567890 secs]
   [Parallel Time: 245.2 ms, GC Workers: 8]
   [Eden: 1024.0M(1024.0M)->0.0B(1024.0M) Survivors: 64.0M->64.0M Heap: 3600.0M(4096.0M)->2600.0M(4096.0M)]
 [Times: user=1.95 sys=0.10, real=0.26 secs]

28.500: [Full GC (Metadata GC Threshold), 0.7234560 secs]
   [Eden: 0.0B(1024.0M)->0.0B(1024.0M) Survivors: 0.0B->0.0B Heap: 3900.0M(4096.0M)->1900.0M(4096.0M)]
   [Metaspace: 180000K->180000K(256000K)]
 [Times: user=5.78 sys=0.20, real=0.72 secs]

30.100: [GC pause (G1 Evacuation Pause) (young), 0.0876540 secs]
   [Parallel Time: 80.5 ms, GC Workers: 8]
   [Eden: 1024.0M(1024.0M)->0.0B(1024.0M) Survivors: 64.0M->64.0M Heap: 2950.0M(4096.0M)->1950.0M(4096.0M)]
 [Times: user=0.64 sys=0.02, real=0.09 secs]
