{"path":"/api/users","tenant":"tenant_002","status":200,"latency":199,"request_id":"req_jp5uwo2dpf","timestamp":1778982189553}
{"path":"/api/orders","tenant":"","status":200,"latency":203,"request_id":"req_aftmmt257i6","timestamp":1778967502301}
{"path":"/api/products","tenant":"","status":404,"latency":90,"request_id":"req_tjidozfsxm","timestamp":1778986441581}
{"path":"/api/auth/refresh","tenant":"tenant_002","status":200,"latency":75,"request_id":"req_jnfccfvq6tm","timestamp":1778957300440}
{"path":"/api/products","tenant":"","status":401,"latency":35,"request_id":"req_78v2jtfdvli","timestamp":1778959871878}
{"path":"/api/products","tenant":"tenant_002","status":400,"latency":42,"request_id":"req_e06v2qchyuw","timestamp":1779034702402}
{"path":"/api/auth/login","tenant":"tenant_001","status":400,"latency":528,"request_id":"req_aity52ptne","timestamp":1778954638354}
{"path":"/api/auth/login","tenant":"tenant_001","status":200,"latency":1320,"request_id":"req_25pacwrprtb","timestamp":1779007443345}
{"path":"/api/orders","tenant":"","status":201,"latency":172,"request_id":"req_p6wfgrkicu","timestamp":1778955125940}
{"path":"/api/auth/refresh","tenant":"tenant_001","status":401,"latency":108,"request_id":"req_drpmh823kol","timestamp":1778993628625}
{"path":"/api/users","tenant":"tenant_001","status":400,"latency":83,"request_id":"req_ufqwgw328p","timestamp":1779030137890}
{"path":"/api/dashboard/stats","tenant":"","status":201,"latency":1510,"request_id":"req_gpezo7qu5f6","timestamp":1779028672654}
{"path":"/api/dashboard/stats","tenant":"tenant_003","status":400,"latency":1379,"request_id":"req_86nnpq7liwi","timestamp":1778983727031}
{"path":"/api/orders","tenant":"tenant_001","status":404,"latency":113,"request_id":"req_kq3ipyhud8","timestamp":1778952344375}
{"path":"/api/auth/login","tenant":"tenant_003","status":404,"latency":609,"request_id":"req_5mvzmqpaxfa","timestamp":1778952782345}
{"path":"/api/products","tenant":"","status":201,"latency":57,"request_id":"req_sbbydao90k","timestamp":1778990230700}
{"path":"/api/reports/generate","tenant":"tenant_003","status":500,"latency":794,"request_id":"req_fp9launpgfr","timestamp":1778973722531}
{"path":"/api/auth/login","tenant":"tenant_001","status":404,"latency":745,"request_id":"req_nt4jfuv08rf","timestamp":1779006030177}
{"path":"/api/users","tenant":"","status":404,"latency":73,"request_id":"req_80usaiwrcdq","timestamp":1778966653682}
{"path":"/api/auth/login","tenant":"tenant_003","status":200,"latency":1234,"request_id":"req_y24o77kent","timestamp":1778993381548}
{"path":"/api/dashboard/stats","tenant":"tenant_003","status":200,"latency":3939,"request_id":"req_i2kwq6cxw6f","timestamp":1778966789997}
{"path":"/api/reports/generate","tenant":"tenant_001","status":500,"latency":594,"request_id":"req_fgpbpybnqv","timestamp":1778967173217}
{"path":"/api/orders","tenant":"","status":200,"latency":232,"request_id":"req_5ir65tr2lo","timestamp":1778967868307}
{"path":"/api/users","tenant":"tenant_001","status":500,"latency":173,"request_id":"req_ebpvi4qwd3a","timestamp":1779018474344}
{"path":"/api/auth/refresh","tenant":"tenant_002","status":500,"latency":152,"request_id":"req_chwm0l1c21e","timestamp":1778964563587}
{"path":"/api/auth/login","tenant":"tenant_003","status":500,"latency":681,"request_id":"req_09w8532hiuss","timestamp":1779027554801}
{"path":"/api/orders","tenant":"tenant_003","status":401,"latency":174,"request_id":"req_ihmhf5y2lm","timestamp":1779035565111}
{"path":"/api/users","tenant":"tenant_002","status":200,"latency":215,"request_id":"req_0ng1l8cvm5vf","timestamp":1779013208561}
{"path":"/api/auth/refresh","tenant":"tenant_003","status":401,"latency":111,"request_id":"req_rl213o7cl09","timestamp":1778971062039}
{"path":"/api/dashboard/stats","tenant":"tenant_003","status":201,"latency":3229,"request_id":"req_v4lx1gfpks","timestamp":1779015825544}
{"path":"/api/reports/generate","tenant":"","status":201,"latency":2819,"request_id":"req_l1d7upyefp","timestamp":1778955167149}
{"path":"/api/users","tenant":"","status":200,"latency":277,"request_id":"req_jjmxqgwm6h","timestamp":1779028279032}
{"path":"/api/auth/login","tenant":"tenant_001","status":201,"latency":694,"request_id":"req_w9m4rqq4uzg","timestamp":1778998458325}
{"path":"/api/auth/refresh","tenant":"tenant_001","status":500,"latency":107,"request_id":"req_wixg5o7gec","timestamp":1779019628611}
{"path":"/api/auth/login","tenant":"tenant_003","status":200,"latency":1229,"request_id":"req_oucledztv2","timestamp":1778976725498}
{"path":"/api/auth/refresh","tenant":"tenant_001","status":201,"latency":142,"request_id":"req_1118rdinlmpq","timestamp":1779004431617}
{"path":"/api/dashboard/stats","tenant":"tenant_001","status":500,"latency":926,"request_id":"req_glcwk477oh","timestamp":1779027306254}
{"path":"/api/products","tenant":"tenant_003","status":404,"latency":157,"request_id":"req_4nyl2z44zyl","timestamp":1779011688853}
{"path":"/api/auth/refresh","tenant":"","status":200,"latency":118,"request_id":"req_31pgxnbenhp","timestamp":1779003564627}
{"path":"/api/reports/generate","tenant":"tenant_001","status":400,"latency":837,"request_id":"req_u8hwdvfjwh","timestamp":1779026753983}
{"path":"/api/auth/refresh","tenant":"","status":200,"latency":203,"request_id":"req_xlft7ncbnlj","timestamp":1779019542983}
{"path":"/api/orders","tenant":"","status":200,"latency":317,"request_id":"req_gykdws3lqe","timestamp":1778983645310}
{"path":"/api/reports/generate","tenant":"tenant_001","status":201,"latency":1806,"request_id":"req_6ct1wb4uwbg","timestamp":1778953407747}
{"path":"/api/auth/refresh","tenant":"tenant_003","status":200,"latency":84,"request_id":"req_a2ufspomwje","timestamp":1778964335172}
{"path":"/api/users","tenant":"tenant_002","status":200,"latency":95,"request_id":"req_9rp5fvs8mbc","timestamp":1778993367497}
{"path":"/api/reports/generate","tenant":"","status":200,"latency":1658,"request_id":"req_mli968xc9y","timestamp":1778955982530}
{"path":"/api/orders","tenant":"tenant_001","status":200,"latency":72,"request_id":"req_fi1hmraiv9a","timestamp":1778995195421}
{"path":"/api/dashboard/stats","tenant":"","status":200,"latency":4577,"request_id":"req_lngrpa6tzzh","timestamp":1778962724223}
{"path":"/api/auth/refresh","tenant":"tenant_001","status":500,"latency":71,"request_id":"req_xsav6bnad1c","timestamp":1778996153203}
{"path":"/api/users","tenant":"tenant_001","status":200,"latency":153,"request_id":"req_htd86usihan","timestamp":1779018218042}
{"path":"/api/auth/login","tenant":"tenant_001","status":400,"latency":537,"request_id":"req_g7okhrabrlh","timestamp":1779005753961}
{"path":"/api/auth/refresh","tenant":"tenant_002","status":400,"latency":141,"request_id":"req_2grbj5iy76t","timestamp":1778951070417}
{"path":"/api/orders","tenant":"tenant_001","status":200,"latency":269,"request_id":"req_l31v89p8ydr","timestamp":1779024597902}
{"path":"/api/users","tenant":"tenant_002","status":500,"latency":133,"request_id":"req_dmil97uy94","timestamp":1779024978405}
{"path":"/api/products","tenant":"tenant_003","status":200,"latency":76,"request_id":"req_tlcz54izxnl","timestamp":1779004540052}
{"path":"/api/auth/login","tenant":"tenant_003","status":400,"latency":448,"request_id":"req_du3zt5e0u7j","timestamp":1779029113356}
{"path":"/api/products","tenant":"","status":401,"latency":119,"request_id":"req_a9p3bj42pat","timestamp":1778972698899}
{"path":"/api/products","tenant":"tenant_002","status":200,"latency":77,"request_id":"req_5nhjh7d8baa","timestamp":1779009486997}
{"path":"/api/auth/refresh","tenant":"tenant_002","status":201,"latency":282,"request_id":"req_lvvljgmgaud","timestamp":1778997532522}
{"path":"/api/users","tenant":"tenant_003","status":200,"latency":153,"request_id":"req_ffhljxdtse","timestamp":1779031908909}
{"path":"/api/auth/refresh","tenant":"tenant_001","status":200,"latency":105,"request_id":"req_fsgv5h8o03r","timestamp":1779012246900}
{"path":"/api/auth/login","tenant":"tenant_002","status":200,"latency":512,"request_id":"req_gmbx2fjrlyf","timestamp":1779023604184}
{"path":"/api/users","tenant":"tenant_001","status":201,"latency":165,"request_id":"req_ihgjxd0s","timestamp":1779001046977}
{"path":"/api/users","tenant":"","status":200,"latency":337,"request_id":"req_pp96r5uhwh","timestamp":1778984266733}
{"path":"/api/orders","tenant":"tenant_003","status":201,"latency":126,"request_id":"req_6o75r58k9ln","timestamp":1779034974364}
{"path":"/api/auth/refresh","tenant":"tenant_003","status":200,"latency":169,"request_id":"req_lhoub76ifs","timestamp":1779006111571}
{"path":"/api/products","tenant":"tenant_002","status":500,"latency":93,"request_id":"req_uiluik3im2m","timestamp":1779008323216}
{"path":"/api/dashboard/stats","tenant":"","status":404,"latency":1484,"request_id":"req_oxcdix63mbp","timestamp":1778952844308}
{"path":"/api/auth/refresh","tenant":"","status":200,"latency":137,"request_id":"req_3ssq9xeddxw","timestamp":1778993494822}
{"path":"/api/products","tenant":"tenant_002","status":201,"latency":217,"request_id":"req_a6bkrpl7nts","timestamp":1778985244581}
{"path":"/api/auth/refresh","tenant":"tenant_001","status":500,"latency":171,"request_id":"req_ge3r3owmdrc","timestamp":1779001990540}
{"path":"/api/products","tenant":"","status":200,"latency":152,"request_id":"req_1fl8m9kyeli","timestamp":1779018912896}
{"path":"/api/auth/refresh","tenant":"","status":401,"latency":174,"request_id":"req_5p0iy1p6vc","timestamp":1778980627703}
{"path":"/api/reports/generate","tenant":"tenant_003","status":404,"latency":1346,"request_id":"req_rxi3h0hb5s","timestamp":1778999648667}
{"path":"/api/users","tenant":"tenant_003","status":200,"latency":89,"request_id":"req_b8d5f7yd4o6","timestamp":1778959685791}
{"path":"/api/orders","tenant":"tenant_001","status":200,"latency":116,"request_id":"req_3bq3xstcb1a","timestamp":1778956821258}
{"path":"/api/dashboard/stats","tenant":"tenant_003","status":201,"latency":2096,"request_id":"req_5n0askh7hp6","timestamp":1779000923861}
{"path":"/api/auth/refresh","tenant":"tenant_003","status":200,"latency":223,"request_id":"req_gdct3yihz0f","timestamp":1778995442789}
{"path":"/api/users","tenant":"tenant_002","status":404,"latency":94,"request_id":"req_fkrgrbhfzfb","timestamp":1779001827607}
{"path":"/api/auth/login","tenant":"","status":200,"latency":1323,"request_id":"req_2dcyhnwrx17","timestamp":1779018567547}
{"path":"/api/auth/login","tenant":"tenant_003","status":201,"latency":1105,"request_id":"req_fuxo1ntqs8h","timestamp":1779019756147}
{"path":"/api/orders","tenant":"tenant_001","status":200,"latency":226,"request_id":"req_9znc3shf1eq","timestamp":1779020707607}
{"path":"/api/auth/refresh","tenant":"tenant_002","status":400,"latency":25,"request_id":"req_ar0o7etfnr","timestamp":1779018353758}
{"path":"/api/dashboard/stats","tenant":"tenant_002","status":404,"latency":1193,"request_id":"req_wiufp129cu","timestamp":1779036546973}
{"path":"/api/users","tenant":"tenant_003","status":201,"latency":211,"request_id":"req_9xrfg8hin2f","timestamp":1779026511130}
{"path":"/api/dashboard/stats","tenant":"tenant_001","status":200,"latency":2399,"request_id":"req_689xr21sl3n","timestamp":1779009157734}
{"path":"/api/orders","tenant":"","status":200,"latency":109,"request_id":"req_m7skp95ucbf","timestamp":1779006796596}
{"path":"/api/products","tenant":"tenant_001","status":500,"latency":133,"request_id":"req_bwudh10w2a","timestamp":1778998462378}
{"path":"/api/products","tenant":"tenant_003","status":404,"latency":96,"request_id":"req_ekp3gk0zx0d","timestamp":1778955219004}
{"path":"/api/auth/login","tenant":"tenant_001","status":404,"latency":389,"request_id":"req_lxax1oh57w","timestamp":1779015971445}
{"path":"/api/products","tenant":"tenant_001","status":201,"latency":305,"request_id":"req_luxh0mdhb5k","timestamp":1779001610226}
{"path":"/api/auth/login","tenant":"tenant_002","status":500,"latency":375,"request_id":"req_fx0xe6ho9m","timestamp":1779032162630}
{"path":"/api/auth/login","tenant":"tenant_001","status":401,"latency":409,"request_id":"req_8pz3htdeiiv","timestamp":1778981116296}
{"path":"/api/dashboard/stats","tenant":"","status":200,"latency":2246,"request_id":"req_m6rhrdkubn","timestamp":1778987878236}
{"path":"/api/users","tenant":"tenant_003","status":201,"latency":92,"request_id":"req_m0d7p8axh1o","timestamp":1778981455633}
{"path":"/api/users","tenant":"tenant_002","status":400,"latency":526,"request_id":"req_hhzkb8fdkjo","timestamp":1778974750420}
{"path":"/api/reports/generate","tenant":"tenant_003","status":404,"latency":546,"request_id":"req_rgsv5eui3m","timestamp":1779031287382}
{"path":"/api/auth/refresh","tenant":"","status":404,"latency":29,"request_id":"req_fqee4plmkm","timestamp":1779010444045}
{"path":"/api/auth/login","tenant":"tenant_003","status":200,"latency":1376,"request_id":"req_0emv6ux0zqut","timestamp":1779032414002}
{"path":"/api/auth/login","tenant":"","status":404,"latency":467,"request_id":"req_irf2s3kclij","timestamp":1778950440033}
{"path":"/api/auth/login","tenant":"tenant_001","status":400,"latency":537,"request_id":"req_g7okhrabrlh","timestamp":1779005753961}
{"path":"/api/orders","tenant":"","status":200,"latency":264,"request_id":"req_i95fb0hujbb","timestamp":1778989494570}
{"path":"/api/auth/login","tenant":"","status":400,"latency":541,"request_id":"req_hckhtmz0z4t","timestamp":1779015899327}
{"path":"/api/dashboard/stats","tenant":"","status":201,"latency":1793,"request_id":"req_m9z3ttek3i","timestamp":1779012913718}
{"path":"/api/auth/refresh","tenant":"tenant_003","status":200,"latency":71,"request_id":"req_ur0cva6ez0n","timestamp":1779027066659}
{"path":"/api/users","tenant":"","status":400,"latency":420,"request_id":"req_zrn3w27f19","timestamp":1778968137347}
{"path":"/api/auth/login","tenant":"","status":404,"latency":403,"request_id":"req_w0i3qhsk01h","timestamp":1778999570845}
{"path":"/api/reports/generate","tenant":"tenant_003","status":404,"latency":1376,"request_id":"req_3ogxszmz9kz","timestamp":1779025057913}
{"path":"/api/auth/refresh","tenant":"","status":500,"latency":96,"request_id":"req_mli791a7k3k","timestamp":1779017199642}
{"path":"/api/reports/generate","tenant":"","status":400,"latency":1746,"request_id":"req_wm0uwkpr17r","timestamp":1779030840378}
{"path":"/api/auth/login","tenant":"tenant_002","status":500,"latency":633,"request_id":"req_v43q0zbf0v8","timestamp":1778976094866}
{"path":"/api/users","tenant":"","status":200,"latency":290,"request_id":"req_hjeuqviitnr","timestamp":1778989939670}
{"path":"/api/products","tenant":"tenant_001","status":201,"latency":261,"request_id":"req_nt3oy4xqa2","timestamp":1778977546291}
{"path":"/api/auth/login","tenant":"tenant_003","status":200,"latency":989,"request_id":"req_f4vp6ryw38","timestamp":1779023800669}
{"path":"/api/auth/refresh","tenant":"","status":401,"latency":174,"request_id":"req_sic0bxlz26","timestamp":1778953907478}
{"path":"/api/auth/refresh","tenant":"tenant_002","status":200,"latency":158,"request_id":"req_9bg94wpz1lq","timestamp":1779021452106}
{"path":"/api/dashboard/stats","tenant":"tenant_001","status":200,"latency":1337,"request_id":"req_egkxekyvalm","timestamp":1778995008911}
{"path":"/api/auth/refresh","tenant":"tenant_001","status":401,"latency":84,"request_id":"req_rnv6h3qflhr","timestamp":1779001134082}
{"path":"/api/dashboard/stats","tenant":"","status":401,"latency":616,"request_id":"req_6pvyp1l82tl","timestamp":1778980676089}
{"path":"/api/orders","tenant":"tenant_003","status":201,"latency":216,"request_id":"req_hh6ks1dt8v7","timestamp":1779022756919}
{"path":"/api/dashboard/stats","tenant":"","status":200,"latency":2615,"request_id":"req_jtpai2iozl","timestamp":1779002330074}
{"path":"/api/reports/generate","tenant":"","status":500,"latency":1115,"request_id":"req_5jdg2pt0ch2","timestamp":1778952837587}
{"path":"/api/dashboard/stats","tenant":"tenant_001","status":401,"latency":1277,"request_id":"req_9vrit4wpben","timestamp":1778970896628}
{"path":"/api/auth/refresh","tenant":"tenant_001","status":200,"latency":173,"request_id":"req_vme0waiysg","timestamp":1779020599111}
{"path":"/api/users","tenant":"tenant_002","status":401,"latency":675,"request_id":"req_8o6jqbtaft3","timestamp":1778979560628}
{"path":"/api/dashboard/stats","tenant":"tenant_002","status":400,"latency":1877,"request_id":"req_8p39cdu5m8e","timestamp":1778994502942}
{"path":"/api/dashboard/stats","tenant":"tenant_001","status":404,"latency":1940,"request_id":"req_z34earvemkr","timestamp":1778986457821}
{"path":"/api/users","tenant":"tenant_002","status":200,"latency":993,"request_id":"req_1awr90iesi9","timestamp":1778955763625}
{"path":"/api/users","tenant":"tenant_003","status":401,"latency":58,"request_id":"req_qnn9m1tkrv","timestamp":1778974010611}
{"path":"/api/auth/login","tenant":"","status":200,"latency":557,"request_id":"req_nro9c00tsgr","timestamp":1779028754033}
{"path":"/api/products","tenant":"tenant_001","status":404,"latency":61,"request_id":"req_4cooxmztzci","timestamp":1778964511177}
{"path":"/api/auth/refresh","tenant":"tenant_003","status":200,"latency":138,"request_id":"req_k7imfvzqv9t","timestamp":1778995989461}
{"path":"/api/auth/login","tenant":"tenant_002","status":200,"latency":657,"request_id":"req_7ltzgrrv49h","timestamp":1778962020223}
{"path":"/api/orders","tenant":"","status":200,"latency":128,"request_id":"req_sb5rb9b3svp","timestamp":1778970448893}
{"path":"/api/reports/generate","tenant":"tenant_001","status":400,"latency":1642,"request_id":"req_j0mmvy9o9rj","timestamp":1778987625823}
{"path":"/api/dashboard/stats","tenant":"","status":200,"latency":1420,"request_id":"req_7i2l9w4rfvg","timestamp":1778950987890}
{"path":"/api/users","tenant":"tenant_003","status":200,"latency":144,"request_id":"req_z29tp579ti","timestamp":1779031491278}
{"path":"/api/auth/login","tenant":"","status":200,"latency":515,"request_id":"req_5dph0oo62wg","timestamp":1779002480630}
{"path":"/api/reports/generate","tenant":"tenant_002","status":404,"latency":1321,"request_id":"req_2ztccp59tir","timestamp":1779014498714}
{"path":"/api/dashboard/stats","tenant":"","status":400,"latency":1373,"request_id":"req_v93ljzb2lmp","timestamp":1778996306485}
{"path":"/api/auth/login","tenant":"tenant_001","status":201,"latency":1460,"request_id":"req_j4iy9c48p2c","timestamp":1778997601398}
{"path":"/api/products","tenant":"tenant_002","status":404,"latency":88,"request_id":"req_0knwkhlp5aao","timestamp":1778960057986}
{"path":"/api/reports/generate","tenant":"","status":401,"latency":1041,"request_id":"req_n5kzdamchvi","timestamp":1779026762430}
{"path":"/api/reports/generate","tenant":"tenant_001","status":400,"latency":925,"request_id":"req_s5b19i0zhi","timestamp":1779016112652}
{"path":"/api/users","tenant":"tenant_001","status":201,"latency":144,"request_id":"req_wfi7t4tkbe","timestamp":1779030606527}
{"path":"/api/auth/login","tenant":"tenant_002","status":200,"latency":556,"request_id":"req_84wxpicz75","timestamp":1778971405970}
{"path":"/api/orders","tenant":"tenant_003","status":500,"latency":93,"request_id":"req_caqn1f7db5w","timestamp":1779001498543}
{"path":"/api/auth/login","tenant":"tenant_001","status":500,"latency":588,"request_id":"req_cldb8x0w0v5","timestamp":1779004248219}
{"path":"/api/reports/generate","tenant":"tenant_002","status":400,"latency":590,"request_id":"req_ttlhuoc1yvi","timestamp":1778999763485}
{"path":"/api/dashboard/stats","tenant":"tenant_002","status":401,"latency":769,"request_id":"req_uawr63cuddj","timestamp":1779001010924}
{"path":"/api/reports/generate","tenant":"tenant_003","status":500,"latency":1689,"request_id":"req_vc0dm2t6j9s","timestamp":1778957892627}
{"path":"/api/auth/login","tenant":"tenant_003","status":200,"latency":1483,"request_id":"req_ojcygxlwit","timestamp":1778983275531}
{"path":"/api/dashboard/stats","tenant":"","status":400,"latency":635,"request_id":"req_nk1rxdwnwo","timestamp":1778950376789}
{"path":"/api/products","tenant":"","status":200,"latency":82,"request_id":"req_hqb5n7ollw","timestamp":1778963463819}
{"path":"/api/auth/refresh","tenant":"","status":200,"latency":73,"request_id":"req_qri61nehv6i","timestamp":1779023866909}
{"path":"/api/products","tenant":"","status":401,"latency":135,"request_id":"req_ihjkllbckp8","timestamp":1778952878356}
{"path":"/api/auth/refresh","tenant":"tenant_002","status":404,"latency":125,"request_id":"req_x3p9pktts7l","timestamp":1778985873157}
{"path":"/api/orders","tenant":"tenant_002","status":400,"latency":161,"request_id":"req_cotbtuune6l","timestamp":1778992049174}
{"path":"/api/orders","tenant":"","status":200,"latency":281,"request_id":"req_4rsgmza1lzv","timestamp":1778996938949}
{"path":"/api/auth/refresh","tenant":"tenant_002","status":404,"latency":122,"request_id":"req_xxs6pt1lqhe","timestamp":1779034146001}
{"path":"/api/auth/refresh","tenant":"","status":200,"latency":263,"request_id":"req_d83haap85n","timestamp":1778993053662}
{"path":"/api/orders","tenant":"tenant_001","status":200,"latency":1189,"request_id":"req_jd85c9xor6","timestamp":1778956393229}
{"path":"/api/products","tenant":"tenant_003","status":200,"latency":70,"request_id":"req_kdtg26t7sc9","timestamp":1779014618630}
{"path":"/api/auth/login","tenant":"tenant_002","status":404,"latency":702,"request_id":"req_d67v3sw8xtc","timestamp":1778957855304}
{"path":"/api/auth/refresh","tenant":"tenant_001","status":500,"latency":136,"request_id":"req_wqwdt1qmv1","timestamp":1778981833014}
{"path":"/api/orders","tenant":"","status":400,"latency":129,"request_id":"req_p4u0sx8zt3","timestamp":1778981444550}
{"path":"/api/products","tenant":"tenant_002","status":500,"latency":141,"request_id":"req_cx130v36qoe","timestamp":1778981509057}
{"path":"/api/auth/refresh","tenant":"tenant_001","status":401,"latency":156,"request_id":"req_iq0jdt4swd","timestamp":1778970380725}
{"path":"/api/auth/login","tenant":"","status":400,"latency":449,"request_id":"req_ifwala0tfb","timestamp":1778985614580}
{"path":"/api/orders","tenant":"tenant_001","status":200,"latency":446,"request_id":"req_4wqvxxcmj59","timestamp":1778978788702}
{"path":"/api/orders","tenant":"tenant_003","status":400,"latency":162,"request_id":"req_c9ybpv9l01q","timestamp":1779023523694}
{"path":"/api/reports/generate","tenant":"tenant_002","status":404,"latency":1000,"request_id":"req_fg7mzuslr6e","timestamp":1778959659739}
{"path":"/api/products","tenant":"tenant_001","status":404,"latency":69,"request_id":"req_25ym9p119tt","timestamp":1779004031387}
{"path":"/api/users","tenant":"","status":500,"latency":89,"request_id":"req_gezueoweq4","timestamp":1778952977233}
{"path":"/api/auth/refresh","tenant":"","status":201,"latency":308,"request_id":"req_rr6b8f899oq","timestamp":1779019104213}
{"path":"/api/reports/generate","tenant":"tenant_001","status":401,"latency":5354,"request_id":"req_qy8wgrol48","timestamp":1778998412460}
{"path":"/api/orders","tenant":"tenant_003","status":200,"latency":116,"request_id":"req_ytnnxnhh3e","timestamp":1778969077043}
{"path":"/api/auth/login","tenant":"tenant_001","status":404,"latency":483,"request_id":"req_mbeo6cwour","timestamp":1778974864909}
{"path":"/api/auth/refresh","tenant":"tenant_001","status":201,"latency":285,"request_id":"req_e4pcrvc20bs","timestamp":1778995404870}
{"path":"/api/users","tenant":"","status":404,"latency":60,"request_id":"req_pqohxk0s6k","timestamp":1779008262570}
{"path":"/api/products","tenant":"","status":200,"latency":259,"request_id":"req_1ck0uww5w0h","timestamp":1778980605347}
{"path":"/api/reports/generate","tenant":"tenant_002","status":200,"latency":3635,"request_id":"req_b9vpbev81wn","timestamp":1778980424280}
{"path":"/api/reports/generate","tenant":"tenant_002","status":200,"latency":3048,"request_id":"req_pacy3ue7wka","timestamp":1778960478308}
{"path":"/api/orders","tenant":"tenant_003","status":500,"latency":89,"request_id":"req_g42ttuzuitj","timestamp":1779023046536}
{"path":"/api/reports/generate","tenant":"","status":201,"latency":3536,"request_id":"req_hyebehb0a","timestamp":1779034907222}
{"path":"/api/reports/generate","tenant":"tenant_003","status":200,"latency":3953,"request_id":"req_ttxhfnt6xxo","timestamp":1778978813914}
{"path":"/api/auth/refresh","tenant":"tenant_002","status":401,"latency":115,"request_id":"req_aq7p66qc6t8","timestamp":1778957067896}
{"path":"/api/reports/generate","tenant":"tenant_002","status":400,"latency":1994,"request_id":"req_2f46oh5rguh","timestamp":1778962128777}
{"path":"/api/dashboard/stats","tenant":"tenant_002","status":201,"latency":1779,"request_id":"req_n8qneam015n","timestamp":1779002871776}
{"path":"/api/products","tenant":"tenant_002","status":200,"latency":330,"request_id":"req_finh9wxr6m","timestamp":1779005256007}
{"path":"/api/dashboard/stats","tenant":"","status":500,"latency":703,"request_id":"req_cyfm2jmekik","timestamp":1778993378236}
{"path":"/api/dashboard/stats","tenant":"","status":200,"latency":3113,"request_id":"req_tt5wcvcfv4o","timestamp":1779002559239}
{"path":"/api/products","tenant":"tenant_001","status":201,"latency":183,"request_id":"req_k404bnppkxq","timestamp":1778980397207}
{"path":"/api/products","tenant":"tenant_002","status":200,"latency":324,"request_id":"req_z6ap7f91da","timestamp":1778952063232}
{"path":"/api/reports/generate","tenant":"tenant_003","status":401,"latency":1357,"request_id":"req_mtuj4vfx8x","timestamp":1778981151172}
{"path":"/api/auth/login","tenant":"tenant_001","status":201,"latency":9312,"request_id":"req_83bl81rvszb","timestamp":1779009938305}
{"path":"/api/auth/login","tenant":"tenant_001","status":400,"latency":314,"request_id":"req_xwa1qbwnjn","timestamp":1779021281671}
{"path":"/api/orders","tenant":"tenant_003","status":200,"latency":334,"request_id":"req_fxsancx5cll","timestamp":1779010115590}
{"path":"/api/auth/login","tenant":"tenant_003","status":200,"latency":965,"request_id":"req_yx9t5w59z6","timestamp":1778998032582}
{"path":"/api/auth/login","tenant":"tenant_002","status":400,"latency":268,"request_id":"req_252oigdc6jd","timestamp":1778961942363}
{"path":"/api/orders","tenant":"tenant_001","status":200,"latency":116,"request_id":"req_3bq3xstcb1a","timestamp":1778956821258}
{"path":"/api/dashboard/stats","tenant":"tenant_001","status":200,"latency":1243,"request_id":"req_e771rju3hjj","timestamp":1778998483951}
{"path":"/api/dashboard/stats","tenant":"","status":200,"latency":2811,"request_id":"req_ksash7v6zi","timestamp":1778973634018}
{"path":"/api/dashboard/stats","tenant":"","status":201,"latency":2875,"request_id":"req_3pnmnu2rvwy","timestamp":1778992394716}
{"path":"/api/reports/generate","tenant":"tenant_003","status":200,"latency":2079,"request_id":"req_lema3shp9h9","timestamp":1779021641202}
{"path":"/api/products","tenant":"tenant_001","status":500,"latency":170,"request_id":"req_0t0h5ewqjfna","timestamp":1778986477904}
{"path":"/api/dashboard/stats","tenant":"tenant_001","status":200,"latency":2890,"request_id":"req_065esuggls4d","timestamp":1778998264139}
{"path":"/api/dashboard/stats","tenant":"tenant_001","status":201,"latency":1369,"request_id":"req_ffjmtizmw","timestamp":1778992197230}
{"path":"/api/auth/refresh","tenant":"","status":401,"latency":91,"request_id":"req_d32u6b1kl4l","timestamp":1779010494075}
{"path":"/api/reports/generate","tenant":"tenant_003","status":400,"latency":1433,"request_id":"req_v79ubsymh5","timestamp":1778978517821}
{"path":"/api/reports/generate","tenant":"tenant_003","status":400,"latency":1400,"request_id":"req_v73qv70grv","timestamp":1779013292557}
{"path":"/api/dashboard/stats","tenant":"","status":201,"latency":3141,"request_id":"req_ywdhrojic7","timestamp":1779009976210}
{"path":"/api/auth/login","tenant":"tenant_003","status":201,"latency":844,"request_id":"req_183kkawdamf","timestamp":1779000911736}
{"path":"/api/orders","tenant":"tenant_003","status":200,"latency":69,"request_id":"req_ipkrt8pl25","timestamp":1779029437207}
{"path":"/api/orders","tenant":"tenant_001","status":401,"latency":76,"request_id":"req_nsnsbeta3yk","timestamp":1778953904011}
{"path":"/api/products","tenant":"","status":404,"latency":494,"request_id":"req_gmuzervt7zs","timestamp":1779020386454}
{"path":"/api/auth/login","tenant":"tenant_002","status":200,"latency":1060,"request_id":"req_olr8rsse4fs","timestamp":1778960053909}
{"path":"/api/reports/generate","tenant":"tenant_002","status":401,"latency":756,"request_id":"req_9bgn5cpu0ha","timestamp":1778982701644}
{"path":"/api/reports/generate","tenant":"tenant_002","status":401,"latency":1532,"request_id":"req_9fqnfaokgyb","timestamp":1779034798496}
{"path":"/api/auth/login","tenant":"tenant_002","status":200,"latency":940,"request_id":"req_rbi8ai3jpf","timestamp":1778991042035}
{"path":"/api/auth/login","tenant":"tenant_001","status":404,"latency":734,"request_id":"req_ni041bswkfp","timestamp":1779028508724}
{"path":"/api/orders","tenant":"tenant_002","status":201,"latency":70,"request_id":"req_awzzc3lbmc8","timestamp":1779036040907}
{"path":"/api/auth/refresh","tenant":"","status":201,"latency":238,"request_id":"req_3an16xv6sdp","timestamp":1779022024977}
{"path":"/api/auth/login","tenant":"","status":200,"latency":1079,"request_id":"req_6u5gkgm8ga2","timestamp":1779003789750}
{"path":"/api/auth/refresh","tenant":"","status":500,"latency":122,"request_id":"req_kumx1ibgbc","timestamp":1778970160460}
{"path":"/api/products","tenant":"","status":400,"latency":105,"request_id":"req_uhq484gta8","timestamp":1779021711328}
{"path":"/api/auth/login","tenant":"tenant_003","status":400,"latency":2313,"request_id":"req_sqjx6huevkh","timestamp":1779006569277}
{"path":"/api/auth/refresh","tenant":"tenant_001","status":201,"latency":198,"request_id":"req_zlhvpvt9fa","timestamp":1779017345043}
{"path":"/api/products","tenant":"tenant_003","status":401,"latency":87,"request_id":"req_mhwx2zuh1jn","timestamp":1778995142828}
{"path":"/api/products","tenant":"","status":201,"latency":283,"request_id":"req_v7zxdsrn9l8","timestamp":1778978529447}
{"path":"/api/auth/refresh","tenant":"","status":200,"latency":1266,"request_id":"req_r7aowvnsi4","timestamp":1779028981642}
{"path":"/api/dashboard/stats","tenant":"tenant_003","status":200,"latency":3561,"request_id":"req_dtr5ppbml","timestamp":1779036536137}
{"path":"/api/auth/login","tenant":"tenant_003","status":400,"latency":628,"request_id":"req_ehjttftqsma","timestamp":1779033947331}
{"path":"/api/users","tenant":"","status":404,"latency":134,"request_id":"req_bg3m5pgpvtm","timestamp":1778962596362}
{"path":"/api/reports/generate","tenant":"","status":200,"latency":2085,"request_id":"req_4yhqk491kp7","timestamp":1778976675357}
{"path":"/api/auth/refresh","tenant":"tenant_002","status":500,"latency":103,"request_id":"req_l9vs7792znd","timestamp":1778995083590}
{"path":"/api/orders","tenant":"tenant_003","status":404,"latency":81,"request_id":"req_dcs90y9lvzi","timestamp":1778987428944}
{"path":"/api/users","tenant":"tenant_001","status":200,"latency":331,"request_id":"req_uxc0hqty1h8","timestamp":1779020588192}
{"path":"/api/dashboard/stats","tenant":"","status":201,"latency":1919,"request_id":"req_goa7pshduq5","timestamp":1778985934969}
{"path":"/api/users","tenant":"tenant_002","status":200,"latency":62,"request_id":"req_zwevc9hrpl","timestamp":1779033818262}
{"path":"/api/dashboard/stats","tenant":"tenant_002","status":201,"latency":2787,"request_id":"req_iocnr05tv3","timestamp":1778984495926}
{"path":"/api/auth/login","tenant":"","status":404,"latency":444,"request_id":"req_4kxn02f3qes","timestamp":1778967416750}
{"path":"/api/auth/refresh","tenant":"tenant_002","status":200,"latency":1372,"request_id":"req_nmoqycljczb","timestamp":1779007516783}
{"path":"/api/products","tenant":"tenant_002","status":401,"latency":26,"request_id":"req_3w2gohvqwjh","timestamp":1779022250825}
{"path":"/api/reports/generate","tenant":"","status":200,"latency":1569,"request_id":"req_04j4i7ftou1d","timestamp":1778965770457}
{"path":"/api/reports/generate","tenant":"","status":201,"latency":1668,"request_id":"req_5hlulrs52i9","timestamp":1778986606139}
{"path":"/api/dashboard/stats","tenant":"","status":500,"latency":708,"request_id":"req_ajr0xa99xig","timestamp":1778967238221}
{"path":"/api/auth/login","tenant":"","status":200,"latency":1011,"request_id":"req_iosrk7zbh3f","timestamp":1779020075299}
{"path":"/api/dashboard/stats","tenant":"tenant_002","status":200,"latency":2925,"request_id":"req_nmsilzfdepn","timestamp":1778993758334}
{"path":"/api/reports/generate","tenant":"tenant_003","status":201,"latency":3025,"request_id":"req_dkwwc81qqjv","timestamp":1778989367877}
{"path":"/api/reports/generate","tenant":"tenant_002","status":500,"latency":833,"request_id":"req_gn4rc6ejexc","timestamp":1779023145629}
{"path":"/api/reports/generate","tenant":"tenant_002","status":201,"latency":3714,"request_id":"req_22ob6avyc27h","timestamp":1779023968377}
{"path":"/api/reports/generate","tenant":"tenant_001","status":200,"latency":1423,"request_id":"req_te8zndolmv","timestamp":1779006326970}
{"path":"/api/reports/generate","tenant":"tenant_002","status":404,"latency":629,"request_id":"req_lqk2aqh8oug","timestamp":1778961896826}
{"path":"/api/auth/login","tenant":"tenant_002","status":401,"latency":572,"request_id":"req_nerj772gwfm","timestamp":1778993683742}
{"path":"/api/users","tenant":"","status":400,"latency":37,"request_id":"req_0qs36b5auxx","timestamp":1779015103490}
{"path":"/api/products","tenant":"tenant_001","status":200,"latency":303,"request_id":"req_gjqg9wkr5kj","timestamp":1779028118894}
{"path":"/api/reports/generate","tenant":"tenant_002","status":404,"latency":4171,"request_id":"req_m11w6njpry","timestamp":1778966066268}
{"path":"/api/reports/generate","tenant":"tenant_003","status":200,"latency":8073,"request_id":"req_fo6l4962tuu","timestamp":1779005855627}
{"path":"/api/dashboard/stats","tenant":"tenant_002","status":400,"latency":1837,"request_id":"req_nzbygadl2xd","timestamp":1778987636420}
{"path":"/api/products","tenant":"tenant_001","status":404,"latency":85,"request_id":"req_enaru857twf","timestamp":1778957975849}
{"path":"/api/users","tenant":"tenant_003","status":401,"latency":47,"request_id":"req_bin9hy7epsj","timestamp":1779018805063}
{"path":"/api/orders","tenant":"tenant_002","status":500,"latency":92,"request_id":"req_qp2un6urot","timestamp":1779017840113}
{"path":"/api/auth/refresh","tenant":"tenant_001","status":401,"latency":49,"request_id":"req_9hy2e6c5b2","timestamp":1778989814099}
{"path":"/api/auth/login","tenant":"tenant_002","status":200,"latency":1369,"request_id":"req_qmndc18imof","timestamp":1779029988160}
{"path":"/api/reports/generate","tenant":"tenant_003","status":201,"latency":1443,"request_id":"req_ag3575or1fv","timestamp":1778953141809}
{"path":"/api/auth/refresh","tenant":"","status":401,"latency":55,"request_id":"req_zoi8qhu1apa","timestamp":1778966702673}
{"path":"/api/orders","tenant":"tenant_002","status":500,"latency":164,"request_id":"req_eu0y8vdaudj","timestamp":1778996977351}
{"path":"/api/reports/generate","tenant":"tenant_003","status":200,"latency":3823,"request_id":"req_czl4uje8ocd","timestamp":1778982881101}
{"path":"/api/auth/login","tenant":"tenant_001","status":400,"latency":345,"request_id":"req_yq7xtcvbif","timestamp":1778982374660}
{"path":"/api/orders","tenant":"","status":200,"latency":496,"request_id":"req_o4o9jkji7z","timestamp":1778968366506}
{"path":"/api/reports/generate","tenant":"tenant_003","status":200,"latency":1837,"request_id":"req_mx4ym7f34la","timestamp":1778951639382}
{"path":"/api/auth/login","tenant":"tenant_001","status":200,"latency":1353,"request_id":"req_xy4qtjlvz9","timestamp":1779007376159}
{"path":"/api/orders","tenant":"tenant_001","status":200,"latency":311,"request_id":"req_87ml82sea5i","timestamp":1779033729790}
{"path":"/api/users","tenant":"tenant_003","status":401,"latency":52,"request_id":"req_2dfpe136968","timestamp":1778971657066}
{"path":"/api/auth/refresh","tenant":"tenant_003","status":404,"latency":125,"request_id":"req_o16azfxgsf","timestamp":1779015021736}
{"path":"/api/users","tenant":"tenant_001","status":201,"latency":274,"request_id":"req_c913mek6tbg","timestamp":1779023951810}
{"path":"/api/users","tenant":"","status":201,"latency":206,"request_id":"req_m9peptl9ug7","timestamp":1778981928933}
{"path":"/api/auth/refresh","tenant":"","status":400,"latency":143,"request_id":"req_017oyrdnkj54","timestamp":1779035794479}
{"path":"/api/reports/generate","tenant":"tenant_001","status":401,"latency":1817,"request_id":"req_goo4magi62d","timestamp":1778975241212}
{"path":"/api/dashboard/stats","tenant":"","status":201,"latency":3124,"request_id":"req_ggnf5wncyeb","timestamp":1778975928500}
{"path":"/api/dashboard/stats","tenant":"tenant_001","status":201,"latency":2542,"request_id":"req_676fhl11a93","timestamp":1779012615586}
{"path":"/api/reports/generate","tenant":"","status":400,"latency":668,"request_id":"req_wed0l6n1nhn","timestamp":1779034242830}
{"path":"/api/auth/login","tenant":"","status":401,"latency":663,"request_id":"req_gqhckg9tn58","timestamp":1779026762460}
{"path":"/api/auth/login","tenant":"tenant_002","status":400,"latency":463,"request_id":"req_splgw2xxuz","timestamp":1779009321645}
{"path":"/api/products","tenant":"tenant_003","status":201,"latency":105,"request_id":"req_bnqzy0d54hb","timestamp":1778960787278}
{"path":"/api/auth/login","tenant":"tenant_001","status":401,"latency":550,"request_id":"req_qdl0hclkn7g","timestamp":1779001499054}
{"path":"/api/users","tenant":"tenant_001","status":201,"latency":323,"request_id":"req_a4tjzgsq9x","timestamp":1778981290221}
{"path":"/api/orders","tenant":"","status":404,"latency":82,"request_id":"req_o8e6hqxd9x","timestamp":1778983059679}
{"path":"/api/reports/generate","tenant":"tenant_003","status":401,"latency":878,"request_id":"req_hl2qwg1y3q","timestamp":1779016655252}
{"path":"/api/orders","tenant":"","status":200,"latency":250,"request_id":"req_pcvmsga9wnt","timestamp":1778975953057}
{"path":"/api/reports/generate","tenant":"tenant_002","status":500,"latency":1255,"request_id":"req_wdocwyg4blj","timestamp":1778993556751}
{"path":"/api/users","tenant":"tenant_001","status":500,"latency":68,"request_id":"req_mhro7gfl1ck","timestamp":1778962614648}
{"path":"/api/orders","tenant":"tenant_002","status":401,"latency":101,"request_id":"req_gr3ebqn1bd","timestamp":1778959558675}
{"path":"/api/dashboard/stats","tenant":"tenant_002","status":200,"latency":1242,"request_id":"req_v6ey5gg7cyn","timestamp":1779003324391}
{"path":"/api/reports/generate","tenant":"tenant_003","status":200,"latency":2009,"request_id":"req_ve9yffmf6gr","timestamp":1779020977295}
{"path":"/api/users","tenant":"tenant_002","status":401,"latency":172,"request_id":"req_4l5nw1tq37w","timestamp":1778971792407}
{"path":"/api/users","tenant":"tenant_001","status":400,"latency":43,"request_id":"req_hhrvgkrzcz7","timestamp":1779005980116}
{"path":"/api/products","tenant":"tenant_002","status":400,"latency":93,"request_id":"req_0geslsyq6k75","timestamp":1779034461637}
{"path":"/api/users","tenant":"tenant_002","status":401,"latency":80,"request_id":"req_tilvynyifri","timestamp":1778968492441}
{"path":"/api/auth/login","tenant":"tenant_003","status":200,"latency":1427,"request_id":"req_u2ebjfhr5sg","timestamp":1778975961374}
{"path":"/api/users","tenant":"tenant_003","status":200,"latency":281,"request_id":"req_tgzd6qpa9hg","timestamp":1779022780622}
{"path":"/api/auth/login","tenant":"tenant_003","status":200,"latency":801,"request_id":"req_4d8rvrm7iv3","timestamp":1779003424423}
{"path":"/api/reports/generate","tenant":"tenant_002","status":200,"latency":3328,"request_id":"req_0tszb4xccfuo","timestamp":1779019523926}
{"path":"/api/users","tenant":"","status":500,"latency":75,"request_id":"req_d2i4ef1u96f","timestamp":1779002956040}
{"path":"/api/users","tenant":"","status":201,"latency":202,"request_id":"req_o1uamo0s2xo","timestamp":1779015026812}
{"path":"/api/products","tenant":"tenant_002","status":200,"latency":161,"request_id":"req_bzsn6iivh5d","timestamp":1778973243861}
{"path":"/api/dashboard/stats","tenant":"tenant_002","status":200,"latency":1706,"request_id":"req_ttgbq6174ts","timestamp":1778970543161}
{"path":"/api/auth/login","tenant":"tenant_002","status":200,"latency":628,"request_id":"req_mul2j6x809a","timestamp":1779013831193}
{"path":"/api/auth/login","tenant":"tenant_002","status":400,"latency":291,"request_id":"req_2khnkwjxpv7","timestamp":1779028833545}
{"path":"/api/auth/refresh","tenant":"","status":401,"latency":58,"request_id":"req_5sktj5sbmxm","timestamp":1779013563490}
{"path":"/api/orders","tenant":"tenant_003","status":200,"latency":162,"request_id":"req_byn3ctg74s7","timestamp":1778963602761}
{"path":"/api/orders","tenant":"tenant_003","status":200,"latency":316,"request_id":"req_idzi8phyk1","timestamp":1779027540285}
{"path":"/api/auth/refresh","tenant":"","status":200,"latency":142,"request_id":"req_jv3ohur225k","timestamp":1778982955844}
{"path":"/api/orders","tenant":"tenant_001","status":404,"latency":38,"request_id":"req_mxzs5ujtuuj","timestamp":1778974185465}
{"path":"/api/users","tenant":"tenant_002","status":200,"latency":181,"request_id":"req_9zizvh6kge","timestamp":1778989932865}
{"path":"/api/auth/refresh","tenant":"tenant_003","status":404,"latency":127,"request_id":"req_g8i421r083m","timestamp":1778994860993}
{"path":"/api/users","tenant":"tenant_003","status":400,"latency":160,"request_id":"req_s8vaqosy7cq","timestamp":1778991226059}
{"path":"/api/orders","tenant":"tenant_001","status":404,"latency":132,"request_id":"req_7ucgmjhfvyh","timestamp":1779032224024}
{"path":"/api/users","tenant":"tenant_001","status":400,"latency":52,"request_id":"req_j1a0maqwkal","timestamp":1778973248314}
{"path":"/api/reports/generate","tenant":"tenant_002","status":200,"latency":3736,"request_id":"req_uxvsbbtn9oe","timestamp":1778981654780}
{"path":"/api/auth/login","tenant":"tenant_002","status":200,"latency":1006,"request_id":"req_fa8n4cy6ky7","timestamp":1778983687677}
{"path":"/api/auth/refresh","tenant":"tenant_002","status":401,"latency":64,"request_id":"req_sofoth113wd","timestamp":1779020218880}
{"path":"/api/orders","tenant":"","status":500,"latency":79,"request_id":"req_a1du9ulzup","timestamp":1778989054081}
{"path":"/api/dashboard/stats","tenant":"","status":500,"latency":746,"request_id":"req_ddq1q4i7asp","timestamp":1779013282759}
{"path":"/api/orders","tenant":"tenant_003","status":201,"latency":67,"request_id":"req_wcgbkub9ypj","timestamp":1779009521774}
{"path":"/api/reports/generate","tenant":"","status":200,"latency":2335,"request_id":"req_j3lkfrnfcpl","timestamp":1779000926917}
{"path":"/api/auth/refresh","tenant":"tenant_002","status":201,"latency":249,"request_id":"req_4m2vfvundjq","timestamp":1778950933830}
{"path":"/api/orders","tenant":"","status":200,"latency":1238,"request_id":"req_85dxkp1nrto","timestamp":1778968654918}
{"path":"/api/products","tenant":"tenant_001","status":404,"latency":62,"request_id":"req_2cb7g5m3wl3","timestamp":1778996415611}
{"path":"/api/dashboard/stats","tenant":"tenant_002","status":201,"latency":2640,"request_id":"req_7hsitdksurr","timestamp":1779005429581}
{"path":"/api/auth/refresh","tenant":"","status":200,"latency":199,"request_id":"req_yk6i89d9h5g","timestamp":1778992280372}
{"path":"/api/users","tenant":"tenant_003","status":200,"latency":71,"request_id":"req_dwpi3rfr0h7","timestamp":1779019352840}
{"path":"/api/users","tenant":"tenant_003","status":201,"latency":332,"request_id":"req_qf0djkhdd2","timestamp":1778996439976}
{"path":"/api/dashboard/stats","tenant":"","status":200,"latency":1167,"request_id":"req_j6l2xhmnvr8","timestamp":1778978104840}
{"path":"/api/auth/login","tenant":"","status":404,"latency":557,"request_id":"req_af2txvxli4s","timestamp":1779016030331}
{"path":"/api/reports/generate","tenant":"tenant_002","status":401,"latency":7374,"request_id":"req_c2cl2wshb3","timestamp":1778978666713}
{"path":"/api/orders","tenant":"","status":201,"latency":266,"request_id":"req_tltr8r9xauh","timestamp":1779010195540}
{"path":"/api/auth/refresh","tenant":"tenant_003","status":500,"latency":109,"request_id":"req_zyctxgktr6d","timestamp":1778987728401}
{"path":"/api/users","tenant":"tenant_002","status":200,"latency":134,"request_id":"req_il9sxwvei98","timestamp":1778993099641}
{"path":"/api/reports/generate","tenant":"tenant_003","status":201,"latency":2018,"request_id":"req_nozgr213kr8","timestamp":1779004069115}
{"path":"/api/dashboard/stats","tenant":"tenant_003","status":200,"latency":2823,"request_id":"req_79jt2bfdoz2","timestamp":1778968513105}
{"path":"/api/auth/login","tenant":"tenant_003","status":500,"latency":679,"request_id":"req_yr9iw9x9doi","timestamp":1778982584868}
{"path":"/api/dashboard/stats","tenant":"tenant_002","status":400,"latency":1258,"request_id":"req_q8812fc86w","timestamp":1779007626266}
{"path":"/api/products","tenant":"","status":200,"latency":2446,"request_id":"req_6dg8r4imecc","timestamp":1779007835143}
{"path":"/api/reports/generate","tenant":"tenant_003","status":200,"latency":3228,"request_id":"req_zp154bi19xc","timestamp":1778996064548}
{"path":"/api/orders","tenant":"","status":200,"latency":193,"request_id":"req_pz4bwi0kq7n","timestamp":1778962951478}
{"path":"/api/products","tenant":"tenant_003","status":400,"latency":113,"request_id":"req_jkj8u9p02zb","timestamp":1778997186021}
{"path":"/api/products","tenant":"tenant_001","status":400,"latency":129,"request_id":"req_ey2olc9eldw","timestamp":1779034568924}
{"path":"/api/dashboard/stats","tenant":"tenant_001","status":401,"latency":1710,"request_id":"req_wh30o564nn","timestamp":1778982715093}
{"path":"/api/products","tenant":"tenant_002","status":200,"latency":66,"request_id":"req_10jnp2vd3q4","timestamp":1779022862755}
{"path":"/api/users","tenant":"tenant_002","status":200,"latency":133,"request_id":"req_q5b0rcgboc","timestamp":1778979511581}
{"path":"/api/users","tenant":"tenant_001","status":200,"latency":63,"request_id":"req_15a6elw0q7r","timestamp":1779007976903}
{"path":"/api/products","tenant":"","status":201,"latency":195,"request_id":"req_qp7a200p5eg","timestamp":1778971303303}
{"path":"/api/auth/refresh","tenant":"tenant_001","status":200,"latency":78,"request_id":"req_vltcp73wky","timestamp":1779015864662}
{"path":"/api/auth/refresh","tenant":"tenant_001","status":404,"latency":170,"request_id":"req_xvsnnkld0w","timestamp":1779015534165}
{"path":"/api/auth/login","tenant":"tenant_003","status":200,"latency":1296,"request_id":"req_ff9ds6o6x3","timestamp":1779026689117}
{"path":"/api/auth/login","tenant":"tenant_002","status":200,"latency":1304,"request_id":"req_cz9l8wk3f1s","timestamp":1779030833322}
{"path":"/api/orders","tenant":"tenant_002","status":200,"latency":326,"request_id":"req_b0d0s615x4n","timestamp":1778980600077}
{"path":"/api/users","tenant":"tenant_002","status":200,"latency":258,"request_id":"req_t315of5xp8q","timestamp":1778955938248}
{"path":"/api/auth/refresh","tenant":"tenant_001","status":404,"latency":25,"request_id":"req_3pyrwx3jw72","timestamp":1779022584147}
{"path":"/api/auth/refresh","tenant":"","status":200,"latency":99,"request_id":"req_twy4r3q98dh","timestamp":1778954875249}
{"path":"/api/orders","tenant":"tenant_003","status":400,"latency":90,"request_id":"req_r9vsx8kcesa","timestamp":1779007376584}
{"path":"/api/auth/login","tenant":"","status":200,"latency":1264,"request_id":"req_peodbfkf9b","timestamp":1779025200843}
{"path":"/api/dashboard/stats","tenant":"tenant_002","status":200,"latency":3160,"request_id":"req_kg9mgs2gbi","timestamp":1779021358755}
{"path":"/api/orders","tenant":"tenant_003","status":200,"latency":104,"request_id":"req_g7fllnxkkju","timestamp":1778999663385}
{"path":"/api/users","tenant":"","status":200,"latency":211,"request_id":"req_iu9ty5u443i","timestamp":1778953716219}
{"path":"/api/reports/generate","tenant":"tenant_003","status":200,"latency":14295,"request_id":"req_45fab11xxdz","timestamp":1778966212138}
{"path":"/api/dashboard/stats","tenant":"tenant_002","status":401,"latency":1190,"request_id":"req_m15krjiuq4k","timestamp":1779019239404}
{"path":"/api/auth/refresh","tenant":"","status":200,"latency":122,"request_id":"req_rrgpm4ow0mn","timestamp":1779001080391}
{"path":"/api/orders","tenant":"tenant_001","status":500,"latency":50,"request_id":"req_2ksoh8sqkyo","timestamp":1779032177460}
{"path":"/api/auth/login","tenant":"tenant_001","status":401,"latency":496,"request_id":"req_xjtanlgtqls","timestamp":1779026874405}
{"path":"/api/reports/generate","tenant":"tenant_002","status":404,"latency":1064,"request_id":"req_p8jc3ynhrd","timestamp":1779029213603}
{"path":"/api/users","tenant":"tenant_003","status":401,"latency":39,"request_id":"req_g4s9q3pqbke","timestamp":1779017501445}
{"path":"/api/auth/refresh","tenant":"","status":200,"latency":61,"request_id":"req_w1xng5m0bgh","timestamp":1779027720864}
{"path":"/api/auth/login","tenant":"","status":401,"latency":622,"request_id":"req_nn4houou21","timestamp":1778961559711}
{"path":"/api/auth/login","tenant":"tenant_003","status":401,"latency":510,"request_id":"req_3afe728tcvo","timestamp":1778966239014}
{"path":"/api/reports/generate","tenant":"","status":201,"latency":3388,"request_id":"req_mi2xftop1tg","timestamp":1778992186998}
{"path":"/api/orders","tenant":"tenant_003","status":401,"latency":104,"request_id":"req_e26l96sviyu","timestamp":1778990152955}
{"path":"/api/users","tenant":"tenant_001","status":404,"latency":146,"request_id":"req_7zkae27cwnc","timestamp":1778989759845}
{"path":"/api/auth/refresh","tenant":"tenant_003","status":200,"latency":347,"request_id":"req_59gpog8tfyc","timestamp":1778953412825}
{"path":"/api/reports/generate","tenant":"","status":404,"latency":1910,"request_id":"req_pf0uqxx0t0s","timestamp":1779018895135}
{"path":"/api/orders","tenant":"tenant_003","status":200,"latency":73,"request_id":"req_nh7w5i9zi5l","timestamp":1778979622198}
{"path":"/api/products","tenant":"","status":200,"latency":340,"request_id":"req_v79f4um6t7","timestamp":1778977966426}
{"path":"/api/products","tenant":"tenant_002","status":401,"latency":86,"request_id":"req_7pb2i5o5mqg","timestamp":1778972233616}
{"path":"/api/auth/login","tenant":"","status":200,"latency":1292,"request_id":"req_d968yrwmlib","timestamp":1779028839112}
{"path":"/api/orders","tenant":"tenant_002","status":500,"latency":114,"request_id":"req_eiruou6zb7q","timestamp":1778994759700}
{"path":"/api/dashboard/stats","tenant":"tenant_002","status":401,"latency":3438,"request_id":"req_oazgx8wxr4q","timestamp":1779020451143}
{"path":"/api/products","tenant":"tenant_003","status":200,"latency":227,"request_id":"req_hg513k9sdpf","timestamp":1778965997984}
{"path":"/api/auth/login","tenant":"","status":401,"latency":306,"request_id":"req_g3n1rpsc707","timestamp":1778976678333}
{"path":"/api/auth/refresh","tenant":"tenant_003","status":200,"latency":87,"request_id":"req_xeoas8rjojf","timestamp":1779031792880}
{"path":"/api/auth/refresh","tenant":"tenant_002","status":200,"latency":235,"request_id":"req_cfuyph3vq7t","timestamp":1778975332849}
{"path":"/api/dashboard/stats","tenant":"tenant_003","status":200,"latency":2600,"request_id":"req_gsnatwy7n64","timestamp":1778963399452}
{"path":"/api/dashboard/stats","tenant":"tenant_002","status":401,"latency":3854,"request_id":"req_xaeq6ye4dfp","timestamp":1778993681766}
{"path":"/api/users","tenant":"tenant_001","status":401,"latency":70,"request_id":"req_spuh1e2dgo","timestamp":1779023230175}
{"path":"/api/orders","tenant":"","status":500,"latency":33,"request_id":"req_b1fae8sa78u","timestamp":1778994481785}
{"path":"/api/users","tenant":"","status":200,"latency":1046,"request_id":"req_eej7e4tlh6c","timestamp":1778974744426}
{"path":"/api/orders","tenant":"tenant_002","status":200,"latency":524,"request_id":"req_5gofc82jl6y","timestamp":1779028473394}
{"path":"/api/dashboard/stats","tenant":"tenant_003","status":404,"latency":552,"request_id":"req_ztn1vdej8n","timestamp":1778983233541}
{"path":"/api/auth/login","tenant":"","status":500,"latency":253,"request_id":"req_j2qj1fhpqg","timestamp":1779002254241}
{"path":"/api/orders","tenant":"tenant_002","status":404,"latency":137,"request_id":"req_xkajyfnu4k","timestamp":1779024343583}
{"path":"/api/products","tenant":"tenant_003","status":200,"latency":139,"request_id":"req_mkb42ksoru","timestamp":1779014415118}
{"path":"/api/dashboard/stats","tenant":"tenant_003","status":200,"latency":3986,"request_id":"req_rvp99bk0qt","timestamp":1779029099849}
{"path":"/api/products","tenant":"tenant_003","status":401,"latency":159,"request_id":"req_t0sxdaxcg","timestamp":1779021878354}
{"path":"/api/reports/generate","tenant":"tenant_002","status":400,"latency":1833,"request_id":"req_lqyt317808c","timestamp":1778998325974}
{"path":"/api/auth/refresh","tenant":"","status":500,"latency":28,"request_id":"req_t8wwjbh2cih","timestamp":1778980976823}
{"path":"/api/dashboard/stats","tenant":"tenant_002","status":404,"latency":733,"request_id":"req_cz7v2n1tqmm","timestamp":1778990811216}
{"path":"/api/reports/generate","tenant":"tenant_003","status":201,"latency":1606,"request_id":"req_wig1wwrz06s","timestamp":1779009993703}
{"path":"/api/dashboard/stats","tenant":"tenant_002","status":404,"latency":712,"request_id":"req_hy8fz0eix8j","timestamp":1778982043959}
{"path":"/api/orders","tenant":"tenant_002","status":500,"latency":163,"request_id":"req_xbuefq2wz1","timestamp":1779015638297}
{"path":"/api/auth/login","tenant":"","status":500,"latency":735,"request_id":"req_kdei6sqzol8","timestamp":1778986627324}
{"path":"/api/products","tenant":"tenant_003","status":500,"latency":125,"request_id":"req_bv8p2jcbruk","timestamp":1779025463795}
{"path":"/api/products","tenant":"","status":201,"latency":341,"request_id":"req_6u7l10mdujo","timestamp":1778953151460}
{"path":"/api/auth/login","tenant":"tenant_001","status":401,"latency":581,"request_id":"req_532ext9jygl","timestamp":1778998769693}
{"path":"/api/auth/login","tenant":"","status":200,"latency":1207,"request_id":"req_3f1cchgybwh","timestamp":1779007421467}
{"path":"/api/auth/refresh","tenant":"tenant_002","status":500,"latency":102,"request_id":"req_rwkcg8zxdn","timestamp":1778969640358}
{"path":"/api/products","tenant":"tenant_003","status":400,"latency":73,"request_id":"req_4ekku7kret6","timestamp":1778968240493}
{"path":"/api/reports/generate","tenant":"tenant_001","status":500,"latency":500,"request_id":"req_rgvui28ow4s","timestamp":1779001267872}
{"path":"/api/products","tenant":"tenant_003","status":400,"latency":143,"request_id":"req_ytmvj0wtdt","timestamp":1778964373884}
{"path":"/api/users","tenant":"tenant_003","status":400,"latency":173,"request_id":"req_8d8htkvul39","timestamp":1779011860463}
{"path":"/api/reports/generate","tenant":"tenant_002","status":401,"latency":1782,"request_id":"req_uyiqay5zk5","timestamp":1778994250339}
{"path":"/api/users","tenant":"tenant_003","status":400,"latency":27,"request_id":"req_hoz0oryale5","timestamp":1778993798212}
{"path":"/api/dashboard/stats","tenant":"tenant_001","status":200,"latency":1701,"request_id":"req_gvv0insd6xw","timestamp":1779016124499}
{"path":"/api/users","tenant":"tenant_001","status":200,"latency":159,"request_id":"req_caalsi8fusr","timestamp":1779030395737}
{"path":"/api/reports/generate","tenant":"tenant_003","status":401,"latency":1835,"request_id":"req_jntmz7ysvga","timestamp":1778975582641}
{"path":"/api/reports/generate","tenant":"tenant_003","status":401,"latency":1815,"request_id":"req_vhk45kow96a","timestamp":1778981060942}
{"path":"/api/products","tenant":"tenant_001","status":201,"latency":192,"request_id":"req_wy44du4ednm","timestamp":1778972923708}
{"path":"/api/dashboard/stats","tenant":"tenant_002","status":401,"latency":557,"request_id":"req_rju91nade6o","timestamp":1778975667299}
{"path":"/api/users","tenant":"tenant_003","status":400,"latency":53,"request_id":"req_yd7ebzmcfe","timestamp":1779016352520}
{"path":"/api/reports/generate","tenant":"","status":200,"latency":3385,"request_id":"req_lcwxmber6ei","timestamp":1779006616368}
{"path":"/api/auth/login","tenant":"","status":200,"latency":1260,"request_id":"req_letv68yp54f","timestamp":1778964146005}
{"path":"/api/auth/refresh","tenant":"","status":200,"latency":269,"request_id":"req_t97i41iedbj","timestamp":1779007221887}
{"path":"/api/users","tenant":"tenant_003","status":200,"latency":54,"request_id":"req_v4b9gq2epi9","timestamp":1779006972540}
{"path":"/api/products","tenant":"tenant_001","status":500,"latency":39,"request_id":"req_431xbepd1cl","timestamp":1779002197324}
{"path":"/api/auth/login","tenant":"tenant_002","status":200,"latency":1485,"request_id":"req_erub2g24g5g","timestamp":1779005255719}
{"path":"/api/orders","tenant":"tenant_001","status":500,"latency":85,"request_id":"req_ca5cw6xk719","timestamp":1778982569956}
{"path":"/api/products","tenant":"tenant_003","status":200,"latency":1168,"request_id":"req_a6oyysi07uo","timestamp":1779008495744}
{"path":"/api/orders","tenant":"tenant_003","status":200,"latency":135,"request_id":"req_8u626thb6du","timestamp":1778965397676}
{"path":"/api/reports/generate","tenant":"tenant_001","status":500,"latency":1188,"request_id":"req_gnj8ksgagem","timestamp":1778970179843}
{"path":"/api/users","tenant":"tenant_001","status":201,"latency":97,"request_id":"req_p9nkt5pazk","timestamp":1779014069436}
{"path":"/api/users","tenant":"tenant_002","status":200,"latency":151,"request_id":"req_kew7gidti2o","timestamp":1779024728645}
{"path":"/api/products","tenant":"","status":201,"latency":53,"request_id":"req_ppgp8c40sa","timestamp":1779022306096}
{"path":"/api/orders","tenant":"tenant_001","status":401,"latency":49,"request_id":"req_an4ln2cjnw9","timestamp":1778993676502}
{"path":"/api/dashboard/stats","tenant":"tenant_001","status":401,"latency":805,"request_id":"req_arzlikklowb","timestamp":1778953467151}
{"path":"/api/orders","tenant":"","status":401,"latency":172,"request_id":"req_0d6c9j86z4qi","timestamp":1779003910573}
{"path":"/api/users","tenant":"tenant_002","status":400,"latency":154,"request_id":"req_t3tb1yj9i59","timestamp":1779033893553}
{"path":"/api/auth/login","tenant":"tenant_003","status":500,"latency":667,"request_id":"req_vdoofd2z5c","timestamp":1778998977484}
{"path":"/api/auth/login","tenant":"tenant_002","status":201,"latency":863,"request_id":"req_9hp0gmw7axr","timestamp":1778984187231}
{"path":"/api/auth/login","tenant":"tenant_002","status":404,"latency":326,"request_id":"req_hlhnyof9db","timestamp":1779003626920}
{"path":"/api/users","tenant":"tenant_002","status":401,"latency":97,"request_id":"req_idbxscrs2z","timestamp":1778969486184}
{"path":"/api/reports/generate","tenant":"tenant_002","status":201,"latency":2232,"request_id":"req_mub2ttpvoc","timestamp":1778970894703}
{"path":"/api/reports/generate","tenant":"tenant_002","status":500,"latency":1789,"request_id":"req_10vth42oepl","timestamp":1779020928578}
{"path":"/api/products","tenant":"tenant_002","status":200,"latency":207,"request_id":"req_z4ucg7ab8m","timestamp":1778987947761}
{"path":"/api/auth/login","tenant":"tenant_002","status":201,"latency":529,"request_id":"req_7ya9lfe4g4a","timestamp":1779016021526}
{"path":"/api/dashboard/stats","tenant":"tenant_001","status":400,"latency":1810,"request_id":"req_0iwfdm733wui","timestamp":1779021872987}
{"path":"/api/auth/login","tenant":"","status":200,"latency":1065,"request_id":"req_txbo15iq02","timestamp":1779028147289}
{"path":"/api/reports/generate","tenant":"tenant_003","status":200,"latency":2040,"request_id":"req_spif27ademh","timestamp":1779030202878}
{"path":"/api/auth/refresh","tenant":"","status":200,"latency":337,"request_id":"req_iy0cd7v11yc","timestamp":1778976732147}
{"path":"/api/reports/generate","tenant":"tenant_002","status":401,"latency":551,"request_id":"req_mldr8k45pi","timestamp":1778964956184}
{"path":"/api/reports/generate","tenant":"","status":404,"latency":1038,"request_id":"req_h2c8wkai1lb","timestamp":1778967301726}
{"path":"/api/auth/refresh","tenant":"tenant_003","status":401,"latency":779,"request_id":"req_iq2clau0x7","timestamp":1779017320979}
{"path":"/api/auth/refresh","tenant":"tenant_001","status":200,"latency":235,"request_id":"req_16v2zhjhq4s","timestamp":1779005197932}
{"path":"/api/auth/refresh","tenant":"","status":200,"latency":227,"request_id":"req_cn6yr34r13k","timestamp":1779021727852}
{"path":"/api/auth/refresh","tenant":"tenant_001","status":201,"latency":316,"request_id":"req_58dm1vv9l0v","timestamp":1779035119559}
{"path":"/api/reports/generate","tenant":"tenant_002","status":201,"latency":1512,"request_id":"req_dpywtwlgtxl","timestamp":1778951758371}
{"path":"/api/auth/refresh","tenant":"tenant_001","status":200,"latency":322,"request_id":"req_6ah48nw9qo","timestamp":1779018922520}
{"path":"/api/auth/login","tenant":"","status":200,"latency":1251,"request_id":"req_oes94b4oro","timestamp":1778996165687}
{"path":"/api/auth/login","tenant":"tenant_002","status":201,"latency":521,"request_id":"req_zbdmn6i915j","timestamp":1779002060413}
{"path":"/api/reports/generate","tenant":"","status":404,"latency":1478,"request_id":"req_mbl1kv9ipc9","timestamp":1779022371841}
{"path":"/api/auth/login","tenant":"","status":404,"latency":364,"request_id":"req_um9jt1t1eus","timestamp":1779003487431}
{"path":"/api/reports/generate","tenant":"tenant_001","status":500,"latency":1446,"request_id":"req_zwnl7oi94n","timestamp":1778997408242}
{"path":"/api/products","tenant":"tenant_003","status":200,"latency":114,"request_id":"req_c16dptpam7p","timestamp":1779005218116}
{"path":"/api/orders","tenant":"tenant_003","status":404,"latency":469,"request_id":"req_q2aj737t5t8","timestamp":1778960157005}
{"path":"/api/products","tenant":"tenant_001","status":401,"latency":61,"request_id":"req_0tqq9ofuovvn","timestamp":1779000442453}
{"path":"/api/reports/generate","tenant":"tenant_003","status":404,"latency":1192,"request_id":"req_9c5g5hiuzte","timestamp":1779005299091}
{"path":"/api/products","tenant":"","status":200,"latency":117,"request_id":"req_iq6g458179b","timestamp":1779031495024}
{"path":"/api/products","tenant":"","status":400,"latency":138,"request_id":"req_racjqpywwmq","timestamp":1779002194779}
{"path":"/api/reports/generate","tenant":"","status":200,"latency":3613,"request_id":"req_e44obuiead8","timestamp":1779015858159}
{"path":"/api/products","tenant":"","status":201,"latency":181,"request_id":"req_kkl87u6xbc","timestamp":1779003275424}
{"path":"/api/reports/generate","tenant":"tenant_002","status":200,"latency":2442,"request_id":"req_w5fpp8nwzu","timestamp":1778952377243}
{"path":"/api/dashboard/stats","tenant":"tenant_002","status":200,"latency":3437,"request_id":"req_apdhsc9rv8","timestamp":1778973599950}
{"path":"/api/dashboard/stats","tenant":"","status":404,"latency":820,"request_id":"req_wx71jhdh7r9","timestamp":1779018087448}
{"path":"/api/users","tenant":"tenant_003","status":200,"latency":173,"request_id":"req_waq9ahmeelo","timestamp":1779010621477}
{"path":"/api/orders","tenant":"tenant_002","status":404,"latency":68,"request_id":"req_laju6mvv3f","timestamp":1779033785167}
{"path":"/api/auth/refresh","tenant":"","status":400,"latency":47,"request_id":"req_5vc1c2xew8","timestamp":1779002932631}
{"path":"/api/reports/generate","tenant":"","status":201,"latency":2550,"request_id":"req_8u9e4vh5yf","timestamp":1779033541097}
{"path":"/api/dashboard/stats","tenant":"tenant_003","status":404,"latency":778,"request_id":"req_skaddgmm7a","timestamp":1778989602632}
{"path":"/api/auth/login","tenant":"tenant_002","status":401,"latency":400,"request_id":"req_dbh86x3wdh","timestamp":1778981559450}
{"path":"/api/dashboard/stats","tenant":"tenant_002","status":200,"latency":3057,"request_id":"req_830jno440ua","timestamp":1779025629223}
{"path":"/api/dashboard/stats","tenant":"","status":500,"latency":1451,"request_id":"req_3ncdkjr9jvc","timestamp":1778987285822}
{"path":"/api/dashboard/stats","tenant":"tenant_001","status":200,"latency":1894,"request_id":"req_xo6salf7ygc","timestamp":1778961374120}
{"path":"/api/auth/refresh","tenant":"tenant_001","status":400,"latency":127,"request_id":"req_xq5z4o4hbwa","timestamp":1778981505652}
{"path":"/api/dashboard/stats","tenant":"","status":401,"latency":1338,"request_id":"req_zeyafmbqg58","timestamp":1778994457993}
{"path":"/api/orders","tenant":"tenant_003","status":200,"latency":301,"request_id":"req_n89cfre9jbg","timestamp":1778989043439}
{"path":"/api/auth/refresh","tenant":"","status":404,"latency":51,"request_id":"req_ga2o2vpj6t","timestamp":1778966971837}
{"path":"/api/products","tenant":"tenant_001","status":401,"latency":173,"request_id":"req_70uxik5tc2h","timestamp":1779018242842}
{"path":"/api/reports/generate","tenant":"tenant_003","status":200,"latency":1433,"request_id":"req_x0t3yeyak2q","timestamp":1778958178104}
{"path":"/api/dashboard/stats","tenant":"tenant_003","status":201,"latency":3701,"request_id":"req_prhsuowmawn","timestamp":1778966215185}
{"path":"/api/users","tenant":"","status":200,"latency":156,"request_id":"req_zxcokfxrvp","timestamp":1779032224784}
{"path":"/api/orders","tenant":"","status":200,"latency":124,"request_id":"req_wzxiwpszds","timestamp":1779013883833}
{"path":"/api/users","tenant":"","status":200,"latency":318,"request_id":"req_9t45p6sjclf","timestamp":1779020018721}
{"path":"/api/auth/login","tenant":"","status":200,"latency":1463,"request_id":"req_8orn49g47yk","timestamp":1778959328035}
这是一行坏数据
{ invalid json: true 
{"path": "/api/test", "latency": "not_a_number"}