🎭 剧院返场曲库审批系统 - 可复现验证脚本
启动时间: 6/20/2026, 7:27:08 AM
验证环境: development
Node版本: v25.5.0

════════════════════════════════════════════════════════════════════════════════
  🎯 【验证1】打开实际入口，导入曲目别名表第一次导入
════════════════════════════════════════════════════════════════════════════════

────────────────────────────────────────────────────────────
  1.1 导入样例数据
────────────────────────────────────────────────────────────
批次标识: BATCH-VERIFY-001
批次ID: d7a98766-d4e0-42a4-89f3-2958bbbcfffa
导入明细:
  1. TRK-VFY-001 - 夜曲 | new_record | newRecordId: 212a3eef-e2d1-45d1-bdd6-e18b83c406cf
  2. TRK-VFY-002 - 命运 | new_record | newRecordId: 7ddb2c86-272d-40b2-bcca-7f63580c551d
  ✅ PASS | 导入成功
     实际: true
     预期: true
  ✅ PASS | 新记录数量
     实际: 2
     预期: 2
  ✅ PASS | 本次重复数量
     实际: 0
     预期: 0
  ✅ PASS | 历史重复数量
     实际: 0
     预期: 0
  ✅ PASS | 生成审批记录数
     实际: 2
     预期: 2
  ✅ PASS | 初始步骤为别名导入
     实际: "alias_import"
     预期: "alias_import"
  ✅ PASS | 初始状态为待处理
     实际: "pending"
     预期: "pending"

────────────────────────────────────────────────────────────
  1.2 上传并复核签到照片
────────────────────────────────────────────────────────────
已上传并复核 2 张签到照片

════════════════════════════════════════════════════════════════════════════════
  🎯 【验证2】尝试不补录排练变更 - 验证门控不能绕过
════════════════════════════════════════════════════════════════════════════════

────────────────────────────────────────────────────────────
  2.1 尝试跳过排练变更直接推进到 normal
────────────────────────────────────────────────────────────
  ✅ PASS | 第一步推进（别名→照片）
     实际: true
     预期: true
  ✅ PASS | 第一步推进成功
     实际: true
     预期: true
  ✅ PASS | 第二步推进（照片→排练）
     实际: true
     预期: true
  ✅ PASS | 第二步推进成功
     实际: true
     预期: true
  ✅ PASS | 第三步推进（无排练变更）
     实际: false
     预期: false
  ✅ PASS | 无排练变更时第三步被阻塞
     实际: false
     预期: false
  ✅ PASS | 错误提示包含「排练变更记录」
     实际: "还没有添加排练变更记录"
     预期: "包含 \"排练变更记录\""
  ✅ PASS | 状态未变 normal，仍在复核中
     实际: false
     预期: false
当前状态: reviewing (预期: 不是 normal)

────────────────────────────────────────────────────────────
  2.2 补录排练变更记录
────────────────────────────────────────────────────────────
添加排练变更: 05ac5380-7ed7-40d2-9051-a5a1326f7ec5
当前步骤: rehearsal_update | 可推进: true | 阻塞项: 0
  ✅ PASS | 补录后可推进
     实际: true
     预期: true
  ✅ PASS | 补录后第三步推进成功
     实际: true
     预期: true
  ✅ PASS | 最终状态为 normal
     实际: "normal"
     预期: "normal"
最终状态: normal ✅

════════════════════════════════════════════════════════════════════════════════
  🎯 【验证3】刷新后重算 - 数据一致性验证
════════════════════════════════════════════════════════════════════════════════

────────────────────────────────────────────────────────────
  3.1 模拟刷新：重新查询所有数据
────────────────────────────────────────────────────────────
  ✅ PASS | 刷新后审批ID一致
     实际: "0fca344d-fbce-4e84-a593-eedc911b2dc7"
     预期: "0fca344d-fbce-4e84-a593-eedc911b2dc7"
  ✅ PASS | 刷新后状态一致
     实际: "normal"
     预期: "normal"
  ✅ PASS | 刷新后有变更历史
     实际: 3
     预期: "> 0"
刷新后变更历史: 3 条

════════════════════════════════════════════════════════════════════════════════
  🎯 【验证4】重复导入 - 三类区分
════════════════════════════════════════════════════════════════════════════════

────────────────────────────────────────────────────────────
  4.1 同批次重复导入（本次重复）
────────────────────────────────────────────────────────────
  ✅ PASS | 同批次重复导入 - 新记录
     实际: 0
     预期: 0
  ✅ PASS | 同批次重复导入 - 本次重复
     实际: 2
     预期: 2
  ✅ PASS | 同批次重复导入 - 历史重复
     实际: 0
     预期: 0
  ✅ PASS | 审批记录不翻倍
     实际: 2
     预期: 2
  ✅ PASS | 同批次 TRK-VFY-001 分类为本次重复
     实际: "this_time_duplicate"
     预期: "this_time_duplicate"
  ✅ PASS | 同批次 TRK-VFY-001 已有批次标识正确
     实际: "BATCH-VERIFY-001"
     预期: "BATCH-VERIFY-001"
  ✅ PASS | 同批次 TRK-VFY-002 分类为本次重复
     实际: "this_time_duplicate"
     预期: "this_time_duplicate"
  ✅ PASS | 同批次 TRK-VFY-002 已有批次标识正确
     实际: "BATCH-VERIFY-001"
     预期: "BATCH-VERIFY-001"

────────────────────────────────────────────────────────────
  4.2 跨批次混合导入（历史重复 + 新记录）
────────────────────────────────────────────────────────────
  ✅ PASS | 跨批次混合 - 新记录
     实际: 1
     预期: 1
  ✅ PASS | 跨批次混合 - 本次重复
     实际: 0
     预期: 0
  ✅ PASS | 跨批次混合 - 历史重复
     实际: 1
     预期: 1
  ✅ PASS | 审批记录只增加新记录
     实际: 3
     预期: 3
  ✅ PASS | TRK-VFY-001 分类为历史重复
     实际: "historical_duplicate"
     预期: "historical_duplicate"
  ✅ PASS | TRK-VFY-003 分类为新记录
     实际: "new_record"
     预期: "new_record"
  ✅ PASS | 历史重复记录关联正确批次
     实际: "BATCH-VERIFY-001"
     预期: "BATCH-VERIFY-001"

════════════════════════════════════════════════════════════════════════════════
  🎯 【验证5】轨道备注 - 小鹿只改一条
════════════════════════════════════════════════════════════════════════════════

────────────────────────────────────────────────────────────
  5.1 给两个曲目各加一条备注
────────────────────────────────────────────────────────────
  ✅ PASS | 添加备注1成功
     实际: true
     预期: true
  ✅ PASS | 添加备注2成功
     实际: true
     预期: true

────────────────────────────────────────────────────────────
  5.2 小鹿只修改 TRK-VFY-001 的备注
────────────────────────────────────────────────────────────
  ✅ PASS | 修改备注成功
     实际: true
     预期: true

────────────────────────────────────────────────────────────
  5.3 验证变更历史 - 只改一条
────────────────────────────────────────────────────────────
  ✅ PASS | TRK-VFY-001 备注有1条变更历史
     实际: 1
     预期: 1
  ✅ PASS | TRK-VFY-002 备注无变更历史
     实际: 0
     预期: 0
  ✅ PASS | 修改人是小鹿
     实际: "xiaolu"
     预期: "xiaolu"
  ✅ PASS | 改前内容正确
     实际: "TRK-VFY-001 初始备注"
     预期: "TRK-VFY-001 初始备注"
  ✅ PASS | 改后内容正确
     实际: "小鹿修改后：这段有杂音需要返工重录"
     预期: "包含 \"小鹿修改后\""
  ✅ PASS | 关联导入批次
     实际: "d7a98766-d4e0-42a4-89f3-2958bbbcfffa"
     预期: "d7a98766-d4e0-42a4-89f3-2958bbbcfffa"
  ✅ PASS | 关联受影响审批
     实际: "0fca344d-fbce-4e84-a593-eedc911b2dc7"
     预期: "0fca344d-fbce-4e84-a593-eedc911b2dc7"
  ✅ PASS | 关联受影响实体类型
     实际: "approval_record"
     预期: "approval_record"
变更历史: xiaolu 改了 track_remark.content
  从: "TRK-VFY-001 初始备注"
  到: "小鹿修改后：这段有杂音需要返工重录"
  影响审批: 0fca344d-fbce-4e84-a593-eedc911b2dc7
  所属批次: d7a98766-d4e0-42a4-89f3-2958bbbcfffa

────────────────────────────────────────────────────────────
  5.4 验证受影响查询 - 按审批维度区分
────────────────────────────────────────────────────────────
  ✅ PASS | TRK-VFY-001 审批关联到小鹿的修改
     实际: true
     预期: true
  ✅ PASS | TRK-VFY-002 审批未关联到小鹿的修改
     实际: false
     预期: false
小鹿只改一条备注的影响范围正确 ✅

════════════════════════════════════════════════════════════════════════════════
  🎯 【验证6】先服务复核 - 与重复导入判断一致
════════════════════════════════════════════════════════════════════════════════

────────────────────────────────────────────────────────────
  6.1 检测到返工原因时切换图表模式被阻塞
────────────────────────────────────────────────────────────
  ✅ PASS | 有返工原因时切换图表被阻塞
     实际: false
     预期: false
  ✅ PASS | 错误提示包含「服务复核」
     实际: "切换到3D或图表展示前需要先进行服务复核"
     预期: "包含 \"服务复核\""

────────────────────────────────────────────────────────────
  6.2 导航回原始数据源
────────────────────────────────────────────────────────────
可导航目标: alias_table, checkin_photo, rehearsal_record
  ✅ PASS | 可导航到别名表
     实际: true
     预期: true
  ✅ PASS | 可导航到签到照片
     实际: true
     预期: true
  ✅ PASS | 可导航到排练记录
     实际: true
     预期: true
  ✅ PASS | 导航到 alias_table 成功
     实际: true
     预期: true
  ✅ PASS | 导航来源正确
     实际: "alias_table"
     预期: "alias_table"
  ✅ PASS | 导航到 checkin_photo 成功
     实际: true
     预期: true
  ✅ PASS | 导航来源正确
     实际: "checkin_photo"
     预期: "checkin_photo"
  ✅ PASS | 导航到 rehearsal_record 成功
     实际: true
     预期: true
  ✅ PASS | 导航来源正确
     实际: "rehearsal_record"
     预期: "rehearsal_record"

════════════════════════════════════════════════════════════════════════════════
  🎯 【验证7】执行回滚 - 恢复明细和报告
════════════════════════════════════════════════════════════════════════════════

────────────────────────────────────────────────────────────
  7.0 新建独立曲目，专门用于测试 normal 状态回滚（避免状态污染）
────────────────────────────────────────────────────────────
新建曲目最终状态: normal | 步骤: rehearsal_update
  ✅ PASS | 新建曲目状态为 normal
     实际: "normal"
     预期: "normal"

────────────────────────────────────────────────────────────
  7.1 normal 状态不能直接回滚
────────────────────────────────────────────────────────────
  ✅ PASS | normal 状态直接回滚被拒绝
     实际: false
     预期: false
  ✅ PASS | 错误提示包含「正常」
     实际: "已标记为\"正常\"的记录无法直接回滚"
     预期: "包含 \"正常\""

────────────────────────────────────────────────────────────
  7.2 推进工作流打快照 → 申请返工 → 批准 → 回滚
────────────────────────────────────────────────────────────
申请返工前状态: rework_required | 步骤: rehearsal_update
申请返工前（推进后）状态: rework_required | 步骤: rehearsal_update
  ✅ PASS | 提交返工申请成功
     实际: true
     预期: true
  ✅ PASS | 有1条待审核申请
     实际: 1
     预期: 1
  ✅ PASS | 申请状态为待审核
     实际: "pending_review"
     预期: "pending_review"
  ✅ PASS | 批准返工申请成功
     实际: true
     预期: true
  ✅ PASS | 批准后状态变为需返工
     实际: "rework_required"
     预期: "rework_required"
批准后状态: rework_required | 步骤: rehearsal_update

────────────────────────────────────────────────────────────
  7.3 执行回滚，验证数据恢复
────────────────────────────────────────────────────────────
  ✅ PASS | 回滚执行成功
     实际: true
     预期: true
  ✅ PASS | 恢复了至少1条备注
     实际: 1
     预期: "> 0"
回滚后状态: rework_required | 步骤: rehearsal_update
  ✅ PASS | 回滚后步骤恢复到快照版本
     实际: "rehearsal_update"
     预期: "rehearsal_update"
  ✅ PASS | 回滚后状态恢复到快照版本
     实际: "rework_required"
     预期: "rework_required"

────────────────────────────────────────────────────────────
  7.4 回滚变更历史含快照关联
────────────────────────────────────────────────────────────
  ✅ PASS | 回滚有变更历史记录
     实际: 2
     预期: "> 0"
  ✅ PASS | 回滚历史有快照ID
     实际: true
     预期: true
回滚记录: status rework_required→rework_required | snapshot: bfe056b9-2195-48af-be53-ebff505bf6f2
  ✅ PASS | 回滚历史有快照ID
     实际: true
     预期: true
回滚记录: currentStep rehearsal_update→rehearsal_update | snapshot: bfe056b9-2195-48af-be53-ebff505bf6f2

════════════════════════════════════════════════════════════════════════════════
  🎯 【验证8】导出报告 - 关联同批次所有数据
════════════════════════════════════════════════════════════════════════════════

────────────────────────────────────────────────────────────
  8.1 按批次导出完整报告
────────────────────────────────────────────────────────────
导出报告摘要:
  批次: BATCH-VERIFY-001
  曲目数: 2
  新记录: 2
  本次重复: 0
  历史重复: 0
  变更历史: 12 条
  审批记录: 2 条
  ✅ PASS | 导出报告有变更历史
     实际: 12
     预期: "> 0"
  ✅ PASS | 导出报告关联正确审批数
     实际: 2
     预期: 2

  TRK-VFY-001:
    状态: rework_required | 步骤: rehearsal_update
    备注: 1 条
    变更: 10 条
      - 小鹿修改后：这段有杂音需要返工重录 (⚠️ 返工)

  TRK-VFY-002:
    状态: rework_required | 步骤: alias_import
    备注: 2 条
    变更: 1 条
      - TRK-VFY-002 初始备注 
      - 需要返工修改 (⚠️ 返工)

════════════════════════════════════════════════════════════════════════════════
  🎯 【验证9】核对所有关联 - 重复导入明细
════════════════════════════════════════════════════════════════════════════════

────────────────────────────────────────────────────────────
  9.1 同批次重复导入明细核对
────────────────────────────────────────────────────────────
  ✅ PASS | 同批次重复导入总数
     实际: 2
     预期: 2
  ✅ PASS | 同批次重复导入明细数
     实际: 2
     预期: 2
  ✅ PASS | TRK-VFY-001 关联已有批次
     实际: true
     预期: true
  ✅ PASS | TRK-VFY-001 关联已有批次标识
     实际: "BATCH-VERIFY-001"
     预期: "BATCH-VERIFY-001"
  ✅ PASS | TRK-VFY-002 关联已有批次
     实际: true
     预期: true
  ✅ PASS | TRK-VFY-002 关联已有批次标识
     实际: "BATCH-VERIFY-001"
     预期: "BATCH-VERIFY-001"

────────────────────────────────────────────────────────────
  9.2 跨批次重复导入明细核对
────────────────────────────────────────────────────────────
  ✅ PASS | 跨批次导入总数
     实际: 2
     预期: 2
  ✅ PASS | 跨批次导入明细数
     实际: 2
     预期: 2
  ✅ PASS | TRK-VFY-001 关联历史批次
     实际: true
     预期: true
  ✅ PASS | TRK-VFY-001 关联历史批次标识
     实际: "BATCH-VERIFY-001"
     预期: "BATCH-VERIFY-001"
  ✅ PASS | TRK-VFY-003 有新记录ID
     实际: true
     预期: true

════════════════════════════════════════════════════════════════════════════════
  🎯 📊 验证结果汇总
════════════════════════════════════════════════════════════════════════════════

  总测试用例: 85
  ✅ 通过: 85
  ❌ 失败: 0

════════════════════════════════════════════════════════════════════════════════
  ✅ 所有验证用例通过！业务链路已正确接入
     不能再靠旧入口跳过排练变更记录
     重复导入、回滚、返工、小鹿改备注均已接入真实样例
════════════════════════════════════════════════════════════════════════════════