
######################################################################
# 券商两融维保提醒 - 三种材料合并运行
######################################################################

业务日期: 2026-06-02
除权日期: 2026-06-01
印花税税率: 新=0.1%, 旧=0.08%
税率备注: 2026年6月起印花税由0.08%调整为0.1%，旧口径补录数据仍按原税率计算

======================================================================
【步骤1/3】除权日截图第一次导入 [normal]
======================================================================
✓ 已导入除权日截图: SCR20260601001
  截图时间: 2026-06-01 15:05:23
  除权日期: 2026-06-01
  包含标的: 贵州茅台(600519), 平安银行(000001), 中国平安(601318)
[2026-06-08 20:15:29] 加载数据文件: broker_margin_data.csv, 共4条记录
[2026-06-08 20:15:29] 检测到拆行业务: BIZ20260601002, 共2行，已标记待主管复核
[2026-06-08 20:15:29] 正常记录: BIZ20260601001 标记为正常
[2026-06-08 20:15:29] 正常记录: BIZ20260601003 标记为正常
[2026-06-08 20:15:29] 处理结果已保存至: processed_step1_import_normal.csv

✓ 步骤1完成，输出: processed_step1_import_normal.csv

【normal - 导入后初始状态】
  总业务数: 3 笔，4 条记录
  正常: 2 笔 | 拆分行待复核: 1 笔 | 已补录: 0 笔
  ✅ BIZ20260601001: 正常 | 印花税 500.00 (0.1%) | 历史操作 1 次
  📝 BIZ20260601002: 拆分行待主管复核 | 印花税 300.00 (0.1%) | 历史操作 1 次
  ✅ BIZ20260601003: 正常 | 印花税 320.00 (0.08%) | 历史操作 1 次

======================================================================
【步骤2/3】投研助理小周补看税费率备注 [normal]
======================================================================
✓ 已读取税费率备注文件:
  【税费率政策变更备注】
  通知日期：2026-05-28
  执行日期：2026-06-01
  变更内容：印花税税率由0.08%（0.0008）调整为0.1%（0.001）
  【补录口径说明】
  ...
[2026-06-08 20:15:29] 加载数据文件: broker_margin_data.csv, 共4条记录
[2026-06-08 20:15:29] 检测到拆行业务: BIZ20260601002, 共2行，已标记待主管复核
[2026-06-08 20:15:29] 人工修正: BIZ20260601002 review_status 待复核 → 拆分行待主管复核
[2026-06-08 20:15:29] 人工修正: BIZ20260601002 review_status 待复核 → 拆分行待主管复核
[2026-06-08 20:15:29] 正常记录: BIZ20260601001 标记为正常
[2026-06-08 20:15:29] 正常记录: BIZ20260601003 标记为正常
[2026-06-08 20:15:29] 处理结果已保存至: processed_step2_supplement_normal.csv

✓ 步骤2完成，输出: processed_step2_supplement_normal.csv

【normal - 补录税费率后状态】
  总业务数: 3 笔，4 条记录
  正常: 2 笔 | 拆分行待复核: 1 笔 | 已补录: 0 笔
  ✅ BIZ20260601001: 正常 | 印花税 500.00 (0.1%) | 历史操作 1 次
  📝 BIZ20260601002: 拆分行待主管复核 | 印花税 300.00 (0.1%) | 历史操作 2 次
  ✅ BIZ20260601003: 正常 | 印花税 320.00 (0.08%) | 历史操作 1 次

======================================================================
【步骤1/3】除权日截图第一次导入 [wrong]
======================================================================
✓ 已导入除权日截图: SCR20260601001
  截图时间: 2026-06-01 15:05:23
  除权日期: 2026-06-01
  包含标的: 贵州茅台(600519), 平安银行(000001), 中国平安(601318)
[2026-06-08 20:15:29] 加载数据文件: broker_margin_data_wrong_tax.csv, 共4条记录
[2026-06-08 20:15:29] 检测到拆行业务: BIZ20260601002, 共2行，已标记待主管复核
[2026-06-08 20:15:29] 正常记录: BIZ20260601001 标记为正常
[2026-06-08 20:15:29] 正常记录: BIZ20260601003 标记为正常
[2026-06-08 20:15:29] 处理结果已保存至: processed_step1_import_wrong.csv

✓ 步骤1完成，输出: processed_step1_import_wrong.csv

【wrong - 导入后初始状态】
  总业务数: 3 笔，4 条记录
  正常: 2 笔 | 拆分行待复核: 1 笔 | 已补录: 0 笔
  ✅ BIZ20260601001: 正常 | 印花税 500.00 (0.1%) | 历史操作 1 次
  📝 BIZ20260601002: 拆分行待主管复核 | 印花税 300.00 (0.1%) | 历史操作 1 次
  ✅ BIZ20260601003: 正常 | 印花税 400.00 (0.1%) | 历史操作 1 次

======================================================================
【步骤2/3】投研助理小周补看税费率备注 [wrong]
======================================================================
✓ 已读取税费率备注文件:
  【税费率政策变更备注】
  通知日期：2026-05-28
  执行日期：2026-06-01
  变更内容：印花税税率由0.08%（0.0008）调整为0.1%（0.001）
  【补录口径说明】
  ...
[2026-06-08 20:15:29] 加载数据文件: broker_margin_data_wrong_tax.csv, 共4条记录
[2026-06-08 20:15:29] 检测到拆行业务: BIZ20260601002, 共2行，已标记待主管复核
[2026-06-08 20:15:29] 人工修正: BIZ20260601002 review_status 待复核 → 拆分行待主管复核
[2026-06-08 20:15:29] 人工修正: BIZ20260601002 review_status 待复核 → 拆分行待主管复核
[2026-06-08 20:15:29] 税费率修正: BIZ20260601003 印花税 400.00(400000.00 × 0.1% = 400.00) → 320.00(400000.00 × 0.08% = 320.00) (税率 0.1%（新口径） → 0.08%（旧口径）)

  📝 补录修正业务: BIZ20260601003
     业务号 BIZ20260601003: 印花税400.00(税率0.1%（新口径）, 400000.00 × 0.1% = 400.00) → 印花税320.00(税率0.08%（旧口径）, 400000.00 × 0.08% = 320.00) | 差额 -80.00 | 备注: 旧口径补录：BIZ20260601003中国平安(601318)交易实际发生于2026-05-28，按税费率备注文件第2条口径说明，5月31日前业务补录适用原税率0.08%（即0.0008），故印花税由400.00(400000×0.1%)修正为320.00(400000×0.08%)，差额-80.00
[2026-06-08 20:15:29] 正常记录: BIZ20260601001 标记为正常
[2026-06-08 20:15:29] 处理结果已保存至: processed_step2_supplement_wrong.csv

✓ 步骤2完成，输出: processed_step2_supplement_wrong.csv

【wrong - 补录税费率后状态】
  总业务数: 3 笔，4 条记录
  正常: 1 笔 | 拆分行待复核: 1 笔 | 已补录: 1 笔
  ✅ BIZ20260601001: 正常 | 印花税 500.00 (0.1%) | 历史操作 1 次
  📝 BIZ20260601002: 拆分行待主管复核 | 印花税 300.00 (0.1%) | 历史操作 2 次
  📝 BIZ20260601003: 已补录 | 印花税 320.00 (0.08%) | 历史操作 1 次

======================================================================
【步骤1/3】除权日截图第一次导入 [supplement]
======================================================================
✓ 已导入除权日截图: SCR20260601001
  截图时间: 2026-06-01 15:05:23
  除权日期: 2026-06-01
  包含标的: 贵州茅台(600519), 平安银行(000001), 中国平安(601318)
[2026-06-08 20:15:29] 加载数据文件: broker_margin_data.csv, 共4条记录
[2026-06-08 20:15:29] 检测到拆行业务: BIZ20260601002, 共2行，已标记待主管复核
[2026-06-08 20:15:29] 正常记录: BIZ20260601001 标记为正常
[2026-06-08 20:15:29] 正常记录: BIZ20260601003 标记为正常
[2026-06-08 20:15:29] 处理结果已保存至: processed_step1_import_supplement.csv

✓ 步骤1完成，输出: processed_step1_import_supplement.csv

【supplement - 导入后初始状态】
  总业务数: 3 笔，4 条记录
  正常: 2 笔 | 拆分行待复核: 1 笔 | 已补录: 0 笔
  ✅ BIZ20260601001: 正常 | 印花税 500.00 (0.1%) | 历史操作 1 次
  📝 BIZ20260601002: 拆分行待主管复核 | 印花税 300.00 (0.1%) | 历史操作 1 次
  ✅ BIZ20260601003: 正常 | 印花税 320.00 (0.08%) | 历史操作 1 次

======================================================================
【步骤2/3】投研助理小周补看税费率备注 [supplement]
======================================================================
✓ 已读取税费率备注文件:
  【税费率政策变更备注】
  通知日期：2026-05-28
  执行日期：2026-06-01
  变更内容：印花税税率由0.08%（0.0008）调整为0.1%（0.001）
  【补录口径说明】
  ...
[2026-06-08 20:15:29] 加载数据文件: broker_margin_data.csv, 共4条记录
[2026-06-08 20:15:29] 检测到拆行业务: BIZ20260601002, 共2行，已标记待主管复核
[2026-06-08 20:15:29] 人工修正: BIZ20260601002 review_status 待复核 → 拆分行待主管复核
[2026-06-08 20:15:29] 人工修正: BIZ20260601002 review_status 待复核 → 拆分行待主管复核
[2026-06-08 20:15:29] 正常记录: BIZ20260601001 标记为正常
[2026-06-08 20:15:29] 正常记录: BIZ20260601003 标记为正常
[2026-06-08 20:15:29] 处理结果已保存至: processed_step2_supplement_supplement.csv

✓ 步骤2完成，输出: processed_step2_supplement_supplement.csv

【supplement - 补录税费率后状态】
  总业务数: 3 笔，4 条记录
  正常: 2 笔 | 拆分行待复核: 1 笔 | 已补录: 0 笔
  ✅ BIZ20260601001: 正常 | 印花税 500.00 (0.1%) | 历史操作 1 次
  📝 BIZ20260601002: 拆分行待主管复核 | 印花税 300.00 (0.1%) | 历史操作 2 次
  ✅ BIZ20260601003: 正常 | 印花税 320.00 (0.08%) | 历史操作 1 次
合并差异报告已生成: combined_report_20260608_201529.md
合并历史记录已保存: combined_history_20260608_201529.json

======================================================================
【三种材料合并运行总结】
======================================================================

📊 各材料处理结果对比表:
  业务号                类型         正常材料               错口径材料              补录材料              
  ----------------------------------------------------------------------------------
  BIZ20260601001     正常记录       正常       税500(0.10%)  正常       税500(0.10%)  正常       税500(0.10%) 
  BIZ20260601002     拆分行记录      拆分行待主管复核 税300(0.10%)  拆分行待主管复核 税300(0.10%)  拆分行待主管复核 税300(0.10%) 
  BIZ20260601003     补录旧口径      正常       税320(0.08%)  已补录      税320(0.08%)  正常       税320(0.08%) 

📁 合并差异报告: combined_report_20260608_201529.md
📁 合并历史记录: combined_history_20260608_201529.json

📋 各材料独立处理结果文件:
  [normal] processed_step1_import_normal.csv
  [normal] processed_step2_supplement_normal.csv
  [wrong] processed_step1_import_wrong.csv
  [wrong] processed_step2_supplement_wrong.csv
  [supplement] processed_step1_import_supplement.csv
  [supplement] processed_step2_supplement_supplement.csv

🔄 重跑命令:
  python3 scripts/run_workflow.py combined   # 三种材料合并运行（推荐）
  python3 scripts/run_workflow.py normal     # 仅正常材料
  python3 scripts/run_workflow.py wrong      # 仅错口径材料
  python3 scripts/run_workflow.py supplement # 仅补录材料
  bash run_quick.sh                          # 快速全量重跑
  bash run_all.sh                            # 交互式分步演示
