[2026-05-18T14:55:52.660Z] [INFO] [2026-05-18_14-55-52] ========== 资产借还台账逾期催还名单任务开始 ==========
[2026-05-18T14:55:52.675Z] [INFO] [2026-05-18_14-55-52] 输入目录: /Users/lzy/pro/solo/workspaces/zy10748/data/normal
[2026-05-18T14:55:52.675Z] [INFO] [2026-05-18_14-55-52] 输出目录: /Users/lzy/pro/solo/workspaces/zy10748/test-output/正常路径_-_标准数据文件
[2026-05-18T14:55:52.675Z] [INFO] [2026-05-18_14-55-52] 参考日期: 2024-02-20
[2026-05-18T14:55:52.675Z] [INFO] [2026-05-18_14-55-52] 步骤 1/4: 解析数据文件...
[2026-05-18T14:55:52.691Z] [INFO] [2026-05-18_14-55-52] 解析完成: 2 个文件, 10 条记录
[2026-05-18T14:55:52.692Z] [INFO] [2026-05-18_14-55-52] 步骤 2/4: 校验数据...
[2026-05-18T14:55:52.692Z] [INFO] [2026-05-18_14-55-52] 校验完成: 1 条有效, 9 条无效, 0 条重复
[2026-05-18T14:55:52.692Z] [INFO] [2026-05-18_14-55-52] 步骤 3/4: 生成催还名单...
[2026-05-18T14:55:52.692Z] [INFO] [2026-05-18_14-55-52] 催还名单生成: 0 条需催还记录
[2026-05-18T14:55:52.692Z] [INFO] [2026-05-18_14-55-52] 步骤 4/4: 生成报告...
[2026-05-18T14:55:52.727Z] [INFO] [2026-05-18_14-55-52] 报告已生成: /Users/lzy/pro/solo/workspaces/zy10748/test-output/正常路径_-_标准数据文件/资产借还台账逾期催还名单_2026-05-18_14-55-52_催还名单.xlsx
[2026-05-18T14:55:52.727Z] [INFO] [2026-05-18_14-55-52] 异常报告: /Users/lzy/pro/solo/workspaces/zy10748/test-output/正常路径_-_标准数据文件/资产借还台账逾期催还名单_2026-05-18_14-55-52_异常报告.xlsx
[2026-05-18T14:55:52.727Z] [INFO] [2026-05-18_14-55-52] 汇总报告: /Users/lzy/pro/solo/workspaces/zy10748/test-output/正常路径_-_标准数据文件/资产借还台账逾期催还名单_2026-05-18_14-55-52_汇总报告.txt
[2026-05-18T14:55:52.727Z] [INFO] [2026-05-18_14-55-52] ========== 任务执行成功 ==========
[2026-05-18T14:55:53.169Z] [INFO] [2026-05-18_14-55-53] ========== 资产借还台账逾期催还名单任务开始 ==========
[2026-05-18T14:55:53.170Z] [INFO] [2026-05-18_14-55-53] 输入目录: /Users/lzy/pro/solo/workspaces/zy10748/data/abnormal/缺列文件.csv
[2026-05-18T14:55:53.170Z] [INFO] [2026-05-18_14-55-53] 输出目录: /Users/lzy/pro/solo/workspaces/zy10748/test-output/异常路径_-_缺少必要字段
[2026-05-18T14:55:53.170Z] [INFO] [2026-05-18_14-55-53] 参考日期: 2024-02-20
[2026-05-18T14:55:53.170Z] [INFO] [2026-05-18_14-55-53] 步骤 1/4: 解析数据文件...
[2026-05-18T14:55:53.177Z] [ERROR] [2026-05-18_14-55-53] 任务执行失败: ENOTDIR: not a directory, scandir '/Users/lzy/pro/solo/workspaces/zy10748/data/abnormal/缺列文件.csv'
[2026-05-18T14:55:53.178Z] [ERROR] [2026-05-18_14-55-53] 堆栈信息: Error: ENOTDIR: not a directory, scandir '/Users/lzy/pro/solo/workspaces/zy10748/data/abnormal/缺列文件.csv'
    at Object.readdirSync (node:fs:1597:26)
    at parseDirectory (/Users/lzy/pro/solo/workspaces/zy10748/src/parser.js:34:20)
    at runReminder (/Users/lzy/pro/solo/workspaces/zy10748/src/cli.js:42:32)
    at Object.handler (/Users/lzy/pro/solo/workspaces/zy10748/src/cli.js:126:7)
    at /Users/lzy/pro/solo/workspaces/zy10748/node_modules/yargs/build/index.cjs:1:8993
    at j (/Users/lzy/pro/solo/workspaces/zy10748/node_modules/yargs/build/index.cjs:1:4956)
    at _.handleValidationAndGetResult (/Users/lzy/pro/solo/workspaces/zy10748/node_modules/yargs/build/index.cjs:1:8962)
    at _.applyMiddlewareAndGetResult (/Users/lzy/pro/solo/workspaces/zy10748/node_modules/yargs/build/index.cjs:1:9604)
    at _.runCommand (/Users/lzy/pro/solo/workspaces/zy10748/node_modules/yargs/build/index.cjs:1:7231)
    at [runYargsParserAndExecuteCommands] (/Users/lzy/pro/solo/workspaces/zy10748/node_modules/yargs/build/index.cjs:1:58539)
[2026-05-18T14:55:53.178Z] [INFO] [2026-05-18_14-55-53] ========== 任务执行失败 ==========
[2026-05-18T14:55:53.433Z] [INFO] [2026-05-18_14-55-53] ========== 资产借还台账逾期催还名单任务开始 ==========
[2026-05-18T14:55:53.433Z] [INFO] [2026-05-18_14-55-53] 输入目录: /Users/lzy/pro/solo/workspaces/zy10748/data/abnormal/重复记录.csv
[2026-05-18T14:55:53.433Z] [INFO] [2026-05-18_14-55-53] 输出目录: /Users/lzy/pro/solo/workspaces/zy10748/test-output/异常路径_-_重复资产编号
[2026-05-18T14:55:53.433Z] [INFO] [2026-05-18_14-55-53] 参考日期: 2024-02-20
[2026-05-18T14:55:53.433Z] [INFO] [2026-05-18_14-55-53] 步骤 1/4: 解析数据文件...
[2026-05-18T14:55:53.439Z] [ERROR] [2026-05-18_14-55-53] 任务执行失败: ENOTDIR: not a directory, scandir '/Users/lzy/pro/solo/workspaces/zy10748/data/abnormal/重复记录.csv'
[2026-05-18T14:55:53.440Z] [ERROR] [2026-05-18_14-55-53] 堆栈信息: Error: ENOTDIR: not a directory, scandir '/Users/lzy/pro/solo/workspaces/zy10748/data/abnormal/重复记录.csv'
    at Object.readdirSync (node:fs:1597:26)
    at parseDirectory (/Users/lzy/pro/solo/workspaces/zy10748/src/parser.js:34:20)
    at runReminder (/Users/lzy/pro/solo/workspaces/zy10748/src/cli.js:42:32)
    at Object.handler (/Users/lzy/pro/solo/workspaces/zy10748/src/cli.js:126:7)
    at /Users/lzy/pro/solo/workspaces/zy10748/node_modules/yargs/build/index.cjs:1:8993
    at j (/Users/lzy/pro/solo/workspaces/zy10748/node_modules/yargs/build/index.cjs:1:4956)
    at _.handleValidationAndGetResult (/Users/lzy/pro/solo/workspaces/zy10748/node_modules/yargs/build/index.cjs:1:8962)
    at _.applyMiddlewareAndGetResult (/Users/lzy/pro/solo/workspaces/zy10748/node_modules/yargs/build/index.cjs:1:9604)
    at _.runCommand (/Users/lzy/pro/solo/workspaces/zy10748/node_modules/yargs/build/index.cjs:1:7231)
    at [runYargsParserAndExecuteCommands] (/Users/lzy/pro/solo/workspaces/zy10748/node_modules/yargs/build/index.cjs:1:58539)
[2026-05-18T14:55:53.441Z] [INFO] [2026-05-18_14-55-53] ========== 任务执行失败 ==========
[2026-05-18T14:55:53.708Z] [INFO] [2026-05-18_14-55-53] ========== 资产借还台账逾期催还名单任务开始 ==========
[2026-05-18T14:55:53.709Z] [INFO] [2026-05-18_14-55-53] 输入目录: /Users/lzy/pro/solo/workspaces/zy10748/data/abnormal/特殊情况.csv
[2026-05-18T14:55:53.709Z] [INFO] [2026-05-18_14-55-53] 输出目录: /Users/lzy/pro/solo/workspaces/zy10748/test-output/异常路径_-_特殊情况处理
[2026-05-18T14:55:53.709Z] [INFO] [2026-05-18_14-55-53] 参考日期: 2024-02-20
[2026-05-18T14:55:53.709Z] [INFO] [2026-05-18_14-55-53] 步骤 1/4: 解析数据文件...
[2026-05-18T14:55:53.715Z] [ERROR] [2026-05-18_14-55-53] 任务执行失败: ENOTDIR: not a directory, scandir '/Users/lzy/pro/solo/workspaces/zy10748/data/abnormal/特殊情况.csv'
[2026-05-18T14:55:53.716Z] [ERROR] [2026-05-18_14-55-53] 堆栈信息: Error: ENOTDIR: not a directory, scandir '/Users/lzy/pro/solo/workspaces/zy10748/data/abnormal/特殊情况.csv'
    at Object.readdirSync (node:fs:1597:26)
    at parseDirectory (/Users/lzy/pro/solo/workspaces/zy10748/src/parser.js:34:20)
    at runReminder (/Users/lzy/pro/solo/workspaces/zy10748/src/cli.js:42:32)
    at Object.handler (/Users/lzy/pro/solo/workspaces/zy10748/src/cli.js:126:7)
    at /Users/lzy/pro/solo/workspaces/zy10748/node_modules/yargs/build/index.cjs:1:8993
    at j (/Users/lzy/pro/solo/workspaces/zy10748/node_modules/yargs/build/index.cjs:1:4956)
    at _.handleValidationAndGetResult (/Users/lzy/pro/solo/workspaces/zy10748/node_modules/yargs/build/index.cjs:1:8962)
    at _.applyMiddlewareAndGetResult (/Users/lzy/pro/solo/workspaces/zy10748/node_modules/yargs/build/index.cjs:1:9604)
    at _.runCommand (/Users/lzy/pro/solo/workspaces/zy10748/node_modules/yargs/build/index.cjs:1:7231)
    at [runYargsParserAndExecuteCommands] (/Users/lzy/pro/solo/workspaces/zy10748/node_modules/yargs/build/index.cjs:1:58539)
[2026-05-18T14:55:53.716Z] [INFO] [2026-05-18_14-55-53] ========== 任务执行失败 ==========
[2026-05-18T14:55:53.988Z] [INFO] [2026-05-18_14-55-53] ========== 资产借还台账逾期催还名单任务开始 ==========
[2026-05-18T14:55:53.988Z] [INFO] [2026-05-18_14-55-53] 输入目录: /Users/lzy/pro/solo/workspaces/zy10748/data/abnormal/空目录
[2026-05-18T14:55:53.988Z] [INFO] [2026-05-18_14-55-53] 输出目录: /Users/lzy/pro/solo/workspaces/zy10748/test-output/异常路径_-_空目录处理
[2026-05-18T14:55:53.988Z] [INFO] [2026-05-18_14-55-53] 参考日期: 2024-02-20
[2026-05-18T14:55:53.988Z] [INFO] [2026-05-18_14-55-53] 步骤 1/4: 解析数据文件...
[2026-05-18T14:55:53.997Z] [INFO] [2026-05-18_14-55-53] 解析完成: 0 个文件, 0 条记录
[2026-05-18T14:55:53.997Z] [WARN] [2026-05-18_14-55-53] 解析错误 [warning]: 目录为空，没有找到 CSV 或 Excel 文件: /Users/lzy/pro/solo/workspaces/zy10748/data/abnormal/空目录
[2026-05-18T14:55:53.997Z] [INFO] [2026-05-18_14-55-53] 步骤 2/4: 校验数据...
[2026-05-18T14:55:53.999Z] [INFO] [2026-05-18_14-55-53] 校验完成: 0 条有效, 0 条无效, 0 条重复
[2026-05-18T14:55:53.999Z] [INFO] [2026-05-18_14-55-53] 步骤 3/4: 生成催还名单...
[2026-05-18T14:55:53.999Z] [INFO] [2026-05-18_14-55-53] 催还名单生成: 0 条需催还记录
[2026-05-18T14:55:53.999Z] [INFO] [2026-05-18_14-55-53] 步骤 4/4: 生成报告...
[2026-05-18T14:55:54.069Z] [INFO] [2026-05-18_14-55-53] 报告已生成: /Users/lzy/pro/solo/workspaces/zy10748/test-output/异常路径_-_空目录处理/资产借还台账逾期催还名单_2026-05-18_14-55-53_催还名单.xlsx
[2026-05-18T14:55:54.069Z] [INFO] [2026-05-18_14-55-53] 异常报告: /Users/lzy/pro/solo/workspaces/zy10748/test-output/异常路径_-_空目录处理/资产借还台账逾期催还名单_2026-05-18_14-55-53_异常报告.xlsx
[2026-05-18T14:55:54.069Z] [INFO] [2026-05-18_14-55-53] 汇总报告: /Users/lzy/pro/solo/workspaces/zy10748/test-output/异常路径_-_空目录处理/资产借还台账逾期催还名单_2026-05-18_14-55-53_汇总报告.txt
[2026-05-18T14:55:54.069Z] [INFO] [2026-05-18_14-55-53] ========== 任务执行成功 ==========
[2026-05-18T14:57:20.378Z] [INFO] [2026-05-18_14-57-20] ========== 资产借还台账逾期催还名单任务开始 ==========
[2026-05-18T14:57:20.379Z] [INFO] [2026-05-18_14-57-20] 输入目录: /Users/lzy/pro/solo/workspaces/zy10748/data/normal
[2026-05-18T14:57:20.379Z] [INFO] [2026-05-18_14-57-20] 输出目录: /Users/lzy/pro/solo/workspaces/zy10748/test-output/正常路径_-_标准数据文件
[2026-05-18T14:57:20.379Z] [INFO] [2026-05-18_14-57-20] 参考日期: 2024-02-20
[2026-05-18T14:57:20.379Z] [INFO] [2026-05-18_14-57-20] 步骤 1/4: 解析数据文件...
[2026-05-18T14:57:20.479Z] [INFO] [2026-05-18_14-57-20] 解析完成: 2 个文件, 10 条记录
[2026-05-18T14:57:20.480Z] [INFO] [2026-05-18_14-57-20] 步骤 2/4: 校验数据...
[2026-05-18T14:57:20.484Z] [INFO] [2026-05-18_14-57-20] 校验完成: 1 条有效, 9 条无效, 0 条重复
[2026-05-18T14:57:20.484Z] [INFO] [2026-05-18_14-57-20] 步骤 3/4: 生成催还名单...
[2026-05-18T14:57:20.485Z] [INFO] [2026-05-18_14-57-20] 催还名单生成: 0 条需催还记录
[2026-05-18T14:57:20.486Z] [INFO] [2026-05-18_14-57-20] 步骤 4/4: 生成报告...
[2026-05-18T14:57:20.634Z] [INFO] [2026-05-18_14-57-20] 报告已生成: /Users/lzy/pro/solo/workspaces/zy10748/test-output/正常路径_-_标准数据文件/资产借还台账逾期催还名单_2026-05-18_14-57-20_催还名单.xlsx
[2026-05-18T14:57:20.634Z] [INFO] [2026-05-18_14-57-20] 异常报告: /Users/lzy/pro/solo/workspaces/zy10748/test-output/正常路径_-_标准数据文件/资产借还台账逾期催还名单_2026-05-18_14-57-20_异常报告.xlsx
[2026-05-18T14:57:20.634Z] [INFO] [2026-05-18_14-57-20] 汇总报告: /Users/lzy/pro/solo/workspaces/zy10748/test-output/正常路径_-_标准数据文件/资产借还台账逾期催还名单_2026-05-18_14-57-20_汇总报告.txt
[2026-05-18T14:57:20.634Z] [INFO] [2026-05-18_14-57-20] ========== 任务执行成功 ==========
[2026-05-18T14:57:21.747Z] [INFO] [2026-05-18_14-57-21] ========== 资产借还台账逾期催还名单任务开始 ==========
[2026-05-18T14:57:21.761Z] [INFO] [2026-05-18_14-57-21] 输入目录: /Users/lzy/pro/solo/workspaces/zy10748/data/abnormal/缺列文件.csv
[2026-05-18T14:57:21.769Z] [INFO] [2026-05-18_14-57-21] 输出目录: /Users/lzy/pro/solo/workspaces/zy10748/test-output/异常路径_-_缺少必要字段
[2026-05-18T14:57:21.771Z] [INFO] [2026-05-18_14-57-21] 参考日期: 2024-02-20
[2026-05-18T14:57:21.772Z] [INFO] [2026-05-18_14-57-21] 步骤 1/4: 解析数据文件...
[2026-05-18T14:57:21.830Z] [INFO] [2026-05-18_14-57-21] 解析完成: 1 个文件, 2 条记录
[2026-05-18T14:57:21.832Z] [INFO] [2026-05-18_14-57-21] 步骤 2/4: 校验数据...
[2026-05-18T14:57:21.838Z] [INFO] [2026-05-18_14-57-21] 校验完成: 0 条有效, 2 条无效, 0 条重复
[2026-05-18T14:57:21.839Z] [INFO] [2026-05-18_14-57-21] 步骤 3/4: 生成催还名单...
[2026-05-18T14:57:21.851Z] [INFO] [2026-05-18_14-57-21] 催还名单生成: 0 条需催还记录
[2026-05-18T14:57:21.852Z] [INFO] [2026-05-18_14-57-21] 步骤 4/4: 生成报告...
[2026-05-18T14:57:21.979Z] [INFO] [2026-05-18_14-57-21] 报告已生成: /Users/lzy/pro/solo/workspaces/zy10748/test-output/异常路径_-_缺少必要字段/资产借还台账逾期催还名单_2026-05-18_14-57-21_催还名单.xlsx
[2026-05-18T14:57:21.979Z] [INFO] [2026-05-18_14-57-21] 异常报告: /Users/lzy/pro/solo/workspaces/zy10748/test-output/异常路径_-_缺少必要字段/资产借还台账逾期催还名单_2026-05-18_14-57-21_异常报告.xlsx
[2026-05-18T14:57:21.979Z] [INFO] [2026-05-18_14-57-21] 汇总报告: /Users/lzy/pro/solo/workspaces/zy10748/test-output/异常路径_-_缺少必要字段/资产借还台账逾期催还名单_2026-05-18_14-57-21_汇总报告.txt
[2026-05-18T14:57:21.980Z] [INFO] [2026-05-18_14-57-21] ========== 任务执行成功 ==========
[2026-05-18T14:57:22.954Z] [INFO] [2026-05-18_14-57-22] ========== 资产借还台账逾期催还名单任务开始 ==========
[2026-05-18T14:57:22.954Z] [INFO] [2026-05-18_14-57-22] 输入目录: /Users/lzy/pro/solo/workspaces/zy10748/data/abnormal/重复记录.csv
[2026-05-18T14:57:22.954Z] [INFO] [2026-05-18_14-57-22] 输出目录: /Users/lzy/pro/solo/workspaces/zy10748/test-output/异常路径_-_重复资产编号
[2026-05-18T14:57:22.954Z] [INFO] [2026-05-18_14-57-22] 参考日期: 2024-02-20
[2026-05-18T14:57:22.954Z] [INFO] [2026-05-18_14-57-22] 步骤 1/4: 解析数据文件...
[2026-05-18T14:57:23.004Z] [INFO] [2026-05-18_14-57-22] 解析完成: 1 个文件, 4 条记录
[2026-05-18T14:57:23.005Z] [INFO] [2026-05-18_14-57-22] 步骤 2/4: 校验数据...
[2026-05-18T14:57:23.005Z] [INFO] [2026-05-18_14-57-22] 校验完成: 0 条有效, 4 条无效, 1 条重复
[2026-05-18T14:57:23.005Z] [INFO] [2026-05-18_14-57-22] 步骤 3/4: 生成催还名单...
[2026-05-18T14:57:23.005Z] [INFO] [2026-05-18_14-57-22] 催还名单生成: 0 条需催还记录
[2026-05-18T14:57:23.005Z] [INFO] [2026-05-18_14-57-22] 步骤 4/4: 生成报告...
[2026-05-18T14:57:23.057Z] [INFO] [2026-05-18_14-57-22] 报告已生成: /Users/lzy/pro/solo/workspaces/zy10748/test-output/异常路径_-_重复资产编号/资产借还台账逾期催还名单_2026-05-18_14-57-22_催还名单.xlsx
[2026-05-18T14:57:23.059Z] [INFO] [2026-05-18_14-57-22] 异常报告: /Users/lzy/pro/solo/workspaces/zy10748/test-output/异常路径_-_重复资产编号/资产借还台账逾期催还名单_2026-05-18_14-57-22_异常报告.xlsx
[2026-05-18T14:57:23.059Z] [INFO] [2026-05-18_14-57-22] 汇总报告: /Users/lzy/pro/solo/workspaces/zy10748/test-output/异常路径_-_重复资产编号/资产借还台账逾期催还名单_2026-05-18_14-57-22_汇总报告.txt
[2026-05-18T14:57:23.060Z] [INFO] [2026-05-18_14-57-22] ========== 任务执行成功 ==========
[2026-05-18T14:57:23.935Z] [INFO] [2026-05-18_14-57-23] ========== 资产借还台账逾期催还名单任务开始 ==========
[2026-05-18T14:57:23.937Z] [INFO] [2026-05-18_14-57-23] 输入目录: /Users/lzy/pro/solo/workspaces/zy10748/data/abnormal/特殊情况.csv
[2026-05-18T14:57:23.938Z] [INFO] [2026-05-18_14-57-23] 输出目录: /Users/lzy/pro/solo/workspaces/zy10748/test-output/异常路径_-_特殊情况处理
[2026-05-18T14:57:23.939Z] [INFO] [2026-05-18_14-57-23] 参考日期: 2024-02-20
[2026-05-18T14:57:23.939Z] [INFO] [2026-05-18_14-57-23] 步骤 1/4: 解析数据文件...
[2026-05-18T14:57:23.985Z] [INFO] [2026-05-18_14-57-23] 解析完成: 1 个文件, 5 条记录
[2026-05-18T14:57:23.985Z] [INFO] [2026-05-18_14-57-23] 步骤 2/4: 校验数据...
[2026-05-18T14:57:23.985Z] [INFO] [2026-05-18_14-57-23] 校验完成: 0 条有效, 4 条无效, 0 条重复
[2026-05-18T14:57:23.985Z] [INFO] [2026-05-18_14-57-23] 步骤 3/4: 生成催还名单...
[2026-05-18T14:57:23.986Z] [INFO] [2026-05-18_14-57-23] 催还名单生成: 0 条需催还记录
[2026-05-18T14:57:23.986Z] [INFO] [2026-05-18_14-57-23] 步骤 4/4: 生成报告...
[2026-05-18T14:57:24.076Z] [INFO] [2026-05-18_14-57-23] 报告已生成: /Users/lzy/pro/solo/workspaces/zy10748/test-output/异常路径_-_特殊情况处理/资产借还台账逾期催还名单_2026-05-18_14-57-23_催还名单.xlsx
[2026-05-18T14:57:24.076Z] [INFO] [2026-05-18_14-57-23] 异常报告: /Users/lzy/pro/solo/workspaces/zy10748/test-output/异常路径_-_特殊情况处理/资产借还台账逾期催还名单_2026-05-18_14-57-23_异常报告.xlsx
[2026-05-18T14:57:24.078Z] [INFO] [2026-05-18_14-57-23] 汇总报告: /Users/lzy/pro/solo/workspaces/zy10748/test-output/异常路径_-_特殊情况处理/资产借还台账逾期催还名单_2026-05-18_14-57-23_汇总报告.txt
[2026-05-18T14:57:24.078Z] [INFO] [2026-05-18_14-57-23] ========== 任务执行成功 ==========
[2026-05-18T14:57:24.700Z] [INFO] [2026-05-18_14-57-24] ========== 资产借还台账逾期催还名单任务开始 ==========
[2026-05-18T14:57:24.701Z] [INFO] [2026-05-18_14-57-24] 输入目录: /Users/lzy/pro/solo/workspaces/zy10748/data/abnormal/空目录
[2026-05-18T14:57:24.701Z] [INFO] [2026-05-18_14-57-24] 输出目录: /Users/lzy/pro/solo/workspaces/zy10748/test-output/异常路径_-_空目录处理
[2026-05-18T14:57:24.701Z] [INFO] [2026-05-18_14-57-24] 参考日期: 2024-02-20
[2026-05-18T14:57:24.701Z] [INFO] [2026-05-18_14-57-24] 步骤 1/4: 解析数据文件...
[2026-05-18T14:57:24.709Z] [INFO] [2026-05-18_14-57-24] 解析完成: 0 个文件, 0 条记录
[2026-05-18T14:57:24.710Z] [WARN] [2026-05-18_14-57-24] 解析错误 [warning]: 目录为空，没有找到 CSV 或 Excel 文件: /Users/lzy/pro/solo/workspaces/zy10748/data/abnormal/空目录
[2026-05-18T14:57:24.710Z] [INFO] [2026-05-18_14-57-24] 步骤 2/4: 校验数据...
[2026-05-18T14:57:24.710Z] [INFO] [2026-05-18_14-57-24] 校验完成: 0 条有效, 0 条无效, 0 条重复
[2026-05-18T14:57:24.711Z] [INFO] [2026-05-18_14-57-24] 步骤 3/4: 生成催还名单...
[2026-05-18T14:57:24.711Z] [INFO] [2026-05-18_14-57-24] 催还名单生成: 0 条需催还记录
[2026-05-18T14:57:24.711Z] [INFO] [2026-05-18_14-57-24] 步骤 4/4: 生成报告...
[2026-05-18T14:57:24.752Z] [INFO] [2026-05-18_14-57-24] 报告已生成: /Users/lzy/pro/solo/workspaces/zy10748/test-output/异常路径_-_空目录处理/资产借还台账逾期催还名单_2026-05-18_14-57-24_催还名单.xlsx
[2026-05-18T14:57:24.753Z] [INFO] [2026-05-18_14-57-24] 异常报告: /Users/lzy/pro/solo/workspaces/zy10748/test-output/异常路径_-_空目录处理/资产借还台账逾期催还名单_2026-05-18_14-57-24_异常报告.xlsx
[2026-05-18T14:57:24.753Z] [INFO] [2026-05-18_14-57-24] 汇总报告: /Users/lzy/pro/solo/workspaces/zy10748/test-output/异常路径_-_空目录处理/资产借还台账逾期催还名单_2026-05-18_14-57-24_汇总报告.txt
[2026-05-18T14:57:24.753Z] [INFO] [2026-05-18_14-57-24] ========== 任务执行成功 ==========
[2026-05-18T14:57:32.346Z] [INFO] [2026-05-18_14-57-32] ========== 资产借还台账逾期催还名单任务开始 ==========
[2026-05-18T14:57:32.347Z] [INFO] [2026-05-18_14-57-32] 输入目录: data/normal
[2026-05-18T14:57:32.347Z] [INFO] [2026-05-18_14-57-32] 输出目录: ./demo-output
[2026-05-18T14:57:32.347Z] [INFO] [2026-05-18_14-57-32] 参考日期: 2024-05-01
[2026-05-18T14:57:32.347Z] [INFO] [2026-05-18_14-57-32] 步骤 1/4: 解析数据文件...
[2026-05-18T14:57:32.398Z] [INFO] [2026-05-18_14-57-32] 解析完成: 2 个文件, 10 条记录
[2026-05-18T14:57:32.398Z] [INFO] [2026-05-18_14-57-32] 步骤 2/4: 校验数据...
[2026-05-18T14:57:32.398Z] [INFO] [2026-05-18_14-57-32] 校验完成: 1 条有效, 9 条无效, 0 条重复
[2026-05-18T14:57:32.398Z] [INFO] [2026-05-18_14-57-32] 步骤 3/4: 生成催还名单...
[2026-05-18T14:57:32.399Z] [INFO] [2026-05-18_14-57-32] 催还名单生成: 0 条需催还记录
[2026-05-18T14:57:32.402Z] [INFO] [2026-05-18_14-57-32] 步骤 4/4: 生成报告...
[2026-05-18T14:57:32.462Z] [INFO] [2026-05-18_14-57-32] 报告已生成: demo-output/资产借还台账逾期催还名单_2026-05-18_14-57-32_催还名单.xlsx
[2026-05-18T14:57:32.463Z] [INFO] [2026-05-18_14-57-32] 异常报告: demo-output/资产借还台账逾期催还名单_2026-05-18_14-57-32_异常报告.xlsx
[2026-05-18T14:57:32.463Z] [INFO] [2026-05-18_14-57-32] 汇总报告: demo-output/资产借还台账逾期催还名单_2026-05-18_14-57-32_汇总报告.txt
[2026-05-18T14:57:32.463Z] [INFO] [2026-05-18_14-57-32] ========== 任务执行成功 ==========
[2026-05-18T14:57:51.555Z] [INFO] [2026-05-18_14-57-51] ========== 资产借还台账逾期催还名单任务开始 ==========
[2026-05-18T14:57:51.555Z] [INFO] [2026-05-18_14-57-51] 输入目录: data/normal
[2026-05-18T14:57:51.555Z] [INFO] [2026-05-18_14-57-51] 输出目录: ./demo-output
[2026-05-18T14:57:51.556Z] [INFO] [2026-05-18_14-57-51] 参考日期: 2024-05-01
[2026-05-18T14:57:51.556Z] [INFO] [2026-05-18_14-57-51] 步骤 1/4: 解析数据文件...
[2026-05-18T14:57:51.572Z] [INFO] [2026-05-18_14-57-51] 解析完成: 2 个文件, 10 条记录
[2026-05-18T14:57:51.572Z] [INFO] [2026-05-18_14-57-51] 步骤 2/4: 校验数据...
[2026-05-18T14:57:51.572Z] [INFO] [2026-05-18_14-57-51] 校验完成: 1 条有效, 9 条无效, 0 条重复
[2026-05-18T14:57:51.572Z] [INFO] [2026-05-18_14-57-51] 步骤 3/4: 生成催还名单...
[2026-05-18T14:57:51.573Z] [INFO] [2026-05-18_14-57-51] 催还名单生成: 0 条需催还记录
[2026-05-18T14:57:51.573Z] [INFO] [2026-05-18_14-57-51] 步骤 4/4: 生成报告...
[2026-05-18T14:57:51.602Z] [INFO] [2026-05-18_14-57-51] 报告已生成: demo-output/资产借还台账逾期催还名单_2026-05-18_14-57-51_催还名单.xlsx
[2026-05-18T14:57:51.602Z] [INFO] [2026-05-18_14-57-51] 异常报告: demo-output/资产借还台账逾期催还名单_2026-05-18_14-57-51_异常报告.xlsx
[2026-05-18T14:57:51.602Z] [INFO] [2026-05-18_14-57-51] 汇总报告: demo-output/资产借还台账逾期催还名单_2026-05-18_14-57-51_汇总报告.txt
[2026-05-18T14:57:51.603Z] [INFO] [2026-05-18_14-57-51] ========== 任务执行成功 ==========
[2026-05-18T15:00:06.306Z] [INFO] [2026-05-18_15-00-06] ========== 资产借还台账逾期催还名单任务开始 ==========
[2026-05-18T15:00:06.306Z] [INFO] [2026-05-18_15-00-06] 输入目录: data/normal
[2026-05-18T15:00:06.306Z] [INFO] [2026-05-18_15-00-06] 输出目录: ./demo-output
[2026-05-18T15:00:06.306Z] [INFO] [2026-05-18_15-00-06] 参考日期: 2024-05-01
[2026-05-18T15:00:06.307Z] [INFO] [2026-05-18_15-00-06] 步骤 1/4: 解析数据文件...
[2026-05-18T15:00:06.322Z] [INFO] [2026-05-18_15-00-06] 解析完成: 2 个文件, 10 条记录
[2026-05-18T15:00:06.322Z] [INFO] [2026-05-18_15-00-06] 步骤 2/4: 校验数据...
[2026-05-18T15:00:06.322Z] [INFO] [2026-05-18_15-00-06] 校验完成: 10 条有效, 0 条无效, 0 条重复
[2026-05-18T15:00:06.322Z] [INFO] [2026-05-18_15-00-06] 步骤 3/4: 生成催还名单...
[2026-05-18T15:00:06.322Z] [INFO] [2026-05-18_15-00-06] 催还名单生成: 9 条需催还记录
[2026-05-18T15:00:06.323Z] [INFO] [2026-05-18_15-00-06] 步骤 4/4: 生成报告...
[2026-05-18T15:00:06.355Z] [INFO] [2026-05-18_15-00-06] 报告已生成: demo-output/资产借还台账逾期催还名单_2026-05-18_15-00-06_催还名单.xlsx
[2026-05-18T15:00:06.355Z] [INFO] [2026-05-18_15-00-06] 异常报告: demo-output/资产借还台账逾期催还名单_2026-05-18_15-00-06_异常报告.xlsx
[2026-05-18T15:00:06.355Z] [INFO] [2026-05-18_15-00-06] 汇总报告: demo-output/资产借还台账逾期催还名单_2026-05-18_15-00-06_汇总报告.txt
[2026-05-18T15:00:06.355Z] [INFO] [2026-05-18_15-00-06] ========== 任务执行成功 ==========
[2026-05-18T15:00:28.032Z] [INFO] [2026-05-18_15-00-28] ========== 资产借还台账逾期催还名单任务开始 ==========
[2026-05-18T15:00:28.032Z] [INFO] [2026-05-18_15-00-28] 输入目录: /Users/lzy/pro/solo/workspaces/zy10748/data/normal
[2026-05-18T15:00:28.032Z] [INFO] [2026-05-18_15-00-28] 输出目录: /Users/lzy/pro/solo/workspaces/zy10748/test-output/正常路径_-_标准数据文件
[2026-05-18T15:00:28.032Z] [INFO] [2026-05-18_15-00-28] 参考日期: 2024-02-20
[2026-05-18T15:00:28.032Z] [INFO] [2026-05-18_15-00-28] 步骤 1/4: 解析数据文件...
[2026-05-18T15:00:28.047Z] [INFO] [2026-05-18_15-00-28] 解析完成: 2 个文件, 10 条记录
[2026-05-18T15:00:28.047Z] [INFO] [2026-05-18_15-00-28] 步骤 2/4: 校验数据...
[2026-05-18T15:00:28.047Z] [INFO] [2026-05-18_15-00-28] 校验完成: 10 条有效, 0 条无效, 0 条重复
[2026-05-18T15:00:28.048Z] [INFO] [2026-05-18_15-00-28] 步骤 3/4: 生成催还名单...
[2026-05-18T15:00:28.048Z] [INFO] [2026-05-18_15-00-28] 催还名单生成: 7 条需催还记录
[2026-05-18T15:00:28.048Z] [INFO] [2026-05-18_15-00-28] 步骤 4/4: 生成报告...
[2026-05-18T15:00:28.072Z] [INFO] [2026-05-18_15-00-28] 报告已生成: /Users/lzy/pro/solo/workspaces/zy10748/test-output/正常路径_-_标准数据文件/资产借还台账逾期催还名单_2026-05-18_15-00-28_催还名单.xlsx
[2026-05-18T15:00:28.072Z] [INFO] [2026-05-18_15-00-28] 异常报告: /Users/lzy/pro/solo/workspaces/zy10748/test-output/正常路径_-_标准数据文件/资产借还台账逾期催还名单_2026-05-18_15-00-28_异常报告.xlsx
[2026-05-18T15:00:28.072Z] [INFO] [2026-05-18_15-00-28] 汇总报告: /Users/lzy/pro/solo/workspaces/zy10748/test-output/正常路径_-_标准数据文件/资产借还台账逾期催还名单_2026-05-18_15-00-28_汇总报告.txt
[2026-05-18T15:00:28.072Z] [INFO] [2026-05-18_15-00-28] ========== 任务执行成功 ==========
[2026-05-18T15:00:28.350Z] [INFO] [2026-05-18_15-00-28] ========== 资产借还台账逾期催还名单任务开始 ==========
[2026-05-18T15:00:28.351Z] [INFO] [2026-05-18_15-00-28] 输入目录: /Users/lzy/pro/solo/workspaces/zy10748/data/abnormal/缺列文件.csv
[2026-05-18T15:00:28.351Z] [INFO] [2026-05-18_15-00-28] 输出目录: /Users/lzy/pro/solo/workspaces/zy10748/test-output/异常路径_-_缺少必要字段
[2026-05-18T15:00:28.351Z] [INFO] [2026-05-18_15-00-28] 参考日期: 2024-02-20
[2026-05-18T15:00:28.351Z] [INFO] [2026-05-18_15-00-28] 步骤 1/4: 解析数据文件...
[2026-05-18T15:00:28.364Z] [INFO] [2026-05-18_15-00-28] 解析完成: 1 个文件, 2 条记录
[2026-05-18T15:00:28.364Z] [INFO] [2026-05-18_15-00-28] 步骤 2/4: 校验数据...
[2026-05-18T15:00:28.364Z] [INFO] [2026-05-18_15-00-28] 校验完成: 0 条有效, 2 条无效, 0 条重复
[2026-05-18T15:00:28.364Z] [INFO] [2026-05-18_15-00-28] 步骤 3/4: 生成催还名单...
[2026-05-18T15:00:28.364Z] [INFO] [2026-05-18_15-00-28] 催还名单生成: 0 条需催还记录
[2026-05-18T15:00:28.364Z] [INFO] [2026-05-18_15-00-28] 步骤 4/4: 生成报告...
[2026-05-18T15:00:28.388Z] [INFO] [2026-05-18_15-00-28] 报告已生成: /Users/lzy/pro/solo/workspaces/zy10748/test-output/异常路径_-_缺少必要字段/资产借还台账逾期催还名单_2026-05-18_15-00-28_催还名单.xlsx
[2026-05-18T15:00:28.388Z] [INFO] [2026-05-18_15-00-28] 异常报告: /Users/lzy/pro/solo/workspaces/zy10748/test-output/异常路径_-_缺少必要字段/资产借还台账逾期催还名单_2026-05-18_15-00-28_异常报告.xlsx
[2026-05-18T15:00:28.388Z] [INFO] [2026-05-18_15-00-28] 汇总报告: /Users/lzy/pro/solo/workspaces/zy10748/test-output/异常路径_-_缺少必要字段/资产借还台账逾期催还名单_2026-05-18_15-00-28_汇总报告.txt
[2026-05-18T15:00:28.388Z] [INFO] [2026-05-18_15-00-28] ========== 任务执行成功 ==========
[2026-05-18T15:00:28.614Z] [INFO] [2026-05-18_15-00-28] ========== 资产借还台账逾期催还名单任务开始 ==========
[2026-05-18T15:00:28.615Z] [INFO] [2026-05-18_15-00-28] 输入目录: /Users/lzy/pro/solo/workspaces/zy10748/data/abnormal/重复记录.csv
[2026-05-18T15:00:28.615Z] [INFO] [2026-05-18_15-00-28] 输出目录: /Users/lzy/pro/solo/workspaces/zy10748/test-output/异常路径_-_重复资产编号
[2026-05-18T15:00:28.615Z] [INFO] [2026-05-18_15-00-28] 参考日期: 2024-02-20
[2026-05-18T15:00:28.615Z] [INFO] [2026-05-18_15-00-28] 步骤 1/4: 解析数据文件...
[2026-05-18T15:00:28.632Z] [INFO] [2026-05-18_15-00-28] 解析完成: 1 个文件, 4 条记录
[2026-05-18T15:00:28.632Z] [INFO] [2026-05-18_15-00-28] 步骤 2/4: 校验数据...
[2026-05-18T15:00:28.632Z] [INFO] [2026-05-18_15-00-28] 校验完成: 3 条有效, 1 条无效, 1 条重复
[2026-05-18T15:00:28.633Z] [INFO] [2026-05-18_15-00-28] 步骤 3/4: 生成催还名单...
[2026-05-18T15:00:28.637Z] [INFO] [2026-05-18_15-00-28] 催还名单生成: 3 条需催还记录
[2026-05-18T15:00:28.638Z] [INFO] [2026-05-18_15-00-28] 步骤 4/4: 生成报告...
[2026-05-18T15:00:28.682Z] [INFO] [2026-05-18_15-00-28] 报告已生成: /Users/lzy/pro/solo/workspaces/zy10748/test-output/异常路径_-_重复资产编号/资产借还台账逾期催还名单_2026-05-18_15-00-28_催还名单.xlsx
[2026-05-18T15:00:28.682Z] [INFO] [2026-05-18_15-00-28] 异常报告: /Users/lzy/pro/solo/workspaces/zy10748/test-output/异常路径_-_重复资产编号/资产借还台账逾期催还名单_2026-05-18_15-00-28_异常报告.xlsx
[2026-05-18T15:00:28.682Z] [INFO] [2026-05-18_15-00-28] 汇总报告: /Users/lzy/pro/solo/workspaces/zy10748/test-output/异常路径_-_重复资产编号/资产借还台账逾期催还名单_2026-05-18_15-00-28_汇总报告.txt
[2026-05-18T15:00:28.682Z] [INFO] [2026-05-18_15-00-28] ========== 任务执行成功 ==========
[2026-05-18T15:00:28.929Z] [INFO] [2026-05-18_15-00-28] ========== 资产借还台账逾期催还名单任务开始 ==========
[2026-05-18T15:00:28.929Z] [INFO] [2026-05-18_15-00-28] 输入目录: /Users/lzy/pro/solo/workspaces/zy10748/data/abnormal/特殊情况.csv
[2026-05-18T15:00:28.929Z] [INFO] [2026-05-18_15-00-28] 输出目录: /Users/lzy/pro/solo/workspaces/zy10748/test-output/异常路径_-_特殊情况处理
[2026-05-18T15:00:28.929Z] [INFO] [2026-05-18_15-00-28] 参考日期: 2024-02-20
[2026-05-18T15:00:28.930Z] [INFO] [2026-05-18_15-00-28] 步骤 1/4: 解析数据文件...
[2026-05-18T15:00:28.943Z] [INFO] [2026-05-18_15-00-28] 解析完成: 1 个文件, 5 条记录
[2026-05-18T15:00:28.943Z] [INFO] [2026-05-18_15-00-28] 步骤 2/4: 校验数据...
[2026-05-18T15:00:28.944Z] [INFO] [2026-05-18_15-00-28] 校验完成: 4 条有效, 0 条无效, 0 条重复
[2026-05-18T15:00:28.944Z] [INFO] [2026-05-18_15-00-28] 步骤 3/4: 生成催还名单...
[2026-05-18T15:00:28.944Z] [INFO] [2026-05-18_15-00-28] 催还名单生成: 4 条需催还记录
[2026-05-18T15:00:28.944Z] [INFO] [2026-05-18_15-00-28] 步骤 4/4: 生成报告...
[2026-05-18T15:00:28.968Z] [INFO] [2026-05-18_15-00-28] 报告已生成: /Users/lzy/pro/solo/workspaces/zy10748/test-output/异常路径_-_特殊情况处理/资产借还台账逾期催还名单_2026-05-18_15-00-28_催还名单.xlsx
[2026-05-18T15:00:28.968Z] [INFO] [2026-05-18_15-00-28] 异常报告: /Users/lzy/pro/solo/workspaces/zy10748/test-output/异常路径_-_特殊情况处理/资产借还台账逾期催还名单_2026-05-18_15-00-28_异常报告.xlsx
[2026-05-18T15:00:28.968Z] [INFO] [2026-05-18_15-00-28] 汇总报告: /Users/lzy/pro/solo/workspaces/zy10748/test-output/异常路径_-_特殊情况处理/资产借还台账逾期催还名单_2026-05-18_15-00-28_汇总报告.txt
[2026-05-18T15:00:28.969Z] [INFO] [2026-05-18_15-00-28] ========== 任务执行成功 ==========
[2026-05-18T15:00:29.187Z] [INFO] [2026-05-18_15-00-29] ========== 资产借还台账逾期催还名单任务开始 ==========
[2026-05-18T15:00:29.187Z] [INFO] [2026-05-18_15-00-29] 输入目录: /Users/lzy/pro/solo/workspaces/zy10748/data/abnormal/空目录
[2026-05-18T15:00:29.187Z] [INFO] [2026-05-18_15-00-29] 输出目录: /Users/lzy/pro/solo/workspaces/zy10748/test-output/异常路径_-_空目录处理
[2026-05-18T15:00:29.187Z] [INFO] [2026-05-18_15-00-29] 参考日期: 2024-02-20
[2026-05-18T15:00:29.187Z] [INFO] [2026-05-18_15-00-29] 步骤 1/4: 解析数据文件...
[2026-05-18T15:00:29.193Z] [INFO] [2026-05-18_15-00-29] 解析完成: 0 个文件, 0 条记录
[2026-05-18T15:00:29.193Z] [WARN] [2026-05-18_15-00-29] 解析错误 [warning]: 目录为空，没有找到 CSV 或 Excel 文件: /Users/lzy/pro/solo/workspaces/zy10748/data/abnormal/空目录
[2026-05-18T15:00:29.193Z] [INFO] [2026-05-18_15-00-29] 步骤 2/4: 校验数据...
[2026-05-18T15:00:29.193Z] [INFO] [2026-05-18_15-00-29] 校验完成: 0 条有效, 0 条无效, 0 条重复
[2026-05-18T15:00:29.193Z] [INFO] [2026-05-18_15-00-29] 步骤 3/4: 生成催还名单...
[2026-05-18T15:00:29.193Z] [INFO] [2026-05-18_15-00-29] 催还名单生成: 0 条需催还记录
[2026-05-18T15:00:29.194Z] [INFO] [2026-05-18_15-00-29] 步骤 4/4: 生成报告...
[2026-05-18T15:00:29.216Z] [INFO] [2026-05-18_15-00-29] 报告已生成: /Users/lzy/pro/solo/workspaces/zy10748/test-output/异常路径_-_空目录处理/资产借还台账逾期催还名单_2026-05-18_15-00-29_催还名单.xlsx
[2026-05-18T15:00:29.216Z] [INFO] [2026-05-18_15-00-29] 异常报告: /Users/lzy/pro/solo/workspaces/zy10748/test-output/异常路径_-_空目录处理/资产借还台账逾期催还名单_2026-05-18_15-00-29_异常报告.xlsx
[2026-05-18T15:00:29.216Z] [INFO] [2026-05-18_15-00-29] 汇总报告: /Users/lzy/pro/solo/workspaces/zy10748/test-output/异常路径_-_空目录处理/资产借还台账逾期催还名单_2026-05-18_15-00-29_汇总报告.txt
[2026-05-18T15:00:29.216Z] [INFO] [2026-05-18_15-00-29] ========== 任务执行成功 ==========
