[14:55:13] 开始验证 README 新人路径
[14:55:13] 日志文件: data/verification-logs/20260619_145513_run.log
[14:55:13] 
[14:55:13] ▌预演：复现 README 旧写法的问题（不加 --）
[14:55:13] ===== STEP: wrong_ta_review_no_doubledash =====
[14:55:13] CMD: npx ts-node src/cli/index.ts ta-review SAMPLE-001
--- begin output ---
error: required option '-v, --verified <true|false>' not specified
--- end output (exit=1) ---
[14:55:14] ✅ 断言通过: 不加 -- 时，输出确实是 'required option -v --verified not specified'（新人看到的"终端评估"）
[14:55:14] 
[14:55:14] ===== STEP: 1_import =====
[14:55:14] CMD: npx ts-node src/cli/index.ts import -m ./data/manualCounterExamples.json -q ./data/questionnaireRows.json
--- begin output ---
=== 开始导入数据 ===

✓ 手算反例: 5 条
✓ 问卷原始行: 2 条

=== 检测负数样本 ===

检测到 3 个负数样本


✓ 创建/更新 3 个边界样本

  📌 SAMPLE-001 [缺1项]
     状态: 待学生助教复核
     原因: 等待时间为负数(-5分钟)；旧系统标记为缺失；窗口临时关闭；主流程证据: 主流程步骤3异常，系统记录等待时间为负，可能与临时关窗有关
     ⚠️  旧表当成缺失
     负责人: 学生助教
  📌 SAMPLE-002 [缺1项]
     状态: 待学生助教复核
     原因: 到达人数为负数(-3人)；旧系统标记为缺失；排队溢出；主流程证据: 到达人数统计为负数，怀疑排队溢出时系统统计出错
     ⚠️  旧表当成缺失
     负责人: 学生助教
  📌 SAMPLE-004 [缺2项]
     状态: 待学生助教复核
     原因: 等待时间为负数(-2分钟)；旧系统标记为缺失；主流程证据: 午休期间窗口关闭，系统仍在统计，导致等待时间计算异常
     ⚠️  旧表当成缺失
     负责人: 学生助教
[90m┌────────[39m[90m┬────────────[39m[90m┬──────────[39m[90m┬────────[39m[90m┬────────┐[39m
[90m│[39m[31m 总样本 [39m[90m│[39m[31m 待学生助教 [39m[90m│[39m[31m 待唐老师 [39m[90m│[39m[31m 已确认 [39m[90m│[39m[31m 已解决 [39m[90m│[39m
[90m├────────[39m[90m┼────────────[39m[90m┼──────────[39m[90m┼────────[39m[90m┼────────┤[39m
[90m│[39m 3      [90m│[39m 3          [90m│[39m 0        [90m│[39m 0      [90m│[39m 0      [90m│[39m
[90m└────────[39m[90m┴────────────[39m[90m┴──────────[39m[90m┴────────[39m[90m┴────────┘[39m

  状态文件: /Users/lzy/pro/solo/workspaces/zy72302/data/app-state.json
  后续命令：queue-config list / queue-config ta-review / queue-config report

--- end output (exit=0) ---
[14:55:15] ✅ 断言通过: import: 检测到3个负数样本
[14:55:15] ✅ 断言通过: import: 创建3个边界样本
[14:55:15] ✅ 断言通过: import: 包含 SAMPLE-001
[14:55:15] ✅ 断言通过: import: 初始状态为待学生助教
[14:55:15] 
[14:55:15] ===== STEP: err_sample_not_found =====
[14:55:15] CMD: npx ts-node src/cli/index.ts ta-review SAMPLE-999 -v true -n 测试
--- begin output ---
=== 学生助教复核: SAMPLE-999 ===

✗ 样本「SAMPLE-999」不存在。请先运行 import 导入数据并创建边界样本。当前总样本数：3

  建议操作：
    1. 运行 queue-config import 导入手算反例数据
    2. 运行 queue-config list 查看已创建的边界样本列表
    3. 确认样本ID拼写正确（区分大小写）

  状态文件: /Users/lzy/pro/solo/workspaces/zy72302/data/app-state.json
  当前总样本数: 3
  可用样本ID：
    - SAMPLE-001 (待学生助教复核)  ✅可学生助教复核
    - SAMPLE-002 (待学生助教复核)  ✅可学生助教复核
    - SAMPLE-004 (待学生助教复核)  ✅可学生助教复核

--- end output (exit=1) ---
[14:55:17] ✅ 断言通过: 样本不存在错误: 包含明确提示
[14:55:17] ✅ 断言通过: 样本不存在错误: 包含当前总样本数
[14:55:17] 
[14:55:17] ===== STEP: err_status_not_allow =====
[14:55:17] CMD: npx ts-node src/cli/index.ts coach-review SAMPLE-001 -v true -n 测试
--- begin output ---
=== 唐老师复核: SAMPLE-001 ===

✗ 样本「SAMPLE-001」当前状态为「待学生助教复核」，不允许唐老师复核。仅允许在「待竞赛教练唐老师复核」状态下操作。

  建议操作：
    1. 请先由学生助教补录并确认通过，再进行唐老师复核

  状态文件: /Users/lzy/pro/solo/workspaces/zy72302/data/app-state.json
  当前总样本数: 3
  可用样本ID：
    - SAMPLE-001 (待学生助教复核)
    - SAMPLE-002 (待学生助教复核)
    - SAMPLE-004 (待学生助教复核)

--- end output (exit=1) ---
[14:55:18] ✅ 断言通过: 状态不允许错误: 明确说明不允许唐老师
[14:55:18] ✅ 断言通过: 状态不允许错误: 说明当前是待助教
[14:55:18] 
[14:55:18] ===== STEP: 2_ta_review_001 =====
[14:55:18] CMD: npx ts-node src/cli/index.ts ta-review SAMPLE-001 -v true -n README验证-已核实：窗口1在10:20-10:40临时关闭，实际等待15分钟，问卷已补录 -q ./data/questionnaireRows.json
--- begin output ---
=== 学生助教复核: SAMPLE-001 ===

✓ 已加载补充问卷原始行

✓ 复核完成
  样本ID: SAMPLE-001
  状态: 待竞赛教练唐老师复核
  缺项数: 0
  下一步: find_ta
  负责人: 竞赛教练唐老师

[90m┌────────[39m[90m┬────────────[39m[90m┬──────────[39m[90m┬────────[39m[90m┬────────┐[39m
[90m│[39m[31m 总样本 [39m[90m│[39m[31m 待学生助教 [39m[90m│[39m[31m 待唐老师 [39m[90m│[39m[31m 已确认 [39m[90m│[39m[31m 已解决 [39m[90m│[39m
[90m├────────[39m[90m┼────────────[39m[90m┼──────────[39m[90m┼────────[39m[90m┼────────┤[39m
[90m│[39m 3      [90m│[39m 2          [90m│[39m 1        [90m│[39m 0      [90m│[39m 0      [90m│[39m
[90m└────────[39m[90m┴────────────[39m[90m┴──────────[39m[90m┴────────[39m[90m┴────────┘[39m

--- end output (exit=0) ---
[14:55:19] ✅ 断言通过: 助教复核: 已加载问卷
[14:55:19] ✅ 断言通过: 助教复核: 状态变为待唐老师
[14:55:19] ✅ 断言通过: 助教复核: 缺项数降为0
[14:55:19] 
[14:55:19] ===== STEP: 2_ta_review_002 =====
[14:55:19] CMD: npx ts-node src/cli/index.ts ta-review SAMPLE-002 -v true -n README验证-已核实：下午2点窗口2排队溢出，实际到达25人、等待25分钟 -q ./data/questionnaireRows.json
--- begin output ---
=== 学生助教复核: SAMPLE-002 ===

✓ 已加载补充问卷原始行

✓ 复核完成
  样本ID: SAMPLE-002
  状态: 待竞赛教练唐老师复核
  缺项数: 0
  下一步: find_coach
  负责人: 竞赛教练唐老师

[90m┌────────[39m[90m┬────────────[39m[90m┬──────────[39m[90m┬────────[39m[90m┬────────┐[39m
[90m│[39m[31m 总样本 [39m[90m│[39m[31m 待学生助教 [39m[90m│[39m[31m 待唐老师 [39m[90m│[39m[31m 已确认 [39m[90m│[39m[31m 已解决 [39m[90m│[39m
[90m├────────[39m[90m┼────────────[39m[90m┼──────────[39m[90m┼────────[39m[90m┼────────┤[39m
[90m│[39m 3      [90m│[39m 1          [90m│[39m 2        [90m│[39m 0      [90m│[39m 0      [90m│[39m
[90m└────────[39m[90m┴────────────[39m[90m┴──────────[39m[90m┴────────[39m[90m┴────────┘[39m

--- end output (exit=0) ---
[14:55:20] ✅ 断言通过: 助教复核SAMPLE-002: 状态变为待唐老师
[14:55:20] 
[14:55:20] ===== STEP: 3_coach_review_001 =====
[14:55:20] CMD: npx ts-node src/cli/index.ts coach-review SAMPLE-001 -v true -n README验证-唐老师确认：临时关窗影响核实，建议该时段预留1个机动窗口
--- begin output ---
=== 唐老师复核: SAMPLE-001 ===

✓ 复核完成
  样本ID: SAMPLE-001
  状态: 唐老师已确认
  最终等待时间: 15分钟
  最终到达人数: 15人
  后续联系: 竞赛教练唐老师（用于窗口排班优化）
  下一步: resolve

[90m┌────────[39m[90m┬────────────[39m[90m┬──────────[39m[90m┬────────[39m[90m┬────────┐[39m
[90m│[39m[31m 总样本 [39m[90m│[39m[31m 待学生助教 [39m[90m│[39m[31m 待唐老师 [39m[90m│[39m[31m 已确认 [39m[90m│[39m[31m 已解决 [39m[90m│[39m
[90m├────────[39m[90m┼────────────[39m[90m┼──────────[39m[90m┼────────[39m[90m┼────────┤[39m
[90m│[39m 3      [90m│[39m 1          [90m│[39m 1        [90m│[39m 1      [90m│[39m 0      [90m│[39m
[90m└────────[39m[90m┴────────────[39m[90m┴──────────[39m[90m┴────────[39m[90m┴────────┘[39m

--- end output (exit=0) ---
[14:55:21] ✅ 断言通过: 唐老师复核001: 状态变为已确认
[14:55:21] ✅ 断言通过: 唐老师复核001: 最终等待15分钟
[14:55:21] ✅ 断言通过: 唐老师复核001: 最终到达15人
[14:55:21] ✅ 断言通过: 唐老师复核001: 后续联系人正确
[14:55:21] 
[14:55:21] ===== STEP: 3_coach_review_002 =====
[14:55:21] CMD: npx ts-node src/cli/index.ts coach-review SAMPLE-002 -v true -n README验证-唐老师确认：排队溢出属实，建议下午2点时段增至3窗口
--- begin output ---
=== 唐老师复核: SAMPLE-002 ===

✓ 复核完成
  样本ID: SAMPLE-002
  状态: 唐老师已确认
  最终等待时间: 25分钟
  最终到达人数: 25人
  后续联系: 竞赛教练唐老师（用于窗口排班优化）
  下一步: resolve

[90m┌────────[39m[90m┬────────────[39m[90m┬──────────[39m[90m┬────────[39m[90m┬────────┐[39m
[90m│[39m[31m 总样本 [39m[90m│[39m[31m 待学生助教 [39m[90m│[39m[31m 待唐老师 [39m[90m│[39m[31m 已确认 [39m[90m│[39m[31m 已解决 [39m[90m│[39m
[90m├────────[39m[90m┼────────────[39m[90m┼──────────[39m[90m┼────────[39m[90m┼────────┤[39m
[90m│[39m 3      [90m│[39m 1          [90m│[39m 0        [90m│[39m 2      [90m│[39m 0      [90m│[39m
[90m└────────[39m[90m┴────────────[39m[90m┴──────────[39m[90m┴────────[39m[90m┴────────┘[39m

--- end output (exit=0) ---
[14:55:21] ✅ 断言通过: 唐老师复核002: 状态变为已确认
[14:55:21] 
[14:55:21] ===== STEP: 4_list_after_review =====
[14:55:21] CMD: npx ts-node src/cli/index.ts list
--- begin output ---
=== 边界样本列表 ===

[90m┌──────────────────[39m[90m┬──────────────────[39m[90m┬────────────────────────────────────────[39m[90m┬──────────────[39m[90m┬────────┐[39m
[90m│[39m[31m 样本ID           [39m[90m│[39m[31m 状态             [39m[90m│[39m[31m 异常原因                               [39m[90m│[39m[31m 负责人       [39m[90m│[39m[31m 缺项数 [39m[90m│[39m
[90m├──────────────────[39m[90m┼──────────────────[39m[90m┼────────────────────────────────────────[39m[90m┼──────────────[39m[90m┼────────┤[39m
[90m│[39m SAMPLE-001       [90m│[39m 唐老师已确认     [90m│[39m 等待时间为负数(-5分钟)；旧系统标记为…  [90m│[39m -            [90m│[39m 0      [90m│[39m
[90m│[39m                  [90m│[39m                  [90m│[39m 主流程步骤3异常，系统记录等待时间为负… [90m│[39m              [90m│[39m        [90m│[39m
[90m├──────────────────[39m[90m┼──────────────────[39m[90m┼────────────────────────────────────────[39m[90m┼──────────────[39m[90m┼────────┤[39m
[90m│[39m SAMPLE-002       [90m│[39m 唐老师已确认     [90m│[39m 到达人数为负数(-3人)；旧系统标记为缺…  [90m│[39m -            [90m│[39m 0      [90m│[39m
[90m│[39m                  [90m│[39m                  [90m│[39m 到达人数统计为负数，怀疑排队溢出时系…  [90m│[39m              [90m│[39m        [90m│[39m
[90m├──────────────────[39m[90m┼──────────────────[39m[90m┼────────────────────────────────────────[39m[90m┼──────────────[39m[90m┼────────┤[39m
[90m│[39m SAMPLE-004       [90m│[39m 待学生助教复核   [90m│[39m 等待时间为负数(-2分钟)；旧系统标记为…  [90m│[39m 学生助教     [90m│[39m 2      [90m│[39m
[90m│[39m                  [90m│[39m                  [90m│[39m 午休期间窗口关闭，系统仍在统计，导致…  [90m│[39m              [90m│[39m        [90m│[39m
[90m└──────────────────[39m[90m┴──────────────────[39m[90m┴────────────────────────────────────────[39m[90m┴──────────────[39m[90m┴────────┘[39m
[90m┌────────[39m[90m┬────────────[39m[90m┬──────────[39m[90m┬────────[39m[90m┬────────┐[39m
[90m│[39m[31m 总样本 [39m[90m│[39m[31m 待学生助教 [39m[90m│[39m[31m 待唐老师 [39m[90m│[39m[31m 已确认 [39m[90m│[39m[31m 已解决 [39m[90m│[39m
[90m├────────[39m[90m┼────────────[39m[90m┼──────────[39m[90m┼────────[39m[90m┼────────┤[39m
[90m│[39m 3      [90m│[39m 1          [90m│[39m 0        [90m│[39m 2      [90m│[39m 0      [90m│[39m
[90m└────────[39m[90m┴────────────[39m[90m┴──────────[39m[90m┴────────[39m[90m┴────────┘[39m

--- end output (exit=0) ---
[14:55:23] ✅ 断言通过: list刷新后: 能看到已确认样本
[14:55:23] 
[14:55:23] ===== STEP: 5_history =====
[14:55:23] CMD: npx ts-node src/cli/index.ts history SAMPLE-001
--- begin output ---
=== 复核历史记录 ===

2026/6/19 14:55:15  旧表系统  created
    原因: 等待时间为负数(-5分钟)；旧系统标记为缺失；窗口临时关闭；主流程证据: 主流程步骤3异常，系统记录等待时间为负，可能与临时关窗有关
2026/6/19 14:55:19  学生助教  ta_review [待学生助教复核 → 待竞赛教练唐老师复核]
    原因: 学生助教确认通过
    备注: README验证-已核实：窗口1在10:20-10:40临时关闭，实际等待15分钟，问卷已补录
2026/6/19 14:55:21  竞赛教练唐老师  coach_review [待竞赛教练唐老师复核 → 唐老师已确认]
    原因: 唐老师确认通过
    备注: README验证-唐老师确认：临时关窗影响核实，建议该时段预留1个机动窗口

--- end output (exit=0) ---
[14:55:24] ✅ 断言通过: 历史001: 包含旧表系统创建
[14:55:24] ✅ 断言通过: 历史001: 包含学生助教操作
[14:55:24] ✅ 断言通过: 历史001: 包含唐老师操作
[14:55:24] 
[14:55:24] ===== STEP: 6_report_terminal =====
[14:55:24] CMD: npx ts-node src/cli/index.ts report
--- begin output ---
=== 边界样本报告 ===

================================================================================
排队论窗口配置 - 边界样本报告
报告编号: report_mqkkqyte_91qzka
生成时间: 2026/6/19 14:55:24
数据基于: 3 条同一份最新状态
================================================================================

【统计概览】
  总样本数: 3
  待学生助教: 1
  待唐老师: 0
  已确认: 2
  已解决: 0

【边界样本详情】
--------------------------------------------------------------------------------
样本ID: SAMPLE-001
状态: 唐老师已确认
创建时间: 2026/6/19 14:55:15
更新时间: 2026/6/19 14:55:21

> 负数样本信息:
  检测来源: 旧表系统
  异常原因: 等待时间为负数(-5分钟)；旧系统标记为缺失；窗口临时关闭；主流程证据: 主流程步骤3异常，系统记录等待时间为负，可能与临时关窗有关
  异常值: -5
  是否标记为缺失: 否

> 手算反例（主流程证据）:
  窗口号: 1
  时间: 2024/1/15 10:30:00
  到达人数: 15
  服务时间: 8分钟
  等待时间: 15分钟
  主流程证据: 主流程步骤3异常，系统记录等待时间为负，可能与临时关窗有关

> 问卷原始行（现场说法）:
  窗口号: 1
  时间: 2024/1/15 10:30:00
  现场说法: 窗口1在10:20-10:40临时关闭处理紧急事务，实际等待时间应为15分钟，有3位同学可作证
  证人: 张三、李四、王五
  午休: 否
  临时关窗: 是 ⚠️
  排队溢出: 否
  实际等待时间: 15分钟
  实际到达人数: 15人

> 为什么留下: 包含主流程关键证据；包含现场说法记录；旧表异常样本，需要人工复核确认；涉及特殊现场情况（临时关窗/排队溢出）

> 还缺什么材料: ✅ 材料齐全

> 下一步: 可以标记为已解决

> 原始负数值 ↔ 修正后对比（保留原始说法，不归入正常）:
  等待时间: 原始负数=-5分钟  →  修正后=15分钟

> 学生助教备注: README验证-已核实：窗口1在10:20-10:40临时关闭，实际等待15分钟，问卷已补录
> 唐老师备注: README验证-唐老师确认：临时关窗影响核实，建议该时段预留1个机动窗口

> 最终处理结果（唐老师确认后归档，不进正常统计）:
  最终等待时间: 15分钟
  最终到达人数: 15人
  处理原因: README验证-唐老师确认：临时关窗影响核实，建议该时段预留1个机动窗口
  后续找谁: 竞赛教练唐老师（用于窗口排班优化）
  处理人: 竞赛教练唐老师  @ 2026/6/19 14:55:21

> 复核历史记录（按时间顺序，基于同一条样本的完整轨迹）:
  - 2026/6/19 14:55:15  旧表系统执行【创建边界样本】
      原因: 等待时间为负数(-5分钟)；旧系统标记为缺失；窗口临时关闭；主流程证据: 主流程步骤3异常，系统记录等待时间为负，可能与临时关窗有关
  - 2026/6/19 14:55:19  学生助教执行【学生助教复核】  [待学生助教复核 → 待竞赛教练唐老师复核]
      备注: README验证-已核实：窗口1在10:20-10:40临时关闭，实际等待15分钟，问卷已补录
      原因: 学生助教确认通过
      ☑ 补录了现场说法（问卷原始行）
      录入值: 等待时间=15分钟，到达人数=15人
  - 2026/6/19 14:55:21  竞赛教练唐老师执行【唐老师复核】  [待竞赛教练唐老师复核 → 唐老师已确认]
      备注: README验证-唐老师确认：临时关窗影响核实，建议该时段预留1个机动窗口
      原因: 唐老师确认通过
--------------------------------------------------------------------------------
样本ID: SAMPLE-002
状态: 唐老师已确认
创建时间: 2026/6/19 14:55:15
更新时间: 2026/6/19 14:55:21

> 负数样本信息:
  检测来源: 旧表系统
  异常原因: 到达人数为负数(-3人)；旧系统标记为缺失；排队溢出；主流程证据: 到达人数统计为负数，怀疑排队溢出时系统统计出错
  异常值: -3
  是否标记为缺失: 否

> 手算反例（主流程证据）:
  窗口号: 2
  时间: 2024/1/15 14:00:00
  到达人数: 25
  服务时间: 5分钟
  等待时间: 12分钟
  主流程证据: 到达人数统计为负数，怀疑排队溢出时系统统计出错

> 问卷原始行（现场说法）:
  窗口号: 2
  时间: 2024/1/15 14:00:00
  现场说法: 下午2点窗口2排队溢出，队伍排到门外，系统统计时可能重复计数或漏记
  证人: 赵六
  午休: 否
  临时关窗: 否
  排队溢出: 是 ⚠️
  实际等待时间: 25分钟
  实际到达人数: 25人

> 为什么留下: 包含主流程关键证据；包含现场说法记录；旧表异常样本，需要人工复核确认；涉及特殊现场情况（临时关窗/排队溢出）

> 还缺什么材料: ✅ 材料齐全

> 下一步: 可以标记为已解决

> 原始负数值 ↔ 修正后对比（保留原始说法，不归入正常）:
  到达人数: 原始负数=-3人  →  修正后=25人

> 学生助教备注: README验证-已核实：下午2点窗口2排队溢出，实际到达25人、等待25分钟
> 唐老师备注: README验证-唐老师确认：排队溢出属实，建议下午2点时段增至3窗口

> 最终处理结果（唐老师确认后归档，不进正常统计）:
  最终等待时间: 25分钟
  最终到达人数: 25人
  处理原因: README验证-唐老师确认：排队溢出属实，建议下午2点时段增至3窗口
  后续找谁: 竞赛教练唐老师（用于窗口排班优化）
  处理人: 竞赛教练唐老师  @ 2026/6/19 14:55:21

> 复核历史记录（按时间顺序，基于同一条样本的完整轨迹）:
  - 2026/6/19 14:55:15  旧表系统执行【创建边界样本】
      原因: 到达人数为负数(-3人)；旧系统标记为缺失；排队溢出；主流程证据: 到达人数统计为负数，怀疑排队溢出时系统统计出错
  - 2026/6/19 14:55:20  学生助教执行【学生助教复核】  [待学生助教复核 → 待竞赛教练唐老师复核]
      备注: README验证-已核实：下午2点窗口2排队溢出，实际到达25人、等待25分钟
      原因: 学生助教确认通过
      ☑ 补录了现场说法（问卷原始行）
      录入值: 等待时间=25分钟，到达人数=25人
  - 2026/6/19 14:55:21  竞赛教练唐老师执行【唐老师复核】  [待竞赛教练唐老师复核 → 唐老师已确认]
      备注: README验证-唐老师确认：排队溢出属实，建议下午2点时段增至3窗口
      原因: 唐老师确认通过
--------------------------------------------------------------------------------
样本ID: SAMPLE-004
状态: 待学生助教复核
创建时间: 2026/6/19 14:55:15
更新时间: 2026/6/19 14:55:15

> 负数样本信息:
  检测来源: 旧表系统
  异常原因: 等待时间为负数(-2分钟)；旧系统标记为缺失；主流程证据: 午休期间窗口关闭，系统仍在统计，导致等待时间计算异常
  异常值: -2
  是否标记为缺失: 是 ⚠️（旧表当成缺失，待学生助教先复核）

> 手算反例（主流程证据）:
  窗口号: 3
  时间: 2024/1/15 12:15:00
  到达人数: 8
  服务时间: 10分钟
  等待时间: -2分钟
  主流程证据: 午休期间窗口关闭，系统仍在统计，导致等待时间计算异常

> 为什么留下: 包含主流程关键证据；旧表异常样本，需要人工复核确认；保留原始负数证据，不归入正常统计

> 还缺什么材料:
  ⭕ 缺少问卷原始行（现场说法）
  ⭕ 旧表标记为缺失，需核实数据来源

> 下一步: 需要收集更多现场数据补充完整
> 当前负责人: 学生助教

> 原始负数值 ↔ 修正后对比（保留原始说法，不归入正常）:
  等待时间: 原始负数=-2分钟  →  修正后=-2分钟

> 复核历史记录（按时间顺序，基于同一条样本的完整轨迹）:
  - 2026/6/19 14:55:15  旧表系统执行【创建边界样本】
      原因: 等待时间为负数(-2分钟)；旧系统标记为缺失；主流程证据: 午休期间窗口关闭，系统仍在统计，导致等待时间计算异常
--------------------------------------------------------------------------------

【报告说明】
  - 负数样本被旧表当成缺失时，请先联系学生助教复核数据
  - 涉及排队溢出、临时关窗等特殊情况，请唐老师最终确认
  - 补录问卷原始行后，报告将自动更新（基于同一份持久化数据）
  - 原始负数证据会被保留，不会提前归入正常结果；人工复核后才更新

  状态文件: /Users/lzy/pro/solo/workspaces/zy72302/data/app-state.json
  数据同步: 本报告基于同一份持久化状态，与 list / review 命令一致

--- end output (exit=0) ---
