[14:55:13] 开始验证 README 新人路径
[14:55:13] 日志文件: data/verification-logs/20260619_145513_run.log
[14:55:13] 
[14:55:13] ▌预演：复现 README 旧写法的问题（不加 --）
[14:55:13] ===== STEP: wrong_ta_review_no_doubledash =====
[14:55:13] CMD: npx ts-node src/cli/index.ts ta-review SAMPLE-001
--- begin output ---
error: required option '-v, --verified <true|false>' not specified
--- end output (exit=1) ---
[14:55:14] ✅ 断言通过: 不加 -- 时，输出确实是 'required option -v --verified not specified'（新人看到的"终端评估"）
[14:55:14] 
[14:55:14] ===== STEP: 1_import =====
[14:55:14] CMD: npx ts-node src/cli/index.ts import -m ./data/manualCounterExamples.json -q ./data/questionnaireRows.json
--- begin output ---
=== 开始导入数据 ===

✓ 手算反例: 5 条
✓ 问卷原始行: 2 条

=== 检测负数样本 ===

检测到 3 个负数样本


✓ 创建/更新 3 个边界样本

  📌 SAMPLE-001 [缺1项]
     状态: 待学生助教复核
     原因: 等待时间为负数(-5分钟)；旧系统标记为缺失；窗口临时关闭；主流程证据: 主流程步骤3异常，系统记录等待时间为负，可能与临时关窗有关
     ⚠️  旧表当成缺失
     负责人: 学生助教
  📌 SAMPLE-002 [缺1项]
     状态: 待学生助教复核
     原因: 到达人数为负数(-3人)；旧系统标记为缺失；排队溢出；主流程证据: 到达人数统计为负数，怀疑排队溢出时系统统计出错
     ⚠️  旧表当成缺失
     负责人: 学生助教
  📌 SAMPLE-004 [缺2项]
     状态: 待学生助教复核
     原因: 等待时间为负数(-2分钟)；旧系统标记为缺失；主流程证据: 午休期间窗口关闭，系统仍在统计，导致等待时间计算异常
     ⚠️  旧表当成缺失
     负责人: 学生助教
[90m┌────────[39m[90m┬────────────[39m[90m┬──────────[39m[90m┬────────[39m[90m┬────────┐[39m
[90m│[39m[31m 总样本 [39m[90m│[39m[31m 待学生助教 [39m[90m│[39m[31m 待唐老师 [39m[90m│[39m[31m 已确认 [39m[90m│[39m[31m 已解决 [39m[90m│[39m
[90m├────────[39m[90m┼────────────[39m[90m┼──────────[39m[90m┼────────[39m[90m┼────────┤[39m
[90m│[39m 3      [90m│[39m 3          [90m│[39m 0        [90m│[39m 0      [90m│[39m 0      [90m│[39m
[90m└────────[39m[90m┴────────────[39m[90m┴──────────[39m[90m┴────────[39m[90m┴────────┘[39m

  状态文件: /Users/lzy/pro/solo/workspaces/zy72302/data/app-state.json
  后续命令：queue-config list / queue-config ta-review / queue-config report

--- end output (exit=0) ---
[14:55:15] ✅ 断言通过: import: 检测到3个负数样本
[14:55:15] ✅ 断言通过: import: 创建3个边界样本
[14:55:15] ✅ 断言通过: import: 包含 SAMPLE-001
[14:55:15] ✅ 断言通过: import: 初始状态为待学生助教
[14:55:15] 
[14:55:15] ===== STEP: err_sample_not_found =====
[14:55:15] CMD: npx ts-node src/cli/index.ts ta-review SAMPLE-999 -v true -n 测试
--- begin output ---
=== 学生助教复核: SAMPLE-999 ===

✗ 样本「SAMPLE-999」不存在。请先运行 import 导入数据并创建边界样本。当前总样本数：3

  建议操作：
    1. 运行 queue-config import 导入手算反例数据
    2. 运行 queue-config list 查看已创建的边界样本列表
    3. 确认样本ID拼写正确（区分大小写）

  状态文件: /Users/lzy/pro/solo/workspaces/zy72302/data/app-state.json
  当前总样本数: 3
  可用样本ID：
    - SAMPLE-001 (待学生助教复核)  ✅可学生助教复核
    - SAMPLE-002 (待学生助教复核)  ✅可学生助教复核
    - SAMPLE-004 (待学生助教复核)  ✅可学生助教复核

--- end output (exit=1) ---
[14:55:17] ✅ 断言通过: 样本不存在错误: 包含明确提示
[14:55:17] ✅ 断言通过: 样本不存在错误: 包含当前总样本数
[14:55:17] 
[14:55:17] ===== STEP: err_status_not_allow =====
[14:55:17] CMD: npx ts-node src/cli/index.ts coach-review SAMPLE-001 -v true -n 测试
--- begin output ---
=== 唐老师复核: SAMPLE-001 ===

✗ 样本「SAMPLE-001」当前状态为「待学生助教复核」，不允许唐老师复核。仅允许在「待竞赛教练唐老师复核」状态下操作。

  建议操作：
    1. 请先由学生助教补录并确认通过，再进行唐老师复核

  状态文件: /Users/lzy/pro/solo/workspaces/zy72302/data/app-state.json
  当前总样本数: 3
  可用样本ID：
    - SAMPLE-001 (待学生助教复核)
    - SAMPLE-002 (待学生助教复核)
    - SAMPLE-004 (待学生助教复核)

--- end output (exit=1) ---
[14:55:18] ✅ 断言通过: 状态不允许错误: 明确说明不允许唐老师
[14:55:18] ✅ 断言通过: 状态不允许错误: 说明当前是待助教
[14:55:18] 
[14:55:18] ===== STEP: 2_ta_review_001 =====
[14:55:18] CMD: npx ts-node src/cli/index.ts ta-review SAMPLE-001 -v true -n README验证-已核实：窗口1在10:20-10:40临时关闭，实际等待15分钟，问卷已补录 -q ./data/questionnaireRows.json
--- begin output ---
=== 学生助教复核: SAMPLE-001 ===

✓ 已加载补充问卷原始行

✓ 复核完成
  样本ID: SAMPLE-001
  状态: 待竞赛教练唐老师复核
  缺项数: 0
  下一步: find_ta
  负责人: 竞赛教练唐老师

[90m┌────────[39m[90m┬────────────[39m[90m┬──────────[39m[90m┬────────[39m[90m┬────────┐[39m
[90m│[39m[31m 总样本 [39m[90m│[39m[31m 待学生助教 [39m[90m│[39m[31m 待唐老师 [39m[90m│[39m[31m 已确认 [39m[90m│[39m[31m 已解决 [39m[90m│[39m
[90m├────────[39m[90m┼────────────[39m[90m┼──────────[39m[90m┼────────[39m[90m┼────────┤[39m
[90m│[39m 3      [90m│[39m 2          [90m│[39m 1        [90m│[39m 0      [90m│[39m 0      [90m│[39m
[90m└────────[39m[90m┴────────────[39m[90m┴──────────[39m[90m┴────────[39m[90m┴────────┘[39m

--- end output (exit=0) ---
[14:55:19] ✅ 断言通过: 助教复核: 已加载问卷
[14:55:19] ✅ 断言通过: 助教复核: 状态变为待唐老师
[14:55:19] ✅ 断言通过: 助教复核: 缺项数降为0
[14:55:19] 
[14:55:19] ===== STEP: 2_ta_review_002 =====
[14:55:19] CMD: npx ts-node src/cli/index.ts ta-review SAMPLE-002 -v true -n README验证-已核实：下午2点窗口2排队溢出，实际到达25人、等待25分钟 -q ./data/questionnaireRows.json
--- begin output ---
=== 学生助教复核: SAMPLE-002 ===

✓ 已加载补充问卷原始行

✓ 复核完成
  样本ID: SAMPLE-002
  状态: 待竞赛教练唐老师复核
  缺项数: 0
  下一步: find_coach
  负责人: 竞赛教练唐老师

[90m┌────────[39m[90m┬────────────[39m[90m┬──────────[39m[90m┬────────[39m[90m┬────────┐[39m
[90m│[39m[31m 总样本 [39m[90m│[39m[31m 待学生助教 [39m[90m│[39m[31m 待唐老师 [39m[90m│[39m[31m 已确认 [39m[90m│[39m[31m 已解决 [39m[90m│[39m
[90m├────────[39m[90m┼────────────[39m[90m┼──────────[39m[90m┼────────[39m[90m┼────────┤[39m
[90m│[39m 3      [90m│[39m 1          [90m│[39m 2        [90m│[39m 0      [90m│[39m 0      [90m│[39m
[90m└────────[39m[90m┴────────────[39m[90m┴──────────[39m[90m┴────────[39m[90m┴────────┘[39m

--- end output (exit=0) ---
[14:55:20] ✅ 断言通过: 助教复核SAMPLE-002: 状态变为待唐老师
[14:55:20] 
[14:55:20] ===== STEP: 3_coach_review_001 =====
[14:55:20] CMD: npx ts-node src/cli/index.ts coach-review SAMPLE-001 -v true -n README验证-唐老师确认：临时关窗影响核实，建议该时段预留1个机动窗口
--- begin output ---
=== 唐老师复核: SAMPLE-001 ===

✓ 复核完成
  样本ID: SAMPLE-001
  状态: 唐老师已确认
  最终等待时间: 15分钟
  最终到达人数: 15人
  后续联系: 竞赛教练唐老师（用于窗口排班优化）
  下一步: resolve

[90m┌────────[39m[90m┬────────────[39m[90m┬──────────[39m[90m┬────────[39m[90m┬────────┐[39m
[90m│[39m[31m 总样本 [39m[90m│[39m[31m 待学生助教 [39m[90m│[39m[31m 待唐老师 [39m[90m│[39m[31m 已确认 [39m[90m│[39m[31m 已解决 [39m[90m│[39m
[90m├────────[39m[90m┼────────────[39m[90m┼──────────[39m[90m┼────────[39m[90m┼────────┤[39m
[90m│[39m 3      [90m│[39m 1          [90m│[39m 1        [90m│[39m 1      [90m│[39m 0      [90m│[39m
[90m└────────[39m[90m┴────────────[39m[90m┴──────────[39m[90m┴────────[39m[90m┴────────┘[39m

--- end output (exit=0) ---
