{"timestamp":"2024-05-20T08:30:00Z","clientId":"mobile-app","clientVersion":"2.1.0","path":"/users/123","method":"GET","statusCode":200,"userAgent":"MobileApp/2.1.0","requestId":"req-001"}
{"timestamp":"2024-05-20T08:30:05Z","clientId":"web-admin","clientVersion":"1.5.0","path":"/legacy/orders","method":"GET","statusCode":200,"userAgent":"Chrome/120.0","requestId":"req-002"}
{"timestamp":"2024-05-20T08:30:10Z","clientId":"mobile-app","clientVersion":"2.0.0","path":"/user/456","method":"GET","statusCode":200,"userAgent":"MobileApp/2.0.0","requestId":"req-003"}
{"timestamp":"2024-05-20T08:30:15Z","clientId":"third-party","clientVersion":"1.0.0","path":"/api/orders","method":"POST","statusCode":201,"userAgent":"ThirdParty/1.0.0","requestId":"req-004"}
{"timestamp":"2024-05-20T08:30:20Z","clientId":"web-admin","clientVersion":"1.5.0","path":"/users/789/profile","method":"GET","statusCode":200,"userAgent":"Chrome/120.0","requestId":"req-005"}
{"timestamp":"2024-05-20T08:30:25Z","clientId":"mobile-app","clientVersion":"2.1.0","path":"/users/123","method":"GET","statusCode":200,"userAgent":"MobileApp/2.1.0","requestId":"req-006"}
{"timestamp":"2024-05-20T08:30:30Z","clientId":"internal-service","clientVersion":"3.2.0","path":"/users","method":"GET","statusCode":200,"userAgent":"InternalService/3.2.0","requestId":"req-007"}
{"timestamp":"2024-05-20T08:30:35Z","clientId":"mobile-app","clientVersion":"1.9.0","path":"/api/v1/users/111","method":"GET","statusCode":200,"userAgent":"MobileApp/1.9.0","requestId":"req-008"}
{"timestamp":"2024-05-20T08:30:40Z","clientId":"third-party","clientVersion":"1.0.0","path":"/legacy/orders","method":"GET","statusCode":200,"userAgent":"ThirdParty/1.0.0","requestId":"req-009"}
{"timestamp":"2024-05-20T08:30:45Z","clientId":"web-admin","clientVersion":"1.4.0","path":"/old/orders","method":"POST","statusCode":201,"userAgent":"Chrome/119.0","requestId":"req-010"}
{"timestamp":"2024-05-20T08:30:50Z","clientId":"mobile-app","clientVersion":"2.1.0","path":"/users/222","method":"GET","statusCode":200,"userAgent":"MobileApp/2.1.0","requestId":"req-011"}
{"timestamp":"2024-05-20T08:30:55Z","clientId":"unknown-client","clientVersion":"unknown","path":"/users/333","method":"GET","statusCode":200,"userAgent":"Unknown","requestId":"req-012"}
{"timestamp":"2024-05-20T08:31:00Z","clientId":"web-admin","clientVersion":"1.5.0","path":"/users/444/profile","method":"GET","statusCode":200,"userAgent":"Chrome/120.0","requestId":"req-013"}
{"timestamp":"2024-05-20T08:31:05Z","clientId":"third-party","clientVersion":"1.0.0","path":"/legacy/orders","method":"GET","statusCode":200,"userAgent":"ThirdParty/1.0.0","requestId":"req-014"}
{"timestamp":"2024-05-20T08:31:10Z","clientId":"mobile-app","clientVersion":"2.0.0","path":"/users/555","method":"GET","statusCode":200,"userAgent":"MobileApp/2.0.0","requestId":"req-015"}
{"timestamp":"2024-05-20T08:31:15Z","clientId":"internal-service","clientVersion":"3.2.0","path":"/health","method":"GET","statusCode":200,"userAgent":"InternalService/3.2.0","requestId":"req-016"}
{"timestamp":"2024-05-20T08:31:20Z","clientId":"web-admin","clientVersion":"1.5.0","path":"/users/666/profile","method":"GET","statusCode":200,"userAgent":"Chrome/120.0","requestId":"req-017"}
{"timestamp":"2024-05-20T08:31:25Z","clientId":"third-party","clientVersion":"1.0.0","path":"/legacy/orders","method":"GET","statusCode":200,"userAgent":"ThirdParty/1.0.0","requestId":"req-018"}
{"timestamp":"2024-05-20T08:31:30Z","clientId":"mobile-app","clientVersion":"2.1.0","path":"/users/777","method":"GET","statusCode":200,"userAgent":"MobileApp/2.1.0","requestId":"req-019"}
{"timestamp":"2024-05-20T08:31:35Z","clientId":"web-admin","clientVersion":"1.5.0","path":"/users/888/profile","method":"GET","statusCode":200,"userAgent":"Chrome/120.0","requestId":"req-020"}
