2026-05-28 09:13:04,168 - batch_processor - INFO - ============================================================
2026-05-28 09:13:04,169 - batch_processor - INFO - 开始执行保险犹豫期退保批处理
2026-05-28 09:13:04,169 - batch_processor - INFO - ============================================================
2026-05-28 09:13:04,169 - data_loader - INFO - 开始加载所有数据...
2026-05-28 09:13:04,353 - data_loader - INFO - 数据加载完成: 保单11条, 签收12条, 回访10条, 扣费11条, 退保申请11条
2026-05-28 09:13:04,353 - batch_processor - INFO - 构建处理流程...
2026-05-28 09:13:04,353 - batch_processor - INFO - 共构建 11 个退保处理流程
2026-05-28 09:13:04,356 - batch_processor - INFO - 开始处理所有退保申请...
2026-05-28 09:13:04,356 - batch_processor - INFO - 处理完成: 成功11个, 失败0个
2026-05-28 09:13:04,357 - batch_processor - INFO - 开始异常检测...
2026-05-28 09:13:04,358 - batch_processor - INFO - 异常检测完成: 共发现2个异常, 严重2个, 高0个
2026-05-28 09:13:04,358 - batch_processor - INFO - 生成处理报告...
2026-05-28 09:13:04,387 - report_exporter - INFO - 报告已导出至: ./data/output/surrender_batch_20260528_091304.xlsx
2026-05-28 09:13:04,389 - __main__ - WARNING - 批处理完成，但存在2个严重异常需人工处理
2026-05-28 23:52:15,304 - batch_processor - INFO - ============================================================
2026-05-28 23:52:15,304 - batch_processor - INFO - 开始执行保险犹豫期退保批处理
2026-05-28 23:52:15,304 - batch_processor - INFO - ============================================================
2026-05-28 23:52:15,304 - data_loader - INFO - 开始加载所有数据...
2026-05-28 23:52:15,470 - data_loader - INFO - 数据加载完成: 保单11条, 签收12条, 回访10条, 扣费11条, 退保申请11条
2026-05-28 23:52:15,470 - batch_processor - INFO - 构建处理流程...
2026-05-28 23:52:15,470 - batch_processor - INFO - 共构建 11 个退保处理流程
2026-05-28 23:52:15,470 - batch_processor - INFO - 开始处理所有退保申请...
2026-05-28 23:52:15,470 - batch_processor - INFO - 处理完成: 成功11个, 失败0个
2026-05-28 23:52:15,471 - batch_processor - INFO - 开始异常检测...
2026-05-28 23:52:15,471 - batch_processor - INFO - 异常检测完成: 共发现2个异常, 严重2个, 高0个
2026-05-28 23:52:15,471 - batch_processor - INFO - 生成处理报告...
2026-05-28 23:52:15,504 - report_exporter - INFO - 报告已导出至: ./data/output/surrender_batch_20260528_235215.xlsx
2026-05-28 23:52:15,504 - __main__ - WARNING - 批处理完成，但存在2个严重异常需人工处理
2026-05-28 23:53:36,992 - batch_processor - INFO - ============================================================
2026-05-28 23:53:36,992 - batch_processor - INFO - 开始执行保险犹豫期退保批处理
2026-05-28 23:53:37,001 - batch_processor - INFO - ============================================================
2026-05-28 23:53:37,001 - data_loader - INFO - 开始加载所有数据...
2026-05-28 23:53:37,198 - data_loader - INFO - 数据加载完成: 保单3条, 签收5条, 回访3条, 扣费3条, 退保申请5条
2026-05-28 23:53:37,198 - batch_processor - INFO - 构建处理流程...
2026-05-28 23:53:37,198 - batch_processor - INFO - 共构建 3 个退保处理流程
2026-05-28 23:53:37,198 - batch_processor - INFO - 开始处理所有退保申请...
2026-05-28 23:53:37,199 - batch_processor - INFO - 处理完成: 成功3个, 失败0个
2026-05-28 23:53:37,199 - batch_processor - INFO - 开始异常检测...
2026-05-28 23:53:37,199 - batch_processor - INFO - 异常检测完成: 共发现0个异常, 严重0个, 高0个
2026-05-28 23:53:37,199 - batch_processor - INFO - 生成处理报告...
2026-05-28 23:53:37,221 - report_exporter - INFO - 报告已导出至: ./data/output/surrender_batch_20260528_235337.xlsx
2026-05-28 23:53:37,221 - __main__ - INFO - 批处理完成，无严重异常
2026-05-28 23:54:51,022 - batch_processor - INFO - ============================================================
2026-05-28 23:54:51,022 - batch_processor - INFO - 开始执行保险犹豫期退保批处理
2026-05-28 23:54:51,022 - batch_processor - INFO - ============================================================
2026-05-28 23:54:51,022 - data_loader - INFO - 开始加载所有数据...
2026-05-28 23:54:51,124 - data_loader - INFO - 数据加载完成: 保单3条, 签收5条, 回访3条, 扣费3条, 退保申请5条
2026-05-28 23:54:51,124 - batch_processor - INFO - 构建处理流程...
2026-05-28 23:54:51,124 - batch_processor - INFO - 共构建 3 个退保处理流程
2026-05-28 23:54:51,124 - batch_processor - INFO - 开始处理所有退保申请...
2026-05-28 23:54:51,125 - batch_processor - INFO - 处理完成: 成功3个, 失败0个
2026-05-28 23:54:51,125 - batch_processor - INFO - 开始异常检测...
2026-05-28 23:54:51,125 - batch_processor - INFO - 异常检测完成: 共发现4个异常, 严重0个, 高3个
2026-05-28 23:54:51,125 - batch_processor - INFO - 生成处理报告...
2026-05-28 23:54:51,144 - report_exporter - INFO - 报告已导出至: ./data/output/surrender_batch_20260528_235451.xlsx
2026-05-28 23:54:51,144 - __main__ - INFO - 批处理完成，无严重异常
2026-05-28 23:55:04,706 - batch_processor - INFO - ============================================================
2026-05-28 23:55:04,706 - batch_processor - INFO - 开始执行保险犹豫期退保批处理
2026-05-28 23:55:04,706 - batch_processor - INFO - ============================================================
2026-05-28 23:55:04,706 - data_loader - INFO - 开始加载所有数据...
2026-05-28 23:55:04,827 - data_loader - INFO - 数据加载完成: 保单11条, 签收12条, 回访10条, 扣费11条, 退保申请11条
2026-05-28 23:55:04,828 - batch_processor - INFO - 构建处理流程...
2026-05-28 23:55:04,828 - batch_processor - INFO - 共构建 11 个退保处理流程
2026-05-28 23:55:04,828 - batch_processor - INFO - 开始处理所有退保申请...
2026-05-28 23:55:04,828 - batch_processor - INFO - 处理完成: 成功11个, 失败0个
2026-05-28 23:55:04,828 - batch_processor - INFO - 开始异常检测...
2026-05-28 23:55:04,828 - batch_processor - INFO - 异常检测完成: 共发现8个异常, 严重2个, 高6个
2026-05-28 23:55:04,828 - batch_processor - INFO - 生成处理报告...
2026-05-28 23:55:04,849 - report_exporter - INFO - 报告已导出至: ./data/output/surrender_batch_20260528_235504.xlsx
2026-05-28 23:55:04,849 - __main__ - WARNING - 批处理完成，但存在2个严重异常需人工处理
2026-05-29 00:14:39,050 - batch_processor - INFO - ============================================================
2026-05-29 00:14:39,050 - batch_processor - INFO - 开始执行保险犹豫期退保批处理
2026-05-29 00:14:39,050 - batch_processor - INFO - ============================================================
2026-05-29 00:14:39,050 - data_loader - INFO - 开始加载所有数据...
2026-05-29 00:14:39,208 - data_loader - INFO - 数据加载完成: 保单11条, 签收12条, 回访10条, 扣费11条, 退保申请11条
2026-05-29 00:14:39,208 - batch_processor - INFO - 构建处理流程...
2026-05-29 00:14:39,209 - batch_processor - INFO - 共构建 11 个退保处理流程
2026-05-29 00:14:39,209 - batch_processor - INFO - 开始处理所有退保申请...
2026-05-29 00:14:39,209 - batch_processor - INFO - 处理完成: 成功11个, 失败0个
2026-05-29 00:14:39,209 - batch_processor - INFO - 开始异常检测...
2026-05-29 00:14:39,210 - batch_processor - INFO - 异常检测完成: 共发现19个异常, 严重13个, 高6个
2026-05-29 00:14:39,210 - batch_processor - INFO - 生成处理报告...
2026-05-29 00:14:39,247 - report_exporter - INFO - 报告已导出至: ./data/output/surrender_batch_20260529_001439.xlsx
2026-05-29 00:14:39,248 - __main__ - WARNING - 批处理完成，但存在13个严重异常需人工处理
