2026-05-09 18:15:01 - INFO - ============================================================
2026-05-09 18:15:01 - INFO - 空压机能耗异常归因分析系统
2026-05-09 18:15:01 - INFO - ============================================================
2026-05-09 18:15:01 - INFO - 开始加载数据: sample_data.xlsx
2026-05-09 18:15:01 - INFO - 检测到的列映射: {'energy': '能耗', 'production': '产量', 'pressure': '压力', 'leak': '泄漏', 'datetime': '时间', 'unit': None, 'id': None}
2026-05-09 18:15:01 - INFO - 成功加载 1440 行数据, 6 列
2026-05-09 18:15:01 - INFO - 
--- 步骤1: 数据预处理
2026-05-09 18:15:01 - WARNING - [datetime_error] 样本 720 失败: 时间格式无法解析: NaT
2026-05-09 18:15:01 - INFO - 时间列预处理完成，剩余有效记录: 1439
2026-05-09 18:15:01 - INFO - 开始单位标准化
2026-05-09 18:15:01 - INFO - energy列已标准化为 kWh
2026-05-09 18:15:01 - WARNING - [unit_error] 样本 1127 失败: production值 无效数据 无法转换或单位缺失
2026-05-09 18:15:01 - INFO - production列已标准化为 m³
2026-05-09 18:15:01 - INFO - pressure列已标准化为 MPa
2026-05-09 18:15:01 - INFO - leak列已标准化为 m³/min
2026-05-09 18:15:01 - INFO - 能耗 列转换完成: 成功 1435, 失败 0
2026-05-09 18:15:01 - INFO - 产量 列转换完成: 成功 1434, 失败 0
2026-05-09 18:15:01 - INFO - 压力 列转换完成: 成功 1432, 失败 0
2026-05-09 18:15:01 - INFO - 泄漏 列转换完成: 成功 1433, 失败 0
2026-05-09 18:15:01 - INFO - 
--- 步骤2: 质量控制
2026-05-09 18:15:01 - INFO - 开始质量控制检查
2026-05-09 18:15:01 - INFO - 检查缺失值
2026-05-09 18:15:01 - WARNING - [missing_value] 样本 499 失败: 能耗 列存在缺失值
2026-05-09 18:15:01 - WARNING - [missing_value] 样本 571 失败: 能耗 列存在缺失值
2026-05-09 18:15:01 - WARNING - [missing_value] 样本 665 失败: 能耗 列存在缺失值
2026-05-09 18:15:01 - WARNING - [missing_value] 样本 1012 失败: 能耗 列存在缺失值
2026-05-09 18:15:01 - INFO - 能耗: 缺失 4 条 (0.3%)
2026-05-09 18:15:01 - WARNING - [missing_value] 样本 892 失败: 产量 列存在缺失值
2026-05-09 18:15:01 - WARNING - [missing_value] 样本 923 失败: 产量 列存在缺失值
2026-05-09 18:15:01 - WARNING - [missing_value] 样本 951 失败: 产量 列存在缺失值
2026-05-09 18:15:01 - WARNING - [missing_value] 样本 1127 失败: 产量 列存在缺失值
2026-05-09 18:15:01 - WARNING - [missing_value] 样本 1368 失败: 产量 列存在缺失值
2026-05-09 18:15:01 - INFO - 产量: 缺失 5 条 (0.3%)
2026-05-09 18:15:01 - WARNING - [missing_value] 样本 177 失败: 压力 列存在缺失值
2026-05-09 18:15:01 - WARNING - [missing_value] 样本 372 失败: 压力 列存在缺失值
2026-05-09 18:15:01 - WARNING - [missing_value] 样本 502 失败: 压力 列存在缺失值
2026-05-09 18:15:01 - WARNING - [missing_value] 样本 503 失败: 压力 列存在缺失值
2026-05-09 18:15:01 - WARNING - [missing_value] 样本 549 失败: 压力 列存在缺失值
2026-05-09 18:15:01 - WARNING - [missing_value] 样本 660 失败: 压力 列存在缺失值
2026-05-09 18:15:01 - WARNING - [missing_value] 样本 1213 失败: 压力 列存在缺失值
2026-05-09 18:15:01 - INFO - 压力: 缺失 7 条 (0.5%)
2026-05-09 18:15:01 - WARNING - [missing_value] 样本 58 失败: 泄漏 列存在缺失值
2026-05-09 18:15:01 - WARNING - [missing_value] 样本 688 失败: 泄漏 列存在缺失值
2026-05-09 18:15:01 - WARNING - [missing_value] 样本 776 失败: 泄漏 列存在缺失值
2026-05-09 18:15:01 - WARNING - [missing_value] 样本 952 失败: 泄漏 列存在缺失值
2026-05-09 18:15:01 - WARNING - [missing_value] 样本 1167 失败: 泄漏 列存在缺失值
2026-05-09 18:15:01 - WARNING - [missing_value] 样本 1249 失败: 泄漏 列存在缺失值
2026-05-09 18:15:01 - INFO - 泄漏: 缺失 6 条 (0.4%)
2026-05-09 18:15:01 - INFO - 检查重复记录
2026-05-09 18:15:02 - WARNING - [duplicate] 样本 458 失败: 与索引 457 的记录重复，键值: (Timestamp('2024-01-20 01:00:00'),)
2026-05-09 18:15:02 - WARNING - [duplicate] 样本 503 失败: 与索引 502 的记录重复，键值: (Timestamp('2024-01-21 22:00:00'),)
2026-05-09 18:15:02 - WARNING - [duplicate] 样本 632 失败: 与索引 631 的记录重复，键值: (Timestamp('2024-01-27 07:00:00'),)
2026-05-09 18:15:02 - WARNING - [duplicate] 样本 760 失败: 与索引 759 的记录重复，键值: (Timestamp('2024-02-01 15:00:00'),)
2026-05-09 18:15:02 - WARNING - [duplicate] 样本 833 失败: 与索引 832 的记录重复，键值: (Timestamp('2024-02-04 16:00:00'),)
2026-05-09 18:15:02 - WARNING - [duplicate] 样本 974 失败: 与索引 973 的记录重复，键值: (Timestamp('2024-02-10 13:00:00'),)
2026-05-09 18:15:02 - WARNING - [duplicate] 样本 1138 失败: 与索引 1137 的记录重复，键值: (Timestamp('2024-02-17 09:00:00'),)
2026-05-09 18:15:02 - WARNING - [duplicate] 样本 1196 失败: 与索引 1195 的记录重复，键值: (Timestamp('2024-02-19 19:00:00'),)
2026-05-09 18:15:02 - WARNING - [duplicate] 样本 1364 失败: 与索引 1363 的记录重复，键值: (Timestamp('2024-02-26 19:00:00'),)
2026-05-09 18:15:02 - WARNING - [duplicate] 样本 1421 失败: 与索引 1420 的记录重复，键值: (Timestamp('2024-02-29 04:00:00'),)
2026-05-09 18:15:02 - WARNING - 发现 20 条重复记录
2026-05-09 18:15:02 - INFO - 去重后剩余 1429 条记录
2026-05-09 18:15:02 - INFO - 检查负值（能耗/产量/压力/泄漏应为非负）
2026-05-09 18:15:02 - WARNING - [negative_value] 样本 1087 失败: 产量 存在负值: -50.0
2026-05-09 18:15:02 - WARNING - 产量: 发现 1 个负值，已置为缺失
2026-05-09 18:15:02 - INFO - 使用IQR方法检查异常值
2026-05-09 18:15:02 - WARNING - [outlier_iqr] 样本 42 失败: 能耗 异常值(IQR): 22.56747632664301 超出范围 [2.1333, 22.1719]
2026-05-09 18:15:02 - WARNING - [outlier_iqr] 样本 116 失败: 能耗 异常值(IQR): 24.23340737409332 超出范围 [2.1333, 22.1719]
2026-05-09 18:15:02 - WARNING - [outlier_iqr] 样本 141 失败: 能耗 异常值(IQR): 24.16285538826722 超出范围 [2.1333, 22.1719]
2026-05-09 18:15:02 - WARNING - [outlier_iqr] 样本 187 失败: 能耗 异常值(IQR): 25.74133071600394 超出范围 [2.1333, 22.1719]
2026-05-09 18:15:02 - WARNING - [outlier_iqr] 样本 208 失败: 能耗 异常值(IQR): 23.01531477904433 超出范围 [2.1333, 22.1719]
2026-05-09 18:15:02 - WARNING - [outlier_iqr] 样本 209 失败: 能耗 异常值(IQR): 24.44659387064562 超出范围 [2.1333, 22.1719]
2026-05-09 18:15:02 - WARNING - [outlier_iqr] 样本 239 失败: 能耗 异常值(IQR): 23.35891253982101 超出范围 [2.1333, 22.1719]
2026-05-09 18:15:02 - WARNING - [outlier_iqr] 样本 280 失败: 能耗 异常值(IQR): 22.5948684100063 超出范围 [2.1333, 22.1719]
2026-05-09 18:15:02 - WARNING - [outlier_iqr] 样本 677 失败: 能耗 异常值(IQR): 100000.0 超出范围 [2.1333, 22.1719]
2026-05-09 18:15:02 - WARNING - [outlier_iqr] 样本 704 失败: 能耗 异常值(IQR): 150.5 超出范围 [2.1333, 22.1719]
2026-05-09 18:15:02 - WARNING - [outlier_iqr] 样本 785 失败: 能耗 异常值(IQR): 25.3864881629635 超出范围 [2.1333, 22.1719]
2026-05-09 18:15:02 - WARNING - [outlier_iqr] 样本 879 失败: 能耗 异常值(IQR): 23.1202574590171 超出范围 [2.1333, 22.1719]
2026-05-09 18:15:02 - INFO - 能耗: IQR检测到 12 个异常值 (范围: [2.1333, 22.1719])
2026-05-09 18:15:02 - WARNING - [outlier_iqr] 样本 15 失败: 压力 异常值(IQR): 0.8963118853218163 超出范围 [0.5577, 0.8330]
2026-05-09 18:15:02 - WARNING - [outlier_iqr] 样本 52 失败: 压力 异常值(IQR): 0.5347496152170681 超出范围 [0.5577, 0.8330]
2026-05-09 18:15:02 - WARNING - [outlier_iqr] 样本 67 失败: 压力 异常值(IQR): 0.5504432014549638 超出范围 [0.5577, 0.8330]
2026-05-09 18:15:02 - WARNING - [outlier_iqr] 样本 155 失败: 压力 异常值(IQR): 0.5269261543732029 超出范围 [0.5577, 0.8330]
2026-05-09 18:15:02 - WARNING - [outlier_iqr] 样本 208 失败: 压力 异常值(IQR): 0.5167783316886566 超出范围 [0.5577, 0.8330]
2026-05-09 18:15:02 - WARNING - [outlier_iqr] 样本 247 失败: 压力 异常值(IQR): 0.5538379547174608 超出范围 [0.5577, 0.8330]
2026-05-09 18:15:02 - WARNING - [outlier_iqr] 样本 272 失败: 压力 异常值(IQR): 0.5546505890339178 超出范围 [0.5577, 0.8330]
2026-05-09 18:15:02 - WARNING - [outlier_iqr] 样本 335 失败: 压力 异常值(IQR): 0.5496025272926338 超出范围 [0.5577, 0.8330]
2026-05-09 18:15:02 - WARNING - [outlier_iqr] 样本 361 失败: 压力 异常值(IQR): 0.8434201527833384 超出范围 [0.5577, 0.8330]
2026-05-09 18:15:02 - WARNING - [outlier_iqr] 样本 497 失败: 压力 异常值(IQR): 0.5370885585592922 超出范围 [0.5577, 0.8330]
2026-05-09 18:15:02 - WARNING - [outlier_iqr] 样本 574 失败: 压力 异常值(IQR): 0.5535275654998866 超出范围 [0.5577, 0.8330]
2026-05-09 18:15:02 - WARNING - [outlier_iqr] 样本 617 失败: 压力 异常值(IQR): 0.508731936950411 超出范围 [0.5577, 0.8330]
2026-05-09 18:15:02 - WARNING - [outlier_iqr] 样本 637 失败: 压力 异常值(IQR): 0.5478547046837812 超出范围 [0.5577, 0.8330]
2026-05-09 18:15:02 - WARNING - [outlier_iqr] 样本 711 失败: 压力 异常值(IQR): 0.5369220322334886 超出范围 [0.5577, 0.8330]
2026-05-09 18:15:02 - WARNING - [outlier_iqr] 样本 812 失败: 压力 异常值(IQR): 0.5419640994611674 超出范围 [0.5577, 0.8330]
2026-05-09 18:15:02 - WARNING - [outlier_iqr] 样本 836 失败: 压力 异常值(IQR): 0.8621546484797367 超出范围 [0.5577, 0.8330]
2026-05-09 18:15:02 - WARNING - [outlier_iqr] 样本 1102 失败: 压力 异常值(IQR): 0.8576028367256042 超出范围 [0.5577, 0.8330]
2026-05-09 18:15:02 - WARNING - [outlier_iqr] 样本 1167 失败: 压力 异常值(IQR): 0.8407327222236276 超出范围 [0.5577, 0.8330]
2026-05-09 18:15:02 - WARNING - [outlier_iqr] 样本 1179 失败: 压力 异常值(IQR): 0.5380893012963228 超出范围 [0.5577, 0.8330]
2026-05-09 18:15:02 - WARNING - [outlier_iqr] 样本 1185 失败: 压力 异常值(IQR): 0.5284664174505798 超出范围 [0.5577, 0.8330]
2026-05-09 18:15:02 - WARNING - [outlier_iqr] 样本 1318 失败: 压力 异常值(IQR): 0.5496183830153121 超出范围 [0.5577, 0.8330]
2026-05-09 18:15:02 - WARNING - [outlier_iqr] 样本 1327 失败: 压力 异常值(IQR): 0.5572686668547804 超出范围 [0.5577, 0.8330]
2026-05-09 18:15:02 - WARNING - [outlier_iqr] 样本 1401 失败: 压力 异常值(IQR): 0.5436529901551493 超出范围 [0.5577, 0.8330]
2026-05-09 18:15:02 - WARNING - [outlier_iqr] 样本 1414 失败: 压力 异常值(IQR): 0.5539884797197354 超出范围 [0.5577, 0.8330]
2026-05-09 18:15:02 - INFO - 压力: IQR检测到 24 个异常值 (范围: [0.5577, 0.8330])
2026-05-09 18:15:02 - WARNING - [outlier_iqr] 样本 25 失败: 泄漏 异常值(IQR): 0.1125053898123191 超出范围 [0.0067, 0.0336]
2026-05-09 18:15:02 - WARNING - [outlier_iqr] 样本 52 失败: 泄漏 异常值(IQR): 0.1528386313400807 超出范围 [0.0067, 0.0336]
2026-05-09 18:15:02 - WARNING - [outlier_iqr] 样本 84 失败: 泄漏 异常值(IQR): 0.2310908269321525 超出范围 [0.0067, 0.0336]
2026-05-09 18:15:02 - WARNING - [outlier_iqr] 样本 141 失败: 泄漏 异常值(IQR): 0.07694063004651334 超出范围 [0.0067, 0.0336]
2026-05-09 18:15:02 - WARNING - [outlier_iqr] 样本 155 失败: 泄漏 异常值(IQR): 0.2429489830221377 超出范围 [0.0067, 0.0336]
2026-05-09 18:15:02 - WARNING - [outlier_iqr] 样本 208 失败: 泄漏 异常值(IQR): 0.1428529897483315 超出范围 [0.0067, 0.0336]
2026-05-09 18:15:02 - WARNING - [outlier_iqr] 样本 216 失败: 泄漏 异常值(IQR): 0.1580578074313289 超出范围 [0.0067, 0.0336]
2026-05-09 18:15:02 - WARNING - [outlier_iqr] 样本 221 失败: 泄漏 异常值(IQR): 0.208267367842689 超出范围 [0.0067, 0.0336]
2026-05-09 18:15:02 - WARNING - [outlier_iqr] 样本 247 失败: 泄漏 异常值(IQR): 0.08087364192168099 超出范围 [0.0067, 0.0336]
2026-05-09 18:15:02 - WARNING - [outlier_iqr] 样本 272 失败: 泄漏 异常值(IQR): 0.005812467793013105 超出范围 [0.0067, 0.0336]
2026-05-09 18:15:02 - WARNING - [outlier_iqr] 样本 290 失败: 泄漏 异常值(IQR): 0.005428720050915294 超出范围 [0.0067, 0.0336]
2026-05-09 18:15:02 - WARNING - [outlier_iqr] 样本 294 失败: 泄漏 异常值(IQR): 0.005838370375079296 超出范围 [0.0067, 0.0336]
2026-05-09 18:15:02 - WARNING - [outlier_iqr] 样本 313 失败: 泄漏 异常值(IQR): 0.1467292974010961 超出范围 [0.0067, 0.0336]
2026-05-09 18:15:02 - WARNING - [outlier_iqr] 样本 335 失败: 泄漏 异常值(IQR): 0.167734083537718 超出范围 [0.0067, 0.0336]
2026-05-09 18:15:02 - WARNING - [outlier_iqr] 样本 360 失败: 泄漏 异常值(IQR): 0.1548176829951528 超出范围 [0.0067, 0.0336]
2026-05-09 18:15:02 - WARNING - [outlier_iqr] 样本 380 失败: 泄漏 异常值(IQR): 0.00414787132060972 超出范围 [0.0067, 0.0336]
2026-05-09 18:15:02 - WARNING - [outlier_iqr] 样本 406 失败: 泄漏 异常值(IQR): 0.1468141772988074 超出范围 [0.0067, 0.0336]
2026-05-09 18:15:02 - WARNING - [outlier_iqr] 样本 434 失败: 泄漏 异常值(IQR): 0.004116480934019996 超出范围 [0.0067, 0.0336]
2026-05-09 18:15:02 - WARNING - [outlier_iqr] 样本 439 失败: 泄漏 异常值(IQR): 0.03377608871859951 超出范围 [0.0067, 0.0336]
2026-05-09 18:15:02 - WARNING - [outlier_iqr] 样本 497 失败: 泄漏 异常值(IQR): 0.1588569772512181 超出范围 [0.0067, 0.0336]
2026-05-09 18:15:02 - WARNING - [outlier_iqr] 样本 525 失败: 泄漏 异常值(IQR): 0.03538430185090252 超出范围 [0.0067, 0.0336]
2026-05-09 18:15:02 - WARNING - [outlier_iqr] 样本 553 失败: 泄漏 异常值(IQR): 0.1464114112689369 超出范围 [0.0067, 0.0336]
2026-05-09 18:15:02 - WARNING - [outlier_iqr] 样本 617 失败: 泄漏 异常值(IQR): 0.2045669559660097 超出范围 [0.0067, 0.0336]
2026-05-09 18:15:02 - WARNING - [outlier_iqr] 样本 637 失败: 泄漏 异常值(IQR): 0.1467908559042456 超出范围 [0.0067, 0.0336]
2026-05-09 18:15:02 - WARNING - [outlier_iqr] 样本 638 失败: 泄漏 异常值(IQR): 0.1012336789931382 超出范围 [0.0067, 0.0336]
2026-05-09 18:15:02 - WARNING - [outlier_iqr] 样本 652 失败: 泄漏 异常值(IQR): 0.03556455100521921 超出范围 [0.0067, 0.0336]
2026-05-09 18:15:02 - WARNING - [outlier_iqr] 样本 698 失败: 泄漏 异常值(IQR): 0.1552845135566308 超出范围 [0.0067, 0.0336]
2026-05-09 18:15:02 - WARNING - [outlier_iqr] 样本 711 失败: 泄漏 异常值(IQR): 0.1430801500008088 超出范围 [0.0067, 0.0336]
2026-05-09 18:15:02 - WARNING - [outlier_iqr] 样本 741 失败: 泄漏 异常值(IQR): 0.1859073284628406 超出范围 [0.0067, 0.0336]
2026-05-09 18:15:02 - WARNING - [outlier_iqr] 样本 758 失败: 泄漏 异常值(IQR): 0.1247453510439554 超出范围 [0.0067, 0.0336]
2026-05-09 18:15:02 - WARNING - [outlier_iqr] 样本 768 失败: 泄漏 异常值(IQR): 0.1541849338844238 超出范围 [0.0067, 0.0336]
2026-05-09 18:15:02 - WARNING - [outlier_iqr] 样本 812 失败: 泄漏 异常值(IQR): 0.141454891867734 超出范围 [0.0067, 0.0336]
2026-05-09 18:15:02 - WARNING - [outlier_iqr] 样本 860 失败: 泄漏 异常值(IQR): 0.1420428737858939 超出范围 [0.0067, 0.0336]
2026-05-09 18:15:02 - WARNING - [outlier_iqr] 样本 877 失败: 泄漏 异常值(IQR): 0.193258272058578 超出范围 [0.0067, 0.0336]
2026-05-09 18:15:02 - WARNING - [outlier_iqr] 样本 879 失败: 泄漏 异常值(IQR): 0.03467828951163889 超出范围 [0.0067, 0.0336]
2026-05-09 18:15:02 - WARNING - [outlier_iqr] 样本 887 失败: 泄漏 异常值(IQR): 0.1165553343794276 超出范围 [0.0067, 0.0336]
2026-05-09 18:15:02 - WARNING - [outlier_iqr] 样本 891 失败: 泄漏 异常值(IQR): 0.1510312592707938 超出范围 [0.0067, 0.0336]
2026-05-09 18:15:02 - WARNING - [outlier_iqr] 样本 941 失败: 泄漏 异常值(IQR): 0.09976591618640264 超出范围 [0.0067, 0.0336]
2026-05-09 18:15:02 - WARNING - [outlier_iqr] 样本 990 失败: 泄漏 异常值(IQR): 0.1555292719223431 超出范围 [0.0067, 0.0336]
2026-05-09 18:15:02 - WARNING - [outlier_iqr] 样本 1003 失败: 泄漏 异常值(IQR): 0.1510115716470316 超出范围 [0.0067, 0.0336]
2026-05-09 18:15:02 - WARNING - [outlier_iqr] 样本 1036 失败: 泄漏 异常值(IQR): 0.1705248962582686 超出范围 [0.0067, 0.0336]
2026-05-09 18:15:02 - WARNING - [outlier_iqr] 样本 1068 失败: 泄漏 异常值(IQR): 0.1908639721105524 超出范围 [0.0067, 0.0336]
2026-05-09 18:15:02 - WARNING - [outlier_iqr] 样本 1091 失败: 泄漏 异常值(IQR): 0.1830965271616097 超出范围 [0.0067, 0.0336]
2026-05-09 18:15:02 - WARNING - [outlier_iqr] 样本 1102 失败: 泄漏 异常值(IQR): 0.1746166050866369 超出范围 [0.0067, 0.0336]
2026-05-09 18:15:02 - WARNING - [outlier_iqr] 样本 1159 失败: 泄漏 异常值(IQR): 0.1391697233024229 超出范围 [0.0067, 0.0336]
2026-05-09 18:15:02 - WARNING - [outlier_iqr] 样本 1179 失败: 泄漏 异常值(IQR): 0.0748028528838985 超出范围 [0.0067, 0.0336]
2026-05-09 18:15:02 - WARNING - [outlier_iqr] 样本 1185 失败: 泄漏 异常值(IQR): 0.09758334999104233 超出范围 [0.0067, 0.0336]
2026-05-09 18:15:02 - WARNING - [outlier_iqr] 样本 1212 失败: 泄漏 异常值(IQR): 0.142254745859057 超出范围 [0.0067, 0.0336]
2026-05-09 18:15:02 - WARNING - [outlier_iqr] 样本 1229 失败: 泄漏 异常值(IQR): 0.1541023994219769 超出范围 [0.0067, 0.0336]
2026-05-09 18:15:02 - WARNING - [outlier_iqr] 样本 1242 失败: 泄漏 异常值(IQR): 0.006304298969312637 超出范围 [0.0067, 0.0336]
2026-05-09 18:15:02 - WARNING - [outlier_iqr] 样本 1261 失败: 泄漏 异常值(IQR): 0.1169044685630072 超出范围 [0.0067, 0.0336]
2026-05-09 18:15:02 - WARNING - [outlier_iqr] 样本 1284 失败: 泄漏 异常值(IQR): 0.1305190554115836 超出范围 [0.0067, 0.0336]
2026-05-09 18:15:02 - WARNING - [outlier_iqr] 样本 1297 失败: 泄漏 异常值(IQR): 0.005834848549286301 超出范围 [0.0067, 0.0336]
2026-05-09 18:15:02 - WARNING - [outlier_iqr] 样本 1301 失败: 泄漏 异常值(IQR): 0.1320931564580408 超出范围 [0.0067, 0.0336]
2026-05-09 18:15:02 - WARNING - [outlier_iqr] 样本 1326 失败: 泄漏 异常值(IQR): 0.1255573199152936 超出范围 [0.0067, 0.0336]
2026-05-09 18:15:02 - WARNING - [outlier_iqr] 样本 1328 失败: 泄漏 异常值(IQR): 0.03412165295501524 超出范围 [0.0067, 0.0336]
2026-05-09 18:15:02 - WARNING - [outlier_iqr] 样本 1332 失败: 泄漏 异常值(IQR): 0.1429065348979242 超出范围 [0.0067, 0.0336]
2026-05-09 18:15:02 - WARNING - [outlier_iqr] 样本 1354 失败: 泄漏 异常值(IQR): 0.1565689174756792 超出范围 [0.0067, 0.0336]
2026-05-09 18:15:02 - WARNING - [outlier_iqr] 样本 1387 失败: 泄漏 异常值(IQR): 0.1589238615935345 超出范围 [0.0067, 0.0336]
2026-05-09 18:15:02 - WARNING - [outlier_iqr] 样本 1401 失败: 泄漏 异常值(IQR): 0.1853155488955301 超出范围 [0.0067, 0.0336]
2026-05-09 18:15:02 - WARNING - [outlier_iqr] 样本 1414 失败: 泄漏 异常值(IQR): 0.1653037308375022 超出范围 [0.0067, 0.0336]
2026-05-09 18:15:02 - WARNING - [outlier_iqr] 样本 1427 失败: 泄漏 异常值(IQR): 0.1376844455181081 超出范围 [0.0067, 0.0336]
2026-05-09 18:15:02 - INFO - 泄漏: IQR检测到 62 个异常值 (范围: [0.0067, 0.0336])
2026-05-09 18:15:02 - INFO - 使用Z-score方法检查异常值
2026-05-09 18:15:02 - INFO - 能耗: Z-score检测到 1 个异常值 (|Z| > 3.0)
2026-05-09 18:15:02 - INFO - 压力: Z-score检测到 6 个异常值 (|Z| > 3.0)
2026-05-09 18:15:02 - INFO - 泄漏: Z-score检测到 45 个异常值 (|Z| > 3.0)
2026-05-09 18:15:02 - INFO - 
==================================================
2026-05-09 18:15:02 - INFO - 质量控制摘要
2026-05-09 18:15:02 - INFO - ==================================================
2026-05-09 18:15:02 - INFO - 
缺失值统计:
2026-05-09 18:15:02 - INFO -   能耗: 4 条 (0.3%)
2026-05-09 18:15:02 - INFO -   产量: 5 条 (0.3%)
2026-05-09 18:15:02 - INFO -   压力: 7 条 (0.5%)
2026-05-09 18:15:02 - INFO -   泄漏: 6 条 (0.4%)
2026-05-09 18:15:02 - INFO - 
重复记录: 10 组
2026-05-09 18:15:02 - INFO - 
负值记录: 1 条
2026-05-09 18:15:02 - INFO - 
异常值记录: 98 条
2026-05-09 18:15:02 - INFO - ==================================================

2026-05-09 18:15:02 - INFO - 
--- 步骤3: 能耗计算
2026-05-09 18:15:02 - INFO - 计算单位产量能耗（比能耗）
2026-05-09 18:15:02 - INFO - [计算比能耗] 能耗 / 产量
2026-05-09 18:15:02 - INFO - 建立能耗基准线
2026-05-09 18:15:02 - INFO - [建立基准线] 计算比能耗基准和异常阈值
2026-05-09 18:15:02 - INFO - [计算预期能耗] 产量 * 单位能耗基准
2026-05-09 18:15:02 - INFO - 
--- 步骤4: 异常归因分析
2026-05-09 18:15:02 - INFO - 开始异常归因分析
2026-05-09 18:15:02 - INFO - 发现 1 条异常记录，开始归因分析
2026-05-09 18:15:02 - INFO - 
--- 步骤5: 生成报告
2026-05-09 18:15:02 - INFO - 生成HTML报告
2026-05-09 18:15:04 - INFO - 报告已生成: output/anomaly_report.html
2026-05-09 18:15:04 - INFO - 
--- 步骤6: 导出结果
2026-05-09 18:15:04 - INFO - 开始导出结果到: output
2026-05-09 18:15:05 - INFO - Excel文件已导出: output/analysis_results.xlsx
2026-05-09 18:15:05 - INFO - 失败样本已导出: output/failed_samples.xlsx
2026-05-09 18:15:05 - INFO - 清洗后数据已导出: output/cleaned_data.csv
2026-05-09 18:15:05 - INFO - 复算信息已导出: output/reproducibility_info.json
2026-05-09 18:15:05 - INFO - 所有结果已导出到 output
2026-05-09 18:15:05 - INFO - 
============================================================
2026-05-09 18:15:05 - INFO - 分析完成 - 最终摘要
2026-05-09 18:15:05 - INFO - ============================================================
2026-05-09 18:15:05 - INFO - 
📊 数据统计:
2026-05-09 18:15:05 - INFO -   - 总记录数: 1429
2026-05-09 18:15:05 - INFO -   - 异常记录数: 1 (0.1%
2026-05-09 18:15:05 - INFO -   - 单位能耗基准: 0.1204 kWh/m³
2026-05-09 18:15:05 - INFO - 
🎯 归因分析:
2026-05-09 18:15:05 - INFO -   - 检测到 1 类可能原因
2026-05-09 18:15:05 - INFO -   - 最可能原因: 生产效率下降
2026-05-09 18:15:05 - INFO - 
⚠️  质量控制问题:
2026-05-09 18:15:05 - INFO -   - outlier_iqr: 98 条
2026-05-09 18:15:05 - INFO -   - missing_value: 22 条
2026-05-09 18:15:05 - INFO -   - duplicate: 10 条
2026-05-09 18:15:05 - INFO -   - datetime_error: 1 条
2026-05-09 18:15:05 - INFO -   - unit_error: 1 条
2026-05-09 18:15:05 - INFO -   - negative_value: 1 条
2026-05-09 18:15:05 - INFO - 
📁 输出文件:
2026-05-09 18:15:05 - INFO -   - HTML报告: output/anomaly_report.html
2026-05-09 18:15:05 - INFO -   - excel: output/analysis_results.xlsx
2026-05-09 18:15:05 - INFO -   - failed_samples: output/failed_samples.xlsx
2026-05-09 18:15:05 - INFO -   - cleaned_data: output/cleaned_data.csv
2026-05-09 18:15:05 - INFO -   - reproducibility: output/reproducibility_info.json
2026-05-09 18:15:05 - INFO - 
============================================================
