2024-01-15 10:28:00 INFO [main] Starting application api-gateway v2.1.0
2024-01-15 10:28:05 INFO [main] Loading configuration from /etc/api-gateway/config.yml
2024-01-15 10:28:10 INFO [main] Connecting to database: postgresql://db-prod:5432/api
2024-01-15 10:28:15 INFO [main] Database connection established
2024-01-15 10:28:20 INFO [main] Starting HTTP server on port 8080
2024-01-15 10:28:25 INFO [main] Application started successfully
2024-01-15 10:29:00 INFO [http-nio-8080-exec-1] GET /api/health 200 5ms
2024-01-15 10:29:05 INFO [http-nio-8080-exec-2] POST /api/users 201 120ms
2024-01-15 10:29:30 WARN [http-nio-8080-exec-3] High memory usage detected: 85%
2024-01-15 10:30:00 ERROR [http-nio-8080-exec-4] OutOfMemoryError: Java heap space
java.lang.OutOfMemoryError: Java heap space
    at com.example.api.gateway.CacheManager.put(CacheManager.java:45)
    at com.example.api.gateway.RequestHandler.handle(RequestHandler.java:123)
2024-01-15 10:30:05 ERROR [http-nio-8080-exec-5] Connection timeout to downstream service order-service
java.net.SocketTimeoutException: connect timed out
    at java.base/java.net.PlainSocketImpl.socketConnect(Native Method)
2024-01-15 10:30:10 ERROR [http-nio-8080-exec-6] OutOfMemoryError: Java heap space
2024-01-15 10:30:15 ERROR [http-nio-8080-exec-7] OutOfMemoryError: Java heap space
2024-01-15 10:30:20 ERROR [http-nio-8080-exec-8] OutOfMemoryError: Java heap space
2024-01-15 10:30:25 ERROR [http-nio-8080-exec-9] OutOfMemoryError: Java heap space
2024-01-15 10:35:00 INFO [main] Received shutdown signal
2024-01-15 10:35:05 INFO [main] Stopping HTTP server
2024-01-15 10:35:10 INFO [main] Closing database connections
2024-01-15 10:35:15 INFO [main] Application stopped
2024-01-15 10:36:00 INFO [main] Starting application api-gateway v2.0.9
2024-01-15 10:36:05 INFO [main] Loading configuration from /etc/api-gateway/config.yml
2024-01-15 10:36:10 INFO [main] Connecting to database: postgresql://db-prod:5432/api
2024-01-15 10:36:15 INFO [main] Database connection established
2024-01-15 10:36:20 INFO [main] Starting HTTP server on port 8080
2024-01-15 10:36:25 INFO [main] Application started successfully
2024-01-15 10:37:00 INFO [http-nio-8080-exec-1] GET /api/health 200 3ms
2024-01-15 10:37:05 INFO [http-nio-8080-exec-2] POST /api/users 201 85ms
2024-01-15 10:38:00 INFO [http-nio-8080-exec-3] Memory usage: 45% (normal)
2024-01-15 10:40:00 INFO [http-nio-8080-exec-4] GET /api/health 200 2ms
2024-01-15 10:40:05 INFO [http-nio-8080-exec-5] GET /api/orders 200 150ms
