
  .   ____          _            __ _ _
 /\\ / ___'_ __ _ _(_)_ __  __ _ \ \ \ \
( ( )\___ | '_ | '_| | '_ \/ _` | \ \ \ \
 \\/  ___)| |_)| | | | | || (_| |  ) ) ) )
  '  |____| .__|_| |_|_| |_\__, | / / / /
 =========|_|==============|___/=/_/_/_/
 :: Spring Boot ::               (v2.7.18)

07:34:09.020 [main] INFO  c.x.f.InterestReviewApplication - Starting InterestReviewApplication v1.0.0 using Java 25.0.3 on Mac with PID 67925 (/Users/lzy/pro/solo/workspaces/zy72210/target/financial-interest-review-1.0.0.jar started by lzy in /Users/lzy/pro/solo/workspaces/zy72210)
07:34:09.021 [main] INFO  c.x.f.InterestReviewApplication - No active profile set, falling back to 1 default profile: "default"
WARNING: A restricted method in java.lang.System has been called
WARNING: java.lang.System::load has been called by org.apache.tomcat.jni.Library in an unnamed module (jar:file:/Users/lzy/pro/solo/workspaces/zy72210/target/financial-interest-review-1.0.0.jar!/BOOT-INF/lib/tomcat-embed-core-9.0.83.jar!/)
WARNING: Use --enable-native-access=ALL-UNNAMED to avoid a warning for callers in this module
WARNING: Restricted methods will be blocked in a future release unless native access is enabled

07:34:09.929 [main] INFO  c.x.f.repository.ReviewRepository - 从磁盘加载导入记录1条
07:34:09.968 [main] INFO  c.x.f.repository.ReviewRepository - 从磁盘加载复核上下文2个
07:34:10.155 [main] INFO  c.x.f.InterestReviewApplication - Started InterestReviewApplication in 1.501 seconds (JVM running for 1.685)
07:34:10.582 [http-nio-8089-exec-5] INFO  c.x.f.service.InterestReviewService - 初始化企业票据贴现利息复核，复核单号: REV27CB08AD, 票据号: CD-RESTART-001, 操作人: operator_after_restart
07:34:10.624 [http-nio-8089-exec-7] INFO  c.x.f.service.InterestReviewService - 【步骤1】开始导入尾差调整条，复核单号: REV27CB08AD
07:34:10.624 [http-nio-8089-exec-7] INFO  c.x.f.service.SelfCheckService - 自检[重复导入检查] - 未通过(错误-阻断流程，必须修正数据): 检测到重复导入
07:34:10.624 [http-nio-8089-exec-7] WARN  c.x.f.service.InterestReviewService - 步骤1失败: 检测到重复导入
07:34:11.780 [SpringApplicationShutdownHook] INFO  c.x.f.repository.ReviewRepository - 持久化数据保存完成: 3个复核, 1条导入记录
