
  .   ____          _            __ _ _
 /\\ / ___'_ __ _ _(_)_ __  __ _ \ \ \ \
( ( )\___ | '_ | '_| | '_ \/ _` | \ \ \ \
 \\/  ___)| |_)| | | | | || (_| |  ) ) ) )
  '  |____| .__|_| |_|_| |_\__, | / / / /
 =========|_|==============|___/=/_/_/_/
 :: Spring Boot ::               (v2.7.18)

07:34:02.876 [main] INFO  c.x.f.InterestReviewApplication - Starting InterestReviewApplication v1.0.0 using Java 25.0.3 on Mac with PID 67631 (/Users/lzy/pro/solo/workspaces/zy72210/target/financial-interest-review-1.0.0.jar started by lzy in /Users/lzy/pro/solo/workspaces/zy72210)
07:34:02.879 [main] INFO  c.x.f.InterestReviewApplication - No active profile set, falling back to 1 default profile: "default"
WARNING: A restricted method in java.lang.System has been called
WARNING: java.lang.System::load has been called by org.apache.tomcat.jni.Library in an unnamed module (jar:file:/Users/lzy/pro/solo/workspaces/zy72210/target/financial-interest-review-1.0.0.jar!/BOOT-INF/lib/tomcat-embed-core-9.0.83.jar!/)
WARNING: Use --enable-native-access=ALL-UNNAMED to avoid a warning for callers in this module
WARNING: Restricted methods will be blocked in a future release unless native access is enabled

07:34:03.385 [main] INFO  c.x.f.repository.ReviewRepository - 从磁盘加载复核上下文0个
07:34:03.548 [main] INFO  c.x.f.InterestReviewApplication - Started InterestReviewApplication in 0.902 seconds (JVM running for 1.103)
07:34:04.662 [http-nio-8089-exec-5] INFO  c.x.f.service.InterestReviewService - 初始化企业票据贴现利息复核，复核单号: REV167CA912, 票据号: CD20260619A001, 操作人: operator_anan_01
07:34:04.734 [http-nio-8089-exec-9] INFO  c.x.f.service.InterestReviewService - 【步骤1】开始导入尾差调整条，复核单号: REV167CA912
07:34:04.734 [http-nio-8089-exec-9] INFO  c.x.f.service.SelfCheckService - 自检[重复导入检查] - 通过: 无重复导入
07:34:04.734 [http-nio-8089-exec-9] INFO  c.x.f.service.TailAdjustmentService - 开始处理尾差调整条，调整单号: ADJ-20260619-001, 票据号: CD20260619A001
07:34:04.739 [http-nio-8089-exec-9] INFO  c.x.f.service.TailAdjustmentService - 尾差调整条审批人信息完整，进入正常流程
07:34:04.739 [http-nio-8089-exec-9] INFO  c.x.f.service.TailAdjustmentService - 尾差调整条处理完成，状态: 正常流程
07:34:04.739 [http-nio-8089-exec-9] INFO  c.x.f.service.SelfCheckService - 自检[审批人拼音检查] - 通过: 审批人信息完整
07:34:04.739 [http-nio-8089-exec-9] INFO  c.x.f.service.InterestReviewService - 步骤1完成，进入正常流程
07:34:04.787 [http-nio-8089-exec-1] INFO  c.x.f.service.InterestReviewService - 【步骤1】开始导入尾差调整条，复核单号: REV167CA912
07:34:04.787 [http-nio-8089-exec-1] WARN  c.x.f.service.InterestReviewService - 步骤1重复提交被拒绝: REV167CA912, 调整单号: ADJ-20260619-001
07:34:04.835 [http-nio-8089-exec-3] INFO  c.x.f.service.InterestReviewService - 【步骤2】支付平台产品阿南补看托管确认页，复核单号: REV167CA912
07:34:04.835 [http-nio-8089-exec-3] INFO  c.x.f.s.TrusteeConfirmationService - 开始复核托管确认页，确认单号: TC-20260619-001
07:34:04.835 [http-nio-8089-exec-3] INFO  c.x.f.s.TrusteeConfirmationService - 尾差调整与托管确认数据一致，无冲突
07:34:04.835 [http-nio-8089-exec-3] INFO  c.x.f.s.TrusteeConfirmationService - 托管确认页复核完成，无冲突
07:34:04.835 [http-nio-8089-exec-3] INFO  c.x.f.s.TrusteeConfirmationService - 尾差调整与托管确认数据一致，无冲突
07:34:04.835 [http-nio-8089-exec-3] INFO  c.x.f.service.SelfCheckService - 自检[尾差与托管冲突检查] - 通过: 尾差调整与托管确认无冲突
07:34:04.835 [http-nio-8089-exec-3] INFO  c.x.f.service.SelfCheckService - 自检[导出一致性检查] - 通过: 导出数据一致
07:34:04.836 [http-nio-8089-exec-3] INFO  c.x.f.service.SelfCheckService - 自检[补录后重算检查] - 通过: 补录后重算一致
07:34:04.836 [http-nio-8089-exec-3] INFO  c.x.f.service.InterestReviewService - 步骤2完成，托管确认页复核通过
07:34:04.890 [http-nio-8089-exec-5] INFO  c.x.f.service.InterestReviewService - 【步骤3】更新余额变化表，复核单号: REV167CA912
07:34:04.890 [http-nio-8089-exec-5] INFO  c.x.f.s.BalanceVerificationService - 余额变化表校验通过，共1条记录，最终余额: 9000.00
07:34:04.891 [http-nio-8089-exec-5] WARN  c.x.f.s.BalanceVerificationService - 未找到与尾差调整相关的余额变化记录，调整单号: ADJ-20260619-001
07:34:04.892 [http-nio-8089-exec-5] INFO  c.x.f.service.SelfCheckService - 自检[余额与历史匹配检查] - 通过: 余额历史连续，尾差调整待更新到余额表
07:34:04.893 [http-nio-8089-exec-5] INFO  c.x.f.s.BalanceVerificationService - 开始更新余额变化表，票据号: CD20260619A001
07:34:04.893 [http-nio-8089-exec-5] INFO  c.x.f.s.BalanceVerificationService - 余额变化表校验通过，共2条记录，最终余额: 9012.50
07:34:04.893 [http-nio-8089-exec-5] INFO  c.x.f.s.BalanceVerificationService - 余额变化表更新成功，记录号: BAL867DD388, 当前余额: 9012.50
07:34:04.893 [http-nio-8089-exec-5] INFO  c.x.f.service.InterestReviewService - 步骤3完成，复核全部通过
07:34:04.941 [http-nio-8089-exec-7] INFO  c.x.f.service.SelfCheckService - 自检[重复导入检查] - 通过: 当前流程已导入，非外部重复(正常)
07:34:04.942 [http-nio-8089-exec-7] INFO  c.x.f.service.SelfCheckService - 自检[审批人拼音检查] - 通过: 审批人信息完整
07:34:04.942 [http-nio-8089-exec-7] INFO  c.x.f.service.SelfCheckService - 自检[补录后重算检查] - 通过: 补录后重算一致
07:34:04.942 [http-nio-8089-exec-7] INFO  c.x.f.service.SelfCheckService - 自检[导出一致性检查] - 通过: 导出数据一致
07:34:04.942 [http-nio-8089-exec-7] INFO  c.x.f.s.BalanceVerificationService - 余额变化表校验通过，共2条记录，最终余额: 9012.50
07:34:04.942 [http-nio-8089-exec-7] INFO  c.x.f.s.BalanceVerificationService - 尾差调整与余额变化记录匹配，调整单号: ADJ-20260619-001
07:34:04.942 [http-nio-8089-exec-7] INFO  c.x.f.service.SelfCheckService - 自检[余额与历史匹配检查] - 通过: 余额变化表与历史记录一致
07:34:04.942 [http-nio-8089-exec-7] INFO  c.x.f.s.TrusteeConfirmationService - 尾差调整与托管确认数据一致，无冲突
07:34:04.942 [http-nio-8089-exec-7] INFO  c.x.f.service.SelfCheckService - 自检[尾差与托管冲突检查] - 通过: 尾差调整与托管确认无冲突
07:34:04.997 [http-nio-8089-exec-9] WARN  o.a.coyote.http11.Http11Processor - The HTTP response header [Content-Disposition] with value [attachment; filename="REV167CA912_复核报告.txt"] has been removed from the response because it is invalid
java.lang.IllegalArgumentException: The Unicode character [复] at code point [22,797] cannot be encoded as it is outside the permitted range of 0 to 255
	at org.apache.tomcat.util.buf.MessageBytes.toBytesSimple(MessageBytes.java:310)
	at org.apache.tomcat.util.buf.MessageBytes.toBytes(MessageBytes.java:283)
	at org.apache.coyote.http11.Http11OutputBuffer.write(Http11OutputBuffer.java:389)
	at org.apache.coyote.http11.Http11OutputBuffer.sendHeader(Http11OutputBuffer.java:368)
	at org.apache.coyote.http11.Http11Processor.prepareResponse(Http11Processor.java:1048)
	at org.apache.coyote.AbstractProcessor.action(AbstractProcessor.java:376)
	at org.apache.coyote.Response.action(Response.java:209)
	at org.apache.coyote.Response.sendHeaders(Response.java:437)
	at org.apache.catalina.connector.OutputBuffer.doFlush(OutputBuffer.java:291)
	at org.apache.catalina.connector.OutputBuffer.flush(OutputBuffer.java:271)
	at org.apache.catalina.connector.CoyoteOutputStream.flush(CoyoteOutputStream.java:120)
	at org.springframework.util.StreamUtils.copy(StreamUtils.java:130)
	at org.springframework.http.converter.ByteArrayHttpMessageConverter.writeInternal(ByteArrayHttpMessageConverter.java:70)
	at org.springframework.http.converter.ByteArrayHttpMessageConverter.writeInternal(ByteArrayHttpMessageConverter.java:39)
	at org.springframework.http.converter.AbstractHttpMessageConverter.write(AbstractHttpMessageConverter.java:227)
	at org.springframework.web.servlet.mvc.method.annotation.AbstractMessageConverterMethodProcessor.writeWithMessageConverters(AbstractMessageConverterMethodProcessor.java:293)
	at org.springframework.web.servlet.mvc.method.annotation.HttpEntityMethodProcessor.handleReturnValue(HttpEntityMethodProcessor.java:219)
	at org.springframework.web.method.support.HandlerMethodReturnValueHandlerComposite.handleReturnValue(HandlerMethodReturnValueHandlerComposite.java:78)
	at org.springframework.web.servlet.mvc.method.annotation.ServletInvocableHandlerMethod.invokeAndHandle(ServletInvocableHandlerMethod.java:135)
	at org.springframework.web.servlet.mvc.method.annotation.RequestMappingHandlerAdapter.invokeHandlerMethod(RequestMappingHandlerAdapter.java:895)
	at org.springframework.web.servlet.mvc.method.annotation.RequestMappingHandlerAdapter.handleInternal(RequestMappingHandlerAdapter.java:808)
	at org.springframework.web.servlet.mvc.method.AbstractHandlerMethodAdapter.handle(AbstractHandlerMethodAdapter.java:87)
	at org.springframework.web.servlet.DispatcherServlet.doDispatch(DispatcherServlet.java:1072)
	at org.springframework.web.servlet.DispatcherServlet.doService(DispatcherServlet.java:965)
	at org.springframework.web.servlet.FrameworkServlet.processRequest(FrameworkServlet.java:1006)
	at org.springframework.web.servlet.FrameworkServlet.doGet(FrameworkServlet.java:898)
	at javax.servlet.http.HttpServlet.service(HttpServlet.java:529)
	at org.springframework.web.servlet.FrameworkServlet.service(FrameworkServlet.java:883)
	at javax.servlet.http.HttpServlet.service(HttpServlet.java:623)
	at org.apache.catalina.core.ApplicationFilterChain.internalDoFilter(ApplicationFilterChain.java:209)
	at org.apache.catalina.core.ApplicationFilterChain.doFilter(ApplicationFilterChain.java:153)
	at org.apache.tomcat.websocket.server.WsFilter.doFilter(WsFilter.java:51)
	at org.apache.catalina.core.ApplicationFilterChain.internalDoFilter(ApplicationFilterChain.java:178)
	at org.apache.catalina.core.ApplicationFilterChain.doFilter(ApplicationFilterChain.java:153)
	at org.springframework.web.filter.RequestContextFilter.doFilterInternal(RequestContextFilter.java:100)
	at org.springframework.web.filter.OncePerRequestFilter.doFilter(OncePerRequestFilter.java:117)
	at org.apache.catalina.core.ApplicationFilterChain.internalDoFilter(ApplicationFilterChain.java:178)
	at org.apache.catalina.core.ApplicationFilterChain.doFilter(ApplicationFilterChain.java:153)
	at org.springframework.web.filter.FormContentFilter.doFilterInternal(FormContentFilter.java:93)
	at org.springframework.web.filter.OncePerRequestFilter.doFilter(OncePerRequestFilter.java:117)
	at org.apache.catalina.core.ApplicationFilterChain.internalDoFilter(ApplicationFilterChain.java:178)
	at org.apache.catalina.core.ApplicationFilterChain.doFilter(ApplicationFilterChain.java:153)
	at org.springframework.web.filter.CharacterEncodingFilter.doFilterInternal(CharacterEncodingFilter.java:201)
	at org.springframework.web.filter.OncePerRequestFilter.doFilter(OncePerRequestFilter.java:117)
	at org.apache.catalina.core.ApplicationFilterChain.internalDoFilter(ApplicationFilterChain.java:178)
	at org.apache.catalina.core.ApplicationFilterChain.doFilter(ApplicationFilterChain.java:153)
	at org.apache.catalina.core.StandardWrapperValve.invoke(StandardWrapperValve.java:168)
	at org.apache.catalina.core.StandardContextValve.invoke(StandardContextValve.java:90)
	at org.apache.catalina.authenticator.AuthenticatorBase.invoke(AuthenticatorBase.java:481)
	at org.apache.catalina.core.StandardHostValve.invoke(StandardHostValve.java:130)
	at org.apache.catalina.valves.ErrorReportValve.invoke(ErrorReportValve.java:93)
	at org.apache.catalina.core.StandardEngineValve.invoke(StandardEngineValve.java:74)
	at org.apache.catalina.connector.CoyoteAdapter.service(CoyoteAdapter.java:342)
	at org.apache.coyote.http11.Http11Processor.service(Http11Processor.java:390)
	at org.apache.coyote.AbstractProcessorLight.process(AbstractProcessorLight.java:63)
	at org.apache.coyote.AbstractProtocol$ConnectionHandler.process(AbstractProtocol.java:928)
	at org.apache.tomcat.util.net.NioEndpoint$SocketProcessor.doRun(NioEndpoint.java:1794)
	at org.apache.tomcat.util.net.SocketProcessorBase.run(SocketProcessorBase.java:52)
	at org.apache.tomcat.util.threads.ThreadPoolExecutor.runWorker(ThreadPoolExecutor.java:1191)
	at org.apache.tomcat.util.threads.ThreadPoolExecutor$Worker.run(ThreadPoolExecutor.java:659)
	at org.apache.tomcat.util.threads.TaskThread$WrappingRunnable.run(TaskThread.java:61)
	at java.base/java.lang.Thread.run(Thread.java:1474)
07:34:05.009 [http-nio-8089-exec-1] WARN  o.a.coyote.http11.Http11Processor - The HTTP response header [Content-Disposition] with value [attachment; filename="REV167CA912_余额变化表.csv"] has been removed from the response because it is invalid
java.lang.IllegalArgumentException: The Unicode character [余] at code point [20,313] cannot be encoded as it is outside the permitted range of 0 to 255
	at org.apache.tomcat.util.buf.MessageBytes.toBytesSimple(MessageBytes.java:310)
	at org.apache.tomcat.util.buf.MessageBytes.toBytes(MessageBytes.java:283)
	at org.apache.coyote.http11.Http11OutputBuffer.write(Http11OutputBuffer.java:389)
	at org.apache.coyote.http11.Http11OutputBuffer.sendHeader(Http11OutputBuffer.java:368)
	at org.apache.coyote.http11.Http11Processor.prepareResponse(Http11Processor.java:1048)
	at org.apache.coyote.AbstractProcessor.action(AbstractProcessor.java:376)
	at org.apache.coyote.Response.action(Response.java:209)
	at org.apache.coyote.Response.sendHeaders(Response.java:437)
	at org.apache.catalina.connector.OutputBuffer.doFlush(OutputBuffer.java:291)
	at org.apache.catalina.connector.OutputBuffer.flush(OutputBuffer.java:271)
	at org.apache.catalina.connector.CoyoteOutputStream.flush(CoyoteOutputStream.java:120)
	at org.springframework.util.StreamUtils.copy(StreamUtils.java:130)
	at org.springframework.http.converter.ByteArrayHttpMessageConverter.writeInternal(ByteArrayHttpMessageConverter.java:70)
	at org.springframework.http.converter.ByteArrayHttpMessageConverter.writeInternal(ByteArrayHttpMessageConverter.java:39)
	at org.springframework.http.converter.AbstractHttpMessageConverter.write(AbstractHttpMessageConverter.java:227)
	at org.springframework.web.servlet.mvc.method.annotation.AbstractMessageConverterMethodProcessor.writeWithMessageConverters(AbstractMessageConverterMethodProcessor.java:293)
	at org.springframework.web.servlet.mvc.method.annotation.HttpEntityMethodProcessor.handleReturnValue(HttpEntityMethodProcessor.java:219)
	at org.springframework.web.method.support.HandlerMethodReturnValueHandlerComposite.handleReturnValue(HandlerMethodReturnValueHandlerComposite.java:78)
	at org.springframework.web.servlet.mvc.method.annotation.ServletInvocableHandlerMethod.invokeAndHandle(ServletInvocableHandlerMethod.java:135)
	at org.springframework.web.servlet.mvc.method.annotation.RequestMappingHandlerAdapter.invokeHandlerMethod(RequestMappingHandlerAdapter.java:895)
	at org.springframework.web.servlet.mvc.method.annotation.RequestMappingHandlerAdapter.handleInternal(RequestMappingHandlerAdapter.java:808)
	at org.springframework.web.servlet.mvc.method.AbstractHandlerMethodAdapter.handle(AbstractHandlerMethodAdapter.java:87)
	at org.springframework.web.servlet.DispatcherServlet.doDispatch(DispatcherServlet.java:1072)
	at org.springframework.web.servlet.DispatcherServlet.doService(DispatcherServlet.java:965)
	at org.springframework.web.servlet.FrameworkServlet.processRequest(FrameworkServlet.java:1006)
	at org.springframework.web.servlet.FrameworkServlet.doGet(FrameworkServlet.java:898)
	at javax.servlet.http.HttpServlet.service(HttpServlet.java:529)
	at org.springframework.web.servlet.FrameworkServlet.service(FrameworkServlet.java:883)
	at javax.servlet.http.HttpServlet.service(HttpServlet.java:623)
	at org.apache.catalina.core.ApplicationFilterChain.internalDoFilter(ApplicationFilterChain.java:209)
	at org.apache.catalina.core.ApplicationFilterChain.doFilter(ApplicationFilterChain.java:153)
	at org.apache.tomcat.websocket.server.WsFilter.doFilter(WsFilter.java:51)
	at org.apache.catalina.core.ApplicationFilterChain.internalDoFilter(ApplicationFilterChain.java:178)
	at org.apache.catalina.core.ApplicationFilterChain.doFilter(ApplicationFilterChain.java:153)
	at org.springframework.web.filter.RequestContextFilter.doFilterInternal(RequestContextFilter.java:100)
	at org.springframework.web.filter.OncePerRequestFilter.doFilter(OncePerRequestFilter.java:117)
	at org.apache.catalina.core.ApplicationFilterChain.internalDoFilter(ApplicationFilterChain.java:178)
	at org.apache.catalina.core.ApplicationFilterChain.doFilter(ApplicationFilterChain.java:153)
	at org.springframework.web.filter.FormContentFilter.doFilterInternal(FormContentFilter.java:93)
	at org.springframework.web.filter.OncePerRequestFilter.doFilter(OncePerRequestFilter.java:117)
	at org.apache.catalina.core.ApplicationFilterChain.internalDoFilter(ApplicationFilterChain.java:178)
	at org.apache.catalina.core.ApplicationFilterChain.doFilter(ApplicationFilterChain.java:153)
	at org.springframework.web.filter.CharacterEncodingFilter.doFilterInternal(CharacterEncodingFilter.java:201)
	at org.springframework.web.filter.OncePerRequestFilter.doFilter(OncePerRequestFilter.java:117)
	at org.apache.catalina.core.ApplicationFilterChain.internalDoFilter(ApplicationFilterChain.java:178)
	at org.apache.catalina.core.ApplicationFilterChain.doFilter(ApplicationFilterChain.java:153)
	at org.apache.catalina.core.StandardWrapperValve.invoke(StandardWrapperValve.java:168)
	at org.apache.catalina.core.StandardContextValve.invoke(StandardContextValve.java:90)
	at org.apache.catalina.authenticator.AuthenticatorBase.invoke(AuthenticatorBase.java:481)
	at org.apache.catalina.core.StandardHostValve.invoke(StandardHostValve.java:130)
	at org.apache.catalina.valves.ErrorReportValve.invoke(ErrorReportValve.java:93)
	at org.apache.catalina.core.StandardEngineValve.invoke(StandardEngineValve.java:74)
	at org.apache.catalina.connector.CoyoteAdapter.service(CoyoteAdapter.java:342)
	at org.apache.coyote.http11.Http11Processor.service(Http11Processor.java:390)
	at org.apache.coyote.AbstractProcessorLight.process(AbstractProcessorLight.java:63)
	at org.apache.coyote.AbstractProtocol$ConnectionHandler.process(AbstractProtocol.java:928)
	at org.apache.tomcat.util.net.NioEndpoint$SocketProcessor.doRun(NioEndpoint.java:1794)
	at org.apache.tomcat.util.net.SocketProcessorBase.run(SocketProcessorBase.java:52)
	at org.apache.tomcat.util.threads.ThreadPoolExecutor.runWorker(ThreadPoolExecutor.java:1191)
	at org.apache.tomcat.util.threads.ThreadPoolExecutor$Worker.run(ThreadPoolExecutor.java:659)
	at org.apache.tomcat.util.threads.TaskThread$WrappingRunnable.run(TaskThread.java:61)
	at java.base/java.lang.Thread.run(Thread.java:1474)
07:34:05.023 [http-nio-8089-exec-3] INFO  c.x.f.service.InterestReviewService - 初始化企业票据贴现利息复核，复核单号: REVFF2D7017, 票据号: CD20260619B002, 操作人: operator_anan_02
07:34:05.086 [http-nio-8089-exec-5] INFO  c.x.f.service.InterestReviewService - 【步骤1】开始导入尾差调整条，复核单号: REVFF2D7017
07:34:05.086 [http-nio-8089-exec-5] INFO  c.x.f.service.SelfCheckService - 自检[重复导入检查] - 通过: 无重复导入
07:34:05.086 [http-nio-8089-exec-5] INFO  c.x.f.service.TailAdjustmentService - 开始处理尾差调整条，调整单号: ADJ-20260619-002, 票据号: CD20260619B002
07:34:05.086 [http-nio-8089-exec-5] WARN  c.x.f.service.TailAdjustmentService - 尾差调整条审批人仅为拼音: zhang ming, 标记为待客户经理复核
07:34:05.086 [http-nio-8089-exec-5] INFO  c.x.f.service.TailAdjustmentService - 尾差调整条处理完成，状态: 待客户经理复核
07:34:05.087 [http-nio-8089-exec-5] INFO  c.x.f.service.SelfCheckService - 自检[审批人拼音检查] - 未通过(警告-不阻断但需人工处理，处理后可继续): 审批人仅为拼音，需客户经理复核
07:34:05.087 [http-nio-8089-exec-5] INFO  c.x.f.service.InterestReviewService - 步骤1完成，待客户经理复核
07:34:05.139 [http-nio-8089-exec-7] INFO  c.x.f.service.InterestReviewService - 【客户经理复核】审批人拼音复核，复核单号: REVFF2D7017, 通过: true
07:34:05.139 [http-nio-8089-exec-7] INFO  c.x.f.service.SelfCheckService - 自检项[审批人拼音检查]已标记为已解决: 已核实zhang ming确为张明，审批有效
07:34:05.239 [http-nio-8089-exec-9] INFO  c.x.f.service.InterestReviewService - 【步骤2】支付平台产品阿南补看托管确认页，复核单号: REVFF2D7017
07:34:05.239 [http-nio-8089-exec-9] INFO  c.x.f.s.TrusteeConfirmationService - 开始复核托管确认页，确认单号: TC-20260619-002
07:34:05.240 [http-nio-8089-exec-9] WARN  c.x.f.s.TrusteeConfirmationService - 检测到数据冲突: 【数据冲突】票据号:CD20260619B002, 尾差调整金额:9015.80, 托管确认金额:9010.50, 差额:5.30, 冲突类型:利息金额不一致, 说明:调整后利息(系统利息9000.00+尾差调整15.80=9015.80)与托管确认利息9010.50差异超过容错阈值(0.01)
07:34:05.240 [http-nio-8089-exec-9] WARN  c.x.f.s.TrusteeConfirmationService - 托管确认页复核完成，发现数据冲突，需支付平台产品阿南确认
07:34:05.240 [http-nio-8089-exec-9] WARN  c.x.f.s.TrusteeConfirmationService - 检测到数据冲突: 【数据冲突】票据号:CD20260619B002, 尾差调整金额:9015.80, 托管确认金额:9010.50, 差额:5.30, 冲突类型:利息金额不一致, 说明:调整后利息(系统利息9000.00+尾差调整15.80=9015.80)与托管确认利息9010.50差异超过容错阈值(0.01)
07:34:05.240 [http-nio-8089-exec-9] INFO  c.x.f.service.SelfCheckService - 自检[尾差与托管冲突检查] - 未通过(警告-不阻断但需人工处理，处理后可继续): 尾差调整与托管确认存在冲突
07:34:05.240 [http-nio-8089-exec-9] INFO  c.x.f.service.SelfCheckService - 自检[导出一致性检查] - 通过: 导出数据一致
07:34:05.240 [http-nio-8089-exec-9] INFO  c.x.f.service.SelfCheckService - 自检[补录后重算检查] - 未通过(错误-阻断流程，必须修正数据): 补录后重算不匹配
07:34:05.285 [http-nio-8089-exec-1] INFO  c.x.f.service.InterestReviewService - 【冲突处理】支付平台产品阿南处理数据冲突，调整单号: ADJ-20260619-002, 确认: false
07:34:05.285 [http-nio-8089-exec-1] INFO  c.x.f.s.TrusteeConfirmationService - 支付平台产品阿南已驳回冲突，以托管确认页为准，调整单号: ADJ-20260619-002
07:34:05.285 [http-nio-8089-exec-1] INFO  c.x.f.s.TrusteeConfirmationService - 已自动更新尾差调整金额为: 10.50 (托管确认利息9010.50 - 系统利息9000.00)
07:34:05.285 [http-nio-8089-exec-1] INFO  c.x.f.service.InterestReviewService - 已清除调整单号ADJ-20260619-002的重复导入记录，因金额已更新
07:34:05.285 [http-nio-8089-exec-1] INFO  c.x.f.service.SelfCheckService - 自检项[尾差与托管冲突检查]已标记为已解决: 产品驳回，以托管确认页为准。备注: 经核实托管数据无误，驳回尾差调整，尾差自动改为托管差额10.50
07:34:05.285 [http-nio-8089-exec-1] INFO  c.x.f.service.SelfCheckService - 自检[补录后重算检查] - 通过: 补录后重算一致
07:34:05.329 [http-nio-8089-exec-3] INFO  c.x.f.service.SelfCheckService - 自检[重复导入检查] - 通过: 无重复导入
07:34:05.329 [http-nio-8089-exec-3] INFO  c.x.f.service.SelfCheckService - 自检[审批人拼音检查] - 未通过(已人工处理): 审批人仅为拼音，需客户经理复核
07:34:05.330 [http-nio-8089-exec-3] INFO  c.x.f.service.SelfCheckService - 自检[补录后重算检查] - 通过: 补录后重算一致
07:34:05.330 [http-nio-8089-exec-3] INFO  c.x.f.service.SelfCheckService - 自检[导出一致性检查] - 通过: 导出数据一致
07:34:05.330 [http-nio-8089-exec-3] INFO  c.x.f.s.BalanceVerificationService - 余额变化表校验通过，共1条记录，最终余额: 9000.00
07:34:05.330 [http-nio-8089-exec-3] WARN  c.x.f.s.BalanceVerificationService - 未找到与尾差调整相关的余额变化记录，调整单号: ADJ-20260619-002
07:34:05.330 [http-nio-8089-exec-3] INFO  c.x.f.service.SelfCheckService - 自检[余额与历史匹配检查] - 通过: 余额历史连续，尾差调整待更新到余额表
07:34:05.330 [http-nio-8089-exec-3] INFO  c.x.f.s.TrusteeConfirmationService - 尾差调整与托管确认数据一致，无冲突
07:34:05.330 [http-nio-8089-exec-3] INFO  c.x.f.service.SelfCheckService - 自检[尾差与托管冲突检查] - 通过: 尾差调整与托管确认无冲突
07:34:05.374 [http-nio-8089-exec-5] INFO  c.x.f.service.InterestReviewService - 【步骤3】更新余额变化表，复核单号: REVFF2D7017
07:34:05.374 [http-nio-8089-exec-5] INFO  c.x.f.s.BalanceVerificationService - 余额变化表校验通过，共1条记录，最终余额: 9000.00
07:34:05.374 [http-nio-8089-exec-5] WARN  c.x.f.s.BalanceVerificationService - 未找到与尾差调整相关的余额变化记录，调整单号: ADJ-20260619-002
07:34:05.374 [http-nio-8089-exec-5] INFO  c.x.f.service.SelfCheckService - 自检[余额与历史匹配检查] - 通过: 余额历史连续，尾差调整待更新到余额表
07:34:05.374 [http-nio-8089-exec-5] INFO  c.x.f.s.BalanceVerificationService - 开始更新余额变化表，票据号: CD20260619B002
07:34:05.374 [http-nio-8089-exec-5] INFO  c.x.f.s.BalanceVerificationService - 余额变化表校验通过，共2条记录，最终余额: 9010.50
07:34:05.374 [http-nio-8089-exec-5] INFO  c.x.f.s.BalanceVerificationService - 余额变化表更新成功，记录号: BALA22AED38, 当前余额: 9010.50
07:34:05.374 [http-nio-8089-exec-5] INFO  c.x.f.service.InterestReviewService - 步骤3完成，复核全部通过
07:34:05.419 [http-nio-8089-exec-7] WARN  o.a.coyote.http11.Http11Processor - The HTTP response header [Content-Disposition] with value [attachment; filename="REVFF2D7017_复核报告.txt"] has been removed from the response because it is invalid
java.lang.IllegalArgumentException: The Unicode character [复] at code point [22,797] cannot be encoded as it is outside the permitted range of 0 to 255
	at org.apache.tomcat.util.buf.MessageBytes.toBytesSimple(MessageBytes.java:310)
	at org.apache.tomcat.util.buf.MessageBytes.toBytes(MessageBytes.java:283)
	at org.apache.coyote.http11.Http11OutputBuffer.write(Http11OutputBuffer.java:389)
	at org.apache.coyote.http11.Http11OutputBuffer.sendHeader(Http11OutputBuffer.java:368)
	at org.apache.coyote.http11.Http11Processor.prepareResponse(Http11Processor.java:1048)
	at org.apache.coyote.AbstractProcessor.action(AbstractProcessor.java:376)
	at org.apache.coyote.Response.action(Response.java:209)
	at org.apache.coyote.Response.sendHeaders(Response.java:437)
	at org.apache.catalina.connector.OutputBuffer.doFlush(OutputBuffer.java:291)
	at org.apache.catalina.connector.OutputBuffer.flush(OutputBuffer.java:271)
	at org.apache.catalina.connector.CoyoteOutputStream.flush(CoyoteOutputStream.java:120)
	at org.springframework.util.StreamUtils.copy(StreamUtils.java:130)
	at org.springframework.http.converter.ByteArrayHttpMessageConverter.writeInternal(ByteArrayHttpMessageConverter.java:70)
	at org.springframework.http.converter.ByteArrayHttpMessageConverter.writeInternal(ByteArrayHttpMessageConverter.java:39)
	at org.springframework.http.converter.AbstractHttpMessageConverter.write(AbstractHttpMessageConverter.java:227)
	at org.springframework.web.servlet.mvc.method.annotation.AbstractMessageConverterMethodProcessor.writeWithMessageConverters(AbstractMessageConverterMethodProcessor.java:293)
	at org.springframework.web.servlet.mvc.method.annotation.HttpEntityMethodProcessor.handleReturnValue(HttpEntityMethodProcessor.java:219)
	at org.springframework.web.method.support.HandlerMethodReturnValueHandlerComposite.handleReturnValue(HandlerMethodReturnValueHandlerComposite.java:78)
	at org.springframework.web.servlet.mvc.method.annotation.ServletInvocableHandlerMethod.invokeAndHandle(ServletInvocableHandlerMethod.java:135)
	at org.springframework.web.servlet.mvc.method.annotation.RequestMappingHandlerAdapter.invokeHandlerMethod(RequestMappingHandlerAdapter.java:895)
	at org.springframework.web.servlet.mvc.method.annotation.RequestMappingHandlerAdapter.handleInternal(RequestMappingHandlerAdapter.java:808)
	at org.springframework.web.servlet.mvc.method.AbstractHandlerMethodAdapter.handle(AbstractHandlerMethodAdapter.java:87)
	at org.springframework.web.servlet.DispatcherServlet.doDispatch(DispatcherServlet.java:1072)
	at org.springframework.web.servlet.DispatcherServlet.doService(DispatcherServlet.java:965)
	at org.springframework.web.servlet.FrameworkServlet.processRequest(FrameworkServlet.java:1006)
	at org.springframework.web.servlet.FrameworkServlet.doGet(FrameworkServlet.java:898)
	at javax.servlet.http.HttpServlet.service(HttpServlet.java:529)
	at org.springframework.web.servlet.FrameworkServlet.service(FrameworkServlet.java:883)
	at javax.servlet.http.HttpServlet.service(HttpServlet.java:623)
	at org.apache.catalina.core.ApplicationFilterChain.internalDoFilter(ApplicationFilterChain.java:209)
	at org.apache.catalina.core.ApplicationFilterChain.doFilter(ApplicationFilterChain.java:153)
	at org.apache.tomcat.websocket.server.WsFilter.doFilter(WsFilter.java:51)
	at org.apache.catalina.core.ApplicationFilterChain.internalDoFilter(ApplicationFilterChain.java:178)
	at org.apache.catalina.core.ApplicationFilterChain.doFilter(ApplicationFilterChain.java:153)
	at org.springframework.web.filter.RequestContextFilter.doFilterInternal(RequestContextFilter.java:100)
	at org.springframework.web.filter.OncePerRequestFilter.doFilter(OncePerRequestFilter.java:117)
	at org.apache.catalina.core.ApplicationFilterChain.internalDoFilter(ApplicationFilterChain.java:178)
	at org.apache.catalina.core.ApplicationFilterChain.doFilter(ApplicationFilterChain.java:153)
	at org.springframework.web.filter.FormContentFilter.doFilterInternal(FormContentFilter.java:93)
	at org.springframework.web.filter.OncePerRequestFilter.doFilter(OncePerRequestFilter.java:117)
	at org.apache.catalina.core.ApplicationFilterChain.internalDoFilter(ApplicationFilterChain.java:178)
	at org.apache.catalina.core.ApplicationFilterChain.doFilter(ApplicationFilterChain.java:153)
	at org.springframework.web.filter.CharacterEncodingFilter.doFilterInternal(CharacterEncodingFilter.java:201)
	at org.springframework.web.filter.OncePerRequestFilter.doFilter(OncePerRequestFilter.java:117)
	at org.apache.catalina.core.ApplicationFilterChain.internalDoFilter(ApplicationFilterChain.java:178)
	at org.apache.catalina.core.ApplicationFilterChain.doFilter(ApplicationFilterChain.java:153)
	at org.apache.catalina.core.StandardWrapperValve.invoke(StandardWrapperValve.java:168)
	at org.apache.catalina.core.StandardContextValve.invoke(StandardContextValve.java:90)
	at org.apache.catalina.authenticator.AuthenticatorBase.invoke(AuthenticatorBase.java:481)
	at org.apache.catalina.core.StandardHostValve.invoke(StandardHostValve.java:130)
	at org.apache.catalina.valves.ErrorReportValve.invoke(ErrorReportValve.java:93)
	at org.apache.catalina.core.StandardEngineValve.invoke(StandardEngineValve.java:74)
	at org.apache.catalina.connector.CoyoteAdapter.service(CoyoteAdapter.java:342)
	at org.apache.coyote.http11.Http11Processor.service(Http11Processor.java:390)
	at org.apache.coyote.AbstractProcessorLight.process(AbstractProcessorLight.java:63)
	at org.apache.coyote.AbstractProtocol$ConnectionHandler.process(AbstractProtocol.java:928)
	at org.apache.tomcat.util.net.NioEndpoint$SocketProcessor.doRun(NioEndpoint.java:1794)
	at org.apache.tomcat.util.net.SocketProcessorBase.run(SocketProcessorBase.java:52)
	at org.apache.tomcat.util.threads.ThreadPoolExecutor.runWorker(ThreadPoolExecutor.java:1191)
	at org.apache.tomcat.util.threads.ThreadPoolExecutor$Worker.run(ThreadPoolExecutor.java:659)
	at org.apache.tomcat.util.threads.TaskThread$WrappingRunnable.run(TaskThread.java:61)
	at java.base/java.lang.Thread.run(Thread.java:1474)
07:34:05.430 [http-nio-8089-exec-9] WARN  o.a.coyote.http11.Http11Processor - The HTTP response header [Content-Disposition] with value [attachment; filename="REVFF2D7017_余额变化表.csv"] has been removed from the response because it is invalid
java.lang.IllegalArgumentException: The Unicode character [余] at code point [20,313] cannot be encoded as it is outside the permitted range of 0 to 255
	at org.apache.tomcat.util.buf.MessageBytes.toBytesSimple(MessageBytes.java:310)
	at org.apache.tomcat.util.buf.MessageBytes.toBytes(MessageBytes.java:283)
	at org.apache.coyote.http11.Http11OutputBuffer.write(Http11OutputBuffer.java:389)
	at org.apache.coyote.http11.Http11OutputBuffer.sendHeader(Http11OutputBuffer.java:368)
	at org.apache.coyote.http11.Http11Processor.prepareResponse(Http11Processor.java:1048)
	at org.apache.coyote.AbstractProcessor.action(AbstractProcessor.java:376)
	at org.apache.coyote.Response.action(Response.java:209)
	at org.apache.coyote.Response.sendHeaders(Response.java:437)
	at org.apache.catalina.connector.OutputBuffer.doFlush(OutputBuffer.java:291)
	at org.apache.catalina.connector.OutputBuffer.flush(OutputBuffer.java:271)
	at org.apache.catalina.connector.CoyoteOutputStream.flush(CoyoteOutputStream.java:120)
	at org.springframework.util.StreamUtils.copy(StreamUtils.java:130)
	at org.springframework.http.converter.ByteArrayHttpMessageConverter.writeInternal(ByteArrayHttpMessageConverter.java:70)
	at org.springframework.http.converter.ByteArrayHttpMessageConverter.writeInternal(ByteArrayHttpMessageConverter.java:39)
	at org.springframework.http.converter.AbstractHttpMessageConverter.write(AbstractHttpMessageConverter.java:227)
	at org.springframework.web.servlet.mvc.method.annotation.AbstractMessageConverterMethodProcessor.writeWithMessageConverters(AbstractMessageConverterMethodProcessor.java:293)
	at org.springframework.web.servlet.mvc.method.annotation.HttpEntityMethodProcessor.handleReturnValue(HttpEntityMethodProcessor.java:219)
	at org.springframework.web.method.support.HandlerMethodReturnValueHandlerComposite.handleReturnValue(HandlerMethodReturnValueHandlerComposite.java:78)
	at org.springframework.web.servlet.mvc.method.annotation.ServletInvocableHandlerMethod.invokeAndHandle(ServletInvocableHandlerMethod.java:135)
	at org.springframework.web.servlet.mvc.method.annotation.RequestMappingHandlerAdapter.invokeHandlerMethod(RequestMappingHandlerAdapter.java:895)
	at org.springframework.web.servlet.mvc.method.annotation.RequestMappingHandlerAdapter.handleInternal(RequestMappingHandlerAdapter.java:808)
	at org.springframework.web.servlet.mvc.method.AbstractHandlerMethodAdapter.handle(AbstractHandlerMethodAdapter.java:87)
	at org.springframework.web.servlet.DispatcherServlet.doDispatch(DispatcherServlet.java:1072)
	at org.springframework.web.servlet.DispatcherServlet.doService(DispatcherServlet.java:965)
	at org.springframework.web.servlet.FrameworkServlet.processRequest(FrameworkServlet.java:1006)
	at org.springframework.web.servlet.FrameworkServlet.doGet(FrameworkServlet.java:898)
	at javax.servlet.http.HttpServlet.service(HttpServlet.java:529)
	at org.springframework.web.servlet.FrameworkServlet.service(FrameworkServlet.java:883)
	at javax.servlet.http.HttpServlet.service(HttpServlet.java:623)
	at org.apache.catalina.core.ApplicationFilterChain.internalDoFilter(ApplicationFilterChain.java:209)
	at org.apache.catalina.core.ApplicationFilterChain.doFilter(ApplicationFilterChain.java:153)
	at org.apache.tomcat.websocket.server.WsFilter.doFilter(WsFilter.java:51)
	at org.apache.catalina.core.ApplicationFilterChain.internalDoFilter(ApplicationFilterChain.java:178)
	at org.apache.catalina.core.ApplicationFilterChain.doFilter(ApplicationFilterChain.java:153)
	at org.springframework.web.filter.RequestContextFilter.doFilterInternal(RequestContextFilter.java:100)
	at org.springframework.web.filter.OncePerRequestFilter.doFilter(OncePerRequestFilter.java:117)
	at org.apache.catalina.core.ApplicationFilterChain.internalDoFilter(ApplicationFilterChain.java:178)
	at org.apache.catalina.core.ApplicationFilterChain.doFilter(ApplicationFilterChain.java:153)
	at org.springframework.web.filter.FormContentFilter.doFilterInternal(FormContentFilter.java:93)
	at org.springframework.web.filter.OncePerRequestFilter.doFilter(OncePerRequestFilter.java:117)
	at org.apache.catalina.core.ApplicationFilterChain.internalDoFilter(ApplicationFilterChain.java:178)
	at org.apache.catalina.core.ApplicationFilterChain.doFilter(ApplicationFilterChain.java:153)
	at org.springframework.web.filter.CharacterEncodingFilter.doFilterInternal(CharacterEncodingFilter.java:201)
	at org.springframework.web.filter.OncePerRequestFilter.doFilter(OncePerRequestFilter.java:117)
	at org.apache.catalina.core.ApplicationFilterChain.internalDoFilter(ApplicationFilterChain.java:178)
	at org.apache.catalina.core.ApplicationFilterChain.doFilter(ApplicationFilterChain.java:153)
	at org.apache.catalina.core.StandardWrapperValve.invoke(StandardWrapperValve.java:168)
	at org.apache.catalina.core.StandardContextValve.invoke(StandardContextValve.java:90)
	at org.apache.catalina.authenticator.AuthenticatorBase.invoke(AuthenticatorBase.java:481)
	at org.apache.catalina.core.StandardHostValve.invoke(StandardHostValve.java:130)
	at org.apache.catalina.valves.ErrorReportValve.invoke(ErrorReportValve.java:93)
	at org.apache.catalina.core.StandardEngineValve.invoke(StandardEngineValve.java:74)
	at org.apache.catalina.connector.CoyoteAdapter.service(CoyoteAdapter.java:342)
	at org.apache.coyote.http11.Http11Processor.service(Http11Processor.java:390)
	at org.apache.coyote.AbstractProcessorLight.process(AbstractProcessorLight.java:63)
	at org.apache.coyote.AbstractProtocol$ConnectionHandler.process(AbstractProtocol.java:928)
	at org.apache.tomcat.util.net.NioEndpoint$SocketProcessor.doRun(NioEndpoint.java:1794)
	at org.apache.tomcat.util.net.SocketProcessorBase.run(SocketProcessorBase.java:52)
	at org.apache.tomcat.util.threads.ThreadPoolExecutor.runWorker(ThreadPoolExecutor.java:1191)
	at org.apache.tomcat.util.threads.ThreadPoolExecutor$Worker.run(ThreadPoolExecutor.java:659)
	at org.apache.tomcat.util.threads.TaskThread$WrappingRunnable.run(TaskThread.java:61)
	at java.base/java.lang.Thread.run(Thread.java:1474)
07:34:06.447 [SpringApplicationShutdownHook] INFO  c.x.f.repository.ReviewRepository - 持久化数据保存完成: 2个复核, 1条导入记录
